Build started 1/23/2026 9:23:21 AM.
     0>Process = "/usr/share/dotnet/dotnet"
       MSBuild executable path = "/usr/share/dotnet/sdk/8.0.417/MSBuild.dll"
       Command line arguments = "/usr/share/dotnet/sdk/8.0.417/MSBuild.dll -maxcpucount -verbosity:m -nologo -restore -consoleloggerparameters:Summary -verbosity:detailed TourManagement.sln"
       Current directory = "/modernize-data/studio-data/TNT1001/APP1166/transformed-code/344/studio-workspace/TMS22"
       MSBuild version = "17.11.48+02bf66295"
       Assembly loaded during Evaluation: System.Runtime.Loader, Version=8.0.0.0, Culture=neutral, PublicKeyToken=b03f5f7f11d50a3a (location: /usr/share/dotnet/shared/Microsoft.NETCore.App/8.0.23/System.Runtime.Loader.dll, MVID: 16a6fd2e-0d8d-45f8-b308-e2e082bc7a5f, AssemblyLoadContext: Default)
       Assembly loaded during Evaluation: System.Diagnostics.FileVersionInfo, Version=8.0.0.0, Culture=neutral, PublicKeyToken=b03f5f7f11d50a3a (location: /usr/share/dotnet/shared/Microsoft.NETCore.App/8.0.23/System.Diagnostics.FileVersionInfo.dll, MVID: b1b655cc-6ac2-45d9-b406-363dc718848b, AssemblyLoadContext: Default)
       Assembly loaded during Evaluation: System.Reflection.Metadata, Version=8.0.0.0, Culture=neutral, PublicKeyToken=b03f5f7f11d50a3a (location: /usr/share/dotnet/shared/Microsoft.NETCore.App/8.0.23/System.Reflection.Metadata.dll, MVID: aa49895a-01d5-4da2-9e90-d462d7392162, AssemblyLoadContext: Default)
       Assembly loaded during Evaluation: System.IO.MemoryMappedFiles, Version=8.0.0.0, Culture=neutral, PublicKeyToken=b03f5f7f11d50a3a (location: /usr/share/dotnet/shared/Microsoft.NETCore.App/8.0.23/System.IO.MemoryMappedFiles.dll, MVID: 3ac78ef0-b331-4497-9cea-3a6ea94b11de, AssemblyLoadContext: Default)
       Assembly loaded during Evaluation: Microsoft.NET.StringTools, Version=1.0.0.0, Culture=neutral, PublicKeyToken=b03f5f7f11d50a3a (location: /usr/share/dotnet/sdk/8.0.417/Microsoft.NET.StringTools.dll, MVID: a6df08db-4589-427d-8720-dbb53fdf37b0, AssemblyLoadContext: Default)
       Property 'MSBuildExtensionsPath' with value '/usr/share/dotnet/sdk/8.0.417/' expanded from the environment.
       Assembly loaded during Evaluation: System.Threading.Tasks.Parallel, Version=8.0.0.0, Culture=neutral, PublicKeyToken=b03f5f7f11d50a3a (location: /usr/share/dotnet/shared/Microsoft.NETCore.App/8.0.23/System.Threading.Tasks.Parallel.dll, MVID: 8cd72881-4c2f-4dac-996b-7f73fa81e062, AssemblyLoadContext: Default)
       Property reassignment: $(_GenerateRestoreGraphProjectEntryInputProperties)="
             ExcludeRestorePackageImports=true;
             _RestoreSolutionFileUsed=true;
             SolutionDir=/modernize-data/studio-data/TNT1001/APP1166/transformed-code/344/studio-workspace/TMS22/;
             SolutionName=TourManagement;
             SolutionFileName=TourManagement.sln;
             SolutionPath=/modernize-data/studio-data/TNT1001/APP1166/transformed-code/344/studio-workspace/TMS22/TourManagement.sln;
             SolutionExt=.sln;
           " (previous value: "ExcludeRestorePackageImports=true") at /usr/share/dotnet/sdk/8.0.417/NuGet.targets (101,5)
       Overriding target "Restore" in project "/modernize-data/studio-data/TNT1001/APP1166/transformed-code/344/studio-workspace/TMS22/TourManagement.sln.metaproj" with target "Restore" from project "/usr/share/dotnet/sdk/8.0.417/NuGet.targets".
       The target "Store" listed in a BeforeTargets attribute at "/usr/share/dotnet/sdk/8.0.417/Current/SolutionFile/ImportAfter/Microsoft.NET.Sdk.Solution.targets (33,11)" does not exist in the project, and will be ignored.
       The target "VSTest" listed in a BeforeTargets attribute at "/usr/share/dotnet/sdk/8.0.417/Current/SolutionFile/ImportAfter/Microsoft.NET.Sdk.Solution.targets (33,11)" does not exist in the project, and will be ignored.
       The target "_CheckForInvalidConfigurationAndPlatform" listed in a BeforeTargets attribute at "/usr/share/dotnet/sdk/8.0.417/NuGet.targets (667,11)" does not exist in the project, and will be ignored.
     1>Project "/modernize-data/studio-data/TNT1001/APP1166/transformed-code/344/studio-workspace/TMS22/TourManagement.sln" on node 1 (Restore target(s)).
     1>Target "ValidateSolutionConfiguration" in file "/modernize-data/studio-data/TNT1001/APP1166/transformed-code/344/studio-workspace/TMS22/TourManagement.sln.metaproj" from project "/modernize-data/studio-data/TNT1001/APP1166/transformed-code/344/studio-workspace/TMS22/TourManagement.sln" (entry point):
     1>Task "Error" skipped, due to false condition; (('$(CurrentSolutionConfigurationContents)' == '') and ('$(SkipInvalidConfigurations)' != 'true')) was evaluated as (('<SolutionConfiguration>
  <ProjectConfiguration Project="{A1B2C3D4-E5F6-4A5B-8C9D-0E1F2A3B4C5D}" AbsolutePath="/modernize-data/studio-data/TNT1001/APP1166/transformed-code/344/studio-workspace/TMS22/src/TourManagement.Domain/TourManagement.Domain.csproj" BuildProjectInSolution="True">Debug|AnyCPU</ProjectConfiguration>
  <ProjectConfiguration Project="{B2C3D4E5-F6A7-4B5C-9D0E-1F2A3B4C5D6E}" AbsolutePath="/modernize-data/studio-data/TNT1001/APP1166/transformed-code/344/studio-workspace/TMS22/src/TourManagement.Application/TourManagement.Application.csproj" BuildProjectInSolution="True">Debug|AnyCPU</ProjectConfiguration>
  <ProjectConfiguration Project="{C3D4E5F6-A7B8-4C5D-0E1F-2A3B4C5D6E7F}" AbsolutePath="/modernize-data/studio-data/TNT1001/APP1166/transformed-code/344/studio-workspace/TMS22/src/TourManagement.Infrastructure/TourManagement.Infrastructure.csproj" BuildProjectInSolution="True">Debug|AnyCPU</ProjectConfiguration>
  <ProjectConfiguration Project="{D4E5F6A7-B8C9-4D5E-1F2A-3B4C5D6E7F8A}" Absolut...' == '') and ('' != 'true')).
       Task "Warning" skipped, due to false condition; (('$(CurrentSolutionConfigurationContents)' == '') and ('$(SkipInvalidConfigurations)' == 'true')) was evaluated as (('<SolutionConfiguration>
         <ProjectConfiguration Project="{A1B2C3D4-E5F6-4A5B-8C9D-0E1F2A3B4C5D}" AbsolutePath="/modernize-data/studio-data/TNT1001/APP1166/transformed-code/344/studio-workspace/TMS22/src/TourManagement.Domain/TourManagement.Domain.csproj" BuildProjectInSolution="True">Debug|AnyCPU</ProjectConfiguration>
         <ProjectConfiguration Project="{B2C3D4E5-F6A7-4B5C-9D0E-1F2A3B4C5D6E}" AbsolutePath="/modernize-data/studio-data/TNT1001/APP1166/transformed-code/344/studio-workspace/TMS22/src/TourManagement.Application/TourManagement.Application.csproj" BuildProjectInSolution="True">Debug|AnyCPU</ProjectConfiguration>
         <ProjectConfiguration Project="{C3D4E5F6-A7B8-4C5D-0E1F-2A3B4C5D6E7F}" AbsolutePath="/modernize-data/studio-data/TNT1001/APP1166/transformed-code/344/studio-workspace/TMS22/src/TourManagement.Infrastructure/TourManagement.Infrastructure.csproj" BuildProjectInSolution="True">Debug|AnyCPU</ProjectConfiguration>
         <ProjectConfiguration Project="{D4E5F6A7-B8C9-4D5E-1F2A-3B4C5D6E7F8A}" Absolut...' == '') and ('' == 'true')).
       Using "Message" task from assembly "Microsoft.Build.Tasks.Core, Version=15.1.0.0, Culture=neutral, PublicKeyToken=b03f5f7f11d50a3a".
       Task "Message"
         Building solution configuration "Debug|Any CPU".
       Done executing task "Message".
     1>Done building target "ValidateSolutionConfiguration" in project "TourManagement.sln".
     1>Target "ValidateToolsVersions" in file "/modernize-data/studio-data/TNT1001/APP1166/transformed-code/344/studio-workspace/TMS22/TourManagement.sln.metaproj" from project "/modernize-data/studio-data/TNT1001/APP1166/transformed-code/344/studio-workspace/TMS22/TourManagement.sln" (entry point):
       Task "Error" skipped, due to false condition; ('$(MSBuildToolsVersion)' == '2.0' and ('$(ProjectToolsVersion)' != '2.0' and '$(ProjectToolsVersion)' != '')) was evaluated as ('Current' == '2.0' and ('' != '2.0' and '' != '')).
     1>Done building target "ValidateToolsVersions" in project "TourManagement.sln".
     1>Target "ValidateProjects" in file "/modernize-data/studio-data/TNT1001/APP1166/transformed-code/344/studio-workspace/TMS22/TourManagement.sln.metaproj" from project "/modernize-data/studio-data/TNT1001/APP1166/transformed-code/344/studio-workspace/TMS22/TourManagement.sln" (entry point):
     1>Done building target "ValidateProjects" in project "TourManagement.sln".
     1>Target "_LoadRestoreGraphEntryPoints" in file "/usr/share/dotnet/sdk/8.0.417/NuGet.targets" from project "/modernize-data/studio-data/TNT1001/APP1166/transformed-code/344/studio-workspace/TMS22/TourManagement.sln" (target "_FilterRestoreGraphProjectInputItems" depends on it):
       Assembly loaded during TaskRun: NuGet.Build.Tasks, Version=6.11.1.2, Culture=neutral, PublicKeyToken=31bf3856ad364e35 (location: /usr/share/dotnet/sdk/8.0.417/NuGet.Build.Tasks.dll, MVID: da6659e2-ab3c-4a1c-91d3-86fe81c4da96, AssemblyLoadContext: MSBuild plugin /usr/share/dotnet/sdk/8.0.417/NuGet.Build.Tasks.dll)
       Assembly loaded during TaskRun: NuGet.Common, Version=6.11.1.2, Culture=neutral, PublicKeyToken=31bf3856ad364e35 (location: /usr/share/dotnet/sdk/8.0.417/NuGet.Common.dll, MVID: 71662c50-4eea-46ea-82bf-b2edfd33a945, AssemblyLoadContext: MSBuild plugin /usr/share/dotnet/sdk/8.0.417/NuGet.Build.Tasks.dll)
       Assembly loaded during TaskRun: NuGet.Commands, Version=6.11.1.2, Culture=neutral, PublicKeyToken=31bf3856ad364e35 (location: /usr/share/dotnet/sdk/8.0.417/NuGet.Commands.dll, MVID: fd182425-a30a-445b-9628-b4c5f0ab1353, AssemblyLoadContext: MSBuild plugin /usr/share/dotnet/sdk/8.0.417/NuGet.Build.Tasks.dll)
       Assembly loaded during TaskRun: NuGet.ProjectModel, Version=6.11.1.2, Culture=neutral, PublicKeyToken=31bf3856ad364e35 (location: /usr/share/dotnet/sdk/8.0.417/NuGet.ProjectModel.dll, MVID: de1018f8-9cea-4ea5-aafd-eccdf5a6f888, AssemblyLoadContext: MSBuild plugin /usr/share/dotnet/sdk/8.0.417/NuGet.Build.Tasks.dll)
       Using "GetRestoreSolutionProjectsTask" task from assembly "/usr/share/dotnet/sdk/8.0.417/NuGet.Build.Tasks.dll".
       Task "GetRestoreSolutionProjectsTask"
       Done executing task "GetRestoreSolutionProjectsTask".
     1>Done building target "_LoadRestoreGraphEntryPoints" in project "TourManagement.sln".
     1>Target "_FilterRestoreGraphProjectInputItems" in file "/usr/share/dotnet/sdk/8.0.417/NuGet.targets" from project "/modernize-data/studio-data/TNT1001/APP1166/transformed-code/344/studio-workspace/TMS22/TourManagement.sln" (target "_GenerateRestoreGraph" depends on it):
       Using "RemoveDuplicates" task from assembly "Microsoft.Build.Tasks.Core, Version=15.1.0.0, Culture=neutral, PublicKeyToken=b03f5f7f11d50a3a".
       Task "RemoveDuplicates"
       Done executing task "RemoveDuplicates".
       Using "MSBuild" task from assembly "Microsoft.Build.Tasks.Core, Version=15.1.0.0, Culture=neutral, PublicKeyToken=b03f5f7f11d50a3a".
       Task "MSBuild"
         Global Properties:
           ExcludeRestorePackageImports=true
           _RestoreSolutionFileUsed=true
           SolutionDir=/modernize-data/studio-data/TNT1001/APP1166/transformed-code/344/studio-workspace/TMS22/
           SolutionName=TourManagement
           SolutionFileName=TourManagement.sln
           SolutionPath=/modernize-data/studio-data/TNT1001/APP1166/transformed-code/344/studio-workspace/TMS22/TourManagement.sln
           SolutionExt=.sln
         Additional Properties for project "/modernize-data/studio-data/TNT1001/APP1166/transformed-code/344/studio-workspace/TMS22/src/TourManagement.Domain/TourManagement.Domain.csproj":
           Configuration=Debug
           Platform=AnyCPU
         Additional Properties for project "/modernize-data/studio-data/TNT1001/APP1166/transformed-code/344/studio-workspace/TMS22/src/TourManagement.Application/TourManagement.Application.csproj":
           Configuration=Debug
           Platform=AnyCPU
         Additional Properties for project "/modernize-data/studio-data/TNT1001/APP1166/transformed-code/344/studio-workspace/TMS22/src/TourManagement.Infrastructure/TourManagement.Infrastructure.csproj":
           Configuration=Debug
           Platform=AnyCPU
         Additional Properties for project "/modernize-data/studio-data/TNT1001/APP1166/transformed-code/344/studio-workspace/TMS22/src/TourManagement.Web/TourManagement.Web.csproj":
           Configuration=Debug
           Platform=AnyCPU
     0>The SDK "Microsoft.NET.Sdk" was successfully resolved by the "DefaultSdkResolver" resolver to location "/usr/share/dotnet/sdk/8.0.417/Sdks/Microsoft.NET.Sdk/Sdk" and version "".
       Property 'MSBuildExtensionsPath' with value '/usr/share/dotnet/sdk/8.0.417/' expanded from the environment.
       Property reassignment: $(MSBuildProjectExtensionsPath)="/modernize-data/studio-data/TNT1001/APP1166/transformed-code/344/studio-workspace/TMS22/src/TourManagement.Domain/obj/" (previous value: "obj\") at /usr/share/dotnet/sdk/8.0.417/Current/Microsoft.Common.props (60,5)
       Property 'MSBuildUserExtensionsPath' with value '/home/studioai/.local/share/Microsoft\MSBuild' expanded from the environment.
       The "Configuration" property is a global property, and cannot be modified.
       The "Platform" property is a global property, and cannot be modified.
       The "Configuration" property is a global property, and cannot be modified.
       The "Platform" property is a global property, and cannot be modified.
       Property reassignment: $(AssemblySearchPaths)="{CandidateAssemblyFiles};{HintPathFromItem}" (previous value: "{CandidateAssemblyFiles}") at /usr/share/dotnet/sdk/8.0.417/Sdks/Microsoft.NET.Sdk/targets/Microsoft.NET.Sdk.props (91,5)
       Property reassignment: $(AssemblySearchPaths)="{CandidateAssemblyFiles};{HintPathFromItem};{TargetFrameworkDirectory}" (previous value: "{CandidateAssemblyFiles};{HintPathFromItem}") at /usr/share/dotnet/sdk/8.0.417/Sdks/Microsoft.NET.Sdk/targets/Microsoft.NET.Sdk.props (92,5)
       Property reassignment: $(AssemblySearchPaths)="{CandidateAssemblyFiles};{HintPathFromItem};{TargetFrameworkDirectory};{RawFileName}" (previous value: "{CandidateAssemblyFiles};{HintPathFromItem};{TargetFrameworkDirectory}") at /usr/share/dotnet/sdk/8.0.417/Sdks/Microsoft.NET.Sdk/targets/Microsoft.NET.Sdk.props (93,5)
       The "DefaultSdkResolver" resolver attempted to resolve the SDK "Microsoft.NET.SDK.WorkloadAutoImportPropsLocator".
       Warnings: null
       Errors: MSB4276: The default SDK resolver failed to resolve SDK "Microsoft.NET.SDK.WorkloadAutoImportPropsLocator" because directory "/usr/share/dotnet/sdk/8.0.417/Sdks/Microsoft.NET.SDK.WorkloadAutoImportPropsLocator/Sdk" did not exist.
       Assembly loaded during Evaluation: Microsoft.Build.NuGetSdkResolver, Version=6.11.1.2, Culture=neutral, PublicKeyToken=31bf3856ad364e35 (location: /usr/share/dotnet/sdk/8.0.417/Microsoft.Build.NuGetSdkResolver.dll, MVID: ae254ffe-3ea7-4bba-8a74-0bd55e8cfe87, AssemblyLoadContext: MSBuild plugin /usr/share/dotnet/sdk/8.0.417/Microsoft.Build.NuGetSdkResolver.dll)
       Assembly loaded during Evaluation: Microsoft.NET.Sdk.WorkloadMSBuildSdkResolver, Version=8.0.417.0, Culture=neutral, PublicKeyToken=31bf3856ad364e35 (location: /usr/share/dotnet/sdk/8.0.417/Microsoft.NET.Sdk.WorkloadMSBuildSdkResolver.dll, MVID: fa967c6f-a811-43df-a656-6d7ebcbc8a5a, AssemblyLoadContext: MSBuild plugin /usr/share/dotnet/sdk/8.0.417/Microsoft.NET.Sdk.WorkloadMSBuildSdkResolver.dll)
       Assembly loaded during Evaluation: Microsoft.DotNet.Cli.Utils, Version=8.0.417.0, Culture=neutral, PublicKeyToken=adb9793829ddae60 (location: /usr/share/dotnet/sdk/8.0.417/Microsoft.DotNet.Cli.Utils.dll, MVID: 43247955-3899-4a2d-9250-048c9ee2f668, AssemblyLoadContext: MSBuild plugin /usr/share/dotnet/sdk/8.0.417/Microsoft.NET.Sdk.WorkloadMSBuildSdkResolver.dll)
       Assembly loaded during Evaluation: Microsoft.NET.Sdk.WorkloadManifestReader, Version=8.0.417.0, Culture=neutral, PublicKeyToken=adb9793829ddae60 (location: /usr/share/dotnet/sdk/8.0.417/Microsoft.NET.Sdk.WorkloadManifestReader.dll, MVID: cb091d47-a527-4c8e-b8bf-7cbfbbb2ee97, AssemblyLoadContext: MSBuild plugin /usr/share/dotnet/sdk/8.0.417/Microsoft.NET.Sdk.WorkloadMSBuildSdkResolver.dll)
       Assembly loaded during Evaluation: Microsoft.Deployment.DotNet.Releases, Version=2.0.0.0, Culture=neutral, PublicKeyToken=31bf3856ad364e35 (location: /usr/share/dotnet/sdk/8.0.417/Microsoft.Deployment.DotNet.Releases.dll, MVID: 34f9f9be-a352-437d-b864-e54aac6740dd, AssemblyLoadContext: MSBuild plugin /usr/share/dotnet/sdk/8.0.417/Microsoft.NET.Sdk.WorkloadMSBuildSdkResolver.dll)
       Assembly loaded during Evaluation: System.IO.Pipes, Version=8.0.0.0, Culture=neutral, PublicKeyToken=b03f5f7f11d50a3a (location: /usr/share/dotnet/shared/Microsoft.NETCore.App/8.0.23/System.IO.Pipes.dll, MVID: 5e1997e7-2970-4db8-95c5-9c72c8f64feb, AssemblyLoadContext: Default)
       Assembly loaded during Evaluation: System.Net.Sockets, Version=8.0.0.0, Culture=neutral, PublicKeyToken=b03f5f7f11d50a3a (location: /usr/share/dotnet/shared/Microsoft.NETCore.App/8.0.23/System.Net.Sockets.dll, MVID: 9a4517b8-abae-41e5-9a5f-dceecb9678bd, AssemblyLoadContext: Default)
       Assembly loaded during Evaluation: System.Net.Primitives, Version=8.0.0.0, Culture=neutral, PublicKeyToken=b03f5f7f11d50a3a (location: /usr/share/dotnet/shared/Microsoft.NETCore.App/8.0.23/System.Net.Primitives.dll, MVID: 3f73c985-cd91-47e5-9b4e-18408392a3e5, AssemblyLoadContext: Default)
       Reusing node 2 (PID: 7521).
       Reusing node 4 (PID: 7522).
       Reusing node 3 (PID: 7523).
       The SDK "Microsoft.NET.Sdk.Web" was successfully resolved by the "DefaultSdkResolver" resolver to location "/usr/share/dotnet/sdk/8.0.417/Sdks/Microsoft.NET.Sdk.Web/Sdk" and version "".
       Property 'MSBuildExtensionsPath' with value '/usr/share/dotnet/sdk/8.0.417/' expanded from the environment.
       Property 'MSBuildExtensionsPath' with value '/usr/share/dotnet/sdk/8.0.417/' expanded from the environment.
       Property 'MSBuildExtensionsPath' with value '/usr/share/dotnet/sdk/8.0.417/' expanded from the environment.
       Property reassignment: $(MSBuildProjectExtensionsPath)="/modernize-data/studio-data/TNT1001/APP1166/transformed-code/344/studio-workspace/TMS22/src/TourManagement.Application/obj/" (previous value: "obj\") at /usr/share/dotnet/sdk/8.0.417/Current/Microsoft.Common.props (60,5)
       Property 'MSBuildUserExtensionsPath' with value '/home/studioai/.local/share/Microsoft\MSBuild' expanded from the environment.
       The "Configuration" property is a global property, and cannot be modified.
       Property reassignment: $(MSBuildProjectExtensionsPath)="/modernize-data/studio-data/TNT1001/APP1166/transformed-code/344/studio-workspace/TMS22/src/TourManagement.Infrastructure/obj/" (previous value: "obj\") at /usr/share/dotnet/sdk/8.0.417/Current/Microsoft.Common.props (60,5)
       Property reassignment: $(MSBuildProjectExtensionsPath)="/modernize-data/studio-data/TNT1001/APP1166/transformed-code/344/studio-workspace/TMS22/src/TourManagement.Web/obj/" (previous value: "obj\") at /usr/share/dotnet/sdk/8.0.417/Current/Microsoft.Common.props (60,5)
       Property 'MSBuildUserExtensionsPath' with value '/home/studioai/.local/share/Microsoft\MSBuild' expanded from the environment.
       The "Platform" property is a global property, and cannot be modified.
       The "Configuration" property is a global property, and cannot be modified.
       The "Configuration" property is a global property, and cannot be modified.
       Property 'MSBuildUserExtensionsPath' with value '/home/studioai/.local/share/Microsoft\MSBuild' expanded from the environment.
       The "Platform" property is a global property, and cannot be modified.
       Property reassignment: $(AssemblySearchPaths)="{CandidateAssemblyFiles};{HintPathFromItem}" (previous value: "{CandidateAssemblyFiles}") at /usr/share/dotnet/sdk/8.0.417/Sdks/Microsoft.NET.Sdk/targets/Microsoft.NET.Sdk.props (91,5)
       The "Platform" property is a global property, and cannot be modified.
       Property reassignment: $(AssemblySearchPaths)="{CandidateAssemblyFiles};{HintPathFromItem};{TargetFrameworkDirectory}" (previous value: "{CandidateAssemblyFiles};{HintPathFromItem}") at /usr/share/dotnet/sdk/8.0.417/Sdks/Microsoft.NET.Sdk/targets/Microsoft.NET.Sdk.props (92,5)
       The "Configuration" property is a global property, and cannot be modified.
       Property reassignment: $(AssemblySearchPaths)="{CandidateAssemblyFiles};{HintPathFromItem};{TargetFrameworkDirectory};{RawFileName}" (previous value: "{CandidateAssemblyFiles};{HintPathFromItem};{TargetFrameworkDirectory}") at /usr/share/dotnet/sdk/8.0.417/Sdks/Microsoft.NET.Sdk/targets/Microsoft.NET.Sdk.props (93,5)
       The "Configuration" property is a global property, and cannot be modified.
       The "Platform" property is a global property, and cannot be modified.
       The "Platform" property is a global property, and cannot be modified.
       The "Configuration" property is a global property, and cannot be modified.
       Property reassignment: $(AssemblySearchPaths)="{CandidateAssemblyFiles};{HintPathFromItem}" (previous value: "{CandidateAssemblyFiles}") at /usr/share/dotnet/sdk/8.0.417/Sdks/Microsoft.NET.Sdk/targets/Microsoft.NET.Sdk.props (91,5)
       The "Platform" property is a global property, and cannot be modified.
       Property reassignment: $(AssemblySearchPaths)="{CandidateAssemblyFiles};{HintPathFromItem};{TargetFrameworkDirectory}" (previous value: "{CandidateAssemblyFiles};{HintPathFromItem}") at /usr/share/dotnet/sdk/8.0.417/Sdks/Microsoft.NET.Sdk/targets/Microsoft.NET.Sdk.props (92,5)
       Property reassignment: $(AssemblySearchPaths)="{CandidateAssemblyFiles};{HintPathFromItem}" (previous value: "{CandidateAssemblyFiles}") at /usr/share/dotnet/sdk/8.0.417/Sdks/Microsoft.NET.Sdk/targets/Microsoft.NET.Sdk.props (91,5)
       Property reassignment: $(AssemblySearchPaths)="{CandidateAssemblyFiles};{HintPathFromItem};{TargetFrameworkDirectory}" (previous value: "{CandidateAssemblyFiles};{HintPathFromItem}") at /usr/share/dotnet/sdk/8.0.417/Sdks/Microsoft.NET.Sdk/targets/Microsoft.NET.Sdk.props (92,5)
       Property reassignment: $(AssemblySearchPaths)="{CandidateAssemblyFiles};{HintPathFromItem};{TargetFrameworkDirectory};{RawFileName}" (previous value: "{CandidateAssemblyFiles};{HintPathFromItem};{TargetFrameworkDirectory}") at /usr/share/dotnet/sdk/8.0.417/Sdks/Microsoft.NET.Sdk/targets/Microsoft.NET.Sdk.props (93,5)
       Property reassignment: $(AssemblySearchPaths)="{CandidateAssemblyFiles};{HintPathFromItem};{TargetFrameworkDirectory};{RawFileName}" (previous value: "{CandidateAssemblyFiles};{HintPathFromItem};{TargetFrameworkDirectory}") at /usr/share/dotnet/sdk/8.0.417/Sdks/Microsoft.NET.Sdk/targets/Microsoft.NET.Sdk.props (93,5)
       The SDK "Microsoft.NET.SDK.WorkloadAutoImportPropsLocator" was successfully resolved by the "Microsoft.DotNet.MSBuildWorkloadSdkResolver" resolver to location "null" and version "null".
       Property reassignment: $(TargetsForTfmSpecificContentInPackage)=";PackTool;_PackProjectToolValidation" (previous value: ";PackTool") at /usr/share/dotnet/sdk/8.0.417/Sdks/Microsoft.NET.Sdk/targets/Microsoft.NET.PackProjectTool.props (15,5)
       Property reassignment: $(TargetsForTfmSpecificContentInPackage)=";PackTool;_PackProjectToolValidation" (previous value: ";PackTool") at /usr/share/dotnet/sdk/8.0.417/Sdks/Microsoft.NET.Sdk/targets/Microsoft.NET.PackProjectTool.props (15,5)
       Property reassignment: $(TargetsForTfmSpecificContentInPackage)=";PackTool;_PackProjectToolValidation" (previous value: ";PackTool") at /usr/share/dotnet/sdk/8.0.417/Sdks/Microsoft.NET.Sdk/targets/Microsoft.NET.PackProjectTool.props (15,5)
       The SDK "Microsoft.NET.Sdk.Razor" was successfully resolved by the "DefaultSdkResolver" resolver to location "/usr/share/dotnet/sdk/8.0.417/Sdks/Microsoft.NET.Sdk.Razor/Sdk" and version "".
       The "Configuration" property is a global property, and cannot be modified.
       The "Platform" property is a global property, and cannot be modified.
       The "Configuration" property is a global property, and cannot be modified.
       The "Platform" property is a global property, and cannot be modified.
       Property reassignment: $(PublishProfileImported)="false" (previous value: "true") at /usr/share/dotnet/sdk/8.0.417/Sdks/Microsoft.NET.Sdk/targets/Microsoft.NET.Sdk.ImportPublishProfile.targets (28,5)
       Property reassignment: $(PublishProfileImported)="false" (previous value: "true") at /usr/share/dotnet/sdk/8.0.417/Sdks/Microsoft.NET.Sdk/targets/Microsoft.NET.Sdk.ImportPublishProfile.targets (28,5)
       The SDK "Microsoft.NET.Sdk.StaticWebAssets" was successfully resolved by the "DefaultSdkResolver" resolver to location "/usr/share/dotnet/sdk/8.0.417/Sdks/Microsoft.NET.Sdk.StaticWebAssets/Sdk" and version "".
       Property reassignment: $(TargetPlatformVersion)="" (previous value: "0.0") at /usr/share/dotnet/sdk/8.0.417/Sdks/Microsoft.NET.Sdk/targets/Microsoft.NET.TargetFrameworkInference.targets (69,5)
       Property reassignment: $(TargetPlatformVersion)="" (previous value: "0.0") at /usr/share/dotnet/sdk/8.0.417/Sdks/Microsoft.NET.Sdk/targets/Microsoft.NET.TargetFrameworkInference.targets (69,5)
       Property 'LANGUAGE' with value 'en_US:en' expanded from the environment.
       Property 'LANGUAGE' with value 'en_US:en' expanded from the environment.
       Property reassignment: $(DefaultItemExcludes)=";bin\Debug//**;obj\Debug//**" (previous value: ";bin\Debug//**") at /usr/share/dotnet/sdk/8.0.417/Sdks/Microsoft.NET.Sdk/targets/Microsoft.NET.DefaultOutputPaths.targets (122,5)
       Property reassignment: $(DefaultItemExcludes)=";bin\Debug//**;obj\Debug//**" (previous value: ";bin\Debug//**") at /usr/share/dotnet/sdk/8.0.417/Sdks/Microsoft.NET.Sdk/targets/Microsoft.NET.DefaultOutputPaths.targets (122,5)
       Property reassignment: $(TargetsForTfmSpecificContentInPackage)=";PackTool;_PackProjectToolValidation" (previous value: ";PackTool") at /usr/share/dotnet/sdk/8.0.417/Sdks/Microsoft.NET.Sdk/targets/Microsoft.NET.PackProjectTool.props (15,5)
       Property reassignment: $(OutputPath)="bin\Debug/net8.0/" (previous value: "bin\Debug/") at /usr/share/dotnet/sdk/8.0.417/Sdks/Microsoft.NET.Sdk/targets/Microsoft.NET.DefaultOutputPaths.targets (137,5)
       Property reassignment: $(OutputPath)="bin\Debug/net8.0/" (previous value: "bin\Debug/") at /usr/share/dotnet/sdk/8.0.417/Sdks/Microsoft.NET.Sdk/targets/Microsoft.NET.DefaultOutputPaths.targets (137,5)
       Property reassignment: $(IntermediateOutputPath)="obj\Debug/net8.0/" (previous value: "obj\Debug/") at /usr/share/dotnet/sdk/8.0.417/Sdks/Microsoft.NET.Sdk/targets/Microsoft.NET.DefaultOutputPaths.targets (142,5)
       Property reassignment: $(DefaultItemExcludes)=";**\node_modules\**;node_modules\**;**\jspm_packages\**;jspm_packages\**" (previous value: ";**\node_modules\**;node_modules\**") at /usr/share/dotnet/sdk/8.0.417/Sdks/Microsoft.NET.Sdk.StaticWebAssets/Sdk/Sdk.StaticWebAssets.StaticAssets.ProjectSystem.props (23,5)
       Property reassignment: $(IntermediateOutputPath)="obj\Debug/net8.0/" (previous value: "obj\Debug/") at /usr/share/dotnet/sdk/8.0.417/Sdks/Microsoft.NET.Sdk/targets/Microsoft.NET.DefaultOutputPaths.targets (142,5)
       The "DefaultSdkResolver" resolver attempted to resolve the SDK "Microsoft.NET.SDK.WorkloadManifestTargetsLocator".
       Warnings: null
       Errors: MSB4276: The default SDK resolver failed to resolve SDK "Microsoft.NET.SDK.WorkloadManifestTargetsLocator" because directory "/usr/share/dotnet/sdk/8.0.417/Sdks/Microsoft.NET.SDK.WorkloadManifestTargetsLocator/Sdk" did not exist.
       Property reassignment: $(DefaultItemExcludes)=";**\node_modules\**;node_modules\**;**\jspm_packages\**;jspm_packages\**;**\bower_components\**;bower_components\**" (previous value: ";**\node_modules\**;node_modules\**;**\jspm_packages\**;jspm_packages\**") at /usr/share/dotnet/sdk/8.0.417/Sdks/Microsoft.NET.Sdk.StaticWebAssets/Sdk/Sdk.StaticWebAssets.StaticAssets.ProjectSystem.props (24,5)
       The SDK "Microsoft.NET.Sdk.Web.ProjectSystem" was successfully resolved by the "DefaultSdkResolver" resolver to location "/usr/share/dotnet/sdk/8.0.417/Sdks/Microsoft.NET.Sdk.Web.ProjectSystem/Sdk" and version "".
       Property reassignment: $(OutputType)="Exe" (previous value: "Library") at /usr/share/dotnet/sdk/8.0.417/Sdks/Microsoft.NET.Sdk.Web.ProjectSystem/targets/Microsoft.NET.Sdk.Web.ProjectSystem.props (16,5)
       The SDK "Microsoft.NET.Sdk.Publish" was successfully resolved by the "DefaultSdkResolver" resolver to location "/usr/share/dotnet/sdk/8.0.417/Sdks/Microsoft.NET.Sdk.Publish/Sdk" and version "".
       The SDK "Microsoft.NET.SDK.WorkloadManifestTargetsLocator" was successfully resolved by the "Microsoft.DotNet.MSBuildWorkloadSdkResolver" resolver to location "/usr/share/dotnet/sdk-manifests/8.0.100/microsoft.net.sdk.android/34.0.43" and version "null".
       The "Configuration" property is a global property, and cannot be modified.
       The "Platform" property is a global property, and cannot be modified.
       The "Configuration" property is a global property, and cannot be modified.
       The "Platform" property is a global property, and cannot be modified.
       Property reassignment: $(PublishProfileImported)="false" (previous value: "true") at /usr/share/dotnet/sdk/8.0.417/Sdks/Microsoft.NET.Sdk/targets/Microsoft.NET.Sdk.ImportPublishProfile.targets (28,5)
       Property reassignment: $(PublishProfileImported)="false" (previous value: "true") at /usr/share/dotnet/sdk/8.0.417/Sdks/Microsoft.NET.Sdk/targets/Microsoft.NET.Sdk.ImportPublishProfile.targets (28,5)
       Property reassignment: $(TargetPlatformVersion)="" (previous value: "0.0") at /usr/share/dotnet/sdk/8.0.417/Sdks/Microsoft.NET.Sdk/targets/Microsoft.NET.TargetFrameworkInference.targets (69,5)
       Property 'LANGUAGE' with value 'en_US:en' expanded from the environment.
       Assembly loaded during Evaluation: Microsoft.Win32.Registry, Version=8.0.0.0, Culture=neutral, PublicKeyToken=b03f5f7f11d50a3a (location: /usr/share/dotnet/shared/Microsoft.NETCore.App/8.0.23/Microsoft.Win32.Registry.dll, MVID: 78323723-47ef-4778-829f-f29b7c22e530, AssemblyLoadContext: Default)
       Property reassignment: $(DefaultItemExcludes)=";**\node_modules\**;node_modules\**;**\jspm_packages\**;jspm_packages\**;**\bower_components\**;bower_components\**;bin\Debug//**" (previous value: ";**\node_modules\**;node_modules\**;**\jspm_packages\**;jspm_packages\**;**\bower_components\**;bower_components\**") at /usr/share/dotnet/sdk/8.0.417/Sdks/Microsoft.NET.Sdk/targets/Microsoft.NET.DefaultOutputPaths.targets (121,5)
       Property reassignment: $(_FrameworkIdentifierForImplicitDefine)="NET" (previous value: "NETCOREAPP") at /usr/share/dotnet/sdk/8.0.417/Sdks/Microsoft.NET.Sdk/targets/Microsoft.NET.Sdk.BeforeCommon.targets (187,5)
       Property reassignment: $(_FrameworkVersionForImplicitDefine)="8_0" (previous value: "8.0") at /usr/share/dotnet/sdk/8.0.417/Sdks/Microsoft.NET.Sdk/targets/Microsoft.NET.Sdk.BeforeCommon.targets (192,5)
       Property reassignment: $(DefaultItemExcludes)=";**\node_modules\**;node_modules\**;**\jspm_packages\**;jspm_packages\**;**\bower_components\**;bower_components\**;bin\Debug//**;obj\Debug//**" (previous value: ";**\node_modules\**;node_modules\**;**\jspm_packages\**;jspm_packages\**;**\bower_components\**;bower_components\**;bin\Debug//**") at /usr/share/dotnet/sdk/8.0.417/Sdks/Microsoft.NET.Sdk/targets/Microsoft.NET.DefaultOutputPaths.targets (122,5)
       Property reassignment: $(OutputPath)="bin\Debug/net8.0/" (previous value: "bin\Debug/") at /usr/share/dotnet/sdk/8.0.417/Sdks/Microsoft.NET.Sdk/targets/Microsoft.NET.DefaultOutputPaths.targets (137,5)
       Property reassignment: $(IntermediateOutputPath)="obj\Debug/net8.0/" (previous value: "obj\Debug/") at /usr/share/dotnet/sdk/8.0.417/Sdks/Microsoft.NET.Sdk/targets/Microsoft.NET.DefaultOutputPaths.targets (142,5)
       Property reassignment: $(_FrameworkIdentifierForImplicitDefine)="NET" (previous value: "NETCOREAPP") at /usr/share/dotnet/sdk/8.0.417/Sdks/Microsoft.NET.Sdk/targets/Microsoft.NET.Sdk.BeforeCommon.targets (187,5)
       Property reassignment: $(_FrameworkVersionForImplicitDefine)="8_0" (previous value: "8.0") at /usr/share/dotnet/sdk/8.0.417/Sdks/Microsoft.NET.Sdk/targets/Microsoft.NET.Sdk.BeforeCommon.targets (192,5)
       Assembly loaded during Evaluation: NuGet.Frameworks, Version=6.11.1.2, Culture=neutral, PublicKeyToken=31bf3856ad364e35 (location: /usr/share/dotnet/sdk/8.0.417/NuGet.Frameworks.dll, MVID: 36fa17a1-abb6-4cce-b85c-dd32a6dcc45f, AssemblyLoadContext: Assembly.LoadFile(/usr/share/dotnet/sdk/8.0.417/NuGet.Frameworks.dll))
       Property reassignment: $(Language)="C#" (previous value: "en_US:en") at /usr/share/dotnet/sdk/8.0.417/Microsoft.CSharp.CurrentVersion.targets (38,9)
       Property reassignment: $(Language)="C#" (previous value: "en_US:en") at /usr/share/dotnet/sdk/8.0.417/Microsoft.CSharp.CurrentVersion.targets (38,9)
       Property reassignment: $(CommandLineArgsForDesignTimeEvaluation)="-langversion:12.0 -define:TRACE" (previous value: "-langversion:12.0") at /usr/share/dotnet/sdk/8.0.417/Roslyn/Microsoft.CSharp.Core.targets (200,5)
       Property reassignment: $(CommandLineArgsForDesignTimeEvaluation)="-langversion:12.0 -define:TRACE" (previous value: "-langversion:12.0") at /usr/share/dotnet/sdk/8.0.417/Roslyn/Microsoft.CSharp.Core.targets (200,5)
       The "Platform" property is a global property, and cannot be modified.
       The "Configuration" property is a global property, and cannot be modified.
       The "Platform" property is a global property, and cannot be modified.
       Property reassignment: $(_DebugSymbolsProduced)="true" (previous value: "false") at /usr/share/dotnet/sdk/8.0.417/Microsoft.Common.CurrentVersion.targets (175,5)
       The "Configuration" property is a global property, and cannot be modified.
       Property reassignment: $(_DocumentationFileProduced)="false" (previous value: "true") at /usr/share/dotnet/sdk/8.0.417/Microsoft.Common.CurrentVersion.targets (185,5)
       Property reassignment: $(_FrameworkIdentifierForImplicitDefine)="NET" (previous value: "NETCOREAPP") at /usr/share/dotnet/sdk/8.0.417/Sdks/Microsoft.NET.Sdk/targets/Microsoft.NET.Sdk.BeforeCommon.targets (187,5)
       Property reassignment: $(_DebugSymbolsProduced)="true" (previous value: "false") at /usr/share/dotnet/sdk/8.0.417/Microsoft.Common.CurrentVersion.targets (175,5)
       Property reassignment: $(_FrameworkVersionForImplicitDefine)="8_0" (previous value: "8.0") at /usr/share/dotnet/sdk/8.0.417/Sdks/Microsoft.NET.Sdk/targets/Microsoft.NET.Sdk.BeforeCommon.targets (192,5)
       Property reassignment: $(_DocumentationFileProduced)="false" (previous value: "true") at /usr/share/dotnet/sdk/8.0.417/Microsoft.Common.CurrentVersion.targets (185,5)
       The "SolutionName" property is a global property, and cannot be modified.
       The "SolutionFileName" property is a global property, and cannot be modified.
       The "SolutionPath" property is a global property, and cannot be modified.
       The "SolutionDir" property is a global property, and cannot be modified.
       The "SolutionExt" property is a global property, and cannot be modified.
       Property reassignment: $(MSBuildCopyMarkerName)="TourMana.0E27AB2A" (previous value: "TourManagement.Infrastructure.csproj") at /usr/share/dotnet/sdk/8.0.417/Microsoft.Common.CurrentVersion.targets (392,5)
       Property reassignment: $(Language)="C#" (previous value: "en_US:en") at /usr/share/dotnet/sdk/8.0.417/Microsoft.CSharp.CurrentVersion.targets (38,9)
       Property reassignment: $(MSBuildCopyMarkerName)="TourMana.0E27AB2A.Up2Date" (previous value: "TourMana.0E27AB2A") at /usr/share/dotnet/sdk/8.0.417/Microsoft.Common.CurrentVersion.targets (393,5)
       The "SolutionName" property is a global property, and cannot be modified.
       The "SolutionFileName" property is a global property, and cannot be modified.
       The "SolutionPath" property is a global property, and cannot be modified.
       The "SolutionDir" property is a global property, and cannot be modified.
       The "SolutionExt" property is a global property, and cannot be modified.
       Property reassignment: $(MSBuildCopyMarkerName)="TourMana.F28DA9BD" (previous value: "TourManagement.Application.csproj") at /usr/share/dotnet/sdk/8.0.417/Microsoft.Common.CurrentVersion.targets (392,5)
       Property reassignment: $(MSBuildCopyMarkerName)="TourMana.F28DA9BD.Up2Date" (previous value: "TourMana.F28DA9BD") at /usr/share/dotnet/sdk/8.0.417/Microsoft.Common.CurrentVersion.targets (393,5)
       Property reassignment: $(ProcessorArchitecture)="msil" (previous value: "") at /usr/share/dotnet/sdk/8.0.417/Microsoft.Common.CurrentVersion.targets (541,5)
       Property reassignment: $(DelaySign)="" (previous value: "false") at /usr/share/dotnet/sdk/8.0.417/Microsoft.Common.CurrentVersion.targets (580,5)
       Property reassignment: $(CommandLineArgsForDesignTimeEvaluation)="-langversion:12.0 -define:TRACE" (previous value: "-langversion:12.0") at /usr/share/dotnet/sdk/8.0.417/Roslyn/Microsoft.CSharp.Core.targets (200,5)
       Property reassignment: $(ProcessorArchitecture)="msil" (previous value: "") at /usr/share/dotnet/sdk/8.0.417/Microsoft.Common.CurrentVersion.targets (541,5)
       Property reassignment: $(DelaySign)="" (previous value: "false") at /usr/share/dotnet/sdk/8.0.417/Microsoft.Common.CurrentVersion.targets (580,5)
       Property 'LocalAppData' with value '/home/studioai/.local/share' expanded from the environment.
       Property 'LocalAppData' with value '/home/studioai/.local/share' expanded from the environment.
       Property reassignment: $(_SGenGenerateSerializationAssembliesConfig)="Auto" (previous value: "") at /usr/share/dotnet/sdk/8.0.417/Microsoft.Common.CurrentVersion.targets (3896,5)
       Property reassignment: $(_SGenGenerateSerializationAssembliesConfig)="Off" (previous value: "Auto") at /usr/share/dotnet/sdk/8.0.417/Microsoft.Common.CurrentVersion.targets (3897,5)
       Property reassignment: $(_TargetsThatPrepareProjectReferences)="
             AssignProjectConfiguration;
             _SplitProjectReferencesByFileExistence
           " (previous value: "_SplitProjectReferencesByFileExistence") at /usr/share/dotnet/sdk/8.0.417/Microsoft.Common.CurrentVersion.targets (5099,5)
       Property reassignment: $(_SGenGenerateSerializationAssembliesConfig)="Auto" (previous value: "") at /usr/share/dotnet/sdk/8.0.417/Microsoft.Common.CurrentVersion.targets (3896,5)
       Property reassignment: $(_SGenGenerateSerializationAssembliesConfig)="Off" (previous value: "Auto") at /usr/share/dotnet/sdk/8.0.417/Microsoft.Common.CurrentVersion.targets (3897,5)
       The "Platform" property is a global property, and cannot be modified.
       Property reassignment: $(_TargetsThatPrepareProjectReferences)="
             AssignProjectConfiguration;
             _SplitProjectReferencesByFileExistence
           " (previous value: "_SplitProjectReferencesByFileExistence") at /usr/share/dotnet/sdk/8.0.417/Microsoft.Common.CurrentVersion.targets (5099,5)
       The "Configuration" property is a global property, and cannot be modified.
       Property 'MSBuildExtensionsPath32' with value '/usr/share/dotnet/sdk/8.0.417' expanded from the environment.
       Property reassignment: $(_DebugSymbolsProduced)="true" (previous value: "false") at /usr/share/dotnet/sdk/8.0.417/Microsoft.Common.CurrentVersion.targets (175,5)
       Property reassignment: $(_DocumentationFileProduced)="false" (previous value: "true") at /usr/share/dotnet/sdk/8.0.417/Microsoft.Common.CurrentVersion.targets (185,5)
       Property 'MSBuildExtensionsPath32' with value '/usr/share/dotnet/sdk/8.0.417' expanded from the environment.
       The "_RestoreSolutionFileUsed" property is a global property, and cannot be modified.
       The "SolutionName" property is a global property, and cannot be modified.
       Property reassignment: $(_GenerateRestoreGraphProjectEntryInputProperties)="
             ExcludeRestorePackageImports=true;
             _RestoreSolutionFileUsed=true;
             SolutionDir=/modernize-data/studio-data/TNT1001/APP1166/transformed-code/344/studio-workspace/TMS22/;
             SolutionName=TourManagement;
             SolutionFileName=TourManagement.sln;
             SolutionPath=/modernize-data/studio-data/TNT1001/APP1166/transformed-code/344/studio-workspace/TMS22/TourManagement.sln;
             SolutionExt=.sln;
           " (previous value: "ExcludeRestorePackageImports=true") at /usr/share/dotnet/sdk/8.0.417/NuGet.targets (101,5)
       The "SolutionFileName" property is a global property, and cannot be modified.
       The "_RestoreSolutionFileUsed" property is a global property, and cannot be modified.
       The "SolutionPath" property is a global property, and cannot be modified.
       The "SolutionDir" property is a global property, and cannot be modified.
       The "SolutionExt" property is a global property, and cannot be modified.
       Property reassignment: $(_GenerateRestoreGraphProjectEntryInputProperties)="
             ExcludeRestorePackageImports=true;
             _RestoreSolutionFileUsed=true;
             SolutionDir=/modernize-data/studio-data/TNT1001/APP1166/transformed-code/344/studio-workspace/TMS22/;
             SolutionName=TourManagement;
             SolutionFileName=TourManagement.sln;
             SolutionPath=/modernize-data/studio-data/TNT1001/APP1166/transformed-code/344/studio-workspace/TMS22/TourManagement.sln;
             SolutionExt=.sln;
           " (previous value: "ExcludeRestorePackageImports=true") at /usr/share/dotnet/sdk/8.0.417/NuGet.targets (101,5)
       Property reassignment: $(MSBuildCopyMarkerName)="TourMana.9F6BEBEC" (previous value: "TourManagement.Web.csproj") at /usr/share/dotnet/sdk/8.0.417/Microsoft.Common.CurrentVersion.targets (392,5)
       Property reassignment: $(MSBuildCopyMarkerName)="TourMana.9F6BEBEC.Up2Date" (previous value: "TourMana.9F6BEBEC") at /usr/share/dotnet/sdk/8.0.417/Microsoft.Common.CurrentVersion.targets (393,5)
       Property reassignment: $(ProcessorArchitecture)="msil" (previous value: "") at /usr/share/dotnet/sdk/8.0.417/Microsoft.Common.CurrentVersion.targets (541,5)
       Property reassignment: $(DelaySign)="" (previous value: "false") at /usr/share/dotnet/sdk/8.0.417/Microsoft.Common.CurrentVersion.targets (580,5)
       Property 'LocalAppData' with value '/home/studioai/.local/share' expanded from the environment.
       Property reassignment: $(_SGenGenerateSerializationAssembliesConfig)="Auto" (previous value: "") at /usr/share/dotnet/sdk/8.0.417/Microsoft.Common.CurrentVersion.targets (3896,5)
       Property reassignment: $(_SGenGenerateSerializationAssembliesConfig)="Off" (previous value: "Auto") at /usr/share/dotnet/sdk/8.0.417/Microsoft.Common.CurrentVersion.targets (3897,5)
       Property reassignment: $(_TargetsThatPrepareProjectReferences)="
             AssignProjectConfiguration;
             _SplitProjectReferencesByFileExistence
           " (previous value: "_SplitProjectReferencesByFileExistence") at /usr/share/dotnet/sdk/8.0.417/Microsoft.Common.CurrentVersion.targets (5099,5)
       Property reassignment: $(ProjectAssetsFile)="/modernize-data/studio-data/TNT1001/APP1166/transformed-code/344/studio-workspace/TMS22/src/TourManagement.Application/obj/project.assets.json" (previous value: "/modernize-data/studio-data/TNT1001/APP1166/transformed-code/344/studio-workspace/TMS22/src/TourManagement.Application/obj//project.assets.json") at /usr/share/dotnet/sdk/8.0.417/Sdks/Microsoft.NET.Sdk/targets/Microsoft.PackageDependencyResolution.targets (24,5)
       Property reassignment: $(ProjectAssetsFile)="/modernize-data/studio-data/TNT1001/APP1166/transformed-code/344/studio-workspace/TMS22/src/TourManagement.Infrastructure/obj/project.assets.json" (previous value: "/modernize-data/studio-data/TNT1001/APP1166/transformed-code/344/studio-workspace/TMS22/src/TourManagement.Infrastructure/obj//project.assets.json") at /usr/share/dotnet/sdk/8.0.417/Sdks/Microsoft.NET.Sdk/targets/Microsoft.PackageDependencyResolution.targets (24,5)
       Property 'MSBuildExtensionsPath32' with value '/usr/share/dotnet/sdk/8.0.417' expanded from the environment.
       Property reassignment: $(ProjectAssetsCacheFile)="/modernize-data/studio-data/TNT1001/APP1166/transformed-code/344/studio-workspace/TMS22/src/TourManagement.Infrastructure/obj/Debug/net8.0/TourManagement.Infrastructure.assets.cache" (previous value: "obj\Debug/net8.0/TourManagement.Infrastructure.assets.cache") at /usr/share/dotnet/sdk/8.0.417/Sdks/Microsoft.NET.Sdk/targets/Microsoft.PackageDependencyResolution.targets (29,5)
       Property reassignment: $(ProjectAssetsCacheFile)="/modernize-data/studio-data/TNT1001/APP1166/transformed-code/344/studio-workspace/TMS22/src/TourManagement.Application/obj/Debug/net8.0/TourManagement.Application.assets.cache" (previous value: "obj\Debug/net8.0/TourManagement.Application.assets.cache") at /usr/share/dotnet/sdk/8.0.417/Sdks/Microsoft.NET.Sdk/targets/Microsoft.PackageDependencyResolution.targets (29,5)
       Property reassignment: $(ResolveAssemblyReferencesDependsOn)="
             
             ResolveProjectReferences;
             FindInvalidProjectReferences;
             GetFrameworkPaths;
             GetReferenceAssemblyPaths;
             PrepareForBuild;
             ResolveSDKReferences;
             ExpandSDKReferences;
           ;
             ResolvePackageDependenciesForBuild;
             _HandlePackageFileConflicts;
           " (previous value: "
             ResolveProjectReferences;
             FindInvalidProjectReferences;
             GetFrameworkPaths;
             GetReferenceAssemblyPaths;
             PrepareForBuild;
             ResolveSDKReferences;
             ExpandSDKReferences;
           ") at /usr/share/dotnet/sdk/8.0.417/Sdks/Microsoft.NET.Sdk/targets/Microsoft.PackageDependencyResolution.targets (80,5)
       Property reassignment: $(PrepareResourcesDependsOn)="
             ResolvePackageDependenciesForBuild;
             _HandlePackageFileConflicts;
             
             ;
             PrepareResourceNames;
             ResGen;
             CompileLicxFiles
           
           " (previous value: "
             ;
             PrepareResourceNames;
             ResGen;
             CompileLicxFiles
           ") at /usr/share/dotnet/sdk/8.0.417/Sdks/Microsoft.NET.Sdk/targets/Microsoft.PackageDependencyResolution.targets (86,5)
       Property reassignment: $(ResolveAssemblyReferencesDependsOn)="
             
             ResolveProjectReferences;
             FindInvalidProjectReferences;
             GetFrameworkPaths;
             GetReferenceAssemblyPaths;
             PrepareForBuild;
             ResolveSDKReferences;
             ExpandSDKReferences;
           ;
             ResolvePackageDependenciesForBuild;
             _HandlePackageFileConflicts;
           " (previous value: "
             ResolveProjectReferences;
             FindInvalidProjectReferences;
             GetFrameworkPaths;
             GetReferenceAssemblyPaths;
             PrepareForBuild;
             ResolveSDKReferences;
             ExpandSDKReferences;
           ") at /usr/share/dotnet/sdk/8.0.417/Sdks/Microsoft.NET.Sdk/targets/Microsoft.PackageDependencyResolution.targets (80,5)
       Property reassignment: $(PrepareResourcesDependsOn)="
             ResolvePackageDependenciesForBuild;
             _HandlePackageFileConflicts;
             
             ;
             PrepareResourceNames;
             ResGen;
             CompileLicxFiles
           
           " (previous value: "
             ;
             PrepareResourceNames;
             ResGen;
             CompileLicxFiles
           ") at /usr/share/dotnet/sdk/8.0.417/Sdks/Microsoft.NET.Sdk/targets/Microsoft.PackageDependencyResolution.targets (86,5)
       Property reassignment: $(DefaultItemExcludes)=";bin\Debug//**;obj\Debug//**;bin\/**" (previous value: ";bin\Debug//**;obj\Debug//**") at /usr/share/dotnet/sdk/8.0.417/Sdks/Microsoft.NET.Sdk/targets/Microsoft.NET.Sdk.DefaultItems.targets (27,5)
       Property reassignment: $(DefaultItemExcludes)=";bin\Debug//**;obj\Debug//**;bin\/**" (previous value: ";bin\Debug//**;obj\Debug//**") at /usr/share/dotnet/sdk/8.0.417/Sdks/Microsoft.NET.Sdk/targets/Microsoft.NET.Sdk.DefaultItems.targets (27,5)
       Property reassignment: $(DefaultItemExcludes)=";bin\Debug//**;obj\Debug//**;bin\/**;obj\/**" (previous value: ";bin\Debug//**;obj\Debug//**;bin\/**") at /usr/share/dotnet/sdk/8.0.417/Sdks/Microsoft.NET.Sdk/targets/Microsoft.NET.Sdk.DefaultItems.targets (29,5)
       Property reassignment: $(DefaultItemExcludes)=";bin\Debug//**;obj\Debug//**;bin\/**;obj\/**" (previous value: ";bin\Debug//**;obj\Debug//**;bin\/**") at /usr/share/dotnet/sdk/8.0.417/Sdks/Microsoft.NET.Sdk/targets/Microsoft.NET.Sdk.DefaultItems.targets (29,5)
       Property reassignment: $(DefaultItemExcludes)=";bin\Debug//**;obj\Debug//**;bin\/**;obj\/**;**/*.user" (previous value: ";bin\Debug//**;obj\Debug//**;bin\/**;obj\/**") at /usr/share/dotnet/sdk/8.0.417/Sdks/Microsoft.NET.Sdk/targets/Microsoft.NET.Sdk.DefaultItems.targets (32,5)
       Property reassignment: $(DefaultItemExcludes)=";bin\Debug//**;obj\Debug//**;bin\/**;obj\/**;**/*.user" (previous value: ";bin\Debug//**;obj\Debug//**;bin\/**;obj\/**") at /usr/share/dotnet/sdk/8.0.417/Sdks/Microsoft.NET.Sdk/targets/Microsoft.NET.Sdk.DefaultItems.targets (32,5)
       The "_RestoreSolutionFileUsed" property is a global property, and cannot be modified.
       Property reassignment: $(DefaultItemExcludes)=";bin\Debug//**;obj\Debug//**;bin\/**;obj\/**;**/*.user;**/*.*proj" (previous value: ";bin\Debug//**;obj\Debug//**;bin\/**;obj\/**;**/*.user") at /usr/share/dotnet/sdk/8.0.417/Sdks/Microsoft.NET.Sdk/targets/Microsoft.NET.Sdk.DefaultItems.targets (33,5)
       Property reassignment: $(DefaultItemExcludes)=";bin\Debug//**;obj\Debug//**;bin\/**;obj\/**;**/*.user;**/*.*proj" (previous value: ";bin\Debug//**;obj\Debug//**;bin\/**;obj\/**;**/*.user") at /usr/share/dotnet/sdk/8.0.417/Sdks/Microsoft.NET.Sdk/targets/Microsoft.NET.Sdk.DefaultItems.targets (33,5)
       Property reassignment: $(DefaultItemExcludes)=";bin\Debug//**;obj\Debug//**;bin\/**;obj\/**;**/*.user;**/*.*proj;**/*.sln" (previous value: ";bin\Debug//**;obj\Debug//**;bin\/**;obj\/**;**/*.user;**/*.*proj") at /usr/share/dotnet/sdk/8.0.417/Sdks/Microsoft.NET.Sdk/targets/Microsoft.NET.Sdk.DefaultItems.targets (34,5)
       Property reassignment: $(_GenerateRestoreGraphProjectEntryInputProperties)="
             ExcludeRestorePackageImports=true;
             _RestoreSolutionFileUsed=true;
             SolutionDir=/modernize-data/studio-data/TNT1001/APP1166/transformed-code/344/studio-workspace/TMS22/;
             SolutionName=TourManagement;
             SolutionFileName=TourManagement.sln;
             SolutionPath=/modernize-data/studio-data/TNT1001/APP1166/transformed-code/344/studio-workspace/TMS22/TourManagement.sln;
             SolutionExt=.sln;
           " (previous value: "ExcludeRestorePackageImports=true") at /usr/share/dotnet/sdk/8.0.417/NuGet.targets (101,5)
       Property reassignment: $(DefaultItemExcludes)=";bin\Debug//**;obj\Debug//**;bin\/**;obj\/**;**/*.user;**/*.*proj;**/*.sln;**/*.vssscc" (previous value: ";bin\Debug//**;obj\Debug//**;bin\/**;obj\/**;**/*.user;**/*.*proj;**/*.sln") at /usr/share/dotnet/sdk/8.0.417/Sdks/Microsoft.NET.Sdk/targets/Microsoft.NET.Sdk.DefaultItems.targets (35,5)
       Property reassignment: $(DefaultItemExcludes)=";bin\Debug//**;obj\Debug//**;bin\/**;obj\/**;**/*.user;**/*.*proj;**/*.sln;**/*.vssscc;**/.DS_Store" (previous value: ";bin\Debug//**;obj\Debug//**;bin\/**;obj\/**;**/*.user;**/*.*proj;**/*.sln;**/*.vssscc") at /usr/share/dotnet/sdk/8.0.417/Sdks/Microsoft.NET.Sdk/targets/Microsoft.NET.Sdk.DefaultItems.targets (36,5)
       Property reassignment: $(ResolveAssemblyReferencesDependsOn)="
             
             
             ResolveProjectReferences;
             FindInvalidProjectReferences;
             GetFrameworkPaths;
             GetReferenceAssemblyPaths;
             PrepareForBuild;
             ResolveSDKReferences;
             ExpandSDKReferences;
           ;
             ResolvePackageDependenciesForBuild;
             _HandlePackageFileConflicts;
           ;
             ResolveTargetingPackAssets;
           " (previous value: "
             
             ResolveProjectReferences;
             FindInvalidProjectReferences;
             GetFrameworkPaths;
             GetReferenceAssemblyPaths;
             PrepareForBuild;
             ResolveSDKReferences;
             ExpandSDKReferences;
           ;
             ResolvePackageDependenciesForBuild;
             _HandlePackageFileConflicts;
           ") at /usr/share/dotnet/sdk/8.0.417/Sdks/Microsoft.NET.Sdk/targets/Microsoft.NET.Sdk.FrameworkReferenceResolution.targets (14,5)
       Property reassignment: $(_GenerateRuntimeConfigurationPropertyInputsCache)="/modernize-data/studio-data/TNT1001/APP1166/transformed-code/344/studio-workspace/TMS22/src/TourManagement.Infrastructure/obj/Debug/net8.0/TourManagement.Infrastructure.genruntimeconfig.cache" (previous value: "obj\Debug/net8.0/TourManagement.Infrastructure.genruntimeconfig.cache") at /usr/share/dotnet/sdk/8.0.417/Sdks/Microsoft.NET.Sdk/targets/Microsoft.NET.Sdk.targets (44,5)
       Property reassignment: $(_GeneratePublishDependencyFilePropertyInputsCache)="/modernize-data/studio-data/TNT1001/APP1166/transformed-code/344/studio-workspace/TMS22/src/TourManagement.Infrastructure/obj/Debug/net8.0/TourManagement.Infrastructure.genpublishdeps.cache" (previous value: "obj\Debug/net8.0/TourManagement.Infrastructure.genpublishdeps.cache") at /usr/share/dotnet/sdk/8.0.417/Sdks/Microsoft.NET.Sdk/targets/Microsoft.NET.Sdk.targets (46,5)
       Property reassignment: $(_GenerateSingleFileBundlePropertyInputsCache)="/modernize-data/studio-data/TNT1001/APP1166/transformed-code/344/studio-workspace/TMS22/src/TourManagement.Infrastructure/obj/Debug/net8.0/TourManagement.Infrastructure.genbundle.cache" (previous value: "obj\Debug/net8.0/TourManagement.Infrastructure.genbundle.cache") at /usr/share/dotnet/sdk/8.0.417/Sdks/Microsoft.NET.Sdk/targets/Microsoft.NET.Sdk.targets (48,5)
       Property reassignment: $(GenerateRuntimeConfigDevFile)="false" (previous value: "true") at /usr/share/dotnet/sdk/8.0.417/Sdks/Microsoft.NET.Sdk/targets/Microsoft.NET.Sdk.targets (81,5)
       Property 'HOME' with value '/home/studioai' expanded from the environment.
       Property reassignment: $(_DefaultUserProfileRuntimeStorePath)="/home/studioai/.dotnet/store" (previous value: "/home/studioai") at /usr/share/dotnet/sdk/8.0.417/Sdks/Microsoft.NET.Sdk/targets/Microsoft.NET.Sdk.targets (98,5)
       Property reassignment: $(AvailablePlatforms)="Any CPU,x86,x64,ARM32" (previous value: "Any CPU,x86,x64") at /usr/share/dotnet/sdk/8.0.417/Sdks/Microsoft.NET.Sdk/targets/Microsoft.NET.Sdk.targets (136,5)
       Property reassignment: $(AvailablePlatforms)="Any CPU,x86,x64,ARM32,ARM64" (previous value: "Any CPU,x86,x64,ARM32") at /usr/share/dotnet/sdk/8.0.417/Sdks/Microsoft.NET.Sdk/targets/Microsoft.NET.Sdk.targets (140,5)
       Property reassignment: $(CoreBuildDependsOn)="
             _CheckForBuildWithNoBuild;
             
             BuildOnlySettings;
             PrepareForBuild;
             PreBuildEvent;
             ResolveReferences;
             PrepareResources;
             ResolveKeySource;
             Compile;
             ExportWindowsMDFile;
             UnmanagedUnregistration;
             GenerateSerializationAssemblies;
             CreateSatelliteAssemblies;
             GenerateManifests;
             GetTargetPath;
             PrepareForRun;
             UnmanagedRegistration;
             IncrementalClean;
             PostBuildEvent
           ;
             GenerateBuildDependencyFile;
             GenerateBuildRuntimeConfigurationFiles
           " (previous value: "
             BuildOnlySettings;
             PrepareForBuild;
             PreBuildEvent;
             ResolveReferences;
             PrepareResources;
             ResolveKeySource;
             Compile;
             ExportWindowsMDFile;
             UnmanagedUnregistration;
             GenerateSerializationAssemblies;
             CreateSatelliteAssemblies;
             GenerateManifests;
             GetTargetPath;
             PrepareForRun;
             UnmanagedRegistration;
             IncrementalClean;
             PostBuildEvent
           ") at /usr/share/dotnet/sdk/8.0.417/Sdks/Microsoft.NET.Sdk/targets/Microsoft.NET.Sdk.targets (197,5)
       Property reassignment: $(CoreCleanDependsOn)="
             _SdkBeforeClean;
             
           " (previous value: "") at /usr/share/dotnet/sdk/8.0.417/Sdks/Microsoft.NET.Sdk/targets/Microsoft.NET.Sdk.targets (206,5)
       Property reassignment: $(RebuildDependsOn)="
             _SdkBeforeRebuild;
             
             BeforeRebuild;
             Clean;
             Build;
             AfterRebuild;
           
           " (previous value: "
             BeforeRebuild;
             Clean;
             Build;
             AfterRebuild;
           ") at /usr/share/dotnet/sdk/8.0.417/Sdks/Microsoft.NET.Sdk/targets/Microsoft.NET.Sdk.targets (213,5)
       Property reassignment: $(CompileDependsOn)="
             
             ResolveReferences;
             ResolveKeySource;
             SetWin32ManifestProperties;
             _SetPreferNativeArm64Win32ManifestProperties;
             FindReferenceAssembliesForReferences;
             _GenerateCompileInputs;
             BeforeCompile;
             _TimeStampBeforeCompile;
             _GenerateCompileDependencyCache;
             CoreCompile;
             _TimeStampAfterCompile;
             AfterCompile;
           ;
             _CreateAppHost;
             _CreateComHost;
             _GetIjwHostPaths;
           " (previous value: "
             ResolveReferences;
             ResolveKeySource;
             SetWin32ManifestProperties;
             _SetPreferNativeArm64Win32ManifestProperties;
             FindReferenceAssembliesForReferences;
             _GenerateCompileInputs;
             BeforeCompile;
             _TimeStampBeforeCompile;
             _GenerateCompileDependencyCache;
             CoreCompile;
             _TimeStampAfterCompile;
             AfterCompile;
           ") at /usr/share/dotnet/sdk/8.0.417/Sdks/Microsoft.NET.Sdk/targets/Microsoft.NET.Sdk.targets (679,5)
       Property reassignment: $(CreateSatelliteAssembliesDependsOn)="
             
             ;
             _GenerateSatelliteAssemblyInputs;
             ComputeIntermediateSatelliteAssemblies;
             GenerateSatelliteAssemblies
           ;
             CoreGenerateSatelliteAssemblies
           " (previous value: "
             ;
             _GenerateSatelliteAssemblyInputs;
             ComputeIntermediateSatelliteAssemblies;
             GenerateSatelliteAssemblies
           ") at /usr/share/dotnet/sdk/8.0.417/Sdks/Microsoft.NET.Sdk/targets/Microsoft.NET.Sdk.targets (1065,5)
       Property reassignment: $(ProjectAssetsFile)="/modernize-data/studio-data/TNT1001/APP1166/transformed-code/344/studio-workspace/TMS22/src/TourManagement.Web/obj/project.assets.json" (previous value: "/modernize-data/studio-data/TNT1001/APP1166/transformed-code/344/studio-workspace/TMS22/src/TourManagement.Web/obj//project.assets.json") at /usr/share/dotnet/sdk/8.0.417/Sdks/Microsoft.NET.Sdk/targets/Microsoft.PackageDependencyResolution.targets (24,5)
       Property reassignment: $(ProjectAssetsCacheFile)="/modernize-data/studio-data/TNT1001/APP1166/transformed-code/344/studio-workspace/TMS22/src/TourManagement.Web/obj/Debug/net8.0/TourManagement.Web.assets.cache" (previous value: "obj\Debug/net8.0/TourManagement.Web.assets.cache") at /usr/share/dotnet/sdk/8.0.417/Sdks/Microsoft.NET.Sdk/targets/Microsoft.PackageDependencyResolution.targets (29,5)
       Property reassignment: $(ResolveAssemblyReferencesDependsOn)="
             
             ResolveProjectReferences;
             FindInvalidProjectReferences;
             GetFrameworkPaths;
             GetReferenceAssemblyPaths;
             PrepareForBuild;
             ResolveSDKReferences;
             ExpandSDKReferences;
           ;
             ResolvePackageDependenciesForBuild;
             _HandlePackageFileConflicts;
           " (previous value: "
             ResolveProjectReferences;
             FindInvalidProjectReferences;
             GetFrameworkPaths;
             GetReferenceAssemblyPaths;
             PrepareForBuild;
             ResolveSDKReferences;
             ExpandSDKReferences;
           ") at /usr/share/dotnet/sdk/8.0.417/Sdks/Microsoft.NET.Sdk/targets/Microsoft.PackageDependencyResolution.targets (80,5)
       Property reassignment: $(PrepareResourcesDependsOn)="
             ResolvePackageDependenciesForBuild;
             _HandlePackageFileConflicts;
             
             ;
             PrepareResourceNames;
             ResGen;
             CompileLicxFiles
           
           " (previous value: "
             ;
             PrepareResourceNames;
             ResGen;
             CompileLicxFiles
           ") at /usr/share/dotnet/sdk/8.0.417/Sdks/Microsoft.NET.Sdk/targets/Microsoft.PackageDependencyResolution.targets (86,5)
       Property reassignment: $(TargetPlatformVersion)="" (previous value: "0.0") at /usr/share/dotnet/sdk/8.0.417/Sdks/Microsoft.NET.Sdk/targets/Microsoft.NET.TargetFrameworkInference.targets (69,5)
       Property reassignment: $(DefaultItemExcludes)=";**\node_modules\**;node_modules\**;**\jspm_packages\**;jspm_packages\**;**\bower_components\**;bower_components\**;bin\Debug//**;obj\Debug//**;bin\/**" (previous value: ";**\node_modules\**;node_modules\**;**\jspm_packages\**;jspm_packages\**;**\bower_components\**;bower_components\**;bin\Debug//**;obj\Debug//**") at /usr/share/dotnet/sdk/8.0.417/Sdks/Microsoft.NET.Sdk/targets/Microsoft.NET.Sdk.DefaultItems.targets (27,5)
       Property reassignment: $(DefaultItemExcludes)=";**\node_modules\**;node_modules\**;**\jspm_packages\**;jspm_packages\**;**\bower_components\**;bower_components\**;bin\Debug//**;obj\Debug//**;bin\/**;obj\/**" (previous value: ";**\node_modules\**;node_modules\**;**\jspm_packages\**;jspm_packages\**;**\bower_components\**;bower_components\**;bin\Debug//**;obj\Debug//**;bin\/**") at /usr/share/dotnet/sdk/8.0.417/Sdks/Microsoft.NET.Sdk/targets/Microsoft.NET.Sdk.DefaultItems.targets (29,5)
       Property 'LANGUAGE' with value 'en_US:en' expanded from the environment.
       Property reassignment: $(DefaultItemExcludes)=";**\node_modules\**;node_modules\**;**\jspm_packages\**;jspm_packages\**;**\bower_components\**;bower_components\**;bin\Debug//**;obj\Debug//**;bin\/**;obj\/**;**/*.user" (previous value: ";**\node_modules\**;node_modules\**;**\jspm_packages\**;jspm_packages\**;**\bower_components\**;bower_components\**;bin\Debug//**;obj\Debug//**;bin\/**;obj\/**") at /usr/share/dotnet/sdk/8.0.417/Sdks/Microsoft.NET.Sdk/targets/Microsoft.NET.Sdk.DefaultItems.targets (32,5)
       Property reassignment: $(DefaultItemExcludes)=";**\node_modules\**;node_modules\**;**\jspm_packages\**;jspm_packages\**;**\bower_components\**;bower_components\**;bin\Debug//**;obj\Debug//**;bin\/**;obj\/**;**/*.user;**/*.*proj" (previous value: ";**\node_modules\**;node_modules\**;**\jspm_packages\**;jspm_packages\**;**\bower_components\**;bower_components\**;bin\Debug//**;obj\Debug//**;bin\/**;obj\/**;**/*.user") at /usr/share/dotnet/sdk/8.0.417/Sdks/Microsoft.NET.Sdk/targets/Microsoft.NET.Sdk.DefaultItems.targets (33,5)
       Property reassignment: $(DefaultItemExcludes)=";**\node_modules\**;node_modules\**;**\jspm_packages\**;jspm_packages\**;**\bower_components\**;bower_components\**;bin\Debug//**;obj\Debug//**;bin\/**;obj\/**;**/*.user;**/*.*proj;**/*.sln" (previous value: ";**\node_modules\**;node_modules\**;**\jspm_packages\**;jspm_packages\**;**\bower_components\**;bower_components\**;bin\Debug//**;obj\Debug//**;bin\/**;obj\/**;**/*.user;**/*.*proj") at /usr/share/dotnet/sdk/8.0.417/Sdks/Microsoft.NET.Sdk/targets/Microsoft.NET.Sdk.DefaultItems.targets (34,5)
       Property reassignment: $(DefaultItemExcludes)=";**\node_modules\**;node_modules\**;**\jspm_packages\**;jspm_packages\**;**\bower_components\**;bower_components\**;bin\Debug//**;obj\Debug//**;bin\/**;obj\/**;**/*.user;**/*.*proj;**/*.sln;**/*.vssscc" (previous value: ";**\node_modules\**;node_modules\**;**\jspm_packages\**;jspm_packages\**;**\bower_components\**;bower_components\**;bin\Debug//**;obj\Debug//**;bin\/**;obj\/**;**/*.user;**/*.*proj;**/*.sln") at /usr/share/dotnet/sdk/8.0.417/Sdks/Microsoft.NET.Sdk/targets/Microsoft.NET.Sdk.DefaultItems.targets (35,5)
       Property reassignment: $(DefaultItemExcludes)=";**\node_modules\**;node_modules\**;**\jspm_packages\**;jspm_packages\**;**\bower_components\**;bower_components\**;bin\Debug//**;obj\Debug//**;bin\/**;obj\/**;**/*.user;**/*.*proj;**/*.sln;**/*.vssscc;**/.DS_Store" (previous value: ";**\node_modules\**;node_modules\**;**\jspm_packages\**;jspm_packages\**;**\bower_components\**;bower_components\**;bin\Debug//**;obj\Debug//**;bin\/**;obj\/**;**/*.user;**/*.*proj;**/*.sln;**/*.vssscc") at /usr/share/dotnet/sdk/8.0.417/Sdks/Microsoft.NET.Sdk/targets/Microsoft.NET.Sdk.DefaultItems.targets (36,5)
       Property reassignment: $(SourceLinkUrlInitializerTargets)=";_InitializeGitHubSourceLinkUrl;_InitializeGitLabSourceLinkUrl" (previous value: ";_InitializeGitHubSourceLinkUrl") at /usr/share/dotnet/sdk/8.0.417/Sdks/Microsoft.SourceLink.GitLab/build/Microsoft.SourceLink.GitLab.targets (12,5)
       Property reassignment: $(SourceControlManagerUrlTranslationTargets)=";TranslateGitHubUrlsInSourceControlInformation;TranslateGitLabUrlsInSourceControlInformation" (previous value: ";TranslateGitHubUrlsInSourceControlInformation") at /usr/share/dotnet/sdk/8.0.417/Sdks/Microsoft.SourceLink.GitLab/build/Microsoft.SourceLink.GitLab.targets (13,5)
       Property reassignment: $(ResolveAssemblyReferencesDependsOn)="
             
             
             ResolveProjectReferences;
             FindInvalidProjectReferences;
             GetFrameworkPaths;
             GetReferenceAssemblyPaths;
             PrepareForBuild;
             ResolveSDKReferences;
             ExpandSDKReferences;
           ;
             ResolvePackageDependenciesForBuild;
             _HandlePackageFileConflicts;
           ;
             ResolveTargetingPackAssets;
           " (previous value: "
             
             ResolveProjectReferences;
             FindInvalidProjectReferences;
             GetFrameworkPaths;
             GetReferenceAssemblyPaths;
             PrepareForBuild;
             ResolveSDKReferences;
             ExpandSDKReferences;
           ;
             ResolvePackageDependenciesForBuild;
             _HandlePackageFileConflicts;
           ") at /usr/share/dotnet/sdk/8.0.417/Sdks/Microsoft.NET.Sdk/targets/Microsoft.NET.Sdk.FrameworkReferenceResolution.targets (14,5)
       Property reassignment: $(SourceLinkUrlInitializerTargets)=";_InitializeGitHubSourceLinkUrl;_InitializeGitLabSourceLinkUrl;_InitializeAzureReposGitSourceLinkUrl" (previous value: ";_InitializeGitHubSourceLinkUrl;_InitializeGitLabSourceLinkUrl") at /usr/share/dotnet/sdk/8.0.417/Sdks/Microsoft.SourceLink.AzureRepos.Git/build/Microsoft.SourceLink.AzureRepos.Git.targets (12,5)
       Property reassignment: $(SourceControlManagerUrlTranslationTargets)=";TranslateGitHubUrlsInSourceControlInformation;TranslateGitLabUrlsInSourceControlInformation;TranslateAzureReposGitUrlsInSourceControlInformation" (previous value: ";TranslateGitHubUrlsInSourceControlInformation;TranslateGitLabUrlsInSourceControlInformation") at /usr/share/dotnet/sdk/8.0.417/Sdks/Microsoft.SourceLink.AzureRepos.Git/build/Microsoft.SourceLink.AzureRepos.Git.targets (13,5)
       Property reassignment: $(_GenerateRuntimeConfigurationPropertyInputsCache)="/modernize-data/studio-data/TNT1001/APP1166/transformed-code/344/studio-workspace/TMS22/src/TourManagement.Web/obj/Debug/net8.0/TourManagement.Web.genruntimeconfig.cache" (previous value: "obj\Debug/net8.0/TourManagement.Web.genruntimeconfig.cache") at /usr/share/dotnet/sdk/8.0.417/Sdks/Microsoft.NET.Sdk/targets/Microsoft.NET.Sdk.targets (44,5)
       Property reassignment: $(SourceLinkUrlInitializerTargets)=";_InitializeGitHubSourceLinkUrl;_InitializeGitLabSourceLinkUrl;_InitializeAzureReposGitSourceLinkUrl;_InitializeBitbucketGitSourceLinkUrl" (previous value: ";_InitializeGitHubSourceLinkUrl;_InitializeGitLabSourceLinkUrl;_InitializeAzureReposGitSourceLinkUrl") at /usr/share/dotnet/sdk/8.0.417/Sdks/Microsoft.SourceLink.Bitbucket.Git/build/Microsoft.SourceLink.Bitbucket.Git.targets (12,5)
       Property reassignment: $(SourceControlManagerUrlTranslationTargets)=";TranslateGitHubUrlsInSourceControlInformation;TranslateGitLabUrlsInSourceControlInformation;TranslateAzureReposGitUrlsInSourceControlInformation;TranslateBitbucketGitUrlsInSourceControlInformation" (previous value: ";TranslateGitHubUrlsInSourceControlInformation;TranslateGitLabUrlsInSourceControlInformation;TranslateAzureReposGitUrlsInSourceControlInformation") at /usr/share/dotnet/sdk/8.0.417/Sdks/Microsoft.SourceLink.Bitbucket.Git/build/Microsoft.SourceLink.Bitbucket.Git.targets (13,5)
       Property reassignment: $(_GeneratePublishDependencyFilePropertyInputsCache)="/modernize-data/studio-data/TNT1001/APP1166/transformed-code/344/studio-workspace/TMS22/src/TourManagement.Web/obj/Debug/net8.0/TourManagement.Web.genpublishdeps.cache" (previous value: "obj\Debug/net8.0/TourManagement.Web.genpublishdeps.cache") at /usr/share/dotnet/sdk/8.0.417/Sdks/Microsoft.NET.Sdk/targets/Microsoft.NET.Sdk.targets (46,5)
       Property reassignment: $(_GenerateSingleFileBundlePropertyInputsCache)="/modernize-data/studio-data/TNT1001/APP1166/transformed-code/344/studio-workspace/TMS22/src/TourManagement.Web/obj/Debug/net8.0/TourManagement.Web.genbundle.cache" (previous value: "obj\Debug/net8.0/TourManagement.Web.genbundle.cache") at /usr/share/dotnet/sdk/8.0.417/Sdks/Microsoft.NET.Sdk/targets/Microsoft.NET.Sdk.targets (48,5)
       Property reassignment: $(DesignerRuntimeImplementationProjectOutputGroupDependsOn)="
             
             ;
             
             ;
             BuildOnlySettings;
             PrepareForBuild;
             AssignTargetPaths;
             ResolveReferences
           
           ;
             _GenerateDesignerDepsFile;
             _GenerateDesignerRuntimeConfigFile;
             GetCopyToOutputDirectoryItems;
             _GatherDesignerShadowCopyFiles;
           " (previous value: "
             ;
             
             ;
             BuildOnlySettings;
             PrepareForBuild;
             AssignTargetPaths;
             ResolveReferences
           
           ") at /usr/share/dotnet/sdk/8.0.417/Sdks/Microsoft.NET.Sdk/targets/Microsoft.NET.DesignerSupport.targets (21,5)
       Property reassignment: $(GenerateRuntimeConfigDevFile)="false" (previous value: "true") at /usr/share/dotnet/sdk/8.0.417/Sdks/Microsoft.NET.Sdk/targets/Microsoft.NET.Sdk.targets (81,5)
       Property reassignment: $(DefaultItemExcludes)=";bin\Debug//**;obj\Debug//**" (previous value: ";bin\Debug//**") at /usr/share/dotnet/sdk/8.0.417/Sdks/Microsoft.NET.Sdk/targets/Microsoft.NET.DefaultOutputPaths.targets (122,5)
       Property 'HOME' with value '/home/studioai' expanded from the environment.
       Property reassignment: $(OutputPath)="bin\Debug/net8.0/" (previous value: "bin\Debug/") at /usr/share/dotnet/sdk/8.0.417/Sdks/Microsoft.NET.Sdk/targets/Microsoft.NET.DefaultOutputPaths.targets (137,5)
       Property reassignment: $(IntermediateOutputPath)="obj\Debug/net8.0/" (previous value: "obj\Debug/") at /usr/share/dotnet/sdk/8.0.417/Sdks/Microsoft.NET.Sdk/targets/Microsoft.NET.DefaultOutputPaths.targets (142,5)
       Property reassignment: $(_DefaultUserProfileRuntimeStorePath)="/home/studioai/.dotnet/store" (previous value: "/home/studioai") at /usr/share/dotnet/sdk/8.0.417/Sdks/Microsoft.NET.Sdk/targets/Microsoft.NET.Sdk.targets (98,5)
       Property reassignment: $(AvailablePlatforms)="Any CPU,x86,x64,ARM32" (previous value: "Any CPU,x86,x64") at /usr/share/dotnet/sdk/8.0.417/Sdks/Microsoft.NET.Sdk/targets/Microsoft.NET.Sdk.targets (136,5)
       Property reassignment: $(AvailablePlatforms)="Any CPU,x86,x64,ARM32,ARM64" (previous value: "Any CPU,x86,x64,ARM32") at /usr/share/dotnet/sdk/8.0.417/Sdks/Microsoft.NET.Sdk/targets/Microsoft.NET.Sdk.targets (140,5)
       Property reassignment: $(CoreBuildDependsOn)="
             _CheckForBuildWithNoBuild;
             
             BuildOnlySettings;
             PrepareForBuild;
             PreBuildEvent;
             ResolveReferences;
             PrepareResources;
             ResolveKeySource;
             Compile;
             ExportWindowsMDFile;
             UnmanagedUnregistration;
             GenerateSerializationAssemblies;
             CreateSatelliteAssemblies;
             GenerateManifests;
             GetTargetPath;
             PrepareForRun;
             UnmanagedRegistration;
             IncrementalClean;
             PostBuildEvent
           ;
             GenerateBuildDependencyFile;
             GenerateBuildRuntimeConfigurationFiles
           " (previous value: "
             BuildOnlySettings;
             PrepareForBuild;
             PreBuildEvent;
             ResolveReferences;
             PrepareResources;
             ResolveKeySource;
             Compile;
             ExportWindowsMDFile;
             UnmanagedUnregistration;
             GenerateSerializationAssemblies;
             CreateSatelliteAssemblies;
             GenerateManifests;
             GetTargetPath;
             PrepareForRun;
             UnmanagedRegistration;
             IncrementalClean;
             PostBuildEvent
           ") at /usr/share/dotnet/sdk/8.0.417/Sdks/Microsoft.NET.Sdk/targets/Microsoft.NET.Sdk.targets (197,5)
       Property reassignment: $(CoreCleanDependsOn)="
             _SdkBeforeClean;
             
           " (previous value: "") at /usr/share/dotnet/sdk/8.0.417/Sdks/Microsoft.NET.Sdk/targets/Microsoft.NET.Sdk.targets (206,5)
       Property reassignment: $(RebuildDependsOn)="
             _SdkBeforeRebuild;
             
             BeforeRebuild;
             Clean;
             Build;
             AfterRebuild;
           
           " (previous value: "
             BeforeRebuild;
             Clean;
             Build;
             AfterRebuild;
           ") at /usr/share/dotnet/sdk/8.0.417/Sdks/Microsoft.NET.Sdk/targets/Microsoft.NET.Sdk.targets (213,5)
       Property reassignment: $(CompileDependsOn)="
             
             ResolveReferences;
             ResolveKeySource;
             SetWin32ManifestProperties;
             _SetPreferNativeArm64Win32ManifestProperties;
             FindReferenceAssembliesForReferences;
             _GenerateCompileInputs;
             BeforeCompile;
             _TimeStampBeforeCompile;
             _GenerateCompileDependencyCache;
             CoreCompile;
             _TimeStampAfterCompile;
             AfterCompile;
           ;
             _CreateAppHost;
             _CreateComHost;
             _GetIjwHostPaths;
           " (previous value: "
             ResolveReferences;
             ResolveKeySource;
             SetWin32ManifestProperties;
             _SetPreferNativeArm64Win32ManifestProperties;
             FindReferenceAssembliesForReferences;
             _GenerateCompileInputs;
             BeforeCompile;
             _TimeStampBeforeCompile;
             _GenerateCompileDependencyCache;
             CoreCompile;
             _TimeStampAfterCompile;
             AfterCompile;
           ") at /usr/share/dotnet/sdk/8.0.417/Sdks/Microsoft.NET.Sdk/targets/Microsoft.NET.Sdk.targets (679,5)
       Property reassignment: $(CreateSatelliteAssembliesDependsOn)="
             
             ;
             _GenerateSatelliteAssemblyInputs;
             ComputeIntermediateSatelliteAssemblies;
             GenerateSatelliteAssemblies
           ;
             CoreGenerateSatelliteAssemblies
           " (previous value: "
             ;
             _GenerateSatelliteAssemblyInputs;
             ComputeIntermediateSatelliteAssemblies;
             GenerateSatelliteAssemblies
           ") at /usr/share/dotnet/sdk/8.0.417/Sdks/Microsoft.NET.Sdk/targets/Microsoft.NET.Sdk.targets (1065,5)
       Property reassignment: $(_GenerateToolsSettingsFileCacheFile)="/modernize-data/studio-data/TNT1001/APP1166/transformed-code/344/studio-workspace/TMS22/src/TourManagement.Infrastructure/obj/Debug/net8.0/TourManagement.Infrastructure.toolssettingsinput.cache" (previous value: "obj\Debug/net8.0/TourManagement.Infrastructure.toolssettingsinput.cache") at /usr/share/dotnet/sdk/8.0.417/Sdks/Microsoft.NET.Sdk/targets/Microsoft.NET.PackTool.targets (68,5)
       Property reassignment: $(_ShimInputCacheFile)="/modernize-data/studio-data/TNT1001/APP1166/transformed-code/344/studio-workspace/TMS22/src/TourManagement.Infrastructure/obj/Debug/net8.0/TourManagement.Infrastructure.shiminput.cache" (previous value: "obj\Debug/net8.0/TourManagement.Infrastructure.shiminput.cache") at /usr/share/dotnet/sdk/8.0.417/Sdks/Microsoft.NET.Sdk/targets/Microsoft.NET.PackTool.targets (137,5)
       Property reassignment: $(_ShimCreatedSentinelFile)="/modernize-data/studio-data/TNT1001/APP1166/transformed-code/344/studio-workspace/TMS22/src/TourManagement.Infrastructure/obj/Debug/net8.0/TourManagement.Infrastructure.shimcreated.sentinel" (previous value: "obj\Debug/net8.0/TourManagement.Infrastructure.shimcreated.sentinel") at /usr/share/dotnet/sdk/8.0.417/Sdks/Microsoft.NET.Sdk/targets/Microsoft.NET.PackTool.targets (139,5)
       Property reassignment: $(SourceLinkUrlInitializerTargets)=";_InitializeGitHubSourceLinkUrl;_InitializeGitLabSourceLinkUrl" (previous value: ";_InitializeGitHubSourceLinkUrl") at /usr/share/dotnet/sdk/8.0.417/Sdks/Microsoft.SourceLink.GitLab/build/Microsoft.SourceLink.GitLab.targets (12,5)
       Property reassignment: $(SourceControlManagerUrlTranslationTargets)=";TranslateGitHubUrlsInSourceControlInformation;TranslateGitLabUrlsInSourceControlInformation" (previous value: ";TranslateGitHubUrlsInSourceControlInformation") at /usr/share/dotnet/sdk/8.0.417/Sdks/Microsoft.SourceLink.GitLab/build/Microsoft.SourceLink.GitLab.targets (13,5)
       Property reassignment: $(SourceLinkUrlInitializerTargets)=";_InitializeGitHubSourceLinkUrl;_InitializeGitLabSourceLinkUrl;_InitializeAzureReposGitSourceLinkUrl" (previous value: ";_InitializeGitHubSourceLinkUrl;_InitializeGitLabSourceLinkUrl") at /usr/share/dotnet/sdk/8.0.417/Sdks/Microsoft.SourceLink.AzureRepos.Git/build/Microsoft.SourceLink.AzureRepos.Git.targets (12,5)
       Property reassignment: $(SourceControlManagerUrlTranslationTargets)=";TranslateGitHubUrlsInSourceControlInformation;TranslateGitLabUrlsInSourceControlInformation;TranslateAzureReposGitUrlsInSourceControlInformation" (previous value: ";TranslateGitHubUrlsInSourceControlInformation;TranslateGitLabUrlsInSourceControlInformation") at /usr/share/dotnet/sdk/8.0.417/Sdks/Microsoft.SourceLink.AzureRepos.Git/build/Microsoft.SourceLink.AzureRepos.Git.targets (13,5)
       Property reassignment: $(SourceLinkUrlInitializerTargets)=";_InitializeGitHubSourceLinkUrl;_InitializeGitLabSourceLinkUrl;_InitializeAzureReposGitSourceLinkUrl;_InitializeBitbucketGitSourceLinkUrl" (previous value: ";_InitializeGitHubSourceLinkUrl;_InitializeGitLabSourceLinkUrl;_InitializeAzureReposGitSourceLinkUrl") at /usr/share/dotnet/sdk/8.0.417/Sdks/Microsoft.SourceLink.Bitbucket.Git/build/Microsoft.SourceLink.Bitbucket.Git.targets (12,5)
       Property reassignment: $(SourceControlManagerUrlTranslationTargets)=";TranslateGitHubUrlsInSourceControlInformation;TranslateGitLabUrlsInSourceControlInformation;TranslateAzureReposGitUrlsInSourceControlInformation;TranslateBitbucketGitUrlsInSourceControlInformation" (previous value: ";TranslateGitHubUrlsInSourceControlInformation;TranslateGitLabUrlsInSourceControlInformation;TranslateAzureReposGitUrlsInSourceControlInformation") at /usr/share/dotnet/sdk/8.0.417/Sdks/Microsoft.SourceLink.Bitbucket.Git/build/Microsoft.SourceLink.Bitbucket.Git.targets (13,5)
       Property reassignment: $(DefineConstants)="TRACE;DEBUG" (previous value: "TRACE") at /usr/share/dotnet/sdk/8.0.417/Sdks/Microsoft.NET.Sdk/targets/Microsoft.NET.Sdk.CSharp.targets (31,5)
       Property reassignment: $(DefineConstants)="TRACE;DEBUG;NET;NET8_0;NETCOREAPP" (previous value: "TRACE;DEBUG") at /usr/share/dotnet/sdk/8.0.417/Sdks/Microsoft.NET.Sdk/targets/Microsoft.NET.Sdk.CSharp.targets (34,5)
       Property reassignment: $(WarningsAsErrors)=";NU1605;SYSLIB0011" (previous value: ";NU1605") at /usr/share/dotnet/sdk/8.0.417/Sdks/Microsoft.NET.Sdk/targets/Microsoft.NET.Sdk.CSharp.targets (48,5)
       Property reassignment: $(DesignerRuntimeImplementationProjectOutputGroupDependsOn)="
             
             ;
             
             ;
             BuildOnlySettings;
             PrepareForBuild;
             AssignTargetPaths;
             ResolveReferences
           
           ;
             _GenerateDesignerDepsFile;
             _GenerateDesignerRuntimeConfigFile;
             GetCopyToOutputDirectoryItems;
             _GatherDesignerShadowCopyFiles;
           " (previous value: "
             ;
             
             ;
             BuildOnlySettings;
             PrepareForBuild;
             AssignTargetPaths;
             ResolveReferences
           
           ") at /usr/share/dotnet/sdk/8.0.417/Sdks/Microsoft.NET.Sdk/targets/Microsoft.NET.DesignerSupport.targets (21,5)
       Property reassignment: $(PackageDescription)="Package Description" (previous value: "") at /usr/share/dotnet/sdk/8.0.417/Sdks/NuGet.Build.Tasks.Pack/build/NuGet.Build.Tasks.Pack.targets (34,5)
       Property reassignment: $(GenerateNuspecDependsOn)="Build;_LoadPackInputItems; _GetTargetFrameworksOutput; _WalkEachTargetPerFramework; _GetPackageFiles; " (previous value: "_LoadPackInputItems; _GetTargetFrameworksOutput; _WalkEachTargetPerFramework; _GetPackageFiles; ") at /usr/share/dotnet/sdk/8.0.417/Sdks/NuGet.Build.Tasks.Pack/build/NuGet.Build.Tasks.Pack.targets (59,5)
       Property reassignment: $(_GenerateToolsSettingsFileCacheFile)="/modernize-data/studio-data/TNT1001/APP1166/transformed-code/344/studio-workspace/TMS22/src/TourManagement.Web/obj/Debug/net8.0/TourManagement.Web.toolssettingsinput.cache" (previous value: "obj\Debug/net8.0/TourManagement.Web.toolssettingsinput.cache") at /usr/share/dotnet/sdk/8.0.417/Sdks/Microsoft.NET.Sdk/targets/Microsoft.NET.PackTool.targets (68,5)
       Property reassignment: $(_IsNotSetContainersTargetsDir)="true" (previous value: "false") at /usr/share/dotnet/sdk/8.0.417/Sdks/Microsoft.NET.Sdk/Sdk/Sdk.targets (59,5)
       Property reassignment: $(_ShimInputCacheFile)="/modernize-data/studio-data/TNT1001/APP1166/transformed-code/344/studio-workspace/TMS22/src/TourManagement.Web/obj/Debug/net8.0/TourManagement.Web.shiminput.cache" (previous value: "obj\Debug/net8.0/TourManagement.Web.shiminput.cache") at /usr/share/dotnet/sdk/8.0.417/Sdks/Microsoft.NET.Sdk/targets/Microsoft.NET.PackTool.targets (137,5)
       Property reassignment: $(_ShimCreatedSentinelFile)="/modernize-data/studio-data/TNT1001/APP1166/transformed-code/344/studio-workspace/TMS22/src/TourManagement.Web/obj/Debug/net8.0/TourManagement.Web.shimcreated.sentinel" (previous value: "obj\Debug/net8.0/TourManagement.Web.shimcreated.sentinel") at /usr/share/dotnet/sdk/8.0.417/Sdks/Microsoft.NET.Sdk/targets/Microsoft.NET.PackTool.targets (139,5)
       Property reassignment: $(_IsSDKContainerAllowedVersion)="true" (previous value: "false") at /usr/share/dotnet/sdk/8.0.417/Containers/build/Microsoft.NET.Build.Containers.targets (5,5)
       Property reassignment: $(DefineConstants)="TRACE;DEBUG" (previous value: "TRACE") at /usr/share/dotnet/sdk/8.0.417/Sdks/Microsoft.NET.Sdk/targets/Microsoft.NET.Sdk.CSharp.targets (31,5)
       Property reassignment: $(DefineConstants)="TRACE;DEBUG;NET;NET8_0;NETCOREAPP" (previous value: "TRACE;DEBUG") at /usr/share/dotnet/sdk/8.0.417/Sdks/Microsoft.NET.Sdk/targets/Microsoft.NET.Sdk.CSharp.targets (34,5)
       Property reassignment: $(WarningsAsErrors)=";NU1605;SYSLIB0011" (previous value: ";NU1605") at /usr/share/dotnet/sdk/8.0.417/Sdks/Microsoft.NET.Sdk/targets/Microsoft.NET.Sdk.CSharp.targets (48,5)
       Property reassignment: $(_ContainerIsTargetingNet8TFM)="true" (previous value: "false") at /usr/share/dotnet/sdk/8.0.417/Containers/build/Microsoft.NET.Build.Containers.targets (15,5)
       Property reassignment: $(DefaultItemExcludes)=";bin\Debug//**;obj\Debug//**;bin\/**;obj\/**;**/*.user;**/*.*proj;**/*.sln" (previous value: ";bin\Debug//**;obj\Debug//**;bin\/**;obj\/**;**/*.user;**/*.*proj") at /usr/share/dotnet/sdk/8.0.417/Sdks/Microsoft.NET.Sdk/targets/Microsoft.NET.Sdk.DefaultItems.targets (34,5)
       Property reassignment: $(DefaultItemExcludes)=";bin\Debug//**;obj\Debug//**;bin\/**;obj\/**;**/*.user;**/*.*proj;**/*.sln;**/*.vssscc" (previous value: ";bin\Debug//**;obj\Debug//**;bin\/**;obj\/**;**/*.user;**/*.*proj;**/*.sln") at /usr/share/dotnet/sdk/8.0.417/Sdks/Microsoft.NET.Sdk/targets/Microsoft.NET.Sdk.DefaultItems.targets (35,5)
       Property reassignment: $(DefaultItemExcludes)=";bin\Debug//**;obj\Debug//**;bin\/**;obj\/**;**/*.user;**/*.*proj;**/*.sln;**/*.vssscc;**/.DS_Store" (previous value: ";bin\Debug//**;obj\Debug//**;bin\/**;obj\/**;**/*.user;**/*.*proj;**/*.sln;**/*.vssscc") at /usr/share/dotnet/sdk/8.0.417/Sdks/Microsoft.NET.Sdk/targets/Microsoft.NET.Sdk.DefaultItems.targets (36,5)
       Property reassignment: $(ResolveAssemblyReferencesDependsOn)="
             
             
             ResolveProjectReferences;
             FindInvalidProjectReferences;
             GetFrameworkPaths;
             GetReferenceAssemblyPaths;
             PrepareForBuild;
             ResolveSDKReferences;
             ExpandSDKReferences;
           ;
             ResolvePackageDependenciesForBuild;
             _HandlePackageFileConflicts;
           ;
             ResolveTargetingPackAssets;
           " (previous value: "
             
             ResolveProjectReferences;
             FindInvalidProjectReferences;
             GetFrameworkPaths;
             GetReferenceAssemblyPaths;
             PrepareForBuild;
             ResolveSDKReferences;
             ExpandSDKReferences;
           ;
             ResolvePackageDependenciesForBuild;
             _HandlePackageFileConflicts;
           ") at /usr/share/dotnet/sdk/8.0.417/Sdks/Microsoft.NET.Sdk/targets/Microsoft.NET.Sdk.FrameworkReferenceResolution.targets (14,5)
       Property reassignment: $(_GenerateRuntimeConfigurationPropertyInputsCache)="/modernize-data/studio-data/TNT1001/APP1166/transformed-code/344/studio-workspace/TMS22/src/TourManagement.Application/obj/Debug/net8.0/TourManagement.Application.genruntimeconfig.cache" (previous value: "obj\Debug/net8.0/TourManagement.Application.genruntimeconfig.cache") at /usr/share/dotnet/sdk/8.0.417/Sdks/Microsoft.NET.Sdk/targets/Microsoft.NET.Sdk.targets (44,5)
       Property reassignment: $(_GeneratePublishDependencyFilePropertyInputsCache)="/modernize-data/studio-data/TNT1001/APP1166/transformed-code/344/studio-workspace/TMS22/src/TourManagement.Application/obj/Debug/net8.0/TourManagement.Application.genpublishdeps.cache" (previous value: "obj\Debug/net8.0/TourManagement.Application.genpublishdeps.cache") at /usr/share/dotnet/sdk/8.0.417/Sdks/Microsoft.NET.Sdk/targets/Microsoft.NET.Sdk.targets (46,5)
       Property reassignment: $(_GenerateSingleFileBundlePropertyInputsCache)="/modernize-data/studio-data/TNT1001/APP1166/transformed-code/344/studio-workspace/TMS22/src/TourManagement.Application/obj/Debug/net8.0/TourManagement.Application.genbundle.cache" (previous value: "obj\Debug/net8.0/TourManagement.Application.genbundle.cache") at /usr/share/dotnet/sdk/8.0.417/Sdks/Microsoft.NET.Sdk/targets/Microsoft.NET.Sdk.targets (48,5)
       Property reassignment: $(GenerateRuntimeConfigDevFile)="false" (previous value: "true") at /usr/share/dotnet/sdk/8.0.417/Sdks/Microsoft.NET.Sdk/targets/Microsoft.NET.Sdk.targets (81,5)
       Property 'HOME' with value '/home/studioai' expanded from the environment.
       Property reassignment: $(_DefaultUserProfileRuntimeStorePath)="/home/studioai/.dotnet/store" (previous value: "/home/studioai") at /usr/share/dotnet/sdk/8.0.417/Sdks/Microsoft.NET.Sdk/targets/Microsoft.NET.Sdk.targets (98,5)
       Property reassignment: $(AvailablePlatforms)="Any CPU,x86,x64,ARM32" (previous value: "Any CPU,x86,x64") at /usr/share/dotnet/sdk/8.0.417/Sdks/Microsoft.NET.Sdk/targets/Microsoft.NET.Sdk.targets (136,5)
       Property reassignment: $(AvailablePlatforms)="Any CPU,x86,x64,ARM32,ARM64" (previous value: "Any CPU,x86,x64,ARM32") at /usr/share/dotnet/sdk/8.0.417/Sdks/Microsoft.NET.Sdk/targets/Microsoft.NET.Sdk.targets (140,5)
       Property reassignment: $(CoreBuildDependsOn)="
             _CheckForBuildWithNoBuild;
             
             BuildOnlySettings;
             PrepareForBuild;
             PreBuildEvent;
             ResolveReferences;
             PrepareResources;
             ResolveKeySource;
             Compile;
             ExportWindowsMDFile;
             UnmanagedUnregistration;
             GenerateSerializationAssemblies;
             CreateSatelliteAssemblies;
             GenerateManifests;
             GetTargetPath;
             PrepareForRun;
             UnmanagedRegistration;
             IncrementalClean;
             PostBuildEvent
           ;
             GenerateBuildDependencyFile;
             GenerateBuildRuntimeConfigurationFiles
           " (previous value: "
             BuildOnlySettings;
             PrepareForBuild;
             PreBuildEvent;
             ResolveReferences;
             PrepareResources;
             ResolveKeySource;
             Compile;
             ExportWindowsMDFile;
             UnmanagedUnregistration;
             GenerateSerializationAssemblies;
             CreateSatelliteAssemblies;
             GenerateManifests;
             GetTargetPath;
             PrepareForRun;
             UnmanagedRegistration;
             IncrementalClean;
             PostBuildEvent
           ") at /usr/share/dotnet/sdk/8.0.417/Sdks/Microsoft.NET.Sdk/targets/Microsoft.NET.Sdk.targets (197,5)
       Property reassignment: $(CoreCleanDependsOn)="
             _SdkBeforeClean;
             
           " (previous value: "") at /usr/share/dotnet/sdk/8.0.417/Sdks/Microsoft.NET.Sdk/targets/Microsoft.NET.Sdk.targets (206,5)
       Property reassignment: $(RebuildDependsOn)="
             _SdkBeforeRebuild;
             
             BeforeRebuild;
             Clean;
             Build;
             AfterRebuild;
           
           " (previous value: "
             BeforeRebuild;
             Clean;
             Build;
             AfterRebuild;
           ") at /usr/share/dotnet/sdk/8.0.417/Sdks/Microsoft.NET.Sdk/targets/Microsoft.NET.Sdk.targets (213,5)
       Property reassignment: $(CompileDependsOn)="
             
             ResolveReferences;
             ResolveKeySource;
             SetWin32ManifestProperties;
             _SetPreferNativeArm64Win32ManifestProperties;
             FindReferenceAssembliesForReferences;
             _GenerateCompileInputs;
             BeforeCompile;
             _TimeStampBeforeCompile;
             _GenerateCompileDependencyCache;
             CoreCompile;
             _TimeStampAfterCompile;
             AfterCompile;
           ;
             _CreateAppHost;
             _CreateComHost;
             _GetIjwHostPaths;
           " (previous value: "
             ResolveReferences;
             ResolveKeySource;
             SetWin32ManifestProperties;
             _SetPreferNativeArm64Win32ManifestProperties;
             FindReferenceAssembliesForReferences;
             _GenerateCompileInputs;
             BeforeCompile;
             _TimeStampBeforeCompile;
             _GenerateCompileDependencyCache;
             CoreCompile;
             _TimeStampAfterCompile;
             AfterCompile;
           ") at /usr/share/dotnet/sdk/8.0.417/Sdks/Microsoft.NET.Sdk/targets/Microsoft.NET.Sdk.targets (679,5)
       Property reassignment: $(CreateSatelliteAssembliesDependsOn)="
             
             ;
             _GenerateSatelliteAssemblyInputs;
             ComputeIntermediateSatelliteAssemblies;
             GenerateSatelliteAssemblies
           ;
             CoreGenerateSatelliteAssemblies
           " (previous value: "
             ;
             _GenerateSatelliteAssemblyInputs;
             ComputeIntermediateSatelliteAssemblies;
             GenerateSatelliteAssemblies
           ") at /usr/share/dotnet/sdk/8.0.417/Sdks/Microsoft.NET.Sdk/targets/Microsoft.NET.Sdk.targets (1065,5)
       Property reassignment: $(SourceLinkUrlInitializerTargets)=";_InitializeGitHubSourceLinkUrl;_InitializeGitLabSourceLinkUrl" (previous value: ";_InitializeGitHubSourceLinkUrl") at /usr/share/dotnet/sdk/8.0.417/Sdks/Microsoft.SourceLink.GitLab/build/Microsoft.SourceLink.GitLab.targets (12,5)
       Property reassignment: $(SourceControlManagerUrlTranslationTargets)=";TranslateGitHubUrlsInSourceControlInformation;TranslateGitLabUrlsInSourceControlInformation" (previous value: ";TranslateGitHubUrlsInSourceControlInformation") at /usr/share/dotnet/sdk/8.0.417/Sdks/Microsoft.SourceLink.GitLab/build/Microsoft.SourceLink.GitLab.targets (13,5)
       Property reassignment: $(PackageDescription)="Package Description" (previous value: "") at /usr/share/dotnet/sdk/8.0.417/Sdks/NuGet.Build.Tasks.Pack/build/NuGet.Build.Tasks.Pack.targets (34,5)
       Property reassignment: $(SourceLinkUrlInitializerTargets)=";_InitializeGitHubSourceLinkUrl;_InitializeGitLabSourceLinkUrl;_InitializeAzureReposGitSourceLinkUrl" (previous value: ";_InitializeGitHubSourceLinkUrl;_InitializeGitLabSourceLinkUrl") at /usr/share/dotnet/sdk/8.0.417/Sdks/Microsoft.SourceLink.AzureRepos.Git/build/Microsoft.SourceLink.AzureRepos.Git.targets (12,5)
       Property reassignment: $(GenerateNuspecDependsOn)="Build;_LoadPackInputItems; _GetTargetFrameworksOutput; _WalkEachTargetPerFramework; _GetPackageFiles; " (previous value: "_LoadPackInputItems; _GetTargetFrameworksOutput; _WalkEachTargetPerFramework; _GetPackageFiles; ") at /usr/share/dotnet/sdk/8.0.417/Sdks/NuGet.Build.Tasks.Pack/build/NuGet.Build.Tasks.Pack.targets (59,5)
       Property reassignment: $(SourceControlManagerUrlTranslationTargets)=";TranslateGitHubUrlsInSourceControlInformation;TranslateGitLabUrlsInSourceControlInformation;TranslateAzureReposGitUrlsInSourceControlInformation" (previous value: ";TranslateGitHubUrlsInSourceControlInformation;TranslateGitLabUrlsInSourceControlInformation") at /usr/share/dotnet/sdk/8.0.417/Sdks/Microsoft.SourceLink.AzureRepos.Git/build/Microsoft.SourceLink.AzureRepos.Git.targets (13,5)
       Property reassignment: $(SourceLinkUrlInitializerTargets)=";_InitializeGitHubSourceLinkUrl;_InitializeGitLabSourceLinkUrl;_InitializeAzureReposGitSourceLinkUrl;_InitializeBitbucketGitSourceLinkUrl" (previous value: ";_InitializeGitHubSourceLinkUrl;_InitializeGitLabSourceLinkUrl;_InitializeAzureReposGitSourceLinkUrl") at /usr/share/dotnet/sdk/8.0.417/Sdks/Microsoft.SourceLink.Bitbucket.Git/build/Microsoft.SourceLink.Bitbucket.Git.targets (12,5)
       Property reassignment: $(SourceControlManagerUrlTranslationTargets)=";TranslateGitHubUrlsInSourceControlInformation;TranslateGitLabUrlsInSourceControlInformation;TranslateAzureReposGitUrlsInSourceControlInformation;TranslateBitbucketGitUrlsInSourceControlInformation" (previous value: ";TranslateGitHubUrlsInSourceControlInformation;TranslateGitLabUrlsInSourceControlInformation;TranslateAzureReposGitUrlsInSourceControlInformation") at /usr/share/dotnet/sdk/8.0.417/Sdks/Microsoft.SourceLink.Bitbucket.Git/build/Microsoft.SourceLink.Bitbucket.Git.targets (13,5)
       Property reassignment: $(DesignerRuntimeImplementationProjectOutputGroupDependsOn)="
             
             ;
             
             ;
             BuildOnlySettings;
             PrepareForBuild;
             AssignTargetPaths;
             ResolveReferences
           
           ;
             _GenerateDesignerDepsFile;
             _GenerateDesignerRuntimeConfigFile;
             GetCopyToOutputDirectoryItems;
             _GatherDesignerShadowCopyFiles;
           " (previous value: "
             ;
             
             ;
             BuildOnlySettings;
             PrepareForBuild;
             AssignTargetPaths;
             ResolveReferences
           
           ") at /usr/share/dotnet/sdk/8.0.417/Sdks/Microsoft.NET.Sdk/targets/Microsoft.NET.DesignerSupport.targets (21,5)
       Property reassignment: $(_GenerateToolsSettingsFileCacheFile)="/modernize-data/studio-data/TNT1001/APP1166/transformed-code/344/studio-workspace/TMS22/src/TourManagement.Application/obj/Debug/net8.0/TourManagement.Application.toolssettingsinput.cache" (previous value: "obj\Debug/net8.0/TourManagement.Application.toolssettingsinput.cache") at /usr/share/dotnet/sdk/8.0.417/Sdks/Microsoft.NET.Sdk/targets/Microsoft.NET.PackTool.targets (68,5)
       Property reassignment: $(_ShimInputCacheFile)="/modernize-data/studio-data/TNT1001/APP1166/transformed-code/344/studio-workspace/TMS22/src/TourManagement.Application/obj/Debug/net8.0/TourManagement.Application.shiminput.cache" (previous value: "obj\Debug/net8.0/TourManagement.Application.shiminput.cache") at /usr/share/dotnet/sdk/8.0.417/Sdks/Microsoft.NET.Sdk/targets/Microsoft.NET.PackTool.targets (137,5)
       Property reassignment: $(_ShimCreatedSentinelFile)="/modernize-data/studio-data/TNT1001/APP1166/transformed-code/344/studio-workspace/TMS22/src/TourManagement.Application/obj/Debug/net8.0/TourManagement.Application.shimcreated.sentinel" (previous value: "obj\Debug/net8.0/TourManagement.Application.shimcreated.sentinel") at /usr/share/dotnet/sdk/8.0.417/Sdks/Microsoft.NET.Sdk/targets/Microsoft.NET.PackTool.targets (139,5)
       Property reassignment: $(DefineConstants)="TRACE;DEBUG" (previous value: "TRACE") at /usr/share/dotnet/sdk/8.0.417/Sdks/Microsoft.NET.Sdk/targets/Microsoft.NET.Sdk.CSharp.targets (31,5)
       Property reassignment: $(_IsNotSetContainersTargetsDir)="true" (previous value: "false") at /usr/share/dotnet/sdk/8.0.417/Sdks/Microsoft.NET.Sdk/Sdk/Sdk.targets (59,5)
       Property reassignment: $(DefineConstants)="TRACE;DEBUG;NET;NET8_0;NETCOREAPP" (previous value: "TRACE;DEBUG") at /usr/share/dotnet/sdk/8.0.417/Sdks/Microsoft.NET.Sdk/targets/Microsoft.NET.Sdk.CSharp.targets (34,5)
       Property reassignment: $(WarningsAsErrors)=";NU1605;SYSLIB0011" (previous value: ";NU1605") at /usr/share/dotnet/sdk/8.0.417/Sdks/Microsoft.NET.Sdk/targets/Microsoft.NET.Sdk.CSharp.targets (48,5)
       Property reassignment: $(PackageDescription)="Package Description" (previous value: "") at /usr/share/dotnet/sdk/8.0.417/Sdks/NuGet.Build.Tasks.Pack/build/NuGet.Build.Tasks.Pack.targets (34,5)
       Property reassignment: $(GenerateNuspecDependsOn)="Build;_LoadPackInputItems; _GetTargetFrameworksOutput; _WalkEachTargetPerFramework; _GetPackageFiles; " (previous value: "_LoadPackInputItems; _GetTargetFrameworksOutput; _WalkEachTargetPerFramework; _GetPackageFiles; ") at /usr/share/dotnet/sdk/8.0.417/Sdks/NuGet.Build.Tasks.Pack/build/NuGet.Build.Tasks.Pack.targets (59,5)
       Property reassignment: $(_IsNotSetContainersTargetsDir)="true" (previous value: "false") at /usr/share/dotnet/sdk/8.0.417/Sdks/Microsoft.NET.Sdk/Sdk/Sdk.targets (59,5)
       Property reassignment: $(_IsSDKContainerAllowedVersion)="true" (previous value: "false") at /usr/share/dotnet/sdk/8.0.417/Containers/build/Microsoft.NET.Build.Containers.targets (5,5)
       Property reassignment: $(_ContainerIsTargetingNet8TFM)="true" (previous value: "false") at /usr/share/dotnet/sdk/8.0.417/Containers/build/Microsoft.NET.Build.Containers.targets (15,5)
       Property reassignment: $(_IsSDKContainerAllowedVersion)="true" (previous value: "false") at /usr/share/dotnet/sdk/8.0.417/Containers/build/Microsoft.NET.Build.Containers.targets (5,5)
       Property reassignment: $(_ContainerIsTargetingNet8TFM)="true" (previous value: "false") at /usr/share/dotnet/sdk/8.0.417/Containers/build/Microsoft.NET.Build.Containers.targets (15,5)
       Property 'DOTNET_HOST_PATH' with value '/usr/share/dotnet/dotnet' expanded from the environment.
       Property reassignment: $(PrepareForRunDependsOn)="StaticWebAssetsPrepareForRun;
             CopyFilesToOutputDirectory
           " (previous value: "
             CopyFilesToOutputDirectory
           ") at /usr/share/dotnet/sdk/8.0.417/Sdks/Microsoft.NET.Sdk.StaticWebAssets/targets/Microsoft.NET.Sdk.StaticWebAssets.targets (255,5)
       Property reassignment: $(GetCopyToOutputDirectoryItemsDependsOn)="
             AssignTargetPaths;
             
             AssignProjectConfiguration;
             _SplitProjectReferencesByFileExistence
           ;
             _GetProjectReferenceTargetFrameworkProperties;
             _PopulateCommonStateForGetCopyToOutputDirectoryItems
           ;AddStaticWebAssetsManifest" (previous value: "
             AssignTargetPaths;
             
             AssignProjectConfiguration;
             _SplitProjectReferencesByFileExistence
           ;
             _GetProjectReferenceTargetFrameworkProperties;
             _PopulateCommonStateForGetCopyToOutputDirectoryItems
           ") at /usr/share/dotnet/sdk/8.0.417/Sdks/Microsoft.NET.Sdk.StaticWebAssets/targets/Microsoft.NET.Sdk.StaticWebAssets.targets (266,5)
       Property reassignment: $(_FrameworkIdentifierForImplicitDefine)="NET" (previous value: "NETCOREAPP") at /usr/share/dotnet/sdk/8.0.417/Sdks/Microsoft.NET.Sdk/targets/Microsoft.NET.Sdk.BeforeCommon.targets (187,5)
       Property reassignment: $(_FrameworkVersionForImplicitDefine)="8_0" (previous value: "8.0") at /usr/share/dotnet/sdk/8.0.417/Sdks/Microsoft.NET.Sdk/targets/Microsoft.NET.Sdk.BeforeCommon.targets (192,5)
       Property reassignment: $(GenerateNuspecDependsOn)="
             IncludeStaticWebAssetsPackItems;
             Build;_LoadPackInputItems; _GetTargetFrameworksOutput; _WalkEachTargetPerFramework; _GetPackageFiles; ;
           " (previous value: "Build;_LoadPackInputItems; _GetTargetFrameworksOutput; _WalkEachTargetPerFramework; _GetPackageFiles; ") at /usr/share/dotnet/sdk/8.0.417/Sdks/Microsoft.NET.Sdk.StaticWebAssets/targets/Microsoft.NET.Sdk.StaticWebAssets.Pack.targets (41,5)
       Property reassignment: $(IncludeStaticWebAssetsPackItemsDependsOn)="
             Build;
             ResolveStaticWebAssetsConfiguration;LoadStaticWebAssetsBuildManifest
           ;
           " (previous value: "
             ResolveStaticWebAssetsConfiguration;LoadStaticWebAssetsBuildManifest
           ") at /usr/share/dotnet/sdk/8.0.417/Sdks/Microsoft.NET.Sdk.StaticWebAssets/targets/Microsoft.NET.Sdk.StaticWebAssets.Pack.targets (50,5)
       Property reassignment: $(Language)="C#" (previous value: "en_US:en") at /usr/share/dotnet/sdk/8.0.417/Microsoft.CSharp.CurrentVersion.targets (38,9)
       Property reassignment: $(ResolveStaticWebAssetsInputsDependsOn)="
           UpdateExistingPackageStaticWebAssets;ResolveProjectStaticWebAssets;ResolveEmbeddedProjectsStaticWebAssets;ResolveReferencedProjectsStaticWebAssets;;
           UpdateLegacyPackageScopedCssBundles;
           _AddScopedCssBundles;
         " (previous value: "UpdateExistingPackageStaticWebAssets;ResolveProjectStaticWebAssets;ResolveEmbeddedProjectsStaticWebAssets;ResolveReferencedProjectsStaticWebAssets;") at /usr/share/dotnet/sdk/8.0.417/Sdks/Microsoft.NET.Sdk.StaticWebAssets/targets/Microsoft.NET.Sdk.StaticWebAssets.ScopedCss.targets (55,3)
       Property reassignment: $(GenerateComputedBuildStaticWebAssetsDependsOn)="
           ;
           _ResolveBundlingConfiguration;
           _GenerateScopedCssFiles;
           BundleScopedCssFiles;
         " (previous value: "") at /usr/share/dotnet/sdk/8.0.417/Sdks/Microsoft.NET.Sdk.StaticWebAssets/targets/Microsoft.NET.Sdk.StaticWebAssets.ScopedCss.targets (61,3)
       Property reassignment: $(ResolveStaticWebAssetsInputsDependsOn)="
             
           UpdateExistingPackageStaticWebAssets;ResolveProjectStaticWebAssets;ResolveEmbeddedProjectsStaticWebAssets;ResolveReferencedProjectsStaticWebAssets;;
           UpdateLegacyPackageScopedCssBundles;
           _AddScopedCssBundles;
         ;
             _AddJsModulesToStaticWebAssets;
           " (previous value: "
           UpdateExistingPackageStaticWebAssets;ResolveProjectStaticWebAssets;ResolveEmbeddedProjectsStaticWebAssets;ResolveReferencedProjectsStaticWebAssets;;
           UpdateLegacyPackageScopedCssBundles;
           _AddScopedCssBundles;
         ") at /usr/share/dotnet/sdk/8.0.417/Sdks/Microsoft.NET.Sdk.StaticWebAssets/targets/Microsoft.NET.Sdk.StaticWebAssets.JSModules.targets (36,5)
       Property reassignment: $(StaticWebAssetsPrepareForRunDependsOn)="
             ;GenerateStaticWebAssetsManifest;GenerateComputedBuildStaticWebAssets;CopyStaticWebAssetsToOutputDirectory;
             _GenerateBuildJsModuleManifest;
           " (previous value: ";GenerateStaticWebAssetsManifest;GenerateComputedBuildStaticWebAssets;CopyStaticWebAssetsToOutputDirectory") at /usr/share/dotnet/sdk/8.0.417/Sdks/Microsoft.NET.Sdk.StaticWebAssets/targets/Microsoft.NET.Sdk.StaticWebAssets.JSModules.targets (44,5)
       Property reassignment: $(StaticWebAssetsPrepareForPublishDependsOn)="
             ;ResolveStaticWebAssetsConfiguration;GenerateStaticWebAssetsPublishManifest;GenerateComputedPublishStaticWebAssets;
             _GeneratePublishJsModuleManifest;
           " (previous value: ";ResolveStaticWebAssetsConfiguration;GenerateStaticWebAssetsPublishManifest;GenerateComputedPublishStaticWebAssets") at /usr/share/dotnet/sdk/8.0.417/Sdks/Microsoft.NET.Sdk.StaticWebAssets/targets/Microsoft.NET.Sdk.StaticWebAssets.JSModules.targets (49,5)
       Property reassignment: $(ResolveStaticWebAssetsInputsDependsOn)="
             
             
           UpdateExistingPackageStaticWebAssets;ResolveProjectStaticWebAssets;ResolveEmbeddedProjectsStaticWebAssets;ResolveReferencedProjectsStaticWebAssets;;
           UpdateLegacyPackageScopedCssBundles;
           _AddScopedCssBundles;
         ;
             _AddJsModulesToStaticWebAssets;
           ;
             _AddBuildJsModuleManifest;
           " (previous value: "
             
           UpdateExistingPackageStaticWebAssets;ResolveProjectStaticWebAssets;ResolveEmbeddedProjectsStaticWebAssets;ResolveReferencedProjectsStaticWebAssets;;
           UpdateLegacyPackageScopedCssBundles;
           _AddScopedCssBundles;
         ;
             _AddJsModulesToStaticWebAssets;
           ") at /usr/share/dotnet/sdk/8.0.417/Sdks/Microsoft.NET.Sdk.StaticWebAssets/targets/Microsoft.NET.Sdk.StaticWebAssets.JSModules.targets (54,5)
       Property reassignment: $(ResolvePublishStaticWebAssetsDependsOn)="
             LoadStaticWebAssetsBuildManifest;ComputeReferencedProjectsEmbeddedPublishAssets;ComputeReferencedProjectsPublishAssets;;
             _AddPublishJsModuleManifest
           " (previous value: "LoadStaticWebAssetsBuildManifest;ComputeReferencedProjectsEmbeddedPublishAssets;ComputeReferencedProjectsPublishAssets;") at /usr/share/dotnet/sdk/8.0.417/Sdks/Microsoft.NET.Sdk.StaticWebAssets/targets/Microsoft.NET.Sdk.StaticWebAssets.JSModules.targets (59,5)
       Property reassignment: $(GenerateComputedBuildStaticWebAssetsDependsOn)="
             
           ;
           _ResolveBundlingConfiguration;
           _GenerateScopedCssFiles;
           BundleScopedCssFiles;
         ;
             _CompressFiles;
           " (previous value: "
           ;
           _ResolveBundlingConfiguration;
           _GenerateScopedCssFiles;
           BundleScopedCssFiles;
         ") at /usr/share/dotnet/sdk/8.0.417/Sdks/Microsoft.NET.Sdk.StaticWebAssets/targets/Microsoft.NET.Sdk.StaticWebAssets.Compression.targets (35,5)
       Property reassignment: $(GenerateComputedPublishStaticWebAssetsDependsOn)="
             ;
             _CompressFilesForPublish;
           " (previous value: "") at /usr/share/dotnet/sdk/8.0.417/Sdks/Microsoft.NET.Sdk.StaticWebAssets/targets/Microsoft.NET.Sdk.StaticWebAssets.Compression.targets (39,5)
       Property reassignment: $(StaticWebAssetsPrepareForPublishDependsOn)="
             
             ;ResolveStaticWebAssetsConfiguration;GenerateStaticWebAssetsPublishManifest;GenerateComputedPublishStaticWebAssets;
             _GeneratePublishJsModuleManifest;
           ;
             _CompressFilesForPublish;
           " (previous value: "
             ;ResolveStaticWebAssetsConfiguration;GenerateStaticWebAssetsPublishManifest;GenerateComputedPublishStaticWebAssets;
             _GeneratePublishJsModuleManifest;
           ") at /usr/share/dotnet/sdk/8.0.417/Sdks/Microsoft.NET.Sdk.StaticWebAssets/targets/Microsoft.NET.Sdk.StaticWebAssets.Compression.targets (43,5)
       Property reassignment: $(ResolveStaticWebAssetsInputsDependsOn)="
             
             
             
           UpdateExistingPackageStaticWebAssets;ResolveProjectStaticWebAssets;ResolveEmbeddedProjectsStaticWebAssets;ResolveReferencedProjectsStaticWebAssets;;
           UpdateLegacyPackageScopedCssBundles;
           _AddScopedCssBundles;
         ;
             _AddJsModulesToStaticWebAssets;
           ;
             _AddBuildJsModuleManifest;
           ;
             _ResolveCompressedFiles;
           " (previous value: "
             
             
           UpdateExistingPackageStaticWebAssets;ResolveProjectStaticWebAssets;ResolveEmbeddedProjectsStaticWebAssets;ResolveReferencedProjectsStaticWebAssets;;
           UpdateLegacyPackageScopedCssBundles;
           _AddScopedCssBundles;
         ;
             _AddJsModulesToStaticWebAssets;
           ;
             _AddBuildJsModuleManifest;
           ") at /usr/share/dotnet/sdk/8.0.417/Sdks/Microsoft.NET.Sdk.StaticWebAssets/targets/Microsoft.NET.Sdk.StaticWebAssets.Compression.targets (47,5)
       Property reassignment: $(ResolvePublishStaticWebAssetsDependsOn)="
             
             LoadStaticWebAssetsBuildManifest;ComputeReferencedProjectsEmbeddedPublishAssets;ComputeReferencedProjectsPublishAssets;;
             _AddPublishJsModuleManifest
           ;
             _ResolveCompressedFilesForPublish;
           " (previous value: "
             LoadStaticWebAssetsBuildManifest;ComputeReferencedProjectsEmbeddedPublishAssets;ComputeReferencedProjectsPublishAssets;;
             _AddPublishJsModuleManifest
           ") at /usr/share/dotnet/sdk/8.0.417/Sdks/Microsoft.NET.Sdk.StaticWebAssets/targets/Microsoft.NET.Sdk.StaticWebAssets.Compression.targets (51,5)
       Property reassignment: $(CommandLineArgsForDesignTimeEvaluation)="-langversion:12.0 -define:TRACE" (previous value: "-langversion:12.0") at /usr/share/dotnet/sdk/8.0.417/Roslyn/Microsoft.CSharp.Core.targets (200,5)
       Property reassignment: $(ResolveScopedCssOutputsDependsOn)="
             
           ;
         ;
             ResolveCssScopes;
           " (previous value: "
           ;
         ") at /usr/share/dotnet/sdk/8.0.417/Sdks/Microsoft.NET.Sdk.Razor/targets/Sdk.Razor.CurrentVersion.targets (188,5)
       Property reassignment: $(DebugSymbolsProjectOutputGroupDependsOn)="
             ;
             _RazorAddDebugSymbolsProjectOutputGroupOutput
           " (previous value: "") at /usr/share/dotnet/sdk/8.0.417/Sdks/Microsoft.NET.Sdk.Razor/targets/Sdk.Razor.CurrentVersion.targets (193,5)
       Property reassignment: $(PrepareForBuildDependsOn)="
             ;GetFrameworkPaths;GetReferenceAssemblyPaths;AssignLinkMetadata;
             ResolveRazorGenerateInputs
           " (previous value: ";GetFrameworkPaths;GetReferenceAssemblyPaths;AssignLinkMetadata") at /usr/share/dotnet/sdk/8.0.417/Sdks/Microsoft.NET.Sdk.Razor/targets/Sdk.Razor.CurrentVersion.targets (198,5)
       Property reassignment: $(GenerateNuspecDependsOn)="
             ResolveRazorGenerateInputs;
             
             IncludeStaticWebAssetsPackItems;
             Build;_LoadPackInputItems; _GetTargetFrameworksOutput; _WalkEachTargetPerFramework; _GetPackageFiles; ;
           
           " (previous value: "
             IncludeStaticWebAssetsPackItems;
             Build;_LoadPackInputItems; _GetTargetFrameworksOutput; _WalkEachTargetPerFramework; _GetPackageFiles; ;
           ") at /usr/share/dotnet/sdk/8.0.417/Sdks/Microsoft.NET.Sdk.Razor/targets/Sdk.Razor.CurrentVersion.targets (203,5)
       Property reassignment: $(PrepareForRunDependsOn)="
             _RazorPrepareForRun;
             StaticWebAssetsPrepareForRun;
             CopyFilesToOutputDirectory
           
           " (previous value: "StaticWebAssetsPrepareForRun;
             CopyFilesToOutputDirectory
           ") at /usr/share/dotnet/sdk/8.0.417/Sdks/Microsoft.NET.Sdk.Razor/targets/Sdk.Razor.CurrentVersion.targets (208,5)
       Property reassignment: $(UseRazorBuildServer)="true" (previous value: "") at /usr/share/dotnet/sdk/8.0.417/Sdks/Microsoft.NET.Sdk.Razor/targets/Sdk.Razor.CurrentVersion.targets (299,5)
       Property reassignment: $(_RazorDebugSymbolsProduced)="true" (previous value: "false") at /usr/share/dotnet/sdk/8.0.417/Sdks/Microsoft.NET.Sdk.Razor/targets/Sdk.Razor.CurrentVersion.targets (305,5)
       Property reassignment: $(GenerateRazorTargetAssemblyInfoDependsOn)="
             _ResolveMvcAssemblyAttributes;
             
             GetRazorTargetAssemblyAttributes;
             _CreateRazorTargetAssemblyInfoInputsCacheFile;
             CoreGenerateRazorTargetAssemblyInfo
           
           " (previous value: "
             GetRazorTargetAssemblyAttributes;
             _CreateRazorTargetAssemblyInfoInputsCacheFile;
             CoreGenerateRazorTargetAssemblyInfo
           ") at /usr/share/dotnet/sdk/8.0.417/Sdks/Microsoft.NET.Sdk.Razor/targets/Microsoft.NET.Sdk.Razor.GenerateAssemblyInfo.targets (36,5)
       Property reassignment: $(CoreCompileDependsOn)="
             ;_ComputeNonExistentFileProperty;ResolveCodeAnalysisRuleSet;
             _GenerateRazorAssemblyInfo
           " (previous value: ";_ComputeNonExistentFileProperty;ResolveCodeAnalysisRuleSet") at /usr/share/dotnet/sdk/8.0.417/Sdks/Microsoft.NET.Sdk.Razor/targets/Microsoft.NET.Sdk.Razor.GenerateAssemblyInfo.targets (181,5)
       Property reassignment: $(_GenerateRazorAssemblyInfoDependsOn)="
             _ResolveMvcAssemblyAttributes;
             RazorGetAssemblyAttributes;PrepareForBuild;_CoreGenerateRazorAssemblyInfo;
           " (previous value: "RazorGetAssemblyAttributes;PrepareForBuild;_CoreGenerateRazorAssemblyInfo") at /usr/share/dotnet/sdk/8.0.417/Sdks/Microsoft.NET.Sdk.Razor/targets/Microsoft.NET.Sdk.Razor.GenerateAssemblyInfo.targets (189,5)
       Property reassignment: $(CoreCompileDependsOn)="
             _DiscoverMvcApplicationParts;
             
             ;_ComputeNonExistentFileProperty;ResolveCodeAnalysisRuleSet;
             _GenerateRazorAssemblyInfo
           ;
           " (previous value: "
             ;_ComputeNonExistentFileProperty;ResolveCodeAnalysisRuleSet;
             _GenerateRazorAssemblyInfo
           ") at /usr/share/dotnet/sdk/8.0.417/Sdks/Microsoft.NET.Sdk.Razor/targets/Microsoft.NET.Sdk.Razor.MvcApplicationPartsDiscovery.targets (22,5)
       Property reassignment: $(RazorDesignTimeTargets)="/usr/share/dotnet/sdk/8.0.417/Sdks/Microsoft.NET.Sdk.Razor/targets/Microsoft.NET.Sdk.Razor.DesignTime.targets" (previous value: "/usr/share/dotnet/sdk/8.0.417/Microsoft/VisualStudio/Razor/Microsoft.NET.Sdk.Razor.DesignTime.targets") at /usr/share/dotnet/sdk/8.0.417/Sdks/Microsoft.NET.Sdk.Razor/targets/Sdk.Razor.CurrentVersion.targets (779,5)
       Property reassignment: $(RunWorkingDirectory)="/modernize-data/studio-data/TNT1001/APP1166/transformed-code/344/studio-workspace/TMS22/src/TourManagement.Web" (previous value: "") at /usr/share/dotnet/sdk/8.0.417/Sdks/Microsoft.NET.Sdk.Web.ProjectSystem/targets/Microsoft.NET.Sdk.Web.ProjectSystem.targets (21,5)
       Overriding target "ResolveFrameworkReferences" in project "/usr/share/dotnet/sdk/8.0.417/Microsoft.Common.CurrentVersion.targets" with target "ResolveFrameworkReferences" from project "/usr/share/dotnet/sdk/8.0.417/Sdks/Microsoft.NET.Sdk/targets/Microsoft.NET.Sdk.FrameworkReferenceResolution.targets".
       Overriding target "Run" in project "/usr/share/dotnet/sdk/8.0.417/Microsoft.Common.CurrentVersion.targets" with target "Run" from project "/usr/share/dotnet/sdk/8.0.417/Sdks/Microsoft.NET.Sdk/targets/Microsoft.NET.Sdk.targets".
       Overriding target "GenerateSupportedTargetFrameworkAlias" in project "/usr/share/dotnet/sdk/8.0.417/Microsoft.Common.CurrentVersion.targets" with target "GenerateSupportedTargetFrameworkAlias" from project "/usr/share/dotnet/sdk/8.0.417/Sdks/Microsoft.NET.Sdk/targets/Microsoft.NET.Sdk.targets".
       Overriding target "GetReferenceAssemblyPaths" in project "/usr/share/dotnet/sdk/8.0.417/Microsoft.Common.CurrentVersion.targets" with target "GetReferenceAssemblyPaths" from project "/usr/share/dotnet/sdk/8.0.417/Sdks/Microsoft.NET.Sdk/targets/Microsoft.NET.DisableStandardFrameworkResolution.targets".
       Overriding target "GetFrameworkPaths" in project "/usr/share/dotnet/sdk/8.0.417/Microsoft.Common.CurrentVersion.targets" with target "GetFrameworkPaths" from project "/usr/share/dotnet/sdk/8.0.417/Sdks/Microsoft.NET.Sdk/targets/Microsoft.NET.DisableStandardFrameworkResolution.targets".
       Overriding target "DesignerRuntimeImplementationProjectOutputGroup" in project "/usr/share/dotnet/sdk/8.0.417/Microsoft.Common.CurrentVersion.targets" with target "DesignerRuntimeImplementationProjectOutputGroup" from project "/usr/share/dotnet/sdk/8.0.417/Sdks/Microsoft.NET.Sdk/targets/Microsoft.NET.DesignerSupport.targets".
       Overriding target "Publish" in project "/usr/share/dotnet/sdk/8.0.417/Microsoft.Common.CurrentVersion.targets" with target "Publish" from project "/usr/share/dotnet/sdk/8.0.417/Sdks/Microsoft.NET.Sdk/targets/Microsoft.NET.Publish.targets".
       Overriding target "ResolveReadyToRunCompilers" in project "/usr/share/dotnet/sdk/8.0.417/Sdks/Microsoft.NET.Sdk/targets/Microsoft.NET.CrossGen.targets" with target "ResolveReadyToRunCompilers" from project "/usr/share/dotnet/sdk/8.0.417/Sdks/Microsoft.NET.Sdk/targets/Microsoft.NET.Publish.targets".
       Overriding target "GetCopyToPublishDirectoryItems" in project "/usr/share/dotnet/sdk/8.0.417/Microsoft.Common.CurrentVersion.targets" with target "GetCopyToPublishDirectoryItems" from project "/usr/share/dotnet/sdk/8.0.417/Sdks/Microsoft.NET.Sdk/targets/Microsoft.NET.Publish.targets".
       Property reassignment: $(PublishProfileImported)="true" (previous value: "false") at /usr/share/dotnet/sdk/8.0.417/Sdks/Microsoft.NET.Sdk.Publish/targets/Microsoft.NET.Sdk.Publish.targets (60,5)
       Property reassignment: $(PublishConfiguration)="Debug" (previous value: "") at /usr/share/dotnet/sdk/8.0.417/Sdks/Microsoft.NET.Sdk.Publish/targets/Microsoft.NET.Sdk.Publish.targets (81,5)
       Overriding target "ResolveFrameworkReferences" in project "/usr/share/dotnet/sdk/8.0.417/Microsoft.Common.CurrentVersion.targets" with target "ResolveFrameworkReferences" from project "/usr/share/dotnet/sdk/8.0.417/Sdks/Microsoft.NET.Sdk/targets/Microsoft.NET.Sdk.FrameworkReferenceResolution.targets".
       Property reassignment: $(BaseIntermediateOutputPath)="/modernize-data/studio-data/TNT1001/APP1166/transformed-code/344/studio-workspace/TMS22/src/TourManagement.Web/obj/" (previous value: "obj\") at /usr/share/dotnet/sdk/8.0.417/Sdks/Microsoft.NET.Sdk.Publish/targets/Microsoft.NET.Sdk.Publish.targets (87,5)
       Overriding target "Run" in project "/usr/share/dotnet/sdk/8.0.417/Microsoft.Common.CurrentVersion.targets" with target "Run" from project "/usr/share/dotnet/sdk/8.0.417/Sdks/Microsoft.NET.Sdk/targets/Microsoft.NET.Sdk.targets".
       Overriding target "GenerateSupportedTargetFrameworkAlias" in project "/usr/share/dotnet/sdk/8.0.417/Microsoft.Common.CurrentVersion.targets" with target "GenerateSupportedTargetFrameworkAlias" from project "/usr/share/dotnet/sdk/8.0.417/Sdks/Microsoft.NET.Sdk/targets/Microsoft.NET.Sdk.targets".
       Overriding target "GetReferenceAssemblyPaths" in project "/usr/share/dotnet/sdk/8.0.417/Microsoft.Common.CurrentVersion.targets" with target "GetReferenceAssemblyPaths" from project "/usr/share/dotnet/sdk/8.0.417/Sdks/Microsoft.NET.Sdk/targets/Microsoft.NET.DisableStandardFrameworkResolution.targets".
       Overriding target "GetFrameworkPaths" in project "/usr/share/dotnet/sdk/8.0.417/Microsoft.Common.CurrentVersion.targets" with target "GetFrameworkPaths" from project "/usr/share/dotnet/sdk/8.0.417/Sdks/Microsoft.NET.Sdk/targets/Microsoft.NET.DisableStandardFrameworkResolution.targets".
       Overriding target "DesignerRuntimeImplementationProjectOutputGroup" in project "/usr/share/dotnet/sdk/8.0.417/Microsoft.Common.CurrentVersion.targets" with target "DesignerRuntimeImplementationProjectOutputGroup" from project "/usr/share/dotnet/sdk/8.0.417/Sdks/Microsoft.NET.Sdk/targets/Microsoft.NET.DesignerSupport.targets".
       Overriding target "Publish" in project "/usr/share/dotnet/sdk/8.0.417/Microsoft.Common.CurrentVersion.targets" with target "Publish" from project "/usr/share/dotnet/sdk/8.0.417/Sdks/Microsoft.NET.Sdk/targets/Microsoft.NET.Publish.targets".
       Overriding target "ResolveReadyToRunCompilers" in project "/usr/share/dotnet/sdk/8.0.417/Sdks/Microsoft.NET.Sdk/targets/Microsoft.NET.CrossGen.targets" with target "ResolveReadyToRunCompilers" from project "/usr/share/dotnet/sdk/8.0.417/Sdks/Microsoft.NET.Sdk/targets/Microsoft.NET.Publish.targets".
       Overriding target "GetCopyToPublishDirectoryItems" in project "/usr/share/dotnet/sdk/8.0.417/Microsoft.Common.CurrentVersion.targets" with target "GetCopyToPublishDirectoryItems" from project "/usr/share/dotnet/sdk/8.0.417/Sdks/Microsoft.NET.Sdk/targets/Microsoft.NET.Publish.targets".
       The "Platform" property is a global property, and cannot be modified.
       The "Configuration" property is a global property, and cannot be modified.
       Property reassignment: $(_DebugSymbolsProduced)="true" (previous value: "false") at /usr/share/dotnet/sdk/8.0.417/Microsoft.Common.CurrentVersion.targets (175,5)
       Property reassignment: $(_DocumentationFileProduced)="false" (previous value: "true") at /usr/share/dotnet/sdk/8.0.417/Microsoft.Common.CurrentVersion.targets (185,5)
       The "SolutionName" property is a global property, and cannot be modified.
       The "SolutionFileName" property is a global property, and cannot be modified.
       The "SolutionPath" property is a global property, and cannot be modified.
       The "SolutionDir" property is a global property, and cannot be modified.
       The "SolutionExt" property is a global property, and cannot be modified.
       Property reassignment: $(MSBuildCopyMarkerName)="TourMana.4FCB562A" (previous value: "TourManagement.Domain.csproj") at /usr/share/dotnet/sdk/8.0.417/Microsoft.Common.CurrentVersion.targets (392,5)
       Property reassignment: $(MSBuildCopyMarkerName)="TourMana.4FCB562A.Up2Date" (previous value: "TourMana.4FCB562A") at /usr/share/dotnet/sdk/8.0.417/Microsoft.Common.CurrentVersion.targets (393,5)
       Property reassignment: $(ProcessorArchitecture)="msil" (previous value: "") at /usr/share/dotnet/sdk/8.0.417/Microsoft.Common.CurrentVersion.targets (541,5)
       Property reassignment: $(DelaySign)="" (previous value: "false") at /usr/share/dotnet/sdk/8.0.417/Microsoft.Common.CurrentVersion.targets (580,5)
       Property 'LocalAppData' with value '/home/studioai/.local/share' expanded from the environment.
       Property reassignment: $(_SGenGenerateSerializationAssembliesConfig)="Auto" (previous value: "") at /usr/share/dotnet/sdk/8.0.417/Microsoft.Common.CurrentVersion.targets (3896,5)
       Property reassignment: $(_SGenGenerateSerializationAssembliesConfig)="Off" (previous value: "Auto") at /usr/share/dotnet/sdk/8.0.417/Microsoft.Common.CurrentVersion.targets (3897,5)
       Property reassignment: $(_TargetsThatPrepareProjectReferences)="
             AssignProjectConfiguration;
             _SplitProjectReferencesByFileExistence
           " (previous value: "_SplitProjectReferencesByFileExistence") at /usr/share/dotnet/sdk/8.0.417/Microsoft.Common.CurrentVersion.targets (5099,5)
       Property 'MSBuildExtensionsPath32' with value '/usr/share/dotnet/sdk/8.0.417' expanded from the environment.
     1>Project "/modernize-data/studio-data/TNT1001/APP1166/transformed-code/344/studio-workspace/TMS22/TourManagement.sln" (1) is building "/modernize-data/studio-data/TNT1001/APP1166/transformed-code/344/studio-workspace/TMS22/src/TourManagement.Infrastructure/TourManagement.Infrastructure.csproj" (3) on node 4 (_IsProjectRestoreSupported target(s)).
     3>Target "_IsProjectRestoreSupported" in file "/usr/share/dotnet/sdk/8.0.417/NuGet.targets" from project "/modernize-data/studio-data/TNT1001/APP1166/transformed-code/344/studio-workspace/TMS22/src/TourManagement.Infrastructure/TourManagement.Infrastructure.csproj" (entry point):
     3>Done building target "_IsProjectRestoreSupported" in project "TourManagement.Infrastructure.csproj".
     1>Project "/modernize-data/studio-data/TNT1001/APP1166/transformed-code/344/studio-workspace/TMS22/TourManagement.sln" (1) is building "/modernize-data/studio-data/TNT1001/APP1166/transformed-code/344/studio-workspace/TMS22/src/TourManagement.Application/TourManagement.Application.csproj" (2) on node 2 (_IsProjectRestoreSupported target(s)).
     2>Target "_IsProjectRestoreSupported" in file "/usr/share/dotnet/sdk/8.0.417/NuGet.targets" from project "/modernize-data/studio-data/TNT1001/APP1166/transformed-code/344/studio-workspace/TMS22/src/TourManagement.Application/TourManagement.Application.csproj" (entry point):
     2>Done building target "_IsProjectRestoreSupported" in project "TourManagement.Application.csproj".
     2>Done Building Project "/modernize-data/studio-data/TNT1001/APP1166/transformed-code/344/studio-workspace/TMS22/src/TourManagement.Application/TourManagement.Application.csproj" (_IsProjectRestoreSupported target(s)).
     3>Done Building Project "/modernize-data/studio-data/TNT1001/APP1166/transformed-code/344/studio-workspace/TMS22/src/TourManagement.Infrastructure/TourManagement.Infrastructure.csproj" (_IsProjectRestoreSupported target(s)).
     0>The "_RestoreSolutionFileUsed" property is a global property, and cannot be modified.
       Property reassignment: $(_GenerateRestoreGraphProjectEntryInputProperties)="
             ExcludeRestorePackageImports=true;
             _RestoreSolutionFileUsed=true;
             SolutionDir=/modernize-data/studio-data/TNT1001/APP1166/transformed-code/344/studio-workspace/TMS22/;
             SolutionName=TourManagement;
             SolutionFileName=TourManagement.sln;
             SolutionPath=/modernize-data/studio-data/TNT1001/APP1166/transformed-code/344/studio-workspace/TMS22/TourManagement.sln;
             SolutionExt=.sln;
           " (previous value: "ExcludeRestorePackageImports=true") at /usr/share/dotnet/sdk/8.0.417/NuGet.targets (101,5)
       Property reassignment: $(ProjectAssetsFile)="/modernize-data/studio-data/TNT1001/APP1166/transformed-code/344/studio-workspace/TMS22/src/TourManagement.Domain/obj/project.assets.json" (previous value: "/modernize-data/studio-data/TNT1001/APP1166/transformed-code/344/studio-workspace/TMS22/src/TourManagement.Domain/obj//project.assets.json") at /usr/share/dotnet/sdk/8.0.417/Sdks/Microsoft.NET.Sdk/targets/Microsoft.PackageDependencyResolution.targets (24,5)
       Property reassignment: $(ProjectAssetsCacheFile)="/modernize-data/studio-data/TNT1001/APP1166/transformed-code/344/studio-workspace/TMS22/src/TourManagement.Domain/obj/Debug/net8.0/TourManagement.Domain.assets.cache" (previous value: "obj\Debug/net8.0/TourManagement.Domain.assets.cache") at /usr/share/dotnet/sdk/8.0.417/Sdks/Microsoft.NET.Sdk/targets/Microsoft.PackageDependencyResolution.targets (29,5)
       Property reassignment: $(ResolveAssemblyReferencesDependsOn)="
             
             ResolveProjectReferences;
             FindInvalidProjectReferences;
             GetFrameworkPaths;
             GetReferenceAssemblyPaths;
             PrepareForBuild;
             ResolveSDKReferences;
             ExpandSDKReferences;
           ;
             ResolvePackageDependenciesForBuild;
             _HandlePackageFileConflicts;
           " (previous value: "
             ResolveProjectReferences;
             FindInvalidProjectReferences;
             GetFrameworkPaths;
             GetReferenceAssemblyPaths;
             PrepareForBuild;
             ResolveSDKReferences;
             ExpandSDKReferences;
           ") at /usr/share/dotnet/sdk/8.0.417/Sdks/Microsoft.NET.Sdk/targets/Microsoft.PackageDependencyResolution.targets (80,5)
       Property reassignment: $(PrepareResourcesDependsOn)="
             ResolvePackageDependenciesForBuild;
             _HandlePackageFileConflicts;
             
             ;
             PrepareResourceNames;
             ResGen;
             CompileLicxFiles
           
           " (previous value: "
             ;
             PrepareResourceNames;
             ResGen;
             CompileLicxFiles
           ") at /usr/share/dotnet/sdk/8.0.417/Sdks/Microsoft.NET.Sdk/targets/Microsoft.PackageDependencyResolution.targets (86,5)
       Property reassignment: $(DefaultItemExcludes)=";bin\Debug//**;obj\Debug//**;bin\/**" (previous value: ";bin\Debug//**;obj\Debug//**") at /usr/share/dotnet/sdk/8.0.417/Sdks/Microsoft.NET.Sdk/targets/Microsoft.NET.Sdk.DefaultItems.targets (27,5)
       Property reassignment: $(DefaultItemExcludes)=";bin\Debug//**;obj\Debug//**;bin\/**;obj\/**" (previous value: ";bin\Debug//**;obj\Debug//**;bin\/**") at /usr/share/dotnet/sdk/8.0.417/Sdks/Microsoft.NET.Sdk/targets/Microsoft.NET.Sdk.DefaultItems.targets (29,5)
       Property reassignment: $(DefaultItemExcludes)=";bin\Debug//**;obj\Debug//**;bin\/**;obj\/**;**/*.user" (previous value: ";bin\Debug//**;obj\Debug//**;bin\/**;obj\/**") at /usr/share/dotnet/sdk/8.0.417/Sdks/Microsoft.NET.Sdk/targets/Microsoft.NET.Sdk.DefaultItems.targets (32,5)
       Property reassignment: $(DefaultItemExcludes)=";bin\Debug//**;obj\Debug//**;bin\/**;obj\/**;**/*.user;**/*.*proj" (previous value: ";bin\Debug//**;obj\Debug//**;bin\/**;obj\/**;**/*.user") at /usr/share/dotnet/sdk/8.0.417/Sdks/Microsoft.NET.Sdk/targets/Microsoft.NET.Sdk.DefaultItems.targets (33,5)
       Property reassignment: $(DefaultItemExcludes)=";bin\Debug//**;obj\Debug//**;bin\/**;obj\/**;**/*.user;**/*.*proj;**/*.sln" (previous value: ";bin\Debug//**;obj\Debug//**;bin\/**;obj\/**;**/*.user;**/*.*proj") at /usr/share/dotnet/sdk/8.0.417/Sdks/Microsoft.NET.Sdk/targets/Microsoft.NET.Sdk.DefaultItems.targets (34,5)
       Property reassignment: $(DefaultItemExcludes)=";bin\Debug//**;obj\Debug//**;bin\/**;obj\/**;**/*.user;**/*.*proj;**/*.sln;**/*.vssscc" (previous value: ";bin\Debug//**;obj\Debug//**;bin\/**;obj\/**;**/*.user;**/*.*proj;**/*.sln") at /usr/share/dotnet/sdk/8.0.417/Sdks/Microsoft.NET.Sdk/targets/Microsoft.NET.Sdk.DefaultItems.targets (35,5)
       Property reassignment: $(DefaultItemExcludes)=";bin\Debug//**;obj\Debug//**;bin\/**;obj\/**;**/*.user;**/*.*proj;**/*.sln;**/*.vssscc;**/.DS_Store" (previous value: ";bin\Debug//**;obj\Debug//**;bin\/**;obj\/**;**/*.user;**/*.*proj;**/*.sln;**/*.vssscc") at /usr/share/dotnet/sdk/8.0.417/Sdks/Microsoft.NET.Sdk/targets/Microsoft.NET.Sdk.DefaultItems.targets (36,5)
       Property reassignment: $(ResolveAssemblyReferencesDependsOn)="
             
             
             ResolveProjectReferences;
             FindInvalidProjectReferences;
             GetFrameworkPaths;
             GetReferenceAssemblyPaths;
             PrepareForBuild;
             ResolveSDKReferences;
             ExpandSDKReferences;
           ;
             ResolvePackageDependenciesForBuild;
             _HandlePackageFileConflicts;
           ;
             ResolveTargetingPackAssets;
           " (previous value: "
             
             ResolveProjectReferences;
             FindInvalidProjectReferences;
             GetFrameworkPaths;
             GetReferenceAssemblyPaths;
             PrepareForBuild;
             ResolveSDKReferences;
             ExpandSDKReferences;
           ;
             ResolvePackageDependenciesForBuild;
             _HandlePackageFileConflicts;
           ") at /usr/share/dotnet/sdk/8.0.417/Sdks/Microsoft.NET.Sdk/targets/Microsoft.NET.Sdk.FrameworkReferenceResolution.targets (14,5)
       Property reassignment: $(_GenerateRuntimeConfigurationPropertyInputsCache)="/modernize-data/studio-data/TNT1001/APP1166/transformed-code/344/studio-workspace/TMS22/src/TourManagement.Domain/obj/Debug/net8.0/TourManagement.Domain.genruntimeconfig.cache" (previous value: "obj\Debug/net8.0/TourManagement.Domain.genruntimeconfig.cache") at /usr/share/dotnet/sdk/8.0.417/Sdks/Microsoft.NET.Sdk/targets/Microsoft.NET.Sdk.targets (44,5)
       Property reassignment: $(_GeneratePublishDependencyFilePropertyInputsCache)="/modernize-data/studio-data/TNT1001/APP1166/transformed-code/344/studio-workspace/TMS22/src/TourManagement.Domain/obj/Debug/net8.0/TourManagement.Domain.genpublishdeps.cache" (previous value: "obj\Debug/net8.0/TourManagement.Domain.genpublishdeps.cache") at /usr/share/dotnet/sdk/8.0.417/Sdks/Microsoft.NET.Sdk/targets/Microsoft.NET.Sdk.targets (46,5)
       Property reassignment: $(_GenerateSingleFileBundlePropertyInputsCache)="/modernize-data/studio-data/TNT1001/APP1166/transformed-code/344/studio-workspace/TMS22/src/TourManagement.Domain/obj/Debug/net8.0/TourManagement.Domain.genbundle.cache" (previous value: "obj\Debug/net8.0/TourManagement.Domain.genbundle.cache") at /usr/share/dotnet/sdk/8.0.417/Sdks/Microsoft.NET.Sdk/targets/Microsoft.NET.Sdk.targets (48,5)
       Property reassignment: $(GenerateRuntimeConfigDevFile)="false" (previous value: "true") at /usr/share/dotnet/sdk/8.0.417/Sdks/Microsoft.NET.Sdk/targets/Microsoft.NET.Sdk.targets (81,5)
       Property 'HOME' with value '/home/studioai' expanded from the environment.
       Property reassignment: $(_DefaultUserProfileRuntimeStorePath)="/home/studioai/.dotnet/store" (previous value: "/home/studioai") at /usr/share/dotnet/sdk/8.0.417/Sdks/Microsoft.NET.Sdk/targets/Microsoft.NET.Sdk.targets (98,5)
       Property reassignment: $(AvailablePlatforms)="Any CPU,x86,x64,ARM32" (previous value: "Any CPU,x86,x64") at /usr/share/dotnet/sdk/8.0.417/Sdks/Microsoft.NET.Sdk/targets/Microsoft.NET.Sdk.targets (136,5)
       Property reassignment: $(AvailablePlatforms)="Any CPU,x86,x64,ARM32,ARM64" (previous value: "Any CPU,x86,x64,ARM32") at /usr/share/dotnet/sdk/8.0.417/Sdks/Microsoft.NET.Sdk/targets/Microsoft.NET.Sdk.targets (140,5)
       Property reassignment: $(CoreBuildDependsOn)="
             _CheckForBuildWithNoBuild;
             
             BuildOnlySettings;
             PrepareForBuild;
             PreBuildEvent;
             ResolveReferences;
             PrepareResources;
             ResolveKeySource;
             Compile;
             ExportWindowsMDFile;
             UnmanagedUnregistration;
             GenerateSerializationAssemblies;
             CreateSatelliteAssemblies;
             GenerateManifests;
             GetTargetPath;
             PrepareForRun;
             UnmanagedRegistration;
             IncrementalClean;
             PostBuildEvent
           ;
             GenerateBuildDependencyFile;
             GenerateBuildRuntimeConfigurationFiles
           " (previous value: "
             BuildOnlySettings;
             PrepareForBuild;
             PreBuildEvent;
             ResolveReferences;
             PrepareResources;
             ResolveKeySource;
             Compile;
             ExportWindowsMDFile;
             UnmanagedUnregistration;
             GenerateSerializationAssemblies;
             CreateSatelliteAssemblies;
             GenerateManifests;
             GetTargetPath;
             PrepareForRun;
             UnmanagedRegistration;
             IncrementalClean;
             PostBuildEvent
           ") at /usr/share/dotnet/sdk/8.0.417/Sdks/Microsoft.NET.Sdk/targets/Microsoft.NET.Sdk.targets (197,5)
       Property reassignment: $(CoreCleanDependsOn)="
             _SdkBeforeClean;
             
           " (previous value: "") at /usr/share/dotnet/sdk/8.0.417/Sdks/Microsoft.NET.Sdk/targets/Microsoft.NET.Sdk.targets (206,5)
       Property reassignment: $(RebuildDependsOn)="
             _SdkBeforeRebuild;
             
             BeforeRebuild;
             Clean;
             Build;
             AfterRebuild;
           
           " (previous value: "
             BeforeRebuild;
             Clean;
             Build;
             AfterRebuild;
           ") at /usr/share/dotnet/sdk/8.0.417/Sdks/Microsoft.NET.Sdk/targets/Microsoft.NET.Sdk.targets (213,5)
       Property reassignment: $(CompileDependsOn)="
             
             ResolveReferences;
             ResolveKeySource;
             SetWin32ManifestProperties;
             _SetPreferNativeArm64Win32ManifestProperties;
             FindReferenceAssembliesForReferences;
             _GenerateCompileInputs;
             BeforeCompile;
             _TimeStampBeforeCompile;
             _GenerateCompileDependencyCache;
             CoreCompile;
             _TimeStampAfterCompile;
             AfterCompile;
           ;
             _CreateAppHost;
             _CreateComHost;
             _GetIjwHostPaths;
           " (previous value: "
             ResolveReferences;
             ResolveKeySource;
             SetWin32ManifestProperties;
             _SetPreferNativeArm64Win32ManifestProperties;
             FindReferenceAssembliesForReferences;
             _GenerateCompileInputs;
             BeforeCompile;
             _TimeStampBeforeCompile;
             _GenerateCompileDependencyCache;
             CoreCompile;
             _TimeStampAfterCompile;
             AfterCompile;
           ") at /usr/share/dotnet/sdk/8.0.417/Sdks/Microsoft.NET.Sdk/targets/Microsoft.NET.Sdk.targets (679,5)
       Property reassignment: $(CreateSatelliteAssembliesDependsOn)="
             
             ;
             _GenerateSatelliteAssemblyInputs;
             ComputeIntermediateSatelliteAssemblies;
             GenerateSatelliteAssemblies
           ;
             CoreGenerateSatelliteAssemblies
           " (previous value: "
             ;
             _GenerateSatelliteAssemblyInputs;
             ComputeIntermediateSatelliteAssemblies;
             GenerateSatelliteAssemblies
           ") at /usr/share/dotnet/sdk/8.0.417/Sdks/Microsoft.NET.Sdk/targets/Microsoft.NET.Sdk.targets (1065,5)
       Overriding target "ResolveFrameworkReferences" in project "/usr/share/dotnet/sdk/8.0.417/Microsoft.Common.CurrentVersion.targets" with target "ResolveFrameworkReferences" from project "/usr/share/dotnet/sdk/8.0.417/Sdks/Microsoft.NET.Sdk/targets/Microsoft.NET.Sdk.FrameworkReferenceResolution.targets".
       Overriding target "Run" in project "/usr/share/dotnet/sdk/8.0.417/Microsoft.Common.CurrentVersion.targets" with target "Run" from project "/usr/share/dotnet/sdk/8.0.417/Sdks/Microsoft.NET.Sdk/targets/Microsoft.NET.Sdk.targets".
       Overriding target "GenerateSupportedTargetFrameworkAlias" in project "/usr/share/dotnet/sdk/8.0.417/Microsoft.Common.CurrentVersion.targets" with target "GenerateSupportedTargetFrameworkAlias" from project "/usr/share/dotnet/sdk/8.0.417/Sdks/Microsoft.NET.Sdk/targets/Microsoft.NET.Sdk.targets".
       Overriding target "GetReferenceAssemblyPaths" in project "/usr/share/dotnet/sdk/8.0.417/Microsoft.Common.CurrentVersion.targets" with target "GetReferenceAssemblyPaths" from project "/usr/share/dotnet/sdk/8.0.417/Sdks/Microsoft.NET.Sdk/targets/Microsoft.NET.DisableStandardFrameworkResolution.targets".
       Overriding target "GetFrameworkPaths" in project "/usr/share/dotnet/sdk/8.0.417/Microsoft.Common.CurrentVersion.targets" with target "GetFrameworkPaths" from project "/usr/share/dotnet/sdk/8.0.417/Sdks/Microsoft.NET.Sdk/targets/Microsoft.NET.DisableStandardFrameworkResolution.targets".
       Overriding target "DesignerRuntimeImplementationProjectOutputGroup" in project "/usr/share/dotnet/sdk/8.0.417/Microsoft.Common.CurrentVersion.targets" with target "DesignerRuntimeImplementationProjectOutputGroup" from project "/usr/share/dotnet/sdk/8.0.417/Sdks/Microsoft.NET.Sdk/targets/Microsoft.NET.DesignerSupport.targets".
       Overriding target "Publish" in project "/usr/share/dotnet/sdk/8.0.417/Microsoft.Common.CurrentVersion.targets" with target "Publish" from project "/usr/share/dotnet/sdk/8.0.417/Sdks/Microsoft.NET.Sdk/targets/Microsoft.NET.Publish.targets".
       Overriding target "ResolveReadyToRunCompilers" in project "/usr/share/dotnet/sdk/8.0.417/Sdks/Microsoft.NET.Sdk/targets/Microsoft.NET.CrossGen.targets" with target "ResolveReadyToRunCompilers" from project "/usr/share/dotnet/sdk/8.0.417/Sdks/Microsoft.NET.Sdk/targets/Microsoft.NET.Publish.targets".
       Overriding target "GetCopyToPublishDirectoryItems" in project "/usr/share/dotnet/sdk/8.0.417/Microsoft.Common.CurrentVersion.targets" with target "GetCopyToPublishDirectoryItems" from project "/usr/share/dotnet/sdk/8.0.417/Sdks/Microsoft.NET.Sdk/targets/Microsoft.NET.Publish.targets".
       Overriding target "BeforePublish" in project "/usr/share/dotnet/sdk/8.0.417/Microsoft.Common.CurrentVersion.targets" with target "BeforePublish" from project "/usr/share/dotnet/sdk/8.0.417/Sdks/Microsoft.NET.Sdk.Publish/targets/Microsoft.NET.Sdk.Publish.targets".
       Overriding target "AfterPublish" in project "/usr/share/dotnet/sdk/8.0.417/Microsoft.Common.CurrentVersion.targets" with target "AfterPublish" from project "/usr/share/dotnet/sdk/8.0.417/Sdks/Microsoft.NET.Sdk.Publish/targets/Microsoft.NET.Sdk.Publish.targets".
       Property reassignment: $(SourceLinkUrlInitializerTargets)=";_InitializeGitHubSourceLinkUrl;_InitializeGitLabSourceLinkUrl" (previous value: ";_InitializeGitHubSourceLinkUrl") at /usr/share/dotnet/sdk/8.0.417/Sdks/Microsoft.SourceLink.GitLab/build/Microsoft.SourceLink.GitLab.targets (12,5)
       Property reassignment: $(SourceControlManagerUrlTranslationTargets)=";TranslateGitHubUrlsInSourceControlInformation;TranslateGitLabUrlsInSourceControlInformation" (previous value: ";TranslateGitHubUrlsInSourceControlInformation") at /usr/share/dotnet/sdk/8.0.417/Sdks/Microsoft.SourceLink.GitLab/build/Microsoft.SourceLink.GitLab.targets (13,5)
       The target "CollectUpToDateCheckInputDesignTime" listed in a BeforeTargets attribute at "/usr/share/dotnet/sdk/8.0.417/Sdks/Microsoft.NET.Sdk.StaticWebAssets/targets/Microsoft.NET.Sdk.StaticWebAssets.ScopedCss.targets (156,5)" does not exist in the project, and will be ignored.
       The target "CollectUpToDateCheckBuiltDesignTime" listed in a BeforeTargets attribute at "/usr/share/dotnet/sdk/8.0.417/Sdks/Microsoft.NET.Sdk.StaticWebAssets/targets/Microsoft.NET.Sdk.StaticWebAssets.ScopedCss.targets (156,5)" does not exist in the project, and will be ignored.
       The target "RazorGenerateComponentDeclaration" listed in an AfterTargets attribute at "/usr/share/dotnet/sdk/8.0.417/Sdks/Microsoft.NET.Sdk.Razor/targets/Microsoft.NET.Sdk.Razor.DesignTime.targets (55,53)" does not exist in the project, and will be ignored.
       Property reassignment: $(SourceLinkUrlInitializerTargets)=";_InitializeGitHubSourceLinkUrl;_InitializeGitLabSourceLinkUrl;_InitializeAzureReposGitSourceLinkUrl" (previous value: ";_InitializeGitHubSourceLinkUrl;_InitializeGitLabSourceLinkUrl") at /usr/share/dotnet/sdk/8.0.417/Sdks/Microsoft.SourceLink.AzureRepos.Git/build/Microsoft.SourceLink.AzureRepos.Git.targets (12,5)
       Property reassignment: $(SourceControlManagerUrlTranslationTargets)=";TranslateGitHubUrlsInSourceControlInformation;TranslateGitLabUrlsInSourceControlInformation;TranslateAzureReposGitUrlsInSourceControlInformation" (previous value: ";TranslateGitHubUrlsInSourceControlInformation;TranslateGitLabUrlsInSourceControlInformation") at /usr/share/dotnet/sdk/8.0.417/Sdks/Microsoft.SourceLink.AzureRepos.Git/build/Microsoft.SourceLink.AzureRepos.Git.targets (13,5)
       Property reassignment: $(SourceLinkUrlInitializerTargets)=";_InitializeGitHubSourceLinkUrl;_InitializeGitLabSourceLinkUrl;_InitializeAzureReposGitSourceLinkUrl;_InitializeBitbucketGitSourceLinkUrl" (previous value: ";_InitializeGitHubSourceLinkUrl;_InitializeGitLabSourceLinkUrl;_InitializeAzureReposGitSourceLinkUrl") at /usr/share/dotnet/sdk/8.0.417/Sdks/Microsoft.SourceLink.Bitbucket.Git/build/Microsoft.SourceLink.Bitbucket.Git.targets (12,5)
       Property reassignment: $(SourceControlManagerUrlTranslationTargets)=";TranslateGitHubUrlsInSourceControlInformation;TranslateGitLabUrlsInSourceControlInformation;TranslateAzureReposGitUrlsInSourceControlInformation;TranslateBitbucketGitUrlsInSourceControlInformation" (previous value: ";TranslateGitHubUrlsInSourceControlInformation;TranslateGitLabUrlsInSourceControlInformation;TranslateAzureReposGitUrlsInSourceControlInformation") at /usr/share/dotnet/sdk/8.0.417/Sdks/Microsoft.SourceLink.Bitbucket.Git/build/Microsoft.SourceLink.Bitbucket.Git.targets (13,5)
       Property reassignment: $(DesignerRuntimeImplementationProjectOutputGroupDependsOn)="
             
             ;
             
             ;
             BuildOnlySettings;
             PrepareForBuild;
             AssignTargetPaths;
             ResolveReferences
           
           ;
             _GenerateDesignerDepsFile;
             _GenerateDesignerRuntimeConfigFile;
             GetCopyToOutputDirectoryItems;
             _GatherDesignerShadowCopyFiles;
           " (previous value: "
             ;
             
             ;
             BuildOnlySettings;
             PrepareForBuild;
             AssignTargetPaths;
             ResolveReferences
           
           ") at /usr/share/dotnet/sdk/8.0.417/Sdks/Microsoft.NET.Sdk/targets/Microsoft.NET.DesignerSupport.targets (21,5)
     1>Project "/modernize-data/studio-data/TNT1001/APP1166/transformed-code/344/studio-workspace/TMS22/TourManagement.sln" (1) is building "/modernize-data/studio-data/TNT1001/APP1166/transformed-code/344/studio-workspace/TMS22/src/TourManagement.Web/TourManagement.Web.csproj" (4) on node 3 (_IsProjectRestoreSupported target(s)).
     4>Target "_IsProjectRestoreSupported" in file "/usr/share/dotnet/sdk/8.0.417/NuGet.targets" from project "/modernize-data/studio-data/TNT1001/APP1166/transformed-code/344/studio-workspace/TMS22/src/TourManagement.Web/TourManagement.Web.csproj" (entry point):
     4>Done building target "_IsProjectRestoreSupported" in project "TourManagement.Web.csproj".
     4>Done Building Project "/modernize-data/studio-data/TNT1001/APP1166/transformed-code/344/studio-workspace/TMS22/src/TourManagement.Web/TourManagement.Web.csproj" (_IsProjectRestoreSupported target(s)).
     0>Property reassignment: $(_GenerateToolsSettingsFileCacheFile)="/modernize-data/studio-data/TNT1001/APP1166/transformed-code/344/studio-workspace/TMS22/src/TourManagement.Domain/obj/Debug/net8.0/TourManagement.Domain.toolssettingsinput.cache" (previous value: "obj\Debug/net8.0/TourManagement.Domain.toolssettingsinput.cache") at /usr/share/dotnet/sdk/8.0.417/Sdks/Microsoft.NET.Sdk/targets/Microsoft.NET.PackTool.targets (68,5)
       Property reassignment: $(_ShimInputCacheFile)="/modernize-data/studio-data/TNT1001/APP1166/transformed-code/344/studio-workspace/TMS22/src/TourManagement.Domain/obj/Debug/net8.0/TourManagement.Domain.shiminput.cache" (previous value: "obj\Debug/net8.0/TourManagement.Domain.shiminput.cache") at /usr/share/dotnet/sdk/8.0.417/Sdks/Microsoft.NET.Sdk/targets/Microsoft.NET.PackTool.targets (137,5)
       Property reassignment: $(_ShimCreatedSentinelFile)="/modernize-data/studio-data/TNT1001/APP1166/transformed-code/344/studio-workspace/TMS22/src/TourManagement.Domain/obj/Debug/net8.0/TourManagement.Domain.shimcreated.sentinel" (previous value: "obj\Debug/net8.0/TourManagement.Domain.shimcreated.sentinel") at /usr/share/dotnet/sdk/8.0.417/Sdks/Microsoft.NET.Sdk/targets/Microsoft.NET.PackTool.targets (139,5)
       Property reassignment: $(DefineConstants)="TRACE;DEBUG" (previous value: "TRACE") at /usr/share/dotnet/sdk/8.0.417/Sdks/Microsoft.NET.Sdk/targets/Microsoft.NET.Sdk.CSharp.targets (31,5)
       Property reassignment: $(DefineConstants)="TRACE;DEBUG;NET;NET8_0;NETCOREAPP" (previous value: "TRACE;DEBUG") at /usr/share/dotnet/sdk/8.0.417/Sdks/Microsoft.NET.Sdk/targets/Microsoft.NET.Sdk.CSharp.targets (34,5)
       Property reassignment: $(WarningsAsErrors)=";NU1605;SYSLIB0011" (previous value: ";NU1605") at /usr/share/dotnet/sdk/8.0.417/Sdks/Microsoft.NET.Sdk/targets/Microsoft.NET.Sdk.CSharp.targets (48,5)
       Property reassignment: $(PackageDescription)="Package Description" (previous value: "") at /usr/share/dotnet/sdk/8.0.417/Sdks/NuGet.Build.Tasks.Pack/build/NuGet.Build.Tasks.Pack.targets (34,5)
       Property reassignment: $(GenerateNuspecDependsOn)="Build;_LoadPackInputItems; _GetTargetFrameworksOutput; _WalkEachTargetPerFramework; _GetPackageFiles; " (previous value: "_LoadPackInputItems; _GetTargetFrameworksOutput; _WalkEachTargetPerFramework; _GetPackageFiles; ") at /usr/share/dotnet/sdk/8.0.417/Sdks/NuGet.Build.Tasks.Pack/build/NuGet.Build.Tasks.Pack.targets (59,5)
       Property reassignment: $(_IsNotSetContainersTargetsDir)="true" (previous value: "false") at /usr/share/dotnet/sdk/8.0.417/Sdks/Microsoft.NET.Sdk/Sdk/Sdk.targets (59,5)
       Property reassignment: $(_IsSDKContainerAllowedVersion)="true" (previous value: "false") at /usr/share/dotnet/sdk/8.0.417/Containers/build/Microsoft.NET.Build.Containers.targets (5,5)
       Property reassignment: $(_ContainerIsTargetingNet8TFM)="true" (previous value: "false") at /usr/share/dotnet/sdk/8.0.417/Containers/build/Microsoft.NET.Build.Containers.targets (15,5)
       Overriding target "ResolveFrameworkReferences" in project "/usr/share/dotnet/sdk/8.0.417/Microsoft.Common.CurrentVersion.targets" with target "ResolveFrameworkReferences" from project "/usr/share/dotnet/sdk/8.0.417/Sdks/Microsoft.NET.Sdk/targets/Microsoft.NET.Sdk.FrameworkReferenceResolution.targets".
       Overriding target "Run" in project "/usr/share/dotnet/sdk/8.0.417/Microsoft.Common.CurrentVersion.targets" with target "Run" from project "/usr/share/dotnet/sdk/8.0.417/Sdks/Microsoft.NET.Sdk/targets/Microsoft.NET.Sdk.targets".
       Overriding target "GenerateSupportedTargetFrameworkAlias" in project "/usr/share/dotnet/sdk/8.0.417/Microsoft.Common.CurrentVersion.targets" with target "GenerateSupportedTargetFrameworkAlias" from project "/usr/share/dotnet/sdk/8.0.417/Sdks/Microsoft.NET.Sdk/targets/Microsoft.NET.Sdk.targets".
       Overriding target "GetReferenceAssemblyPaths" in project "/usr/share/dotnet/sdk/8.0.417/Microsoft.Common.CurrentVersion.targets" with target "GetReferenceAssemblyPaths" from project "/usr/share/dotnet/sdk/8.0.417/Sdks/Microsoft.NET.Sdk/targets/Microsoft.NET.DisableStandardFrameworkResolution.targets".
       Overriding target "GetFrameworkPaths" in project "/usr/share/dotnet/sdk/8.0.417/Microsoft.Common.CurrentVersion.targets" with target "GetFrameworkPaths" from project "/usr/share/dotnet/sdk/8.0.417/Sdks/Microsoft.NET.Sdk/targets/Microsoft.NET.DisableStandardFrameworkResolution.targets".
       Overriding target "DesignerRuntimeImplementationProjectOutputGroup" in project "/usr/share/dotnet/sdk/8.0.417/Microsoft.Common.CurrentVersion.targets" with target "DesignerRuntimeImplementationProjectOutputGroup" from project "/usr/share/dotnet/sdk/8.0.417/Sdks/Microsoft.NET.Sdk/targets/Microsoft.NET.DesignerSupport.targets".
       Overriding target "Publish" in project "/usr/share/dotnet/sdk/8.0.417/Microsoft.Common.CurrentVersion.targets" with target "Publish" from project "/usr/share/dotnet/sdk/8.0.417/Sdks/Microsoft.NET.Sdk/targets/Microsoft.NET.Publish.targets".
       Overriding target "ResolveReadyToRunCompilers" in project "/usr/share/dotnet/sdk/8.0.417/Sdks/Microsoft.NET.Sdk/targets/Microsoft.NET.CrossGen.targets" with target "ResolveReadyToRunCompilers" from project "/usr/share/dotnet/sdk/8.0.417/Sdks/Microsoft.NET.Sdk/targets/Microsoft.NET.Publish.targets".
       Overriding target "GetCopyToPublishDirectoryItems" in project "/usr/share/dotnet/sdk/8.0.417/Microsoft.Common.CurrentVersion.targets" with target "GetCopyToPublishDirectoryItems" from project "/usr/share/dotnet/sdk/8.0.417/Sdks/Microsoft.NET.Sdk/targets/Microsoft.NET.Publish.targets".
     1>Project "/modernize-data/studio-data/TNT1001/APP1166/transformed-code/344/studio-workspace/TMS22/TourManagement.sln" (1) is building "/modernize-data/studio-data/TNT1001/APP1166/transformed-code/344/studio-workspace/TMS22/src/TourManagement.Domain/TourManagement.Domain.csproj" (5) on node 1 (_IsProjectRestoreSupported target(s)).
     5>Target "_IsProjectRestoreSupported" in file "/usr/share/dotnet/sdk/8.0.417/NuGet.targets" from project "/modernize-data/studio-data/TNT1001/APP1166/transformed-code/344/studio-workspace/TMS22/src/TourManagement.Domain/TourManagement.Domain.csproj" (entry point):
     5>Done building target "_IsProjectRestoreSupported" in project "TourManagement.Domain.csproj".
     5>Done Building Project "/modernize-data/studio-data/TNT1001/APP1166/transformed-code/344/studio-workspace/TMS22/src/TourManagement.Domain/TourManagement.Domain.csproj" (_IsProjectRestoreSupported target(s)).
     1>Done executing task "MSBuild".
       Task "MSBuild" skipped, due to false condition; ( '$(RestoreUseSkipNonexistentTargets)' != 'true' ) was evaluated as ( 'true' != 'true' ).
       Using "WarnForInvalidProjectsTask" task from assembly "/usr/share/dotnet/sdk/8.0.417/NuGet.Build.Tasks.dll".
       Task "WarnForInvalidProjectsTask"
       Done executing task "WarnForInvalidProjectsTask".
     1>Done building target "_FilterRestoreGraphProjectInputItems" in project "TourManagement.sln".
       Target "_FilterRestoreGraphProjectInputItems" skipped. Previously built successfully.
     1>Target "_GetAllRestoreProjectPathItems" in file "/usr/share/dotnet/sdk/8.0.417/NuGet.targets" from project "/modernize-data/studio-data/TNT1001/APP1166/transformed-code/344/studio-workspace/TMS22/TourManagement.sln" (target "_GenerateRestoreGraph" depends on it):
       Using "NuGetMessageTask" task from assembly "/usr/share/dotnet/sdk/8.0.417/NuGet.Build.Tasks.dll".
       Task "NuGetMessageTask"
         Determining projects to restore...
       Done executing task "NuGetMessageTask".
       Task "MSBuild"
         Global Properties:
           ExcludeRestorePackageImports=true
           _RestoreSolutionFileUsed=true
           SolutionDir=/modernize-data/studio-data/TNT1001/APP1166/transformed-code/344/studio-workspace/TMS22/
           SolutionName=TourManagement
           SolutionFileName=TourManagement.sln
           SolutionPath=/modernize-data/studio-data/TNT1001/APP1166/transformed-code/344/studio-workspace/TMS22/TourManagement.sln
           SolutionExt=.sln
         Additional Properties for project "/modernize-data/studio-data/TNT1001/APP1166/transformed-code/344/studio-workspace/TMS22/src/TourManagement.Domain/TourManagement.Domain.csproj":
           Configuration=Debug
           Platform=AnyCPU
         Additional Properties for project "/modernize-data/studio-data/TNT1001/APP1166/transformed-code/344/studio-workspace/TMS22/src/TourManagement.Application/TourManagement.Application.csproj":
           Configuration=Debug
           Platform=AnyCPU
         Additional Properties for project "/modernize-data/studio-data/TNT1001/APP1166/transformed-code/344/studio-workspace/TMS22/src/TourManagement.Infrastructure/TourManagement.Infrastructure.csproj":
           Configuration=Debug
           Platform=AnyCPU
         Additional Properties for project "/modernize-data/studio-data/TNT1001/APP1166/transformed-code/344/studio-workspace/TMS22/src/TourManagement.Web/TourManagement.Web.csproj":
           Configuration=Debug
           Platform=AnyCPU
     1>Project "/modernize-data/studio-data/TNT1001/APP1166/transformed-code/344/studio-workspace/TMS22/TourManagement.sln" (1) is building "/modernize-data/studio-data/TNT1001/APP1166/transformed-code/344/studio-workspace/TMS22/src/TourManagement.Domain/TourManagement.Domain.csproj" (5:2) on node 1 (_GenerateRestoreProjectPathWalk target(s)).
   5:2>Target "_GenerateRestoreProjectPathItemsAllFrameworks" skipped, due to false condition; ( '$(TargetFrameworks)' != '' ) was evaluated as ( '' != '' ).
     1>Project "/modernize-data/studio-data/TNT1001/APP1166/transformed-code/344/studio-workspace/TMS22/TourManagement.sln" (1) is building "/modernize-data/studio-data/TNT1001/APP1166/transformed-code/344/studio-workspace/TMS22/src/TourManagement.Web/TourManagement.Web.csproj" (4:2) on node 3 (_GenerateRestoreProjectPathWalk target(s)).
   4:2>Target "_GenerateRestoreProjectPathItemsAllFrameworks" skipped, due to false condition; ( '$(TargetFrameworks)' != '' ) was evaluated as ( '' != '' ).
     1>Project "/modernize-data/studio-data/TNT1001/APP1166/transformed-code/344/studio-workspace/TMS22/TourManagement.sln" (1) is building "/modernize-data/studio-data/TNT1001/APP1166/transformed-code/344/studio-workspace/TMS22/src/TourManagement.Application/TourManagement.Application.csproj" (2:2) on node 2 (_GenerateRestoreProjectPathWalk target(s)).
   2:2>Target "_GenerateRestoreProjectPathItemsAllFrameworks" skipped, due to false condition; ( '$(TargetFrameworks)' != '' ) was evaluated as ( '' != '' ).
     1>Project "/modernize-data/studio-data/TNT1001/APP1166/transformed-code/344/studio-workspace/TMS22/TourManagement.sln" (1) is building "/modernize-data/studio-data/TNT1001/APP1166/transformed-code/344/studio-workspace/TMS22/src/TourManagement.Infrastructure/TourManagement.Infrastructure.csproj" (3:2) on node 4 (_GenerateRestoreProjectPathWalk target(s)).
   3:2>Target "_GenerateRestoreProjectPathItemsAllFrameworks" skipped, due to false condition; ( '$(TargetFrameworks)' != '' ) was evaluated as ( '' != '' ).
   5:2>Target "_GenerateRestoreProjectPathItemsPerFramework" in file "/usr/share/dotnet/sdk/8.0.417/NuGet.targets" from project "/modernize-data/studio-data/TNT1001/APP1166/transformed-code/344/studio-workspace/TMS22/src/TourManagement.Domain/TourManagement.Domain.csproj" (target "_GenerateRestoreProjectPathItemsCurrentProject" depends on it):
   5:2>Using "ConvertToAbsolutePath" task from assembly "Microsoft.Build.Tasks.Core, Version=15.1.0.0, Culture=neutral, PublicKeyToken=b03f5f7f11d50a3a".
   3:2>Target "_GenerateRestoreProjectPathItemsPerFramework" in file "/usr/share/dotnet/sdk/8.0.417/NuGet.targets" from project "/modernize-data/studio-data/TNT1001/APP1166/transformed-code/344/studio-workspace/TMS22/src/TourManagement.Infrastructure/TourManagement.Infrastructure.csproj" (target "_GenerateRestoreProjectPathItemsCurrentProject" depends on it):
   3:2>Using "ConvertToAbsolutePath" task from assembly "Microsoft.Build.Tasks.Core, Version=15.1.0.0, Culture=neutral, PublicKeyToken=b03f5f7f11d50a3a".
   4:2>Target "_GenerateRestoreProjectPathItemsPerFramework" in file "/usr/share/dotnet/sdk/8.0.417/NuGet.targets" from project "/modernize-data/studio-data/TNT1001/APP1166/transformed-code/344/studio-workspace/TMS22/src/TourManagement.Web/TourManagement.Web.csproj" (target "_GenerateRestoreProjectPathItemsCurrentProject" depends on it):
   4:2>Using "ConvertToAbsolutePath" task from assembly "Microsoft.Build.Tasks.Core, Version=15.1.0.0, Culture=neutral, PublicKeyToken=b03f5f7f11d50a3a".
   5:2>Task "ConvertToAbsolutePath"
   3:2>Task "ConvertToAbsolutePath"
   2:2>Target "_GenerateRestoreProjectPathItemsPerFramework" in file "/usr/share/dotnet/sdk/8.0.417/NuGet.targets" from project "/modernize-data/studio-data/TNT1001/APP1166/transformed-code/344/studio-workspace/TMS22/src/TourManagement.Application/TourManagement.Application.csproj" (target "_GenerateRestoreProjectPathItemsCurrentProject" depends on it):
   2:2>Using "ConvertToAbsolutePath" task from assembly "Microsoft.Build.Tasks.Core, Version=15.1.0.0, Culture=neutral, PublicKeyToken=b03f5f7f11d50a3a".
   4:2>Task "ConvertToAbsolutePath"
   2:2>Task "ConvertToAbsolutePath"
   5:2>Done executing task "ConvertToAbsolutePath".
   5:2>Done building target "_GenerateRestoreProjectPathItemsPerFramework" in project "TourManagement.Domain.csproj".
   5:2>Target "_GenerateRestoreProjectPathItemsCurrentProject" in file "/usr/share/dotnet/sdk/8.0.417/NuGet.targets" from project "/modernize-data/studio-data/TNT1001/APP1166/transformed-code/344/studio-workspace/TMS22/src/TourManagement.Domain/TourManagement.Domain.csproj" (target "_GenerateRestoreProjectPathItems" depends on it):
   5:2>Done building target "_GenerateRestoreProjectPathItemsCurrentProject" in project "TourManagement.Domain.csproj".
   4:2>Done executing task "ConvertToAbsolutePath".
   3:2>Done executing task "ConvertToAbsolutePath".
   4:2>Done building target "_GenerateRestoreProjectPathItemsPerFramework" in project "TourManagement.Web.csproj".
   3:2>Done building target "_GenerateRestoreProjectPathItemsPerFramework" in project "TourManagement.Infrastructure.csproj".
   4:2>Target "_GenerateRestoreProjectPathItemsCurrentProject" in file "/usr/share/dotnet/sdk/8.0.417/NuGet.targets" from project "/modernize-data/studio-data/TNT1001/APP1166/transformed-code/344/studio-workspace/TMS22/src/TourManagement.Web/TourManagement.Web.csproj" (target "_GenerateRestoreProjectPathItems" depends on it):
   4:2>Done building target "_GenerateRestoreProjectPathItemsCurrentProject" in project "TourManagement.Web.csproj".
   3:2>Target "_GenerateRestoreProjectPathItemsCurrentProject" in file "/usr/share/dotnet/sdk/8.0.417/NuGet.targets" from project "/modernize-data/studio-data/TNT1001/APP1166/transformed-code/344/studio-workspace/TMS22/src/TourManagement.Infrastructure/TourManagement.Infrastructure.csproj" (target "_GenerateRestoreProjectPathItems" depends on it):
   3:2>Done building target "_GenerateRestoreProjectPathItemsCurrentProject" in project "TourManagement.Infrastructure.csproj".
   5:2>Target "_GenerateRestoreProjectPathItems" in file "/usr/share/dotnet/sdk/8.0.417/NuGet.targets" from project "/modernize-data/studio-data/TNT1001/APP1166/transformed-code/344/studio-workspace/TMS22/src/TourManagement.Domain/TourManagement.Domain.csproj" (target "_GenerateRestoreProjectPathWalk" depends on it):
   5:2>Using "RemoveDuplicates" task from assembly "Microsoft.Build.Tasks.Core, Version=15.1.0.0, Culture=neutral, PublicKeyToken=b03f5f7f11d50a3a".
       Task "RemoveDuplicates"
   2:2>Done executing task "ConvertToAbsolutePath".
   2:2>Done building target "_GenerateRestoreProjectPathItemsPerFramework" in project "TourManagement.Application.csproj".
   4:2>Target "_GenerateRestoreProjectPathItems" in file "/usr/share/dotnet/sdk/8.0.417/NuGet.targets" from project "/modernize-data/studio-data/TNT1001/APP1166/transformed-code/344/studio-workspace/TMS22/src/TourManagement.Web/TourManagement.Web.csproj" (target "_GenerateRestoreProjectPathWalk" depends on it):
   4:2>Using "RemoveDuplicates" task from assembly "Microsoft.Build.Tasks.Core, Version=15.1.0.0, Culture=neutral, PublicKeyToken=b03f5f7f11d50a3a".
       Task "RemoveDuplicates"
   5:2>Done executing task "RemoveDuplicates".
   3:2>Target "_GenerateRestoreProjectPathItems" in file "/usr/share/dotnet/sdk/8.0.417/NuGet.targets" from project "/modernize-data/studio-data/TNT1001/APP1166/transformed-code/344/studio-workspace/TMS22/src/TourManagement.Infrastructure/TourManagement.Infrastructure.csproj" (target "_GenerateRestoreProjectPathWalk" depends on it):
   3:2>Using "RemoveDuplicates" task from assembly "Microsoft.Build.Tasks.Core, Version=15.1.0.0, Culture=neutral, PublicKeyToken=b03f5f7f11d50a3a".
   2:2>Target "_GenerateRestoreProjectPathItemsCurrentProject" in file "/usr/share/dotnet/sdk/8.0.417/NuGet.targets" from project "/modernize-data/studio-data/TNT1001/APP1166/transformed-code/344/studio-workspace/TMS22/src/TourManagement.Application/TourManagement.Application.csproj" (target "_GenerateRestoreProjectPathItems" depends on it):
   2:2>Done building target "_GenerateRestoreProjectPathItemsCurrentProject" in project "TourManagement.Application.csproj".
   5:2>Done building target "_GenerateRestoreProjectPathItems" in project "TourManagement.Domain.csproj".
   3:2>Task "RemoveDuplicates"
   4:2>Done executing task "RemoveDuplicates".
   5:2>Target "_GenerateRestoreProjectPathWalk" in file "/usr/share/dotnet/sdk/8.0.417/NuGet.targets" from project "/modernize-data/studio-data/TNT1001/APP1166/transformed-code/344/studio-workspace/TMS22/src/TourManagement.Domain/TourManagement.Domain.csproj" (entry point):
   5:2>Using "MSBuild" task from assembly "Microsoft.Build.Tasks.Core, Version=15.1.0.0, Culture=neutral, PublicKeyToken=b03f5f7f11d50a3a".
   4:2>Done building target "_GenerateRestoreProjectPathItems" in project "TourManagement.Web.csproj".
   2:2>Target "_GenerateRestoreProjectPathItems" in file "/usr/share/dotnet/sdk/8.0.417/NuGet.targets" from project "/modernize-data/studio-data/TNT1001/APP1166/transformed-code/344/studio-workspace/TMS22/src/TourManagement.Application/TourManagement.Application.csproj" (target "_GenerateRestoreProjectPathWalk" depends on it):
   2:2>Using "RemoveDuplicates" task from assembly "Microsoft.Build.Tasks.Core, Version=15.1.0.0, Culture=neutral, PublicKeyToken=b03f5f7f11d50a3a".
   3:2>Done executing task "RemoveDuplicates".
   5:2>Task "MSBuild"
   2:2>Task "RemoveDuplicates"
   3:2>Done building target "_GenerateRestoreProjectPathItems" in project "TourManagement.Infrastructure.csproj".
   4:2>Target "_GenerateRestoreProjectPathWalk" in file "/usr/share/dotnet/sdk/8.0.417/NuGet.targets" from project "/modernize-data/studio-data/TNT1001/APP1166/transformed-code/344/studio-workspace/TMS22/src/TourManagement.Web/TourManagement.Web.csproj" (entry point):
   4:2>Using "MSBuild" task from assembly "Microsoft.Build.Tasks.Core, Version=15.1.0.0, Culture=neutral, PublicKeyToken=b03f5f7f11d50a3a".
   2:2>Done executing task "RemoveDuplicates".
   4:2>Task "MSBuild"
   3:2>Target "_GenerateRestoreProjectPathWalk" in file "/usr/share/dotnet/sdk/8.0.417/NuGet.targets" from project "/modernize-data/studio-data/TNT1001/APP1166/transformed-code/344/studio-workspace/TMS22/src/TourManagement.Infrastructure/TourManagement.Infrastructure.csproj" (entry point):
   3:2>Using "MSBuild" task from assembly "Microsoft.Build.Tasks.Core, Version=15.1.0.0, Culture=neutral, PublicKeyToken=b03f5f7f11d50a3a".
   2:2>Done building target "_GenerateRestoreProjectPathItems" in project "TourManagement.Application.csproj".
   3:2>Task "MSBuild"
   2:2>Target "_GenerateRestoreProjectPathWalk" in file "/usr/share/dotnet/sdk/8.0.417/NuGet.targets" from project "/modernize-data/studio-data/TNT1001/APP1166/transformed-code/344/studio-workspace/TMS22/src/TourManagement.Application/TourManagement.Application.csproj" (entry point):
   2:2>Using "MSBuild" task from assembly "Microsoft.Build.Tasks.Core, Version=15.1.0.0, Culture=neutral, PublicKeyToken=b03f5f7f11d50a3a".
       Task "MSBuild"
   5:2>Done executing task "MSBuild".
       Task "MSBuild" skipped, due to false condition; ( '$(RestoreUseSkipNonexistentTargets)' != 'true' ) was evaluated as ( 'true' != 'true' ).
   4:2>_GenerateRestoreProjectPathWalk:
         Global Properties:
   3:2>_GenerateRestoreProjectPathWalk:
         Global Properties:
   5:2>Task "RemoveDuplicates"
   4:2>_GenerateRestoreProjectPathWalk:
           ExcludeRestorePackageImports=true
   3:2>_GenerateRestoreProjectPathWalk:
           ExcludeRestorePackageImports=true
   4:2>_GenerateRestoreProjectPathWalk:
           _RestoreSolutionFileUsed=true
   3:2>_GenerateRestoreProjectPathWalk:
           _RestoreSolutionFileUsed=true
           SolutionDir=/modernize-data/studio-data/TNT1001/APP1166/transformed-code/344/studio-workspace/TMS22/
   4:2>_GenerateRestoreProjectPathWalk:
           SolutionDir=/modernize-data/studio-data/TNT1001/APP1166/transformed-code/344/studio-workspace/TMS22/
   3:2>_GenerateRestoreProjectPathWalk:
           SolutionName=TourManagement
   4:2>_GenerateRestoreProjectPathWalk:
           SolutionName=TourManagement
   3:2>_GenerateRestoreProjectPathWalk:
           SolutionFileName=TourManagement.sln
   4:2>_GenerateRestoreProjectPathWalk:
           SolutionFileName=TourManagement.sln
   3:2>_GenerateRestoreProjectPathWalk:
           SolutionPath=/modernize-data/studio-data/TNT1001/APP1166/transformed-code/344/studio-workspace/TMS22/TourManagement.sln
   4:2>_GenerateRestoreProjectPathWalk:
           SolutionPath=/modernize-data/studio-data/TNT1001/APP1166/transformed-code/344/studio-workspace/TMS22/TourManagement.sln
   3:2>_GenerateRestoreProjectPathWalk:
           SolutionExt=.sln
   4:2>_GenerateRestoreProjectPathWalk:
           SolutionExt=.sln
   5:2>Done executing task "RemoveDuplicates".
   5:2>Done building target "_GenerateRestoreProjectPathWalk" in project "TourManagement.Domain.csproj".
   5:2>Done Building Project "/modernize-data/studio-data/TNT1001/APP1166/transformed-code/344/studio-workspace/TMS22/src/TourManagement.Domain/TourManagement.Domain.csproj" (_GenerateRestoreProjectPathWalk target(s)).
   2:2>_GenerateRestoreProjectPathWalk:
         Global Properties:
           ExcludeRestorePackageImports=true
           _RestoreSolutionFileUsed=true
           SolutionDir=/modernize-data/studio-data/TNT1001/APP1166/transformed-code/344/studio-workspace/TMS22/
           SolutionName=TourManagement
           SolutionFileName=TourManagement.sln
           SolutionPath=/modernize-data/studio-data/TNT1001/APP1166/transformed-code/344/studio-workspace/TMS22/TourManagement.sln
           SolutionExt=.sln
   3:2>Project "/modernize-data/studio-data/TNT1001/APP1166/transformed-code/344/studio-workspace/TMS22/src/TourManagement.Infrastructure/TourManagement.Infrastructure.csproj" (3:2) is building "/modernize-data/studio-data/TNT1001/APP1166/transformed-code/344/studio-workspace/TMS22/src/TourManagement.Domain/TourManagement.Domain.csproj" (5:3) on node 1 (_GenerateRestoreProjectPathWalk target(s)).
   5:3>Target "_GenerateRestoreProjectPathWalk" skipped. Previously built successfully.
   5:3>Done Building Project "/modernize-data/studio-data/TNT1001/APP1166/transformed-code/344/studio-workspace/TMS22/src/TourManagement.Domain/TourManagement.Domain.csproj" (_GenerateRestoreProjectPathWalk target(s)).
   2:2>Project "/modernize-data/studio-data/TNT1001/APP1166/transformed-code/344/studio-workspace/TMS22/src/TourManagement.Application/TourManagement.Application.csproj" (2:2) is building "/modernize-data/studio-data/TNT1001/APP1166/transformed-code/344/studio-workspace/TMS22/src/TourManagement.Domain/TourManagement.Domain.csproj" (5:4) on node 1 (_GenerateRestoreProjectPathWalk target(s)).
   5:4>Target "_GenerateRestoreProjectPathWalk" skipped. Previously built successfully.
   5:4>Done Building Project "/modernize-data/studio-data/TNT1001/APP1166/transformed-code/344/studio-workspace/TMS22/src/TourManagement.Domain/TourManagement.Domain.csproj" (_GenerateRestoreProjectPathWalk target(s)).
   2:2>Done executing task "MSBuild".
       Task "MSBuild" skipped, due to false condition; ( '$(RestoreUseSkipNonexistentTargets)' != 'true' ) was evaluated as ( 'true' != 'true' ).
       Task "RemoveDuplicates"
       Done executing task "RemoveDuplicates".
   2:2>Done building target "_GenerateRestoreProjectPathWalk" in project "TourManagement.Application.csproj".
   2:2>Done Building Project "/modernize-data/studio-data/TNT1001/APP1166/transformed-code/344/studio-workspace/TMS22/src/TourManagement.Application/TourManagement.Application.csproj" (_GenerateRestoreProjectPathWalk target(s)).
   3:2>Project "/modernize-data/studio-data/TNT1001/APP1166/transformed-code/344/studio-workspace/TMS22/src/TourManagement.Infrastructure/TourManagement.Infrastructure.csproj" (3:2) is building "/modernize-data/studio-data/TNT1001/APP1166/transformed-code/344/studio-workspace/TMS22/src/TourManagement.Application/TourManagement.Application.csproj" (2:3) on node 2 (_GenerateRestoreProjectPathWalk target(s)).
   2:3>Target "_GenerateRestoreProjectPathWalk" skipped. Previously built successfully.
   2:3>Done Building Project "/modernize-data/studio-data/TNT1001/APP1166/transformed-code/344/studio-workspace/TMS22/src/TourManagement.Application/TourManagement.Application.csproj" (_GenerateRestoreProjectPathWalk target(s)).
   4:2>Project "/modernize-data/studio-data/TNT1001/APP1166/transformed-code/344/studio-workspace/TMS22/src/TourManagement.Web/TourManagement.Web.csproj" (4:2) is building "/modernize-data/studio-data/TNT1001/APP1166/transformed-code/344/studio-workspace/TMS22/src/TourManagement.Application/TourManagement.Application.csproj" (2:4) on node 2 (_GenerateRestoreProjectPathWalk target(s)).
   2:4>Target "_GenerateRestoreProjectPathWalk" skipped. Previously built successfully.
   2:4>Done Building Project "/modernize-data/studio-data/TNT1001/APP1166/transformed-code/344/studio-workspace/TMS22/src/TourManagement.Application/TourManagement.Application.csproj" (_GenerateRestoreProjectPathWalk target(s)).
   3:2>Done executing task "MSBuild".
       Task "MSBuild" skipped, due to false condition; ( '$(RestoreUseSkipNonexistentTargets)' != 'true' ) was evaluated as ( 'true' != 'true' ).
       Task "RemoveDuplicates"
       Done executing task "RemoveDuplicates".
   3:2>Done building target "_GenerateRestoreProjectPathWalk" in project "TourManagement.Infrastructure.csproj".
   3:2>Done Building Project "/modernize-data/studio-data/TNT1001/APP1166/transformed-code/344/studio-workspace/TMS22/src/TourManagement.Infrastructure/TourManagement.Infrastructure.csproj" (_GenerateRestoreProjectPathWalk target(s)).
   4:2>Project "/modernize-data/studio-data/TNT1001/APP1166/transformed-code/344/studio-workspace/TMS22/src/TourManagement.Web/TourManagement.Web.csproj" (4:2) is building "/modernize-data/studio-data/TNT1001/APP1166/transformed-code/344/studio-workspace/TMS22/src/TourManagement.Infrastructure/TourManagement.Infrastructure.csproj" (3:3) on node 4 (_GenerateRestoreProjectPathWalk target(s)).
   3:3>Target "_GenerateRestoreProjectPathWalk" skipped. Previously built successfully.
   3:3>Done Building Project "/modernize-data/studio-data/TNT1001/APP1166/transformed-code/344/studio-workspace/TMS22/src/TourManagement.Infrastructure/TourManagement.Infrastructure.csproj" (_GenerateRestoreProjectPathWalk target(s)).
   4:2>Done executing task "MSBuild".
       Task "MSBuild" skipped, due to false condition; ( '$(RestoreUseSkipNonexistentTargets)' != 'true' ) was evaluated as ( 'true' != 'true' ).
       Task "RemoveDuplicates"
       Done executing task "RemoveDuplicates".
   4:2>Done building target "_GenerateRestoreProjectPathWalk" in project "TourManagement.Web.csproj".
   4:2>Done Building Project "/modernize-data/studio-data/TNT1001/APP1166/transformed-code/344/studio-workspace/TMS22/src/TourManagement.Web/TourManagement.Web.csproj" (_GenerateRestoreProjectPathWalk target(s)).
     1>Done executing task "MSBuild".
       Task "MSBuild" skipped, due to false condition; ( '$(RestoreUseSkipNonexistentTargets)' != 'true' ) was evaluated as ( 'true' != 'true' ).
       Task "RemoveDuplicates"
       Done executing task "RemoveDuplicates".
       Task "MSBuild"
         Global Properties:
           ExcludeRestorePackageImports=true
           _RestoreSolutionFileUsed=true
           SolutionDir=/modernize-data/studio-data/TNT1001/APP1166/transformed-code/344/studio-workspace/TMS22/
           SolutionName=TourManagement
           SolutionFileName=TourManagement.sln
           SolutionPath=/modernize-data/studio-data/TNT1001/APP1166/transformed-code/344/studio-workspace/TMS22/TourManagement.sln
           SolutionExt=.sln
         Additional Properties for project "/modernize-data/studio-data/TNT1001/APP1166/transformed-code/344/studio-workspace/TMS22/src/TourManagement.Domain/TourManagement.Domain.csproj":
           Configuration=Debug
           Platform=AnyCPU
         Additional Properties for project "/modernize-data/studio-data/TNT1001/APP1166/transformed-code/344/studio-workspace/TMS22/src/TourManagement.Application/TourManagement.Application.csproj":
           Configuration=Debug
           Platform=AnyCPU
         Additional Properties for project "/modernize-data/studio-data/TNT1001/APP1166/transformed-code/344/studio-workspace/TMS22/src/TourManagement.Infrastructure/TourManagement.Infrastructure.csproj":
           Configuration=Debug
           Platform=AnyCPU
         Additional Properties for project "/modernize-data/studio-data/TNT1001/APP1166/transformed-code/344/studio-workspace/TMS22/src/TourManagement.Web/TourManagement.Web.csproj":
           Configuration=Debug
           Platform=AnyCPU
     1>Project "/modernize-data/studio-data/TNT1001/APP1166/transformed-code/344/studio-workspace/TMS22/TourManagement.sln" (1) is building "/modernize-data/studio-data/TNT1001/APP1166/transformed-code/344/studio-workspace/TMS22/src/TourManagement.Domain/TourManagement.Domain.csproj" (5:5) on node 1 (_IsProjectRestoreSupported target(s)).
   5:5>Target "_IsProjectRestoreSupported" skipped. Previously built successfully.
   5:5>Done Building Project "/modernize-data/studio-data/TNT1001/APP1166/transformed-code/344/studio-workspace/TMS22/src/TourManagement.Domain/TourManagement.Domain.csproj" (_IsProjectRestoreSupported target(s)).
     1>Project "/modernize-data/studio-data/TNT1001/APP1166/transformed-code/344/studio-workspace/TMS22/TourManagement.sln" (1) is building "/modernize-data/studio-data/TNT1001/APP1166/transformed-code/344/studio-workspace/TMS22/src/TourManagement.Application/TourManagement.Application.csproj" (2:5) on node 1 (_IsProjectRestoreSupported target(s)).
   2:5>Target "_IsProjectRestoreSupported" skipped. Previously built successfully.
   2:5>Done Building Project "/modernize-data/studio-data/TNT1001/APP1166/transformed-code/344/studio-workspace/TMS22/src/TourManagement.Application/TourManagement.Application.csproj" (_IsProjectRestoreSupported target(s)).
     1>Project "/modernize-data/studio-data/TNT1001/APP1166/transformed-code/344/studio-workspace/TMS22/TourManagement.sln" (1) is building "/modernize-data/studio-data/TNT1001/APP1166/transformed-code/344/studio-workspace/TMS22/src/TourManagement.Infrastructure/TourManagement.Infrastructure.csproj" (3:4) on node 1 (_IsProjectRestoreSupported target(s)).
   3:4>Target "_IsProjectRestoreSupported" skipped. Previously built successfully.
   3:4>Done Building Project "/modernize-data/studio-data/TNT1001/APP1166/transformed-code/344/studio-workspace/TMS22/src/TourManagement.Infrastructure/TourManagement.Infrastructure.csproj" (_IsProjectRestoreSupported target(s)).
     1>Project "/modernize-data/studio-data/TNT1001/APP1166/transformed-code/344/studio-workspace/TMS22/TourManagement.sln" (1) is building "/modernize-data/studio-data/TNT1001/APP1166/transformed-code/344/studio-workspace/TMS22/src/TourManagement.Web/TourManagement.Web.csproj" (4:3) on node 1 (_IsProjectRestoreSupported target(s)).
   4:3>Target "_IsProjectRestoreSupported" skipped. Previously built successfully.
   4:3>Done Building Project "/modernize-data/studio-data/TNT1001/APP1166/transformed-code/344/studio-workspace/TMS22/src/TourManagement.Web/TourManagement.Web.csproj" (_IsProjectRestoreSupported target(s)).
     1>Done executing task "MSBuild".
       Task "MSBuild" skipped, due to false condition; ( '$(RestoreUseSkipNonexistentTargets)' != 'true' ) was evaluated as ( 'true' != 'true' ).
     1>Done building target "_GetAllRestoreProjectPathItems" in project "TourManagement.sln".
     1>Target "_GenerateRestoreGraph" in file "/usr/share/dotnet/sdk/8.0.417/NuGet.targets" from project "/modernize-data/studio-data/TNT1001/APP1166/transformed-code/344/studio-workspace/TMS22/TourManagement.sln" (target "Restore" depends on it):
       Task "Message"
         Generating dg file
       Done executing task "Message".
       Task "Message"
         /modernize-data/studio-data/TNT1001/APP1166/transformed-code/344/studio-workspace/TMS22/src/TourManagement.Domain/TourManagement.Domain.csproj
       Done executing task "Message".
       Task "Message"
         /modernize-data/studio-data/TNT1001/APP1166/transformed-code/344/studio-workspace/TMS22/src/TourManagement.Application/TourManagement.Application.csproj
       Done executing task "Message".
       Task "Message"
         /modernize-data/studio-data/TNT1001/APP1166/transformed-code/344/studio-workspace/TMS22/src/TourManagement.Infrastructure/TourManagement.Infrastructure.csproj
       Done executing task "Message".
       Task "Message"
         /modernize-data/studio-data/TNT1001/APP1166/transformed-code/344/studio-workspace/TMS22/src/TourManagement.Web/TourManagement.Web.csproj
       Done executing task "Message".
       Task "MSBuild"
         Global Properties:
           ExcludeRestorePackageImports=true
           _RestoreSolutionFileUsed=true
           SolutionDir=/modernize-data/studio-data/TNT1001/APP1166/transformed-code/344/studio-workspace/TMS22/
           SolutionName=TourManagement
           SolutionFileName=TourManagement.sln
           SolutionPath=/modernize-data/studio-data/TNT1001/APP1166/transformed-code/344/studio-workspace/TMS22/TourManagement.sln
           SolutionExt=.sln
         Additional Properties for project "/modernize-data/studio-data/TNT1001/APP1166/transformed-code/344/studio-workspace/TMS22/src/TourManagement.Domain/TourManagement.Domain.csproj":
           Configuration=Debug
           Platform=AnyCPU
         Additional Properties for project "/modernize-data/studio-data/TNT1001/APP1166/transformed-code/344/studio-workspace/TMS22/src/TourManagement.Application/TourManagement.Application.csproj":
           Configuration=Debug
           Platform=AnyCPU
         Additional Properties for project "/modernize-data/studio-data/TNT1001/APP1166/transformed-code/344/studio-workspace/TMS22/src/TourManagement.Infrastructure/TourManagement.Infrastructure.csproj":
           Configuration=Debug
           Platform=AnyCPU
         Additional Properties for project "/modernize-data/studio-data/TNT1001/APP1166/transformed-code/344/studio-workspace/TMS22/src/TourManagement.Web/TourManagement.Web.csproj":
           Configuration=Debug
           Platform=AnyCPU
     1>Project "/modernize-data/studio-data/TNT1001/APP1166/transformed-code/344/studio-workspace/TMS22/TourManagement.sln" (1) is building "/modernize-data/studio-data/TNT1001/APP1166/transformed-code/344/studio-workspace/TMS22/src/TourManagement.Domain/TourManagement.Domain.csproj" (5:6) on node 1 (_GenerateRestoreGraphProjectEntry target(s)).
   5:6>Target "_GetProjectJsonPath" in file "/usr/share/dotnet/sdk/8.0.417/NuGet.targets" from project "/modernize-data/studio-data/TNT1001/APP1166/transformed-code/344/studio-workspace/TMS22/src/TourManagement.Domain/TourManagement.Domain.csproj" (target "_GetRestoreProjectStyle" depends on it):
   5:6>Task "GetRestoreProjectJsonPathTask" skipped, due to false condition; ( '$(RestoreProjectStyle)' == 'ProjectJson' OR '$(RestoreProjectStyle)' == '' ) was evaluated as ( 'PackageReference' == 'ProjectJson' OR 'PackageReference' == '' ).
   5:6>Done building target "_GetProjectJsonPath" in project "TourManagement.Domain.csproj".
       Target "_CheckForUnsupportedTargetPlatformIdentifier" skipped, due to false condition; ('$(TargetPlatformIdentifier)' != '' and '$(TargetFrameworkIdentifier)' == '.NETCoreApp' and $([MSBuild]::VersionGreaterThanOrEquals($(TargetFrameworkVersion), 5.0)) And ('$(DesignTimeBuild)' != 'true' Or '@(MissingWorkloadPack)' == '')) was evaluated as ('' != '' and '.NETCoreApp' == '.NETCoreApp' and True And ('' != 'true' Or '' == '')).
       Target "_CheckForMissingWorkload" skipped, due to false condition; ('@(MissingWorkloadPack)' != '' And '$(DesignTimeBuild)' != 'true') was evaluated as ('' != '' And '' != 'true').
     1>Project "/modernize-data/studio-data/TNT1001/APP1166/transformed-code/344/studio-workspace/TMS22/TourManagement.sln" (1) is building "/modernize-data/studio-data/TNT1001/APP1166/transformed-code/344/studio-workspace/TMS22/src/TourManagement.Infrastructure/TourManagement.Infrastructure.csproj" (3:5) on node 4 (_GenerateRestoreGraphProjectEntry target(s)).
   3:5>Target "_GetProjectJsonPath" in file "/usr/share/dotnet/sdk/8.0.417/NuGet.targets" from project "/modernize-data/studio-data/TNT1001/APP1166/transformed-code/344/studio-workspace/TMS22/src/TourManagement.Infrastructure/TourManagement.Infrastructure.csproj" (target "_GetRestoreProjectStyle" depends on it):
   3:5>Task "GetRestoreProjectJsonPathTask" skipped, due to false condition; ( '$(RestoreProjectStyle)' == 'ProjectJson' OR '$(RestoreProjectStyle)' == '' ) was evaluated as ( 'PackageReference' == 'ProjectJson' OR 'PackageReference' == '' ).
   5:6>Target "_CheckForUnsupportedNETCoreVersion" in file "/usr/share/dotnet/sdk/8.0.417/Sdks/Microsoft.NET.Sdk/targets/Microsoft.NET.TargetFrameworkInference.targets" from project "/modernize-data/studio-data/TNT1001/APP1166/transformed-code/344/studio-workspace/TMS22/src/TourManagement.Domain/TourManagement.Domain.csproj" (target "CollectPackageReferences" depends on it):
   5:6>Task "NETSdkError" skipped, due to false condition; ('$(_TargetFrameworkVersionWithoutV)' > '$(NETCoreAppMaximumVersion)' and '$(DisplayVSMessage)' != 'true') was evaluated as ('8.0' > '8.0' and '' != 'true').
   3:5>Done building target "_GetProjectJsonPath" in project "TourManagement.Infrastructure.csproj".
   5:6>_CheckForUnsupportedNETCoreVersion:
       Task "NETSdkError" skipped, due to false condition; ('$(DisplayVSMessage)' == 'true') was evaluated as ('' == 'true').
   5:6>Done building target "_CheckForUnsupportedNETCoreVersion" in project "TourManagement.Domain.csproj".
     1>Project "/modernize-data/studio-data/TNT1001/APP1166/transformed-code/344/studio-workspace/TMS22/TourManagement.sln" (1) is building "/modernize-data/studio-data/TNT1001/APP1166/transformed-code/344/studio-workspace/TMS22/src/TourManagement.Application/TourManagement.Application.csproj" (2:6) on node 2 (_GenerateRestoreGraphProjectEntry target(s)).
   2:6>Target "_GetProjectJsonPath" in file "/usr/share/dotnet/sdk/8.0.417/NuGet.targets" from project "/modernize-data/studio-data/TNT1001/APP1166/transformed-code/344/studio-workspace/TMS22/src/TourManagement.Application/TourManagement.Application.csproj" (target "_GetRestoreProjectStyle" depends on it):
   2:6>Task "GetRestoreProjectJsonPathTask" skipped, due to false condition; ( '$(RestoreProjectStyle)' == 'ProjectJson' OR '$(RestoreProjectStyle)' == '' ) was evaluated as ( 'PackageReference' == 'ProjectJson' OR 'PackageReference' == '' ).
   3:5>Target "_CheckForUnsupportedTargetPlatformIdentifier" skipped, due to false condition; ('$(TargetPlatformIdentifier)' != '' and '$(TargetFrameworkIdentifier)' == '.NETCoreApp' and $([MSBuild]::VersionGreaterThanOrEquals($(TargetFrameworkVersion), 5.0)) And ('$(DesignTimeBuild)' != 'true' Or '@(MissingWorkloadPack)' == '')) was evaluated as ('' != '' and '.NETCoreApp' == '.NETCoreApp' and True And ('' != 'true' Or '' == '')).
   2:6>Done building target "_GetProjectJsonPath" in project "TourManagement.Application.csproj".
   3:5>Target "_CheckForMissingWorkload" skipped, due to false condition; ('@(MissingWorkloadPack)' != '' And '$(DesignTimeBuild)' != 'true') was evaluated as ('' != '' And '' != 'true').
   2:6>Target "_CheckForUnsupportedTargetPlatformIdentifier" skipped, due to false condition; ('$(TargetPlatformIdentifier)' != '' and '$(TargetFrameworkIdentifier)' == '.NETCoreApp' and $([MSBuild]::VersionGreaterThanOrEquals($(TargetFrameworkVersion), 5.0)) And ('$(DesignTimeBuild)' != 'true' Or '@(MissingWorkloadPack)' == '')) was evaluated as ('' != '' and '.NETCoreApp' == '.NETCoreApp' and True And ('' != 'true' Or '' == '')).
       Target "_CheckForMissingWorkload" skipped, due to false condition; ('@(MissingWorkloadPack)' != '' And '$(DesignTimeBuild)' != 'true') was evaluated as ('' != '' And '' != 'true').
     1>Project "/modernize-data/studio-data/TNT1001/APP1166/transformed-code/344/studio-workspace/TMS22/TourManagement.sln" (1) is building "/modernize-data/studio-data/TNT1001/APP1166/transformed-code/344/studio-workspace/TMS22/src/TourManagement.Web/TourManagement.Web.csproj" (4:4) on node 3 (_GenerateRestoreGraphProjectEntry target(s)).
   4:4>Target "_GetProjectJsonPath" in file "/usr/share/dotnet/sdk/8.0.417/NuGet.targets" from project "/modernize-data/studio-data/TNT1001/APP1166/transformed-code/344/studio-workspace/TMS22/src/TourManagement.Web/TourManagement.Web.csproj" (target "_GetRestoreProjectStyle" depends on it):
   4:4>Task "GetRestoreProjectJsonPathTask" skipped, due to false condition; ( '$(RestoreProjectStyle)' == 'ProjectJson' OR '$(RestoreProjectStyle)' == '' ) was evaluated as ( 'PackageReference' == 'ProjectJson' OR 'PackageReference' == '' ).
   4:4>Done building target "_GetProjectJsonPath" in project "TourManagement.Web.csproj".
       Target "_CheckForUnsupportedTargetPlatformIdentifier" skipped, due to false condition; ('$(TargetPlatformIdentifier)' != '' and '$(TargetFrameworkIdentifier)' == '.NETCoreApp' and $([MSBuild]::VersionGreaterThanOrEquals($(TargetFrameworkVersion), 5.0)) And ('$(DesignTimeBuild)' != 'true' Or '@(MissingWorkloadPack)' == '')) was evaluated as ('' != '' and '.NETCoreApp' == '.NETCoreApp' and True And ('' != 'true' Or '' == '')).
       Target "_CheckForMissingWorkload" skipped, due to false condition; ('@(MissingWorkloadPack)' != '' And '$(DesignTimeBuild)' != 'true') was evaluated as ('' != '' And '' != 'true').
   2:6>Target "_CheckForUnsupportedNETCoreVersion" in file "/usr/share/dotnet/sdk/8.0.417/Sdks/Microsoft.NET.Sdk/targets/Microsoft.NET.TargetFrameworkInference.targets" from project "/modernize-data/studio-data/TNT1001/APP1166/transformed-code/344/studio-workspace/TMS22/src/TourManagement.Application/TourManagement.Application.csproj" (target "CollectPackageReferences" depends on it):
   2:6>Task "NETSdkError" skipped, due to false condition; ('$(_TargetFrameworkVersionWithoutV)' > '$(NETCoreAppMaximumVersion)' and '$(DisplayVSMessage)' != 'true') was evaluated as ('8.0' > '8.0' and '' != 'true').
   5:6>Target "_CheckForEolTargetFrameworks" skipped, due to false condition; ('@(_EolNetCoreTargetFrameworkVersions->AnyHaveMetadataValue('Identity', '$(_TargetFrameworkVersionWithoutV)'))' and '$(TargetFrameworkIdentifier)' == '.NETCoreApp' and '$(CheckEolTargetFramework)' == 'true') was evaluated as ('false' and '.NETCoreApp' == '.NETCoreApp' and '' == 'true').
       Target "_CheckForEolWorkloads" skipped, due to false condition; ('@(EolWorkload)' != '' and '$(CheckEolWorkloads)' == 'true') was evaluated as ('' != '' and 'true' == 'true').
   2:6>_CheckForUnsupportedNETCoreVersion:
       Task "NETSdkError" skipped, due to false condition; ('$(DisplayVSMessage)' == 'true') was evaluated as ('' == 'true').
   5:6>Target "_CheckForUnsupportedCppNETCoreVersion" in file "/usr/share/dotnet/sdk/8.0.417/Sdks/Microsoft.NET.Sdk/targets/Microsoft.NET.TargetFrameworkInference.targets" from project "/modernize-data/studio-data/TNT1001/APP1166/transformed-code/344/studio-workspace/TMS22/src/TourManagement.Domain/TourManagement.Domain.csproj" (target "CollectPackageReferences" depends on it):
   5:6>Task "NETSdkError" skipped, due to false condition; ('$(TargetFrameworkIdentifier)' == '.NETCoreApp' and '$(_TargetFrameworkVersionWithoutV)' < '3.1' and ('$(Language)' == 'C++' and '$(_EnablePackageReferencesInVCProjects)' != 'true')) was evaluated as ('.NETCoreApp' == '.NETCoreApp' and '8.0' < '3.1' and ('C#' == 'C++' and '' != 'true')).
   5:6>Done building target "_CheckForUnsupportedCppNETCoreVersion" in project "TourManagement.Domain.csproj".
   2:6>Done building target "_CheckForUnsupportedNETCoreVersion" in project "TourManagement.Application.csproj".
   5:6>Target "_CheckForUnsupportedNETStandardVersion" skipped, due to false condition; ('$(TargetFrameworkIdentifier)' == '.NETStandard' And '$(NETStandardMaximumVersion)' != '') was evaluated as ('.NETCoreApp' == '.NETStandard' And '' != '').
       Target "_CheckForUnsupportedTargetFrameworkAndFeatureCombination" skipped, due to false condition; ('$(TargetFrameworkIdentifier)' == '.NETFramework') was evaluated as ('.NETCoreApp' == '.NETFramework').
   2:6>Target "_CheckForEolTargetFrameworks" skipped, due to false condition; ('@(_EolNetCoreTargetFrameworkVersions->AnyHaveMetadataValue('Identity', '$(_TargetFrameworkVersionWithoutV)'))' and '$(TargetFrameworkIdentifier)' == '.NETCoreApp' and '$(CheckEolTargetFramework)' == 'true') was evaluated as ('false' and '.NETCoreApp' == '.NETCoreApp' and '' == 'true').
   5:6>Target "ApplyImplicitVersions" skipped, due to false condition; ('@(PackageReference)' != '') was evaluated as ('' != '').
       Target "IncludeTargetingPackReference" skipped, due to false condition; ('$(TargetFrameworkMoniker)' != '' and '$(TargetFrameworkIdentifier)' == '.NETFramework' and '$(AutomaticallyUseReferenceAssemblyPackages)' == 'true') was evaluated as ('.NETCoreApp,Version=v8.0' != '' and '.NETCoreApp' == '.NETFramework' and 'true' == 'true').
   2:6>Target "_CheckForEolWorkloads" skipped, due to false condition; ('@(EolWorkload)' != '' and '$(CheckEolWorkloads)' == 'true') was evaluated as ('' != '' and 'true' == 'true').
   2:6>Target "_CheckForUnsupportedCppNETCoreVersion" in file "/usr/share/dotnet/sdk/8.0.417/Sdks/Microsoft.NET.Sdk/targets/Microsoft.NET.TargetFrameworkInference.targets" from project "/modernize-data/studio-data/TNT1001/APP1166/transformed-code/344/studio-workspace/TMS22/src/TourManagement.Application/TourManagement.Application.csproj" (target "CollectPackageReferences" depends on it):
       Task "NETSdkError" skipped, due to false condition; ('$(TargetFrameworkIdentifier)' == '.NETCoreApp' and '$(_TargetFrameworkVersionWithoutV)' < '3.1' and ('$(Language)' == 'C++' and '$(_EnablePackageReferencesInVCProjects)' != 'true')) was evaluated as ('.NETCoreApp' == '.NETCoreApp' and '8.0' < '3.1' and ('C#' == 'C++' and '' != 'true')).
   2:6>Done building target "_CheckForUnsupportedCppNETCoreVersion" in project "TourManagement.Application.csproj".
       Target "_CheckForUnsupportedNETStandardVersion" skipped, due to false condition; ('$(TargetFrameworkIdentifier)' == '.NETStandard' And '$(NETStandardMaximumVersion)' != '') was evaluated as ('.NETCoreApp' == '.NETStandard' And '' != '').
       Target "_CheckForUnsupportedTargetFrameworkAndFeatureCombination" skipped, due to false condition; ('$(TargetFrameworkIdentifier)' == '.NETFramework') was evaluated as ('.NETCoreApp' == '.NETFramework').
   2:6>Target "UpdateAspNetToFrameworkReference" in file "/usr/share/dotnet/sdk/8.0.417/Sdks/Microsoft.NET.Sdk/targets/Microsoft.NET.Sdk.DefaultItems.Shared.targets" from project "/modernize-data/studio-data/TNT1001/APP1166/transformed-code/344/studio-workspace/TMS22/src/TourManagement.Application/TourManagement.Application.csproj" (target "ApplyImplicitVersions" depends on it):
       Using "CheckIfPackageReferenceShouldBeFrameworkReference" task from assembly "/usr/share/dotnet/sdk/8.0.417/Sdks/Microsoft.NET.Sdk/targets/../tools/net8.0/Microsoft.NET.Build.Tasks.dll".
       Task "CheckIfPackageReferenceShouldBeFrameworkReference"
       Done executing task "CheckIfPackageReferenceShouldBeFrameworkReference".
       Task "NETSdkError" skipped, due to false condition; ('$(_ShouldRemoveAspNetCoreAll)' == 'true') was evaluated as ('False' == 'true').
       Task "CheckIfPackageReferenceShouldBeFrameworkReference"
       Done executing task "CheckIfPackageReferenceShouldBeFrameworkReference".
       Task "NETSdkWarning" skipped, due to false condition; ('$(_ShouldRemoveAspNetCoreApp)' == 'true') was evaluated as ('False' == 'true').
   2:6>Done building target "UpdateAspNetToFrameworkReference" in project "TourManagement.Application.csproj".
       Target "IncludeTargetingPackReference" skipped, due to false condition; ('$(TargetFrameworkMoniker)' != '' and '$(TargetFrameworkIdentifier)' == '.NETFramework' and '$(AutomaticallyUseReferenceAssemblyPackages)' == 'true') was evaluated as ('.NETCoreApp,Version=v8.0' != '' and '.NETCoreApp' == '.NETFramework' and 'true' == 'true').
   2:6>Target "CheckForImplicitPackageReferenceOverrides" in file "/usr/share/dotnet/sdk/8.0.417/Sdks/Microsoft.NET.Sdk/targets/Microsoft.NET.Sdk.DefaultItems.Shared.targets" from project "/modernize-data/studio-data/TNT1001/APP1166/transformed-code/344/studio-workspace/TMS22/src/TourManagement.Application/TourManagement.Application.csproj" (target "ApplyImplicitVersions" depends on it):
       Using "CheckForImplicitPackageReferenceOverrides" task from assembly "/usr/share/dotnet/sdk/8.0.417/Sdks/Microsoft.NET.Sdk/targets/../tools/net8.0/Microsoft.NET.Build.Tasks.dll".
       Task "CheckForImplicitPackageReferenceOverrides"
       Done executing task "CheckForImplicitPackageReferenceOverrides".
   2:6>Done building target "CheckForImplicitPackageReferenceOverrides" in project "TourManagement.Application.csproj".
   2:6>Target "ApplyImplicitVersions" in file "/usr/share/dotnet/sdk/8.0.417/Sdks/Microsoft.NET.Sdk/targets/Microsoft.NET.Sdk.DefaultItems.Shared.targets" from project "/modernize-data/studio-data/TNT1001/APP1166/transformed-code/344/studio-workspace/TMS22/src/TourManagement.Application/TourManagement.Application.csproj" (target "CollectPackageReferences" depends on it):
       Using "ApplyImplicitVersions" task from assembly "/usr/share/dotnet/sdk/8.0.417/Sdks/Microsoft.NET.Sdk/targets/../tools/net8.0/Microsoft.NET.Build.Tasks.dll".
       Task "ApplyImplicitVersions"
   5:6>Target "CheckForImplicitPackageReferenceOverrides" in file "/usr/share/dotnet/sdk/8.0.417/Sdks/Microsoft.NET.Sdk/targets/Microsoft.NET.Sdk.DefaultItems.Shared.targets" from project "/modernize-data/studio-data/TNT1001/APP1166/transformed-code/344/studio-workspace/TMS22/src/TourManagement.Domain/TourManagement.Domain.csproj" (target "CollectPackageReferences" depends on it):
   5:6>Using "CheckForImplicitPackageReferenceOverrides" task from assembly "/usr/share/dotnet/sdk/8.0.417/Sdks/Microsoft.NET.Sdk/targets/../tools/net8.0/Microsoft.NET.Build.Tasks.dll".
       Task "CheckForImplicitPackageReferenceOverrides"
   2:6>Done executing task "ApplyImplicitVersions".
   3:5>Target "_CheckForUnsupportedNETCoreVersion" in file "/usr/share/dotnet/sdk/8.0.417/Sdks/Microsoft.NET.Sdk/targets/Microsoft.NET.TargetFrameworkInference.targets" from project "/modernize-data/studio-data/TNT1001/APP1166/transformed-code/344/studio-workspace/TMS22/src/TourManagement.Infrastructure/TourManagement.Infrastructure.csproj" (target "CollectPackageReferences" depends on it):
   3:5>Task "NETSdkError" skipped, due to false condition; ('$(_TargetFrameworkVersionWithoutV)' > '$(NETCoreAppMaximumVersion)' and '$(DisplayVSMessage)' != 'true') was evaluated as ('8.0' > '8.0' and '' != 'true').
   4:4>Target "_CheckForUnsupportedNETCoreVersion" in file "/usr/share/dotnet/sdk/8.0.417/Sdks/Microsoft.NET.Sdk/targets/Microsoft.NET.TargetFrameworkInference.targets" from project "/modernize-data/studio-data/TNT1001/APP1166/transformed-code/344/studio-workspace/TMS22/src/TourManagement.Web/TourManagement.Web.csproj" (target "CollectPackageReferences" depends on it):
   4:4>Task "NETSdkError" skipped, due to false condition; ('$(_TargetFrameworkVersionWithoutV)' > '$(NETCoreAppMaximumVersion)' and '$(DisplayVSMessage)' != 'true') was evaluated as ('8.0' > '8.0' and '' != 'true').
   3:5>_CheckForUnsupportedNETCoreVersion:
       Task "NETSdkError" skipped, due to false condition; ('$(DisplayVSMessage)' == 'true') was evaluated as ('' == 'true').
   4:4>_CheckForUnsupportedNETCoreVersion:
       Task "NETSdkError" skipped, due to false condition; ('$(DisplayVSMessage)' == 'true') was evaluated as ('' == 'true').
   3:5>Done building target "_CheckForUnsupportedNETCoreVersion" in project "TourManagement.Infrastructure.csproj".
   4:4>Done building target "_CheckForUnsupportedNETCoreVersion" in project "TourManagement.Web.csproj".
   3:5>Target "_CheckForEolTargetFrameworks" skipped, due to false condition; ('@(_EolNetCoreTargetFrameworkVersions->AnyHaveMetadataValue('Identity', '$(_TargetFrameworkVersionWithoutV)'))' and '$(TargetFrameworkIdentifier)' == '.NETCoreApp' and '$(CheckEolTargetFramework)' == 'true') was evaluated as ('false' and '.NETCoreApp' == '.NETCoreApp' and '' == 'true').
   4:4>Target "_CheckForEolTargetFrameworks" skipped, due to false condition; ('@(_EolNetCoreTargetFrameworkVersions->AnyHaveMetadataValue('Identity', '$(_TargetFrameworkVersionWithoutV)'))' and '$(TargetFrameworkIdentifier)' == '.NETCoreApp' and '$(CheckEolTargetFramework)' == 'true') was evaluated as ('false' and '.NETCoreApp' == '.NETCoreApp' and 'true' == 'true').
       Target "_CheckForEolWorkloads" skipped, due to false condition; ('@(EolWorkload)' != '' and '$(CheckEolWorkloads)' == 'true') was evaluated as ('' != '' and 'true' == 'true').
   3:5>Target "_CheckForEolWorkloads" skipped, due to false condition; ('@(EolWorkload)' != '' and '$(CheckEolWorkloads)' == 'true') was evaluated as ('' != '' and 'true' == 'true').
   4:4>Target "_CheckForUnsupportedCppNETCoreVersion" in file "/usr/share/dotnet/sdk/8.0.417/Sdks/Microsoft.NET.Sdk/targets/Microsoft.NET.TargetFrameworkInference.targets" from project "/modernize-data/studio-data/TNT1001/APP1166/transformed-code/344/studio-workspace/TMS22/src/TourManagement.Web/TourManagement.Web.csproj" (target "CollectPackageReferences" depends on it):
   4:4>Task "NETSdkError" skipped, due to false condition; ('$(TargetFrameworkIdentifier)' == '.NETCoreApp' and '$(_TargetFrameworkVersionWithoutV)' < '3.1' and ('$(Language)' == 'C++' and '$(_EnablePackageReferencesInVCProjects)' != 'true')) was evaluated as ('.NETCoreApp' == '.NETCoreApp' and '8.0' < '3.1' and ('C#' == 'C++' and '' != 'true')).
   3:5>Target "_CheckForUnsupportedCppNETCoreVersion" in file "/usr/share/dotnet/sdk/8.0.417/Sdks/Microsoft.NET.Sdk/targets/Microsoft.NET.TargetFrameworkInference.targets" from project "/modernize-data/studio-data/TNT1001/APP1166/transformed-code/344/studio-workspace/TMS22/src/TourManagement.Infrastructure/TourManagement.Infrastructure.csproj" (target "CollectPackageReferences" depends on it):
   3:5>Task "NETSdkError" skipped, due to false condition; ('$(TargetFrameworkIdentifier)' == '.NETCoreApp' and '$(_TargetFrameworkVersionWithoutV)' < '3.1' and ('$(Language)' == 'C++' and '$(_EnablePackageReferencesInVCProjects)' != 'true')) was evaluated as ('.NETCoreApp' == '.NETCoreApp' and '8.0' < '3.1' and ('C#' == 'C++' and '' != 'true')).
   4:4>Done building target "_CheckForUnsupportedCppNETCoreVersion" in project "TourManagement.Web.csproj".
   3:5>Done building target "_CheckForUnsupportedCppNETCoreVersion" in project "TourManagement.Infrastructure.csproj".
   4:4>Target "_CheckForUnsupportedNETStandardVersion" skipped, due to false condition; ('$(TargetFrameworkIdentifier)' == '.NETStandard' And '$(NETStandardMaximumVersion)' != '') was evaluated as ('.NETCoreApp' == '.NETStandard' And '' != '').
   3:5>Target "_CheckForUnsupportedNETStandardVersion" skipped, due to false condition; ('$(TargetFrameworkIdentifier)' == '.NETStandard' And '$(NETStandardMaximumVersion)' != '') was evaluated as ('.NETCoreApp' == '.NETStandard' And '' != '').
   4:4>Target "_CheckForUnsupportedTargetFrameworkAndFeatureCombination" skipped, due to false condition; ('$(TargetFrameworkIdentifier)' == '.NETFramework') was evaluated as ('.NETCoreApp' == '.NETFramework').
   3:5>Target "_CheckForUnsupportedTargetFrameworkAndFeatureCombination" skipped, due to false condition; ('$(TargetFrameworkIdentifier)' == '.NETFramework') was evaluated as ('.NETCoreApp' == '.NETFramework').
   4:4>Target "UpdateAspNetToFrameworkReference" in file "/usr/share/dotnet/sdk/8.0.417/Sdks/Microsoft.NET.Sdk/targets/Microsoft.NET.Sdk.DefaultItems.Shared.targets" from project "/modernize-data/studio-data/TNT1001/APP1166/transformed-code/344/studio-workspace/TMS22/src/TourManagement.Web/TourManagement.Web.csproj" (target "ApplyImplicitVersions" depends on it):
   4:4>Using "CheckIfPackageReferenceShouldBeFrameworkReference" task from assembly "/usr/share/dotnet/sdk/8.0.417/Sdks/Microsoft.NET.Sdk/targets/../tools/net8.0/Microsoft.NET.Build.Tasks.dll".
   3:5>Target "UpdateAspNetToFrameworkReference" in file "/usr/share/dotnet/sdk/8.0.417/Sdks/Microsoft.NET.Sdk/targets/Microsoft.NET.Sdk.DefaultItems.Shared.targets" from project "/modernize-data/studio-data/TNT1001/APP1166/transformed-code/344/studio-workspace/TMS22/src/TourManagement.Infrastructure/TourManagement.Infrastructure.csproj" (target "ApplyImplicitVersions" depends on it):
   3:5>Using "CheckIfPackageReferenceShouldBeFrameworkReference" task from assembly "/usr/share/dotnet/sdk/8.0.417/Sdks/Microsoft.NET.Sdk/targets/../tools/net8.0/Microsoft.NET.Build.Tasks.dll".
   4:4>Task "CheckIfPackageReferenceShouldBeFrameworkReference"
       Done executing task "CheckIfPackageReferenceShouldBeFrameworkReference".
   3:5>Task "CheckIfPackageReferenceShouldBeFrameworkReference"
   4:4>UpdateAspNetToFrameworkReference:
       Task "NETSdkError" skipped, due to false condition; ('$(_ShouldRemoveAspNetCoreAll)' == 'true') was evaluated as ('False' == 'true').
   3:5>Done executing task "CheckIfPackageReferenceShouldBeFrameworkReference".
   4:4>Task "CheckIfPackageReferenceShouldBeFrameworkReference"
   3:5>UpdateAspNetToFrameworkReference:
       Task "NETSdkError" skipped, due to false condition; ('$(_ShouldRemoveAspNetCoreAll)' == 'true') was evaluated as ('False' == 'true').
   4:4>Done executing task "CheckIfPackageReferenceShouldBeFrameworkReference".
   3:5>Task "CheckIfPackageReferenceShouldBeFrameworkReference"
   4:4>UpdateAspNetToFrameworkReference:
       Task "NETSdkWarning" skipped, due to false condition; ('$(_ShouldRemoveAspNetCoreApp)' == 'true') was evaluated as ('False' == 'true').
   3:5>Done executing task "CheckIfPackageReferenceShouldBeFrameworkReference".
   4:4>Done building target "UpdateAspNetToFrameworkReference" in project "TourManagement.Web.csproj".
   3:5>UpdateAspNetToFrameworkReference:
       Task "NETSdkWarning" skipped, due to false condition; ('$(_ShouldRemoveAspNetCoreApp)' == 'true') was evaluated as ('False' == 'true').
   4:4>Target "IncludeTargetingPackReference" skipped, due to false condition; ('$(TargetFrameworkMoniker)' != '' and '$(TargetFrameworkIdentifier)' == '.NETFramework' and '$(AutomaticallyUseReferenceAssemblyPackages)' == 'true') was evaluated as ('.NETCoreApp,Version=v8.0' != '' and '.NETCoreApp' == '.NETFramework' and 'true' == 'true').
   3:5>Done building target "UpdateAspNetToFrameworkReference" in project "TourManagement.Infrastructure.csproj".
   4:4>Target "CheckForImplicitPackageReferenceOverrides" in file "/usr/share/dotnet/sdk/8.0.417/Sdks/Microsoft.NET.Sdk/targets/Microsoft.NET.Sdk.DefaultItems.Shared.targets" from project "/modernize-data/studio-data/TNT1001/APP1166/transformed-code/344/studio-workspace/TMS22/src/TourManagement.Web/TourManagement.Web.csproj" (target "ApplyImplicitVersions" depends on it):
   4:4>Using "CheckForImplicitPackageReferenceOverrides" task from assembly "/usr/share/dotnet/sdk/8.0.417/Sdks/Microsoft.NET.Sdk/targets/../tools/net8.0/Microsoft.NET.Build.Tasks.dll".
       Task "CheckForImplicitPackageReferenceOverrides"
   3:5>Target "IncludeTargetingPackReference" skipped, due to false condition; ('$(TargetFrameworkMoniker)' != '' and '$(TargetFrameworkIdentifier)' == '.NETFramework' and '$(AutomaticallyUseReferenceAssemblyPackages)' == 'true') was evaluated as ('.NETCoreApp,Version=v8.0' != '' and '.NETCoreApp' == '.NETFramework' and 'true' == 'true').
   4:4>Done executing task "CheckForImplicitPackageReferenceOverrides".
   4:4>Done building target "CheckForImplicitPackageReferenceOverrides" in project "TourManagement.Web.csproj".
   3:5>Target "CheckForImplicitPackageReferenceOverrides" in file "/usr/share/dotnet/sdk/8.0.417/Sdks/Microsoft.NET.Sdk/targets/Microsoft.NET.Sdk.DefaultItems.Shared.targets" from project "/modernize-data/studio-data/TNT1001/APP1166/transformed-code/344/studio-workspace/TMS22/src/TourManagement.Infrastructure/TourManagement.Infrastructure.csproj" (target "ApplyImplicitVersions" depends on it):
   3:5>Using "CheckForImplicitPackageReferenceOverrides" task from assembly "/usr/share/dotnet/sdk/8.0.417/Sdks/Microsoft.NET.Sdk/targets/../tools/net8.0/Microsoft.NET.Build.Tasks.dll".
   4:4>Target "ApplyImplicitVersions" in file "/usr/share/dotnet/sdk/8.0.417/Sdks/Microsoft.NET.Sdk/targets/Microsoft.NET.Sdk.DefaultItems.Shared.targets" from project "/modernize-data/studio-data/TNT1001/APP1166/transformed-code/344/studio-workspace/TMS22/src/TourManagement.Web/TourManagement.Web.csproj" (target "CollectPackageReferences" depends on it):
   4:4>Using "ApplyImplicitVersions" task from assembly "/usr/share/dotnet/sdk/8.0.417/Sdks/Microsoft.NET.Sdk/targets/../tools/net8.0/Microsoft.NET.Build.Tasks.dll".
   3:5>Task "CheckForImplicitPackageReferenceOverrides"
   4:4>Task "ApplyImplicitVersions"
   3:5>Done executing task "CheckForImplicitPackageReferenceOverrides".
   4:4>Done executing task "ApplyImplicitVersions".
   3:5>Done building target "CheckForImplicitPackageReferenceOverrides" in project "TourManagement.Infrastructure.csproj".
   4:4>Done building target "ApplyImplicitVersions" in project "TourManagement.Web.csproj".
       Target "CheckForImplicitPackageReferenceOverrides" skipped. Previously built successfully.
       Target "AddWindowsSdkKnownFrameworkReferences" skipped, due to false condition; ('$(TargetFrameworkIdentifier)' == '.NETCoreApp' And '$(TargetPlatformIdentifier)' == 'Windows') was evaluated as ('.NETCoreApp' == '.NETCoreApp' And '' == 'Windows').
   3:5>Target "ApplyImplicitVersions" in file "/usr/share/dotnet/sdk/8.0.417/Sdks/Microsoft.NET.Sdk/targets/Microsoft.NET.Sdk.DefaultItems.Shared.targets" from project "/modernize-data/studio-data/TNT1001/APP1166/transformed-code/344/studio-workspace/TMS22/src/TourManagement.Infrastructure/TourManagement.Infrastructure.csproj" (target "CollectPackageReferences" depends on it):
   3:5>Using "ApplyImplicitVersions" task from assembly "/usr/share/dotnet/sdk/8.0.417/Sdks/Microsoft.NET.Sdk/targets/../tools/net8.0/Microsoft.NET.Build.Tasks.dll".
   4:4>Target "_NormalizeTargetPlatformVersion" skipped, due to false condition; ('$(TargetPlatformVersion)' != '' and '$(TargetFrameworkIdentifier)' == '.NETCoreApp' and $([MSBuild]::VersionGreaterThanOrEquals($(TargetFrameworkVersion), 5.0)) and ('$(Language)' != 'C++' or '$(_EnablePackageReferencesInVCProjects)' == 'true')) was evaluated as ('' != '' and '.NETCoreApp' == '.NETCoreApp' and True and ('C#' != 'C++' or '' == 'true')).
   3:5>Task "ApplyImplicitVersions"
   4:4>Target "_CheckForLanguageAndFeatureCombinationSupport" in file "/usr/share/dotnet/sdk/8.0.417/Sdks/Microsoft.NET.Sdk/targets/Microsoft.NET.RuntimeIdentifierInference.targets" from project "/modernize-data/studio-data/TNT1001/APP1166/transformed-code/344/studio-workspace/TMS22/src/TourManagement.Web/TourManagement.Web.csproj" (target "ProcessFrameworkReferences" depends on it):
   4:4>Task "NETSdkError" skipped, due to false condition; (('$(Language)' == 'C++' and '$(_EnablePackageReferencesInVCProjects)' != 'true') and $(OutputType) != 'library' and '$(TargetFrameworkIdentifier)' == '.NETCoreApp') was evaluated as (('C#' == 'C++' and '' != 'true') and Exe != 'library' and '.NETCoreApp' == '.NETCoreApp').
   3:5>Done executing task "ApplyImplicitVersions".
   4:4>_CheckForLanguageAndFeatureCombinationSupport:
       Task "NETSdkError" skipped, due to false condition; (('$(Language)' == 'C++' and '$(_EnablePackageReferencesInVCProjects)' != 'true') and $(EnableComHosting) == 'true') was evaluated as (('C#' == 'C++' and '' != 'true') and  == 'true').
   3:5>Done building target "ApplyImplicitVersions" in project "TourManagement.Infrastructure.csproj".
   4:4>_CheckForLanguageAndFeatureCombinationSupport:
       Task "NETSdkError" skipped, due to false condition; (('$(Language)' == 'C++' and '$(_EnablePackageReferencesInVCProjects)' != 'true') and $(SelfContained) == 'true') was evaluated as (('C#' == 'C++' and '' != 'true') and false == 'true').
   3:5>Target "CheckForImplicitPackageReferenceOverrides" skipped. Previously built successfully.
   4:4>Done building target "_CheckForLanguageAndFeatureCombinationSupport" in project "TourManagement.Web.csproj".
   3:5>Target "AddWindowsSdkKnownFrameworkReferences" skipped, due to false condition; ('$(TargetFrameworkIdentifier)' == '.NETCoreApp' And '$(TargetPlatformIdentifier)' == 'Windows') was evaluated as ('.NETCoreApp' == '.NETCoreApp' And '' == 'Windows').
   4:4>Target "_ComputeToolPackInputsToProcessFrameworkReferences" in file "/usr/share/dotnet/sdk/8.0.417/Sdks/Microsoft.NET.Sdk/targets/Microsoft.NET.Publish.targets" from project "/modernize-data/studio-data/TNT1001/APP1166/transformed-code/344/studio-workspace/TMS22/src/TourManagement.Web/TourManagement.Web.csproj" (target "ProcessFrameworkReferences" depends on it):
   4:4>Done building target "_ComputeToolPackInputsToProcessFrameworkReferences" in project "TourManagement.Web.csproj".
   3:5>Target "_NormalizeTargetPlatformVersion" skipped, due to false condition; ('$(TargetPlatformVersion)' != '' and '$(TargetFrameworkIdentifier)' == '.NETCoreApp' and $([MSBuild]::VersionGreaterThanOrEquals($(TargetFrameworkVersion), 5.0)) and ('$(Language)' != 'C++' or '$(_EnablePackageReferencesInVCProjects)' == 'true')) was evaluated as ('' != '' and '.NETCoreApp' == '.NETCoreApp' and True and ('C#' != 'C++' or '' == 'true')).
   4:4>Target "ProcessFrameworkReferences" in file "/usr/share/dotnet/sdk/8.0.417/Sdks/Microsoft.NET.Sdk/targets/Microsoft.NET.Sdk.FrameworkReferenceResolution.targets" from project "/modernize-data/studio-data/TNT1001/APP1166/transformed-code/344/studio-workspace/TMS22/src/TourManagement.Web/TourManagement.Web.csproj" (target "CollectPackageReferences" depends on it):
   4:4>Using "CheckForDuplicateFrameworkReferences" task from assembly "/usr/share/dotnet/sdk/8.0.417/Sdks/Microsoft.NET.Sdk/targets/../tools/net8.0/Microsoft.NET.Build.Tasks.dll".
       Task "CheckForDuplicateFrameworkReferences"
   3:5>Target "_CheckForLanguageAndFeatureCombinationSupport" in file "/usr/share/dotnet/sdk/8.0.417/Sdks/Microsoft.NET.Sdk/targets/Microsoft.NET.RuntimeIdentifierInference.targets" from project "/modernize-data/studio-data/TNT1001/APP1166/transformed-code/344/studio-workspace/TMS22/src/TourManagement.Infrastructure/TourManagement.Infrastructure.csproj" (target "ProcessFrameworkReferences" depends on it):
   3:5>Task "NETSdkError" skipped, due to false condition; (('$(Language)' == 'C++' and '$(_EnablePackageReferencesInVCProjects)' != 'true') and $(OutputType) != 'library' and '$(TargetFrameworkIdentifier)' == '.NETCoreApp') was evaluated as (('C#' == 'C++' and '' != 'true') and Library != 'library' and '.NETCoreApp' == '.NETCoreApp').
   4:4>Done executing task "CheckForDuplicateFrameworkReferences".
   3:5>_CheckForLanguageAndFeatureCombinationSupport:
       Task "NETSdkError" skipped, due to false condition; (('$(Language)' == 'C++' and '$(_EnablePackageReferencesInVCProjects)' != 'true') and $(EnableComHosting) == 'true') was evaluated as (('C#' == 'C++' and '' != 'true') and  == 'true').
       Task "NETSdkError" skipped, due to false condition; (('$(Language)' == 'C++' and '$(_EnablePackageReferencesInVCProjects)' != 'true') and $(SelfContained) == 'true') was evaluated as (('C#' == 'C++' and '' != 'true') and  == 'true').
   3:5>Done building target "_CheckForLanguageAndFeatureCombinationSupport" in project "TourManagement.Infrastructure.csproj".
   2:6>Done building target "ApplyImplicitVersions" in project "TourManagement.Application.csproj".
   3:5>Target "_ComputeToolPackInputsToProcessFrameworkReferences" in file "/usr/share/dotnet/sdk/8.0.417/Sdks/Microsoft.NET.Sdk/targets/Microsoft.NET.Publish.targets" from project "/modernize-data/studio-data/TNT1001/APP1166/transformed-code/344/studio-workspace/TMS22/src/TourManagement.Infrastructure/TourManagement.Infrastructure.csproj" (target "ProcessFrameworkReferences" depends on it):
   3:5>Done building target "_ComputeToolPackInputsToProcessFrameworkReferences" in project "TourManagement.Infrastructure.csproj".
   2:6>Target "CheckForImplicitPackageReferenceOverrides" skipped. Previously built successfully.
   3:5>Target "ProcessFrameworkReferences" in file "/usr/share/dotnet/sdk/8.0.417/Sdks/Microsoft.NET.Sdk/targets/Microsoft.NET.Sdk.FrameworkReferenceResolution.targets" from project "/modernize-data/studio-data/TNT1001/APP1166/transformed-code/344/studio-workspace/TMS22/src/TourManagement.Infrastructure/TourManagement.Infrastructure.csproj" (target "CollectPackageReferences" depends on it):
   3:5>Using "CheckForDuplicateFrameworkReferences" task from assembly "/usr/share/dotnet/sdk/8.0.417/Sdks/Microsoft.NET.Sdk/targets/../tools/net8.0/Microsoft.NET.Build.Tasks.dll".
   2:6>Target "AddWindowsSdkKnownFrameworkReferences" skipped, due to false condition; ('$(TargetFrameworkIdentifier)' == '.NETCoreApp' And '$(TargetPlatformIdentifier)' == 'Windows') was evaluated as ('.NETCoreApp' == '.NETCoreApp' And '' == 'Windows').
   4:4>ProcessFrameworkReferences:
       Using "ProcessFrameworkReferences" task from assembly "/usr/share/dotnet/sdk/8.0.417/Sdks/Microsoft.NET.Sdk/targets/../tools/net8.0/Microsoft.NET.Build.Tasks.dll".
   3:5>Task "CheckForDuplicateFrameworkReferences"
   4:4>Task "ProcessFrameworkReferences"
   2:6>Target "_NormalizeTargetPlatformVersion" skipped, due to false condition; ('$(TargetPlatformVersion)' != '' and '$(TargetFrameworkIdentifier)' == '.NETCoreApp' and $([MSBuild]::VersionGreaterThanOrEquals($(TargetFrameworkVersion), 5.0)) and ('$(Language)' != 'C++' or '$(_EnablePackageReferencesInVCProjects)' == 'true')) was evaluated as ('' != '' and '.NETCoreApp' == '.NETCoreApp' and True and ('C#' != 'C++' or '' == 'true')).
   3:5>Done executing task "CheckForDuplicateFrameworkReferences".
   5:6>Done executing task "CheckForImplicitPackageReferenceOverrides".
   3:5>ProcessFrameworkReferences:
       Using "ProcessFrameworkReferences" task from assembly "/usr/share/dotnet/sdk/8.0.417/Sdks/Microsoft.NET.Sdk/targets/../tools/net8.0/Microsoft.NET.Build.Tasks.dll".
       Task "ProcessFrameworkReferences"
   2:6>Target "_CheckForLanguageAndFeatureCombinationSupport" in file "/usr/share/dotnet/sdk/8.0.417/Sdks/Microsoft.NET.Sdk/targets/Microsoft.NET.RuntimeIdentifierInference.targets" from project "/modernize-data/studio-data/TNT1001/APP1166/transformed-code/344/studio-workspace/TMS22/src/TourManagement.Application/TourManagement.Application.csproj" (target "ProcessFrameworkReferences" depends on it):
   2:6>Task "NETSdkError" skipped, due to false condition; (('$(Language)' == 'C++' and '$(_EnablePackageReferencesInVCProjects)' != 'true') and $(OutputType) != 'library' and '$(TargetFrameworkIdentifier)' == '.NETCoreApp') was evaluated as (('C#' == 'C++' and '' != 'true') and Library != 'library' and '.NETCoreApp' == '.NETCoreApp').
       Task "NETSdkError" skipped, due to false condition; (('$(Language)' == 'C++' and '$(_EnablePackageReferencesInVCProjects)' != 'true') and $(EnableComHosting) == 'true') was evaluated as (('C#' == 'C++' and '' != 'true') and  == 'true').
       Task "NETSdkError" skipped, due to false condition; (('$(Language)' == 'C++' and '$(_EnablePackageReferencesInVCProjects)' != 'true') and $(SelfContained) == 'true') was evaluated as (('C#' == 'C++' and '' != 'true') and  == 'true').
   5:6>Done building target "CheckForImplicitPackageReferenceOverrides" in project "TourManagement.Domain.csproj".
   2:6>Done building target "_CheckForLanguageAndFeatureCombinationSupport" in project "TourManagement.Application.csproj".
   5:6>Target "AddWindowsSdkKnownFrameworkReferences" skipped, due to false condition; ('$(TargetFrameworkIdentifier)' == '.NETCoreApp' And '$(TargetPlatformIdentifier)' == 'Windows') was evaluated as ('.NETCoreApp' == '.NETCoreApp' And '' == 'Windows').
       Target "_NormalizeTargetPlatformVersion" skipped, due to false condition; ('$(TargetPlatformVersion)' != '' and '$(TargetFrameworkIdentifier)' == '.NETCoreApp' and $([MSBuild]::VersionGreaterThanOrEquals($(TargetFrameworkVersion), 5.0)) and ('$(Language)' != 'C++' or '$(_EnablePackageReferencesInVCProjects)' == 'true')) was evaluated as ('' != '' and '.NETCoreApp' == '.NETCoreApp' and True and ('C#' != 'C++' or '' == 'true')).
   2:6>Target "_ComputeToolPackInputsToProcessFrameworkReferences" in file "/usr/share/dotnet/sdk/8.0.417/Sdks/Microsoft.NET.Sdk/targets/Microsoft.NET.Publish.targets" from project "/modernize-data/studio-data/TNT1001/APP1166/transformed-code/344/studio-workspace/TMS22/src/TourManagement.Application/TourManagement.Application.csproj" (target "ProcessFrameworkReferences" depends on it):
   2:6>Done building target "_ComputeToolPackInputsToProcessFrameworkReferences" in project "TourManagement.Application.csproj".
   5:6>Target "_CheckForLanguageAndFeatureCombinationSupport" in file "/usr/share/dotnet/sdk/8.0.417/Sdks/Microsoft.NET.Sdk/targets/Microsoft.NET.RuntimeIdentifierInference.targets" from project "/modernize-data/studio-data/TNT1001/APP1166/transformed-code/344/studio-workspace/TMS22/src/TourManagement.Domain/TourManagement.Domain.csproj" (target "ProcessFrameworkReferences" depends on it):
   5:6>Task "NETSdkError" skipped, due to false condition; (('$(Language)' == 'C++' and '$(_EnablePackageReferencesInVCProjects)' != 'true') and $(OutputType) != 'library' and '$(TargetFrameworkIdentifier)' == '.NETCoreApp') was evaluated as (('C#' == 'C++' and '' != 'true') and Library != 'library' and '.NETCoreApp' == '.NETCoreApp').
       Task "NETSdkError" skipped, due to false condition; (('$(Language)' == 'C++' and '$(_EnablePackageReferencesInVCProjects)' != 'true') and $(EnableComHosting) == 'true') was evaluated as (('C#' == 'C++' and '' != 'true') and  == 'true').
       Task "NETSdkError" skipped, due to false condition; (('$(Language)' == 'C++' and '$(_EnablePackageReferencesInVCProjects)' != 'true') and $(SelfContained) == 'true') was evaluated as (('C#' == 'C++' and '' != 'true') and  == 'true').
   5:6>Done building target "_CheckForLanguageAndFeatureCombinationSupport" in project "TourManagement.Domain.csproj".
       Target "ApplyImplicitVersions" skipped, due to false condition; ('@(PackageReference)' != '') was evaluated as ('' != '').
   2:6>Target "ProcessFrameworkReferences" in file "/usr/share/dotnet/sdk/8.0.417/Sdks/Microsoft.NET.Sdk/targets/Microsoft.NET.Sdk.FrameworkReferenceResolution.targets" from project "/modernize-data/studio-data/TNT1001/APP1166/transformed-code/344/studio-workspace/TMS22/src/TourManagement.Application/TourManagement.Application.csproj" (target "CollectPackageReferences" depends on it):
   2:6>Using "CheckForDuplicateFrameworkReferences" task from assembly "/usr/share/dotnet/sdk/8.0.417/Sdks/Microsoft.NET.Sdk/targets/../tools/net8.0/Microsoft.NET.Build.Tasks.dll".
       Task "CheckForDuplicateFrameworkReferences"
       Done executing task "CheckForDuplicateFrameworkReferences".
       Using "ProcessFrameworkReferences" task from assembly "/usr/share/dotnet/sdk/8.0.417/Sdks/Microsoft.NET.Sdk/targets/../tools/net8.0/Microsoft.NET.Build.Tasks.dll".
       Task "ProcessFrameworkReferences"
   3:5>Done executing task "ProcessFrameworkReferences".
   4:4>Done executing task "ProcessFrameworkReferences".
   3:5>ProcessFrameworkReferences:
       Using "ResolveAppHosts" task from assembly "/usr/share/dotnet/sdk/8.0.417/Sdks/Microsoft.NET.Sdk/targets/../tools/net8.0/Microsoft.NET.Build.Tasks.dll".
       Task "ResolveAppHosts"
   4:4>ProcessFrameworkReferences:
       Using "ResolveAppHosts" task from assembly "/usr/share/dotnet/sdk/8.0.417/Sdks/Microsoft.NET.Sdk/targets/../tools/net8.0/Microsoft.NET.Build.Tasks.dll".
       Task "ResolveAppHosts"
   3:5>Done executing task "ResolveAppHosts".
   3:5>Done building target "ProcessFrameworkReferences" in project "TourManagement.Infrastructure.csproj".
       Target "IncludeTargetingPackReference" skipped, due to false condition; ('$(TargetFrameworkMoniker)' != '' and '$(TargetFrameworkIdentifier)' == '.NETFramework' and '$(AutomaticallyUseReferenceAssemblyPackages)' == 'true') was evaluated as ('.NETCoreApp,Version=v8.0' != '' and '.NETCoreApp' == '.NETFramework' and 'true' == 'true').
   2:6>Done executing task "ProcessFrameworkReferences".
   3:5>Target "_AddMicrosoftNetCompilerToolsetFrameworkPackage" in file "/usr/share/dotnet/sdk/8.0.417/Sdks/Microsoft.NET.Sdk/targets/Microsoft.NET.Sdk.targets" from project "/modernize-data/studio-data/TNT1001/APP1166/transformed-code/344/studio-workspace/TMS22/src/TourManagement.Infrastructure/TourManagement.Infrastructure.csproj" (target "CollectPackageReferences" depends on it):
   3:5>Task "NETSdkWarning" skipped, due to false condition; ('@(PackageReference->AnyHaveMetadataValue('Identity', 'Microsoft.Net.Compilers.Toolset.Framework'))' == 'true') was evaluated as ('false' == 'true').
   3:5>Done building target "_AddMicrosoftNetCompilerToolsetFrameworkPackage" in project "TourManagement.Infrastructure.csproj".
   3:5>Target "_CheckForObsoleteDotNetCliToolReferences" in file "/usr/share/dotnet/sdk/8.0.417/Sdks/Microsoft.NET.Sdk/targets/Microsoft.NET.ObsoleteReferences.targets" from project "/modernize-data/studio-data/TNT1001/APP1166/transformed-code/344/studio-workspace/TMS22/src/TourManagement.Infrastructure/TourManagement.Infrastructure.csproj" (target "CollectPackageReferences" depends on it):
       Task "NETSdkWarning" skipped, due to false condition; ( '%(_ReferenceToObsoleteDotNetCliTool.Identity)' != '' ) was evaluated as ( '' != '' ).
   3:5>Done building target "_CheckForObsoleteDotNetCliToolReferences" in project "TourManagement.Infrastructure.csproj".
   2:6>ProcessFrameworkReferences:
       Using "ResolveAppHosts" task from assembly "/usr/share/dotnet/sdk/8.0.417/Sdks/Microsoft.NET.Sdk/targets/../tools/net8.0/Microsoft.NET.Build.Tasks.dll".
       Task "ResolveAppHosts"
   3:5>Target "CollectPackageReferences" in file "/usr/share/dotnet/sdk/8.0.417/NuGet.targets" from project "/modernize-data/studio-data/TNT1001/APP1166/transformed-code/344/studio-workspace/TMS22/src/TourManagement.Infrastructure/TourManagement.Infrastructure.csproj" (target "_GetRestoreProjectStyle" depends on it):
   3:5>Using "CheckForDuplicateNuGetItemsTask" task from assembly "/usr/share/dotnet/sdk/8.0.417/NuGet.Build.Tasks.dll".
       Task "CheckForDuplicateNuGetItemsTask"
       Done executing task "CheckForDuplicateNuGetItemsTask".
   3:5>Done building target "CollectPackageReferences" in project "TourManagement.Infrastructure.csproj".
   2:6>Done executing task "ResolveAppHosts".
   2:6>Done building target "ProcessFrameworkReferences" in project "TourManagement.Application.csproj".
       Target "IncludeTargetingPackReference" skipped, due to false condition; ('$(TargetFrameworkMoniker)' != '' and '$(TargetFrameworkIdentifier)' == '.NETFramework' and '$(AutomaticallyUseReferenceAssemblyPackages)' == 'true') was evaluated as ('.NETCoreApp,Version=v8.0' != '' and '.NETCoreApp' == '.NETFramework' and 'true' == 'true').
   3:5>Target "_GetRestoreProjectStyle" in file "/usr/share/dotnet/sdk/8.0.417/NuGet.targets" from project "/modernize-data/studio-data/TNT1001/APP1166/transformed-code/344/studio-workspace/TMS22/src/TourManagement.Infrastructure/TourManagement.Infrastructure.csproj" (target "_GenerateRestoreSpecs" depends on it):
   3:5>Using "GetRestoreProjectStyleTask" task from assembly "/usr/share/dotnet/sdk/8.0.417/NuGet.Build.Tasks.dll".
   2:6>Target "_AddMicrosoftNetCompilerToolsetFrameworkPackage" in file "/usr/share/dotnet/sdk/8.0.417/Sdks/Microsoft.NET.Sdk/targets/Microsoft.NET.Sdk.targets" from project "/modernize-data/studio-data/TNT1001/APP1166/transformed-code/344/studio-workspace/TMS22/src/TourManagement.Application/TourManagement.Application.csproj" (target "CollectPackageReferences" depends on it):
   2:6>Task "NETSdkWarning" skipped, due to false condition; ('@(PackageReference->AnyHaveMetadataValue('Identity', 'Microsoft.Net.Compilers.Toolset.Framework'))' == 'true') was evaluated as ('false' == 'true').
   3:5>Task "GetRestoreProjectStyleTask"
   2:6>Done building target "_AddMicrosoftNetCompilerToolsetFrameworkPackage" in project "TourManagement.Application.csproj".
   2:6>Target "_CheckForObsoleteDotNetCliToolReferences" in file "/usr/share/dotnet/sdk/8.0.417/Sdks/Microsoft.NET.Sdk/targets/Microsoft.NET.ObsoleteReferences.targets" from project "/modernize-data/studio-data/TNT1001/APP1166/transformed-code/344/studio-workspace/TMS22/src/TourManagement.Application/TourManagement.Application.csproj" (target "CollectPackageReferences" depends on it):
       Task "NETSdkWarning" skipped, due to false condition; ( '%(_ReferenceToObsoleteDotNetCliTool.Identity)' != '' ) was evaluated as ( '' != '' ).
   2:6>Done building target "_CheckForObsoleteDotNetCliToolReferences" in project "TourManagement.Application.csproj".
   3:5>Done executing task "GetRestoreProjectStyleTask".
   3:5>Done building target "_GetRestoreProjectStyle" in project "TourManagement.Infrastructure.csproj".
   5:6>Target "_ComputeToolPackInputsToProcessFrameworkReferences" in file "/usr/share/dotnet/sdk/8.0.417/Sdks/Microsoft.NET.Sdk/targets/Microsoft.NET.Publish.targets" from project "/modernize-data/studio-data/TNT1001/APP1166/transformed-code/344/studio-workspace/TMS22/src/TourManagement.Domain/TourManagement.Domain.csproj" (target "ProcessFrameworkReferences" depends on it):
   5:6>Done building target "_ComputeToolPackInputsToProcessFrameworkReferences" in project "TourManagement.Domain.csproj".
   2:6>Target "CollectPackageReferences" in file "/usr/share/dotnet/sdk/8.0.417/NuGet.targets" from project "/modernize-data/studio-data/TNT1001/APP1166/transformed-code/344/studio-workspace/TMS22/src/TourManagement.Application/TourManagement.Application.csproj" (target "_GetRestoreProjectStyle" depends on it):
   2:6>Using "CheckForDuplicateNuGetItemsTask" task from assembly "/usr/share/dotnet/sdk/8.0.417/NuGet.Build.Tasks.dll".
   3:5>Target "_GenerateRestoreSpecs" in file "/usr/share/dotnet/sdk/8.0.417/NuGet.targets" from project "/modernize-data/studio-data/TNT1001/APP1166/transformed-code/344/studio-workspace/TMS22/src/TourManagement.Infrastructure/TourManagement.Infrastructure.csproj" (target "_GenerateRestoreGraphProjectEntry" depends on it):
   3:5>Using "Message" task from assembly "Microsoft.Build.Tasks.Core, Version=15.1.0.0, Culture=neutral, PublicKeyToken=b03f5f7f11d50a3a".
   2:6>Task "CheckForDuplicateNuGetItemsTask"
   3:5>Task "Message"
   5:6>Target "ProcessFrameworkReferences" in file "/usr/share/dotnet/sdk/8.0.417/Sdks/Microsoft.NET.Sdk/targets/Microsoft.NET.Sdk.FrameworkReferenceResolution.targets" from project "/modernize-data/studio-data/TNT1001/APP1166/transformed-code/344/studio-workspace/TMS22/src/TourManagement.Domain/TourManagement.Domain.csproj" (target "CollectPackageReferences" depends on it):
   5:6>Using "CheckForDuplicateFrameworkReferences" task from assembly "/usr/share/dotnet/sdk/8.0.417/Sdks/Microsoft.NET.Sdk/targets/../tools/net8.0/Microsoft.NET.Build.Tasks.dll".
       Task "CheckForDuplicateFrameworkReferences"
   2:6>Done executing task "CheckForDuplicateNuGetItemsTask".
   3:5>_GenerateRestoreSpecs:
         Restore entry point /modernize-data/studio-data/TNT1001/APP1166/transformed-code/344/studio-workspace/TMS22/src/TourManagement.Infrastructure/TourManagement.Infrastructure.csproj
   2:6>Done building target "CollectPackageReferences" in project "TourManagement.Application.csproj".
   3:5>Done executing task "Message".
   3:5>Done building target "_GenerateRestoreSpecs" in project "TourManagement.Infrastructure.csproj".
   2:6>Target "_GetRestoreProjectStyle" in file "/usr/share/dotnet/sdk/8.0.417/NuGet.targets" from project "/modernize-data/studio-data/TNT1001/APP1166/transformed-code/344/studio-workspace/TMS22/src/TourManagement.Application/TourManagement.Application.csproj" (target "_GenerateRestoreSpecs" depends on it):
   2:6>Using "GetRestoreProjectStyleTask" task from assembly "/usr/share/dotnet/sdk/8.0.417/NuGet.Build.Tasks.dll".
       Task "GetRestoreProjectStyleTask"
   3:5>Target "_GetRestoreSettingsOverrides" in file "/usr/share/dotnet/sdk/8.0.417/NuGet.targets" from project "/modernize-data/studio-data/TNT1001/APP1166/transformed-code/344/studio-workspace/TMS22/src/TourManagement.Infrastructure/TourManagement.Infrastructure.csproj" (target "_GetRestoreSettings" depends on it):
   3:5>Task "MSBuild" skipped, due to false condition; ( '$(RestorePackagesPath)' != '' ) was evaluated as ( '' != '' ).
   5:6>Done executing task "CheckForDuplicateFrameworkReferences".
   3:5>_GetRestoreSettingsOverrides:
       Task "MSBuild" skipped, due to false condition; ( '$(RestoreRepositoryPathOverride)' != '' ) was evaluated as ( '' != '' ).
       Task "MSBuild" skipped, due to false condition; ( '$(RestoreSources)' != '' ) was evaluated as ( '' != '' ).
       Task "MSBuild" skipped, due to false condition; ( '$(RestoreFallbackFolders)' != '' ) was evaluated as ( '' != '' ).
   3:5>Done building target "_GetRestoreSettingsOverrides" in project "TourManagement.Infrastructure.csproj".
   2:6>Done executing task "GetRestoreProjectStyleTask".
   2:6>Done building target "_GetRestoreProjectStyle" in project "TourManagement.Application.csproj".
   3:5>Target "_GetRestoreSettingsPerFramework" in file "/usr/share/dotnet/sdk/8.0.417/NuGet.targets" from project "/modernize-data/studio-data/TNT1001/APP1166/transformed-code/344/studio-workspace/TMS22/src/TourManagement.Infrastructure/TourManagement.Infrastructure.csproj" (target "_GetRestoreSettingsCurrentProject" depends on it):
   3:5>Done building target "_GetRestoreSettingsPerFramework" in project "TourManagement.Infrastructure.csproj".
   3:5>Target "_GetRestoreSettingsCurrentProject" in file "/usr/share/dotnet/sdk/8.0.417/NuGet.targets" from project "/modernize-data/studio-data/TNT1001/APP1166/transformed-code/344/studio-workspace/TMS22/src/TourManagement.Infrastructure/TourManagement.Infrastructure.csproj" (target "_GetRestoreSettings" depends on it):
   3:5>Done building target "_GetRestoreSettingsCurrentProject" in project "TourManagement.Infrastructure.csproj".
       Target "_GetRestoreSettingsAllFrameworks" skipped, due to false condition; ( '$(TargetFrameworks)' != '' AND '$(PackageReferenceCompatibleProjectStyle)' == 'true' ) was evaluated as ( '' != '' AND 'True' == 'true' ).
   2:6>Target "_GenerateRestoreSpecs" in file "/usr/share/dotnet/sdk/8.0.417/NuGet.targets" from project "/modernize-data/studio-data/TNT1001/APP1166/transformed-code/344/studio-workspace/TMS22/src/TourManagement.Application/TourManagement.Application.csproj" (target "_GenerateRestoreGraphProjectEntry" depends on it):
   2:6>Using "Message" task from assembly "Microsoft.Build.Tasks.Core, Version=15.1.0.0, Culture=neutral, PublicKeyToken=b03f5f7f11d50a3a".
       Task "Message"
   5:6>ProcessFrameworkReferences:
       Using "ProcessFrameworkReferences" task from assembly "/usr/share/dotnet/sdk/8.0.417/Sdks/Microsoft.NET.Sdk/targets/../tools/net8.0/Microsoft.NET.Build.Tasks.dll".
       Task "ProcessFrameworkReferences"
   3:5>Target "_GetRestoreSettings" in file "/usr/share/dotnet/sdk/8.0.417/NuGet.targets" from project "/modernize-data/studio-data/TNT1001/APP1166/transformed-code/344/studio-workspace/TMS22/src/TourManagement.Infrastructure/TourManagement.Infrastructure.csproj" (target "_GenerateDotnetCliToolReferenceSpecs" depends on it):
   3:5>Using "GetRestoreSettingsTask" task from assembly "/usr/share/dotnet/sdk/8.0.417/NuGet.Build.Tasks.dll".
       Task "GetRestoreSettingsTask"
   2:6>_GenerateRestoreSpecs:
         Restore entry point /modernize-data/studio-data/TNT1001/APP1166/transformed-code/344/studio-workspace/TMS22/src/TourManagement.Application/TourManagement.Application.csproj
       Done executing task "Message".
   2:6>Done building target "_GenerateRestoreSpecs" in project "TourManagement.Application.csproj".
   2:6>Target "_GetRestoreSettingsOverrides" in file "/usr/share/dotnet/sdk/8.0.417/NuGet.targets" from project "/modernize-data/studio-data/TNT1001/APP1166/transformed-code/344/studio-workspace/TMS22/src/TourManagement.Application/TourManagement.Application.csproj" (target "_GetRestoreSettings" depends on it):
       Task "MSBuild" skipped, due to false condition; ( '$(RestorePackagesPath)' != '' ) was evaluated as ( '' != '' ).
       Task "MSBuild" skipped, due to false condition; ( '$(RestoreRepositoryPathOverride)' != '' ) was evaluated as ( '' != '' ).
       Task "MSBuild" skipped, due to false condition; ( '$(RestoreSources)' != '' ) was evaluated as ( '' != '' ).
       Task "MSBuild" skipped, due to false condition; ( '$(RestoreFallbackFolders)' != '' ) was evaluated as ( '' != '' ).
   2:6>Done building target "_GetRestoreSettingsOverrides" in project "TourManagement.Application.csproj".
   2:6>Target "_GetRestoreSettingsPerFramework" in file "/usr/share/dotnet/sdk/8.0.417/NuGet.targets" from project "/modernize-data/studio-data/TNT1001/APP1166/transformed-code/344/studio-workspace/TMS22/src/TourManagement.Application/TourManagement.Application.csproj" (target "_GetRestoreSettingsCurrentProject" depends on it):
   2:6>Done building target "_GetRestoreSettingsPerFramework" in project "TourManagement.Application.csproj".
   2:6>Target "_GetRestoreSettingsCurrentProject" in file "/usr/share/dotnet/sdk/8.0.417/NuGet.targets" from project "/modernize-data/studio-data/TNT1001/APP1166/transformed-code/344/studio-workspace/TMS22/src/TourManagement.Application/TourManagement.Application.csproj" (target "_GetRestoreSettings" depends on it):
   2:6>Done building target "_GetRestoreSettingsCurrentProject" in project "TourManagement.Application.csproj".
       Target "_GetRestoreSettingsAllFrameworks" skipped, due to false condition; ( '$(TargetFrameworks)' != '' AND '$(PackageReferenceCompatibleProjectStyle)' == 'true' ) was evaluated as ( '' != '' AND 'True' == 'true' ).
   3:5>_GetRestoreSettings:
         Assembly loaded during TaskRun (NuGet.Build.Tasks.GetRestoreSettingsTask): NuGet.Configuration, Version=6.11.1.2, Culture=neutral, PublicKeyToken=31bf3856ad364e35 (location: /usr/share/dotnet/sdk/8.0.417/NuGet.Configuration.dll, MVID: be7e3e57-42a2-4a9c-87cf-47833efa7f94, AssemblyLoadContext: MSBuild plugin /usr/share/dotnet/sdk/8.0.417/NuGet.Build.Tasks.dll)
   2:6>Target "_GetRestoreSettings" in file "/usr/share/dotnet/sdk/8.0.417/NuGet.targets" from project "/modernize-data/studio-data/TNT1001/APP1166/transformed-code/344/studio-workspace/TMS22/src/TourManagement.Application/TourManagement.Application.csproj" (target "_GenerateDotnetCliToolReferenceSpecs" depends on it):
   2:6>Using "GetRestoreSettingsTask" task from assembly "/usr/share/dotnet/sdk/8.0.417/NuGet.Build.Tasks.dll".
       Task "GetRestoreSettingsTask"
         Assembly loaded during TaskRun (NuGet.Build.Tasks.GetRestoreSettingsTask): NuGet.Configuration, Version=6.11.1.2, Culture=neutral, PublicKeyToken=31bf3856ad364e35 (location: /usr/share/dotnet/sdk/8.0.417/NuGet.Configuration.dll, MVID: be7e3e57-42a2-4a9c-87cf-47833efa7f94, AssemblyLoadContext: MSBuild plugin /usr/share/dotnet/sdk/8.0.417/NuGet.Build.Tasks.dll)
   4:4>Done executing task "ResolveAppHosts".
   4:4>Done building target "ProcessFrameworkReferences" in project "TourManagement.Web.csproj".
       Target "IncludeTargetingPackReference" skipped, due to false condition; ('$(TargetFrameworkMoniker)' != '' and '$(TargetFrameworkIdentifier)' == '.NETFramework' and '$(AutomaticallyUseReferenceAssemblyPackages)' == 'true') was evaluated as ('.NETCoreApp,Version=v8.0' != '' and '.NETCoreApp' == '.NETFramework' and 'true' == 'true').
   4:4>Target "_AddMicrosoftNetCompilerToolsetFrameworkPackage" in file "/usr/share/dotnet/sdk/8.0.417/Sdks/Microsoft.NET.Sdk/targets/Microsoft.NET.Sdk.targets" from project "/modernize-data/studio-data/TNT1001/APP1166/transformed-code/344/studio-workspace/TMS22/src/TourManagement.Web/TourManagement.Web.csproj" (target "CollectPackageReferences" depends on it):
       Task "NETSdkWarning" skipped, due to false condition; ('@(PackageReference->AnyHaveMetadataValue('Identity', 'Microsoft.Net.Compilers.Toolset.Framework'))' == 'true') was evaluated as ('false' == 'true').
   4:4>Done building target "_AddMicrosoftNetCompilerToolsetFrameworkPackage" in project "TourManagement.Web.csproj".
   4:4>Target "_CheckForObsoleteDotNetCliToolReferences" in file "/usr/share/dotnet/sdk/8.0.417/Sdks/Microsoft.NET.Sdk/targets/Microsoft.NET.ObsoleteReferences.targets" from project "/modernize-data/studio-data/TNT1001/APP1166/transformed-code/344/studio-workspace/TMS22/src/TourManagement.Web/TourManagement.Web.csproj" (target "CollectPackageReferences" depends on it):
       Task "NETSdkWarning" skipped, due to false condition; ( '%(_ReferenceToObsoleteDotNetCliTool.Identity)' != '' ) was evaluated as ( '' != '' ).
   4:4>Done building target "_CheckForObsoleteDotNetCliToolReferences" in project "TourManagement.Web.csproj".
   4:4>Target "CollectPackageReferences" in file "/usr/share/dotnet/sdk/8.0.417/NuGet.targets" from project "/modernize-data/studio-data/TNT1001/APP1166/transformed-code/344/studio-workspace/TMS22/src/TourManagement.Web/TourManagement.Web.csproj" (target "_GetRestoreProjectStyle" depends on it):
       Using "CheckForDuplicateNuGetItemsTask" task from assembly "/usr/share/dotnet/sdk/8.0.417/NuGet.Build.Tasks.dll".
       Task "CheckForDuplicateNuGetItemsTask"
       Done executing task "CheckForDuplicateNuGetItemsTask".
   4:4>Done building target "CollectPackageReferences" in project "TourManagement.Web.csproj".
   4:4>Target "_GetRestoreProjectStyle" in file "/usr/share/dotnet/sdk/8.0.417/NuGet.targets" from project "/modernize-data/studio-data/TNT1001/APP1166/transformed-code/344/studio-workspace/TMS22/src/TourManagement.Web/TourManagement.Web.csproj" (target "_GenerateRestoreSpecs" depends on it):
       Using "GetRestoreProjectStyleTask" task from assembly "/usr/share/dotnet/sdk/8.0.417/NuGet.Build.Tasks.dll".
       Task "GetRestoreProjectStyleTask"
       Done executing task "GetRestoreProjectStyleTask".
   4:4>Done building target "_GetRestoreProjectStyle" in project "TourManagement.Web.csproj".
   4:4>Target "_GenerateRestoreSpecs" in file "/usr/share/dotnet/sdk/8.0.417/NuGet.targets" from project "/modernize-data/studio-data/TNT1001/APP1166/transformed-code/344/studio-workspace/TMS22/src/TourManagement.Web/TourManagement.Web.csproj" (target "_GenerateRestoreGraphProjectEntry" depends on it):
       Using "Message" task from assembly "Microsoft.Build.Tasks.Core, Version=15.1.0.0, Culture=neutral, PublicKeyToken=b03f5f7f11d50a3a".
       Task "Message"
         Restore entry point /modernize-data/studio-data/TNT1001/APP1166/transformed-code/344/studio-workspace/TMS22/src/TourManagement.Web/TourManagement.Web.csproj
       Done executing task "Message".
   4:4>Done building target "_GenerateRestoreSpecs" in project "TourManagement.Web.csproj".
   4:4>Target "_GetRestoreSettingsOverrides" in file "/usr/share/dotnet/sdk/8.0.417/NuGet.targets" from project "/modernize-data/studio-data/TNT1001/APP1166/transformed-code/344/studio-workspace/TMS22/src/TourManagement.Web/TourManagement.Web.csproj" (target "_GetRestoreSettings" depends on it):
       Task "MSBuild" skipped, due to false condition; ( '$(RestorePackagesPath)' != '' ) was evaluated as ( '' != '' ).
       Task "MSBuild" skipped, due to false condition; ( '$(RestoreRepositoryPathOverride)' != '' ) was evaluated as ( '' != '' ).
       Task "MSBuild" skipped, due to false condition; ( '$(RestoreSources)' != '' ) was evaluated as ( '' != '' ).
       Task "MSBuild" skipped, due to false condition; ( '$(RestoreFallbackFolders)' != '' ) was evaluated as ( '' != '' ).
   4:4>Done building target "_GetRestoreSettingsOverrides" in project "TourManagement.Web.csproj".
   4:4>Target "_GetRestoreSettingsPerFramework" in file "/usr/share/dotnet/sdk/8.0.417/NuGet.targets" from project "/modernize-data/studio-data/TNT1001/APP1166/transformed-code/344/studio-workspace/TMS22/src/TourManagement.Web/TourManagement.Web.csproj" (target "_GetRestoreSettingsCurrentProject" depends on it):
   4:4>Done building target "_GetRestoreSettingsPerFramework" in project "TourManagement.Web.csproj".
   4:4>Target "_GetRestoreSettingsCurrentProject" in file "/usr/share/dotnet/sdk/8.0.417/NuGet.targets" from project "/modernize-data/studio-data/TNT1001/APP1166/transformed-code/344/studio-workspace/TMS22/src/TourManagement.Web/TourManagement.Web.csproj" (target "_GetRestoreSettings" depends on it):
   4:4>Done building target "_GetRestoreSettingsCurrentProject" in project "TourManagement.Web.csproj".
       Target "_GetRestoreSettingsAllFrameworks" skipped, due to false condition; ( '$(TargetFrameworks)' != '' AND '$(PackageReferenceCompatibleProjectStyle)' == 'true' ) was evaluated as ( '' != '' AND 'True' == 'true' ).
   4:4>Target "_GetRestoreSettings" in file "/usr/share/dotnet/sdk/8.0.417/NuGet.targets" from project "/modernize-data/studio-data/TNT1001/APP1166/transformed-code/344/studio-workspace/TMS22/src/TourManagement.Web/TourManagement.Web.csproj" (target "_GenerateDotnetCliToolReferenceSpecs" depends on it):
       Using "GetRestoreSettingsTask" task from assembly "/usr/share/dotnet/sdk/8.0.417/NuGet.Build.Tasks.dll".
       Task "GetRestoreSettingsTask"
         Assembly loaded during TaskRun (NuGet.Build.Tasks.GetRestoreSettingsTask): NuGet.Configuration, Version=6.11.1.2, Culture=neutral, PublicKeyToken=31bf3856ad364e35 (location: /usr/share/dotnet/sdk/8.0.417/NuGet.Configuration.dll, MVID: be7e3e57-42a2-4a9c-87cf-47833efa7f94, AssemblyLoadContext: MSBuild plugin /usr/share/dotnet/sdk/8.0.417/NuGet.Build.Tasks.dll)
   3:5>Done executing task "GetRestoreSettingsTask".
   3:5>Done building target "_GetRestoreSettings" in project "TourManagement.Infrastructure.csproj".
   3:5>Target "_GenerateDotnetCliToolReferenceSpecs" in file "/usr/share/dotnet/sdk/8.0.417/NuGet.targets" from project "/modernize-data/studio-data/TNT1001/APP1166/transformed-code/344/studio-workspace/TMS22/src/TourManagement.Infrastructure/TourManagement.Infrastructure.csproj" (target "_GenerateRestoreGraphProjectEntry" depends on it):
       Using "GetRestoreDotnetCliToolsTask" task from assembly "/usr/share/dotnet/sdk/8.0.417/NuGet.Build.Tasks.dll".
       Task "GetRestoreDotnetCliToolsTask"
       Done executing task "GetRestoreDotnetCliToolsTask".
   3:5>Done building target "_GenerateDotnetCliToolReferenceSpecs" in project "TourManagement.Infrastructure.csproj".
   3:5>Target "_GenerateRestoreGraphProjectEntry" in file "/usr/share/dotnet/sdk/8.0.417/NuGet.targets" from project "/modernize-data/studio-data/TNT1001/APP1166/transformed-code/344/studio-workspace/TMS22/src/TourManagement.Infrastructure/TourManagement.Infrastructure.csproj" (entry point):
   3:5>Done building target "_GenerateRestoreGraphProjectEntry" in project "TourManagement.Infrastructure.csproj".
   3:5>Done Building Project "/modernize-data/studio-data/TNT1001/APP1166/transformed-code/344/studio-workspace/TMS22/src/TourManagement.Infrastructure/TourManagement.Infrastructure.csproj" (_GenerateRestoreGraphProjectEntry target(s)).
   5:6>Done executing task "ProcessFrameworkReferences".
       Using "ResolveAppHosts" task from assembly "/usr/share/dotnet/sdk/8.0.417/Sdks/Microsoft.NET.Sdk/targets/../tools/net8.0/Microsoft.NET.Build.Tasks.dll".
       Task "ResolveAppHosts"
   4:4>Done executing task "GetRestoreSettingsTask".
   5:6>Done executing task "ResolveAppHosts".
   4:4>Done building target "_GetRestoreSettings" in project "TourManagement.Web.csproj".
   5:6>Done building target "ProcessFrameworkReferences" in project "TourManagement.Domain.csproj".
       Target "IncludeTargetingPackReference" skipped, due to false condition; ('$(TargetFrameworkMoniker)' != '' and '$(TargetFrameworkIdentifier)' == '.NETFramework' and '$(AutomaticallyUseReferenceAssemblyPackages)' == 'true') was evaluated as ('.NETCoreApp,Version=v8.0' != '' and '.NETCoreApp' == '.NETFramework' and 'true' == 'true').
   5:6>Target "_AddMicrosoftNetCompilerToolsetFrameworkPackage" in file "/usr/share/dotnet/sdk/8.0.417/Sdks/Microsoft.NET.Sdk/targets/Microsoft.NET.Sdk.targets" from project "/modernize-data/studio-data/TNT1001/APP1166/transformed-code/344/studio-workspace/TMS22/src/TourManagement.Domain/TourManagement.Domain.csproj" (target "CollectPackageReferences" depends on it):
       Task "NETSdkWarning" skipped, due to false condition; ('@(PackageReference->AnyHaveMetadataValue('Identity', 'Microsoft.Net.Compilers.Toolset.Framework'))' == 'true') was evaluated as ('false' == 'true').
   4:4>Target "_GenerateDotnetCliToolReferenceSpecs" in file "/usr/share/dotnet/sdk/8.0.417/NuGet.targets" from project "/modernize-data/studio-data/TNT1001/APP1166/transformed-code/344/studio-workspace/TMS22/src/TourManagement.Web/TourManagement.Web.csproj" (target "_GenerateRestoreGraphProjectEntry" depends on it):
   4:4>Using "GetRestoreDotnetCliToolsTask" task from assembly "/usr/share/dotnet/sdk/8.0.417/NuGet.Build.Tasks.dll".
   5:6>Done building target "_AddMicrosoftNetCompilerToolsetFrameworkPackage" in project "TourManagement.Domain.csproj".
   4:4>Task "GetRestoreDotnetCliToolsTask"
   5:6>Target "_CheckForObsoleteDotNetCliToolReferences" in file "/usr/share/dotnet/sdk/8.0.417/Sdks/Microsoft.NET.Sdk/targets/Microsoft.NET.ObsoleteReferences.targets" from project "/modernize-data/studio-data/TNT1001/APP1166/transformed-code/344/studio-workspace/TMS22/src/TourManagement.Domain/TourManagement.Domain.csproj" (target "CollectPackageReferences" depends on it):
   5:6>Task "NETSdkWarning" skipped, due to false condition; ( '%(_ReferenceToObsoleteDotNetCliTool.Identity)' != '' ) was evaluated as ( '' != '' ).
   5:6>Done building target "_CheckForObsoleteDotNetCliToolReferences" in project "TourManagement.Domain.csproj".
   5:6>Target "CollectPackageReferences" in file "/usr/share/dotnet/sdk/8.0.417/NuGet.targets" from project "/modernize-data/studio-data/TNT1001/APP1166/transformed-code/344/studio-workspace/TMS22/src/TourManagement.Domain/TourManagement.Domain.csproj" (target "_GetRestoreProjectStyle" depends on it):
       Using "CheckForDuplicateNuGetItemsTask" task from assembly "/usr/share/dotnet/sdk/8.0.417/NuGet.Build.Tasks.dll".
       Task "CheckForDuplicateNuGetItemsTask"
   4:4>Done executing task "GetRestoreDotnetCliToolsTask".
   4:4>Done building target "_GenerateDotnetCliToolReferenceSpecs" in project "TourManagement.Web.csproj".
   4:4>Target "_GenerateRestoreGraphProjectEntry" in file "/usr/share/dotnet/sdk/8.0.417/NuGet.targets" from project "/modernize-data/studio-data/TNT1001/APP1166/transformed-code/344/studio-workspace/TMS22/src/TourManagement.Web/TourManagement.Web.csproj" (entry point):
   4:4>Done building target "_GenerateRestoreGraphProjectEntry" in project "TourManagement.Web.csproj".
   4:4>Done Building Project "/modernize-data/studio-data/TNT1001/APP1166/transformed-code/344/studio-workspace/TMS22/src/TourManagement.Web/TourManagement.Web.csproj" (_GenerateRestoreGraphProjectEntry target(s)).
   5:6>Done executing task "CheckForDuplicateNuGetItemsTask".
   5:6>Done building target "CollectPackageReferences" in project "TourManagement.Domain.csproj".
   5:6>Target "_GetRestoreProjectStyle" in file "/usr/share/dotnet/sdk/8.0.417/NuGet.targets" from project "/modernize-data/studio-data/TNT1001/APP1166/transformed-code/344/studio-workspace/TMS22/src/TourManagement.Domain/TourManagement.Domain.csproj" (target "_GenerateRestoreSpecs" depends on it):
       Using "GetRestoreProjectStyleTask" task from assembly "/usr/share/dotnet/sdk/8.0.417/NuGet.Build.Tasks.dll".
       Task "GetRestoreProjectStyleTask"
       Done executing task "GetRestoreProjectStyleTask".
   5:6>Done building target "_GetRestoreProjectStyle" in project "TourManagement.Domain.csproj".
   5:6>Target "_GenerateRestoreSpecs" in file "/usr/share/dotnet/sdk/8.0.417/NuGet.targets" from project "/modernize-data/studio-data/TNT1001/APP1166/transformed-code/344/studio-workspace/TMS22/src/TourManagement.Domain/TourManagement.Domain.csproj" (target "_GenerateRestoreGraphProjectEntry" depends on it):
       Using "Message" task from assembly "Microsoft.Build.Tasks.Core, Version=15.1.0.0, Culture=neutral, PublicKeyToken=b03f5f7f11d50a3a".
       Task "Message"
         Restore entry point /modernize-data/studio-data/TNT1001/APP1166/transformed-code/344/studio-workspace/TMS22/src/TourManagement.Domain/TourManagement.Domain.csproj
       Done executing task "Message".
   5:6>Done building target "_GenerateRestoreSpecs" in project "TourManagement.Domain.csproj".
   5:6>Target "_GetRestoreSettingsOverrides" in file "/usr/share/dotnet/sdk/8.0.417/NuGet.targets" from project "/modernize-data/studio-data/TNT1001/APP1166/transformed-code/344/studio-workspace/TMS22/src/TourManagement.Domain/TourManagement.Domain.csproj" (target "_GetRestoreSettings" depends on it):
       Task "MSBuild" skipped, due to false condition; ( '$(RestorePackagesPath)' != '' ) was evaluated as ( '' != '' ).
       Task "MSBuild" skipped, due to false condition; ( '$(RestoreRepositoryPathOverride)' != '' ) was evaluated as ( '' != '' ).
       Task "MSBuild" skipped, due to false condition; ( '$(RestoreSources)' != '' ) was evaluated as ( '' != '' ).
       Task "MSBuild" skipped, due to false condition; ( '$(RestoreFallbackFolders)' != '' ) was evaluated as ( '' != '' ).
   5:6>Done building target "_GetRestoreSettingsOverrides" in project "TourManagement.Domain.csproj".
   5:6>Target "_GetRestoreSettingsPerFramework" in file "/usr/share/dotnet/sdk/8.0.417/NuGet.targets" from project "/modernize-data/studio-data/TNT1001/APP1166/transformed-code/344/studio-workspace/TMS22/src/TourManagement.Domain/TourManagement.Domain.csproj" (target "_GetRestoreSettingsCurrentProject" depends on it):
   5:6>Done building target "_GetRestoreSettingsPerFramework" in project "TourManagement.Domain.csproj".
   5:6>Target "_GetRestoreSettingsCurrentProject" in file "/usr/share/dotnet/sdk/8.0.417/NuGet.targets" from project "/modernize-data/studio-data/TNT1001/APP1166/transformed-code/344/studio-workspace/TMS22/src/TourManagement.Domain/TourManagement.Domain.csproj" (target "_GetRestoreSettings" depends on it):
   5:6>Done building target "_GetRestoreSettingsCurrentProject" in project "TourManagement.Domain.csproj".
       Target "_GetRestoreSettingsAllFrameworks" skipped, due to false condition; ( '$(TargetFrameworks)' != '' AND '$(PackageReferenceCompatibleProjectStyle)' == 'true' ) was evaluated as ( '' != '' AND 'True' == 'true' ).
   5:6>Target "_GetRestoreSettings" in file "/usr/share/dotnet/sdk/8.0.417/NuGet.targets" from project "/modernize-data/studio-data/TNT1001/APP1166/transformed-code/344/studio-workspace/TMS22/src/TourManagement.Domain/TourManagement.Domain.csproj" (target "_GenerateDotnetCliToolReferenceSpecs" depends on it):
       Using "GetRestoreSettingsTask" task from assembly "/usr/share/dotnet/sdk/8.0.417/NuGet.Build.Tasks.dll".
       Task "GetRestoreSettingsTask"
         Assembly loaded during TaskRun (NuGet.Build.Tasks.GetRestoreSettingsTask): NuGet.Configuration, Version=6.11.1.2, Culture=neutral, PublicKeyToken=31bf3856ad364e35 (location: /usr/share/dotnet/sdk/8.0.417/NuGet.Configuration.dll, MVID: be7e3e57-42a2-4a9c-87cf-47833efa7f94, AssemblyLoadContext: MSBuild plugin /usr/share/dotnet/sdk/8.0.417/NuGet.Build.Tasks.dll)
   2:6>Done executing task "GetRestoreSettingsTask".
   2:6>Done building target "_GetRestoreSettings" in project "TourManagement.Application.csproj".
   2:6>Target "_GenerateDotnetCliToolReferenceSpecs" in file "/usr/share/dotnet/sdk/8.0.417/NuGet.targets" from project "/modernize-data/studio-data/TNT1001/APP1166/transformed-code/344/studio-workspace/TMS22/src/TourManagement.Application/TourManagement.Application.csproj" (target "_GenerateRestoreGraphProjectEntry" depends on it):
       Using "GetRestoreDotnetCliToolsTask" task from assembly "/usr/share/dotnet/sdk/8.0.417/NuGet.Build.Tasks.dll".
       Task "GetRestoreDotnetCliToolsTask"
       Done executing task "GetRestoreDotnetCliToolsTask".
   2:6>Done building target "_GenerateDotnetCliToolReferenceSpecs" in project "TourManagement.Application.csproj".
   2:6>Target "_GenerateRestoreGraphProjectEntry" in file "/usr/share/dotnet/sdk/8.0.417/NuGet.targets" from project "/modernize-data/studio-data/TNT1001/APP1166/transformed-code/344/studio-workspace/TMS22/src/TourManagement.Application/TourManagement.Application.csproj" (entry point):
   2:6>Done building target "_GenerateRestoreGraphProjectEntry" in project "TourManagement.Application.csproj".
   2:6>Done Building Project "/modernize-data/studio-data/TNT1001/APP1166/transformed-code/344/studio-workspace/TMS22/src/TourManagement.Application/TourManagement.Application.csproj" (_GenerateRestoreGraphProjectEntry target(s)).
   5:6>_GetRestoreSettings:
         Assembly loaded during TaskRun (NuGet.Build.Tasks.GetRestoreSettingsTask): System.Xml.XDocument, Version=8.0.0.0, Culture=neutral, PublicKeyToken=b03f5f7f11d50a3a (location: /usr/share/dotnet/shared/Microsoft.NETCore.App/8.0.23/System.Xml.XDocument.dll, MVID: 08ab2275-6b9c-4c16-b460-20450cebb1aa, AssemblyLoadContext: Default)
         Assembly loaded during TaskRun (NuGet.Build.Tasks.GetRestoreSettingsTask): System.Private.Xml.Linq, Version=8.0.0.0, Culture=neutral, PublicKeyToken=cc7b13ffcd2ddd51 (location: /usr/share/dotnet/shared/Microsoft.NETCore.App/8.0.23/System.Private.Xml.Linq.dll, MVID: dd5e7072-ed0c-451e-9c86-411375ffa95f, AssemblyLoadContext: Default)
       Done executing task "GetRestoreSettingsTask".
   5:6>Done building target "_GetRestoreSettings" in project "TourManagement.Domain.csproj".
   5:6>Target "_GenerateDotnetCliToolReferenceSpecs" in file "/usr/share/dotnet/sdk/8.0.417/NuGet.targets" from project "/modernize-data/studio-data/TNT1001/APP1166/transformed-code/344/studio-workspace/TMS22/src/TourManagement.Domain/TourManagement.Domain.csproj" (target "_GenerateRestoreGraphProjectEntry" depends on it):
       Using "GetRestoreDotnetCliToolsTask" task from assembly "/usr/share/dotnet/sdk/8.0.417/NuGet.Build.Tasks.dll".
       Task "GetRestoreDotnetCliToolsTask"
       Done executing task "GetRestoreDotnetCliToolsTask".
   5:6>Done building target "_GenerateDotnetCliToolReferenceSpecs" in project "TourManagement.Domain.csproj".
   5:6>Target "_GenerateRestoreGraphProjectEntry" in file "/usr/share/dotnet/sdk/8.0.417/NuGet.targets" from project "/modernize-data/studio-data/TNT1001/APP1166/transformed-code/344/studio-workspace/TMS22/src/TourManagement.Domain/TourManagement.Domain.csproj" (entry point):
   5:6>Done building target "_GenerateRestoreGraphProjectEntry" in project "TourManagement.Domain.csproj".
   5:6>Done Building Project "/modernize-data/studio-data/TNT1001/APP1166/transformed-code/344/studio-workspace/TMS22/src/TourManagement.Domain/TourManagement.Domain.csproj" (_GenerateRestoreGraphProjectEntry target(s)).
     1>Done executing task "MSBuild".
       Task "MSBuild"
         Global Properties:
           ExcludeRestorePackageImports=true
           _RestoreSolutionFileUsed=true
           SolutionDir=/modernize-data/studio-data/TNT1001/APP1166/transformed-code/344/studio-workspace/TMS22/
           SolutionName=TourManagement
           SolutionFileName=TourManagement.sln
           SolutionPath=/modernize-data/studio-data/TNT1001/APP1166/transformed-code/344/studio-workspace/TMS22/TourManagement.sln
           SolutionExt=.sln
         Additional Properties for project "/modernize-data/studio-data/TNT1001/APP1166/transformed-code/344/studio-workspace/TMS22/src/TourManagement.Domain/TourManagement.Domain.csproj":
           Configuration=Debug
           Platform=AnyCPU
         Additional Properties for project "/modernize-data/studio-data/TNT1001/APP1166/transformed-code/344/studio-workspace/TMS22/src/TourManagement.Application/TourManagement.Application.csproj":
           Configuration=Debug
           Platform=AnyCPU
         Additional Properties for project "/modernize-data/studio-data/TNT1001/APP1166/transformed-code/344/studio-workspace/TMS22/src/TourManagement.Infrastructure/TourManagement.Infrastructure.csproj":
           Configuration=Debug
           Platform=AnyCPU
         Additional Properties for project "/modernize-data/studio-data/TNT1001/APP1166/transformed-code/344/studio-workspace/TMS22/src/TourManagement.Web/TourManagement.Web.csproj":
           Configuration=Debug
           Platform=AnyCPU
     1>Project "/modernize-data/studio-data/TNT1001/APP1166/transformed-code/344/studio-workspace/TMS22/TourManagement.sln" (1) is building "/modernize-data/studio-data/TNT1001/APP1166/transformed-code/344/studio-workspace/TMS22/src/TourManagement.Domain/TourManagement.Domain.csproj" (5:7) on node 1 (_GenerateProjectRestoreGraph target(s)).
   5:7>Target "_GetRestoreProjectStyle" skipped. Previously built successfully.
       Target "_GetRestoreProjectStyle" skipped. Previously built successfully.
       Target "_GetRestoreProjectStyle" skipped. Previously built successfully.
   5:7>Target "_GetRestoreTargetFrameworkOverride" in file "/usr/share/dotnet/sdk/8.0.417/NuGet.targets" from project "/modernize-data/studio-data/TNT1001/APP1166/transformed-code/344/studio-workspace/TMS22/src/TourManagement.Domain/TourManagement.Domain.csproj" (target "_GetRestoreTargetFrameworksOutput" depends on it):
       Task "GetGlobalPropertyValueTask" skipped, due to false condition; ( '$(TargetFrameworks)' != '' ) was evaluated as ( '' != '' ).
   5:7>Done building target "_GetRestoreTargetFrameworkOverride" in project "TourManagement.Domain.csproj".
   5:7>Target "_GetRestoreTargetFrameworksOutput" in file "/usr/share/dotnet/sdk/8.0.417/NuGet.targets" from project "/modernize-data/studio-data/TNT1001/APP1166/transformed-code/344/studio-workspace/TMS22/src/TourManagement.Domain/TourManagement.Domain.csproj" (target "_GenerateRestoreProjectSpec" depends on it):
       Using "GetProjectTargetFrameworksTask" task from assembly "/usr/share/dotnet/sdk/8.0.417/NuGet.Build.Tasks.dll".
       Task "GetProjectTargetFrameworksTask"
     1>Project "/modernize-data/studio-data/TNT1001/APP1166/transformed-code/344/studio-workspace/TMS22/TourManagement.sln" (1) is building "/modernize-data/studio-data/TNT1001/APP1166/transformed-code/344/studio-workspace/TMS22/src/TourManagement.Application/TourManagement.Application.csproj" (2:7) on node 2 (_GenerateProjectRestoreGraph target(s)).
   2:7>Target "_GetRestoreProjectStyle" skipped. Previously built successfully.
       Target "_GetRestoreProjectStyle" skipped. Previously built successfully.
       Target "_GetRestoreProjectStyle" skipped. Previously built successfully.
     1>Project "/modernize-data/studio-data/TNT1001/APP1166/transformed-code/344/studio-workspace/TMS22/TourManagement.sln" (1) is building "/modernize-data/studio-data/TNT1001/APP1166/transformed-code/344/studio-workspace/TMS22/src/TourManagement.Web/TourManagement.Web.csproj" (4:5) on node 3 (_GenerateProjectRestoreGraph target(s)).
   4:5>Target "_GetRestoreProjectStyle" skipped. Previously built successfully.
       Target "_GetRestoreProjectStyle" skipped. Previously built successfully.
   2:7>Target "_GetRestoreTargetFrameworkOverride" in file "/usr/share/dotnet/sdk/8.0.417/NuGet.targets" from project "/modernize-data/studio-data/TNT1001/APP1166/transformed-code/344/studio-workspace/TMS22/src/TourManagement.Application/TourManagement.Application.csproj" (target "_GetRestoreTargetFrameworksOutput" depends on it):
   2:7>Task "GetGlobalPropertyValueTask" skipped, due to false condition; ( '$(TargetFrameworks)' != '' ) was evaluated as ( '' != '' ).
   4:5>Target "_GetRestoreProjectStyle" skipped. Previously built successfully.
   2:7>Done building target "_GetRestoreTargetFrameworkOverride" in project "TourManagement.Application.csproj".
     1>Project "/modernize-data/studio-data/TNT1001/APP1166/transformed-code/344/studio-workspace/TMS22/TourManagement.sln" (1) is building "/modernize-data/studio-data/TNT1001/APP1166/transformed-code/344/studio-workspace/TMS22/src/TourManagement.Infrastructure/TourManagement.Infrastructure.csproj" (3:6) on node 4 (_GenerateProjectRestoreGraph target(s)).
   3:6>Target "_GetRestoreProjectStyle" skipped. Previously built successfully.
   4:5>Target "_GetRestoreTargetFrameworkOverride" in file "/usr/share/dotnet/sdk/8.0.417/NuGet.targets" from project "/modernize-data/studio-data/TNT1001/APP1166/transformed-code/344/studio-workspace/TMS22/src/TourManagement.Web/TourManagement.Web.csproj" (target "_GetRestoreTargetFrameworksOutput" depends on it):
   4:5>Task "GetGlobalPropertyValueTask" skipped, due to false condition; ( '$(TargetFrameworks)' != '' ) was evaluated as ( '' != '' ).
   3:6>Target "_GetRestoreProjectStyle" skipped. Previously built successfully.
   4:5>Done building target "_GetRestoreTargetFrameworkOverride" in project "TourManagement.Web.csproj".
   3:6>Target "_GetRestoreProjectStyle" skipped. Previously built successfully.
   3:6>Target "_GetRestoreTargetFrameworkOverride" in file "/usr/share/dotnet/sdk/8.0.417/NuGet.targets" from project "/modernize-data/studio-data/TNT1001/APP1166/transformed-code/344/studio-workspace/TMS22/src/TourManagement.Infrastructure/TourManagement.Infrastructure.csproj" (target "_GetRestoreTargetFrameworksOutput" depends on it):
       Task "GetGlobalPropertyValueTask" skipped, due to false condition; ( '$(TargetFrameworks)' != '' ) was evaluated as ( '' != '' ).
   3:6>Done building target "_GetRestoreTargetFrameworkOverride" in project "TourManagement.Infrastructure.csproj".
   2:7>Target "_GetRestoreTargetFrameworksOutput" in file "/usr/share/dotnet/sdk/8.0.417/NuGet.targets" from project "/modernize-data/studio-data/TNT1001/APP1166/transformed-code/344/studio-workspace/TMS22/src/TourManagement.Application/TourManagement.Application.csproj" (target "_GenerateRestoreProjectSpec" depends on it):
   2:7>Using "GetProjectTargetFrameworksTask" task from assembly "/usr/share/dotnet/sdk/8.0.417/NuGet.Build.Tasks.dll".
       Task "GetProjectTargetFrameworksTask"
   5:7>Done executing task "GetProjectTargetFrameworksTask".
   4:5>Target "_GetRestoreTargetFrameworksOutput" in file "/usr/share/dotnet/sdk/8.0.417/NuGet.targets" from project "/modernize-data/studio-data/TNT1001/APP1166/transformed-code/344/studio-workspace/TMS22/src/TourManagement.Web/TourManagement.Web.csproj" (target "_GenerateRestoreProjectSpec" depends on it):
   4:5>Using "GetProjectTargetFrameworksTask" task from assembly "/usr/share/dotnet/sdk/8.0.417/NuGet.Build.Tasks.dll".
   3:6>Target "_GetRestoreTargetFrameworksOutput" in file "/usr/share/dotnet/sdk/8.0.417/NuGet.targets" from project "/modernize-data/studio-data/TNT1001/APP1166/transformed-code/344/studio-workspace/TMS22/src/TourManagement.Infrastructure/TourManagement.Infrastructure.csproj" (target "_GenerateRestoreProjectSpec" depends on it):
   3:6>Using "GetProjectTargetFrameworksTask" task from assembly "/usr/share/dotnet/sdk/8.0.417/NuGet.Build.Tasks.dll".
   4:5>Task "GetProjectTargetFrameworksTask"
   3:6>Task "GetProjectTargetFrameworksTask"
   5:7>Done building target "_GetRestoreTargetFrameworksOutput" in project "TourManagement.Domain.csproj".
       Target "_GetRestoreSettings" skipped. Previously built successfully.
   5:7>Target "_GenerateRestoreProjectSpec" in file "/usr/share/dotnet/sdk/8.0.417/NuGet.targets" from project "/modernize-data/studio-data/TNT1001/APP1166/transformed-code/344/studio-workspace/TMS22/src/TourManagement.Domain/TourManagement.Domain.csproj" (target "_GenerateProjectRestoreGraph" depends on it):
       Task "ConvertToAbsolutePath"
       Done executing task "ConvertToAbsolutePath".
   2:7>Done executing task "GetProjectTargetFrameworksTask".
   2:7>Done building target "_GetRestoreTargetFrameworksOutput" in project "TourManagement.Application.csproj".
       Target "_GetRestoreSettings" skipped. Previously built successfully.
   4:5>Done executing task "GetProjectTargetFrameworksTask".
   2:7>Target "_GenerateRestoreProjectSpec" in file "/usr/share/dotnet/sdk/8.0.417/NuGet.targets" from project "/modernize-data/studio-data/TNT1001/APP1166/transformed-code/344/studio-workspace/TMS22/src/TourManagement.Application/TourManagement.Application.csproj" (target "_GenerateProjectRestoreGraph" depends on it):
   2:7>Task "ConvertToAbsolutePath"
   3:6>Done executing task "GetProjectTargetFrameworksTask".
   5:7>Done building target "_GenerateRestoreProjectSpec" in project "TourManagement.Domain.csproj".
       Target "_GenerateProjectRestoreGraphAllFrameworks" skipped, due to false condition; ( '$(TargetFrameworks)' != '' ) was evaluated as ( '' != '' ).
       Target "_GetRestoreProjectStyle" skipped. Previously built successfully.
       Target "CollectPackageReferences" skipped. Previously built successfully.
   5:7>Target "CollectPackageDownloads" in file "/usr/share/dotnet/sdk/8.0.417/NuGet.targets" from project "/modernize-data/studio-data/TNT1001/APP1166/transformed-code/344/studio-workspace/TMS22/src/TourManagement.Domain/TourManagement.Domain.csproj" (target "_CollectRestoreInputs" depends on it):
       Task "CheckForDuplicateNuGetItemsTask"
   4:5>Done building target "_GetRestoreTargetFrameworksOutput" in project "TourManagement.Web.csproj".
   3:6>Done building target "_GetRestoreTargetFrameworksOutput" in project "TourManagement.Infrastructure.csproj".
   4:5>Target "_GetRestoreSettings" skipped. Previously built successfully.
   3:6>Target "_GetRestoreSettings" skipped. Previously built successfully.
   4:5>Target "_GenerateRestoreProjectSpec" in file "/usr/share/dotnet/sdk/8.0.417/NuGet.targets" from project "/modernize-data/studio-data/TNT1001/APP1166/transformed-code/344/studio-workspace/TMS22/src/TourManagement.Web/TourManagement.Web.csproj" (target "_GenerateProjectRestoreGraph" depends on it):
   4:5>Task "ConvertToAbsolutePath"
   2:7>Done executing task "ConvertToAbsolutePath".
   4:5>Done executing task "ConvertToAbsolutePath".
   2:7>Done building target "_GenerateRestoreProjectSpec" in project "TourManagement.Application.csproj".
       Target "_GenerateProjectRestoreGraphAllFrameworks" skipped, due to false condition; ( '$(TargetFrameworks)' != '' ) was evaluated as ( '' != '' ).
       Target "_GetRestoreProjectStyle" skipped. Previously built successfully.
       Target "CollectPackageReferences" skipped. Previously built successfully.
   2:7>Target "CollectPackageDownloads" in file "/usr/share/dotnet/sdk/8.0.417/NuGet.targets" from project "/modernize-data/studio-data/TNT1001/APP1166/transformed-code/344/studio-workspace/TMS22/src/TourManagement.Application/TourManagement.Application.csproj" (target "_CollectRestoreInputs" depends on it):
       Task "CheckForDuplicateNuGetItemsTask"
   4:5>Done building target "_GenerateRestoreProjectSpec" in project "TourManagement.Web.csproj".
       Target "_GenerateProjectRestoreGraphAllFrameworks" skipped, due to false condition; ( '$(TargetFrameworks)' != '' ) was evaluated as ( '' != '' ).
       Target "_GetRestoreProjectStyle" skipped. Previously built successfully.
       Target "CollectPackageReferences" skipped. Previously built successfully.
   4:5>Target "CollectPackageDownloads" in file "/usr/share/dotnet/sdk/8.0.417/NuGet.targets" from project "/modernize-data/studio-data/TNT1001/APP1166/transformed-code/344/studio-workspace/TMS22/src/TourManagement.Web/TourManagement.Web.csproj" (target "_CollectRestoreInputs" depends on it):
       Task "CheckForDuplicateNuGetItemsTask"
   5:7>Done executing task "CheckForDuplicateNuGetItemsTask".
   5:7>Done building target "CollectPackageDownloads" in project "TourManagement.Domain.csproj".
   5:7>Target "CollectFrameworkReferences" in file "/usr/share/dotnet/sdk/8.0.417/NuGet.targets" from project "/modernize-data/studio-data/TNT1001/APP1166/transformed-code/344/studio-workspace/TMS22/src/TourManagement.Domain/TourManagement.Domain.csproj" (target "_CollectRestoreInputs" depends on it):
   5:7>Done building target "CollectFrameworkReferences" in project "TourManagement.Domain.csproj".
   5:7>Target "CollectCentralPackageVersions" in file "/usr/share/dotnet/sdk/8.0.417/NuGet.targets" from project "/modernize-data/studio-data/TNT1001/APP1166/transformed-code/344/studio-workspace/TMS22/src/TourManagement.Domain/TourManagement.Domain.csproj" (target "_CollectRestoreInputs" depends on it):
       Task "CheckForDuplicateNuGetItemsTask"
   2:7>Done executing task "CheckForDuplicateNuGetItemsTask".
   2:7>Done building target "CollectPackageDownloads" in project "TourManagement.Application.csproj".
   2:7>Target "CollectFrameworkReferences" in file "/usr/share/dotnet/sdk/8.0.417/NuGet.targets" from project "/modernize-data/studio-data/TNT1001/APP1166/transformed-code/344/studio-workspace/TMS22/src/TourManagement.Application/TourManagement.Application.csproj" (target "_CollectRestoreInputs" depends on it):
   2:7>Done building target "CollectFrameworkReferences" in project "TourManagement.Application.csproj".
   2:7>Target "CollectCentralPackageVersions" in file "/usr/share/dotnet/sdk/8.0.417/NuGet.targets" from project "/modernize-data/studio-data/TNT1001/APP1166/transformed-code/344/studio-workspace/TMS22/src/TourManagement.Application/TourManagement.Application.csproj" (target "_CollectRestoreInputs" depends on it):
       Task "CheckForDuplicateNuGetItemsTask"
   4:5>Done executing task "CheckForDuplicateNuGetItemsTask".
   4:5>Done building target "CollectPackageDownloads" in project "TourManagement.Web.csproj".
   5:7>Done executing task "CheckForDuplicateNuGetItemsTask".
   5:7>Done building target "CollectCentralPackageVersions" in project "TourManagement.Domain.csproj".
   5:7>Target "CollectNuGetAuditSuppressions" in file "/usr/share/dotnet/sdk/8.0.417/NuGet.targets" from project "/modernize-data/studio-data/TNT1001/APP1166/transformed-code/344/studio-workspace/TMS22/src/TourManagement.Domain/TourManagement.Domain.csproj" (target "_CollectRestoreInputs" depends on it):
       Task "CheckForDuplicateNuGetItemsTask"
   4:5>Target "CollectFrameworkReferences" in file "/usr/share/dotnet/sdk/8.0.417/NuGet.targets" from project "/modernize-data/studio-data/TNT1001/APP1166/transformed-code/344/studio-workspace/TMS22/src/TourManagement.Web/TourManagement.Web.csproj" (target "_CollectRestoreInputs" depends on it):
   4:5>Done building target "CollectFrameworkReferences" in project "TourManagement.Web.csproj".
   4:5>Target "CollectCentralPackageVersions" in file "/usr/share/dotnet/sdk/8.0.417/NuGet.targets" from project "/modernize-data/studio-data/TNT1001/APP1166/transformed-code/344/studio-workspace/TMS22/src/TourManagement.Web/TourManagement.Web.csproj" (target "_CollectRestoreInputs" depends on it):
       Task "CheckForDuplicateNuGetItemsTask"
   5:7>Done executing task "CheckForDuplicateNuGetItemsTask".
   5:7>Done building target "CollectNuGetAuditSuppressions" in project "TourManagement.Domain.csproj".
   5:7>Target "_CollectRestoreInputs" in file "/usr/share/dotnet/sdk/8.0.417/NuGet.targets" from project "/modernize-data/studio-data/TNT1001/APP1166/transformed-code/344/studio-workspace/TMS22/src/TourManagement.Domain/TourManagement.Domain.csproj" (target "_GenerateProjectRestoreGraphPerFramework" depends on it):
   5:7>Done building target "_CollectRestoreInputs" in project "TourManagement.Domain.csproj".
       Target "PrepRestoreForStoreProjects" skipped, due to false condition; ('$(StorePackageName)' != '') was evaluated as ('' != '').
   5:7>Target "_GenerateProjectRestoreGraphPerFramework" in file "/usr/share/dotnet/sdk/8.0.417/NuGet.targets" from project "/modernize-data/studio-data/TNT1001/APP1166/transformed-code/344/studio-workspace/TMS22/src/TourManagement.Domain/TourManagement.Domain.csproj" (target "_GenerateProjectRestoreGraphCurrentProject" depends on it):
       Using "GetRestoreProjectReferencesTask" task from assembly "/usr/share/dotnet/sdk/8.0.417/NuGet.Build.Tasks.dll".
       Task "GetRestoreProjectReferencesTask"
   2:7>Done executing task "CheckForDuplicateNuGetItemsTask".
   2:7>Done building target "CollectCentralPackageVersions" in project "TourManagement.Application.csproj".
   2:7>Target "CollectNuGetAuditSuppressions" in file "/usr/share/dotnet/sdk/8.0.417/NuGet.targets" from project "/modernize-data/studio-data/TNT1001/APP1166/transformed-code/344/studio-workspace/TMS22/src/TourManagement.Application/TourManagement.Application.csproj" (target "_CollectRestoreInputs" depends on it):
       Task "CheckForDuplicateNuGetItemsTask"
   5:7>Done executing task "GetRestoreProjectReferencesTask".
   2:7>Done executing task "CheckForDuplicateNuGetItemsTask".
   2:7>Done building target "CollectNuGetAuditSuppressions" in project "TourManagement.Application.csproj".
   2:7>Target "_CollectRestoreInputs" in file "/usr/share/dotnet/sdk/8.0.417/NuGet.targets" from project "/modernize-data/studio-data/TNT1001/APP1166/transformed-code/344/studio-workspace/TMS22/src/TourManagement.Application/TourManagement.Application.csproj" (target "_GenerateProjectRestoreGraphPerFramework" depends on it):
   2:7>Done building target "_CollectRestoreInputs" in project "TourManagement.Application.csproj".
   5:7>_GenerateProjectRestoreGraphPerFramework:
       Using "GetRestorePackageReferencesTask" task from assembly "/usr/share/dotnet/sdk/8.0.417/NuGet.Build.Tasks.dll".
       Task "GetRestorePackageReferencesTask"
   2:7>Target "PrepRestoreForStoreProjects" skipped, due to false condition; ('$(StorePackageName)' != '') was evaluated as ('' != '').
   4:5>Done executing task "CheckForDuplicateNuGetItemsTask".
   4:5>Done building target "CollectCentralPackageVersions" in project "TourManagement.Web.csproj".
   5:7>Done executing task "GetRestorePackageReferencesTask".
   4:5>Target "CollectNuGetAuditSuppressions" in file "/usr/share/dotnet/sdk/8.0.417/NuGet.targets" from project "/modernize-data/studio-data/TNT1001/APP1166/transformed-code/344/studio-workspace/TMS22/src/TourManagement.Web/TourManagement.Web.csproj" (target "_CollectRestoreInputs" depends on it):
   4:5>Task "CheckForDuplicateNuGetItemsTask"
   5:7>_GenerateProjectRestoreGraphPerFramework:
       Task "GetCentralPackageVersionsTask" skipped, due to false condition; ( '$(PackageReferenceCompatibleProjectStyle)' == 'true' AND '$(_CentralPackageVersionsEnabled)' == 'true' ) was evaluated as ( 'True' == 'true' AND '' == 'true' ).
   2:7>Target "_GenerateProjectRestoreGraphPerFramework" in file "/usr/share/dotnet/sdk/8.0.417/NuGet.targets" from project "/modernize-data/studio-data/TNT1001/APP1166/transformed-code/344/studio-workspace/TMS22/src/TourManagement.Application/TourManagement.Application.csproj" (target "_GenerateProjectRestoreGraphCurrentProject" depends on it):
   2:7>Using "GetRestoreProjectReferencesTask" task from assembly "/usr/share/dotnet/sdk/8.0.417/NuGet.Build.Tasks.dll".
       Task "GetRestoreProjectReferencesTask"
   5:7>_GenerateProjectRestoreGraphPerFramework:
       Using "GetRestorePackageDownloadsTask" task from assembly "/usr/share/dotnet/sdk/8.0.417/NuGet.Build.Tasks.dll".
       Task "GetRestorePackageDownloadsTask"
   4:5>Done executing task "CheckForDuplicateNuGetItemsTask".
   4:5>Done building target "CollectNuGetAuditSuppressions" in project "TourManagement.Web.csproj".
   4:5>Target "_CollectRestoreInputs" in file "/usr/share/dotnet/sdk/8.0.417/NuGet.targets" from project "/modernize-data/studio-data/TNT1001/APP1166/transformed-code/344/studio-workspace/TMS22/src/TourManagement.Web/TourManagement.Web.csproj" (target "_GenerateProjectRestoreGraphPerFramework" depends on it):
   4:5>Done building target "_CollectRestoreInputs" in project "TourManagement.Web.csproj".
       Target "PrepRestoreForStoreProjects" skipped, due to false condition; ('$(StorePackageName)' != '') was evaluated as ('' != '').
   5:7>Done executing task "GetRestorePackageDownloadsTask".
       Using "GetRestoreFrameworkReferencesTask" task from assembly "/usr/share/dotnet/sdk/8.0.417/NuGet.Build.Tasks.dll".
       Task "GetRestoreFrameworkReferencesTask"
   2:7>Done executing task "GetRestoreProjectReferencesTask".
   4:5>Target "_GenerateProjectRestoreGraphPerFramework" in file "/usr/share/dotnet/sdk/8.0.417/NuGet.targets" from project "/modernize-data/studio-data/TNT1001/APP1166/transformed-code/344/studio-workspace/TMS22/src/TourManagement.Web/TourManagement.Web.csproj" (target "_GenerateProjectRestoreGraphCurrentProject" depends on it):
   4:5>Using "GetRestoreProjectReferencesTask" task from assembly "/usr/share/dotnet/sdk/8.0.417/NuGet.Build.Tasks.dll".
       Task "GetRestoreProjectReferencesTask"
   2:7>_GenerateProjectRestoreGraphPerFramework:
       Using "GetRestorePackageReferencesTask" task from assembly "/usr/share/dotnet/sdk/8.0.417/NuGet.Build.Tasks.dll".
   5:7>Done executing task "GetRestoreFrameworkReferencesTask".
   2:7>Task "GetRestorePackageReferencesTask"
   5:7>_GenerateProjectRestoreGraphPerFramework:
       Using "GetRestoreNuGetAuditSuppressionsTask" task from assembly "/usr/share/dotnet/sdk/8.0.417/NuGet.Build.Tasks.dll".
       Task "GetRestoreNuGetAuditSuppressionsTask"
   2:7>Done executing task "GetRestorePackageReferencesTask".
       Task "GetCentralPackageVersionsTask" skipped, due to false condition; ( '$(PackageReferenceCompatibleProjectStyle)' == 'true' AND '$(_CentralPackageVersionsEnabled)' == 'true' ) was evaluated as ( 'True' == 'true' AND '' == 'true' ).
   5:7>Done executing task "GetRestoreNuGetAuditSuppressionsTask".
   4:5>Done executing task "GetRestoreProjectReferencesTask".
   5:7>Done building target "_GenerateProjectRestoreGraphPerFramework" in project "TourManagement.Domain.csproj".
   5:7>Target "_GenerateProjectRestoreGraphCurrentProject" in file "/usr/share/dotnet/sdk/8.0.417/NuGet.targets" from project "/modernize-data/studio-data/TNT1001/APP1166/transformed-code/344/studio-workspace/TMS22/src/TourManagement.Domain/TourManagement.Domain.csproj" (target "_GenerateRestoreDependencies" depends on it):
   5:7>Done building target "_GenerateProjectRestoreGraphCurrentProject" in project "TourManagement.Domain.csproj".
   2:7>_GenerateProjectRestoreGraphPerFramework:
       Using "GetRestorePackageDownloadsTask" task from assembly "/usr/share/dotnet/sdk/8.0.417/NuGet.Build.Tasks.dll".
   5:7>Target "_GenerateRestoreDependencies" in file "/usr/share/dotnet/sdk/8.0.417/NuGet.targets" from project "/modernize-data/studio-data/TNT1001/APP1166/transformed-code/344/studio-workspace/TMS22/src/TourManagement.Domain/TourManagement.Domain.csproj" (target "_GenerateProjectRestoreGraph" depends on it):
   5:7>Done building target "_GenerateRestoreDependencies" in project "TourManagement.Domain.csproj".
   5:7>Target "_GenerateProjectRestoreGraph" in file "/usr/share/dotnet/sdk/8.0.417/NuGet.targets" from project "/modernize-data/studio-data/TNT1001/APP1166/transformed-code/344/studio-workspace/TMS22/src/TourManagement.Domain/TourManagement.Domain.csproj" (entry point):
   5:7>Done building target "_GenerateProjectRestoreGraph" in project "TourManagement.Domain.csproj".
   2:7>Task "GetRestorePackageDownloadsTask"
   5:7>Done Building Project "/modernize-data/studio-data/TNT1001/APP1166/transformed-code/344/studio-workspace/TMS22/src/TourManagement.Domain/TourManagement.Domain.csproj" (_GenerateProjectRestoreGraph target(s)).
   4:5>_GenerateProjectRestoreGraphPerFramework:
       Using "GetRestorePackageReferencesTask" task from assembly "/usr/share/dotnet/sdk/8.0.417/NuGet.Build.Tasks.dll".
       Task "GetRestorePackageReferencesTask"
   2:7>Done executing task "GetRestorePackageDownloadsTask".
       Using "GetRestoreFrameworkReferencesTask" task from assembly "/usr/share/dotnet/sdk/8.0.417/NuGet.Build.Tasks.dll".
       Task "GetRestoreFrameworkReferencesTask"
   4:5>Done executing task "GetRestorePackageReferencesTask".
       Task "GetCentralPackageVersionsTask" skipped, due to false condition; ( '$(PackageReferenceCompatibleProjectStyle)' == 'true' AND '$(_CentralPackageVersionsEnabled)' == 'true' ) was evaluated as ( 'True' == 'true' AND '' == 'true' ).
   2:7>Done executing task "GetRestoreFrameworkReferencesTask".
       Using "GetRestoreNuGetAuditSuppressionsTask" task from assembly "/usr/share/dotnet/sdk/8.0.417/NuGet.Build.Tasks.dll".
       Task "GetRestoreNuGetAuditSuppressionsTask"
   4:5>_GenerateProjectRestoreGraphPerFramework:
       Using "GetRestorePackageDownloadsTask" task from assembly "/usr/share/dotnet/sdk/8.0.417/NuGet.Build.Tasks.dll".
       Task "GetRestorePackageDownloadsTask"
   2:7>Done executing task "GetRestoreNuGetAuditSuppressionsTask".
   4:5>Done executing task "GetRestorePackageDownloadsTask".
   2:7>Done building target "_GenerateProjectRestoreGraphPerFramework" in project "TourManagement.Application.csproj".
   4:5>_GenerateProjectRestoreGraphPerFramework:
       Using "GetRestoreFrameworkReferencesTask" task from assembly "/usr/share/dotnet/sdk/8.0.417/NuGet.Build.Tasks.dll".
       Task "GetRestoreFrameworkReferencesTask"
   2:7>Target "_GenerateProjectRestoreGraphCurrentProject" in file "/usr/share/dotnet/sdk/8.0.417/NuGet.targets" from project "/modernize-data/studio-data/TNT1001/APP1166/transformed-code/344/studio-workspace/TMS22/src/TourManagement.Application/TourManagement.Application.csproj" (target "_GenerateRestoreDependencies" depends on it):
   2:7>Done building target "_GenerateProjectRestoreGraphCurrentProject" in project "TourManagement.Application.csproj".
   2:7>Target "_GenerateRestoreDependencies" in file "/usr/share/dotnet/sdk/8.0.417/NuGet.targets" from project "/modernize-data/studio-data/TNT1001/APP1166/transformed-code/344/studio-workspace/TMS22/src/TourManagement.Application/TourManagement.Application.csproj" (target "_GenerateProjectRestoreGraph" depends on it):
   2:7>Done building target "_GenerateRestoreDependencies" in project "TourManagement.Application.csproj".
   2:7>Target "_GenerateProjectRestoreGraph" in file "/usr/share/dotnet/sdk/8.0.417/NuGet.targets" from project "/modernize-data/studio-data/TNT1001/APP1166/transformed-code/344/studio-workspace/TMS22/src/TourManagement.Application/TourManagement.Application.csproj" (entry point):
   2:7>Done building target "_GenerateProjectRestoreGraph" in project "TourManagement.Application.csproj".
   2:7>Done Building Project "/modernize-data/studio-data/TNT1001/APP1166/transformed-code/344/studio-workspace/TMS22/src/TourManagement.Application/TourManagement.Application.csproj" (_GenerateProjectRestoreGraph target(s)).
   4:5>Done executing task "GetRestoreFrameworkReferencesTask".
       Using "GetRestoreNuGetAuditSuppressionsTask" task from assembly "/usr/share/dotnet/sdk/8.0.417/NuGet.Build.Tasks.dll".
       Task "GetRestoreNuGetAuditSuppressionsTask"
   3:6>Target "_GenerateRestoreProjectSpec" in file "/usr/share/dotnet/sdk/8.0.417/NuGet.targets" from project "/modernize-data/studio-data/TNT1001/APP1166/transformed-code/344/studio-workspace/TMS22/src/TourManagement.Infrastructure/TourManagement.Infrastructure.csproj" (target "_GenerateProjectRestoreGraph" depends on it):
   3:6>Task "ConvertToAbsolutePath"
       Done executing task "ConvertToAbsolutePath".
   4:5>Done executing task "GetRestoreNuGetAuditSuppressionsTask".
   4:5>Done building target "_GenerateProjectRestoreGraphPerFramework" in project "TourManagement.Web.csproj".
   4:5>Target "_GenerateProjectRestoreGraphCurrentProject" in file "/usr/share/dotnet/sdk/8.0.417/NuGet.targets" from project "/modernize-data/studio-data/TNT1001/APP1166/transformed-code/344/studio-workspace/TMS22/src/TourManagement.Web/TourManagement.Web.csproj" (target "_GenerateRestoreDependencies" depends on it):
   4:5>Done building target "_GenerateProjectRestoreGraphCurrentProject" in project "TourManagement.Web.csproj".
   4:5>Target "_GenerateRestoreDependencies" in file "/usr/share/dotnet/sdk/8.0.417/NuGet.targets" from project "/modernize-data/studio-data/TNT1001/APP1166/transformed-code/344/studio-workspace/TMS22/src/TourManagement.Web/TourManagement.Web.csproj" (target "_GenerateProjectRestoreGraph" depends on it):
   4:5>Done building target "_GenerateRestoreDependencies" in project "TourManagement.Web.csproj".
   4:5>Target "_GenerateProjectRestoreGraph" in file "/usr/share/dotnet/sdk/8.0.417/NuGet.targets" from project "/modernize-data/studio-data/TNT1001/APP1166/transformed-code/344/studio-workspace/TMS22/src/TourManagement.Web/TourManagement.Web.csproj" (entry point):
   4:5>Done building target "_GenerateProjectRestoreGraph" in project "TourManagement.Web.csproj".
   4:5>Done Building Project "/modernize-data/studio-data/TNT1001/APP1166/transformed-code/344/studio-workspace/TMS22/src/TourManagement.Web/TourManagement.Web.csproj" (_GenerateProjectRestoreGraph target(s)).
   3:6>Done building target "_GenerateRestoreProjectSpec" in project "TourManagement.Infrastructure.csproj".
       Target "_GenerateProjectRestoreGraphAllFrameworks" skipped, due to false condition; ( '$(TargetFrameworks)' != '' ) was evaluated as ( '' != '' ).
       Target "_GetRestoreProjectStyle" skipped. Previously built successfully.
       Target "CollectPackageReferences" skipped. Previously built successfully.
   3:6>Target "CollectPackageDownloads" in file "/usr/share/dotnet/sdk/8.0.417/NuGet.targets" from project "/modernize-data/studio-data/TNT1001/APP1166/transformed-code/344/studio-workspace/TMS22/src/TourManagement.Infrastructure/TourManagement.Infrastructure.csproj" (target "_CollectRestoreInputs" depends on it):
       Task "CheckForDuplicateNuGetItemsTask"
       Done executing task "CheckForDuplicateNuGetItemsTask".
   3:6>Done building target "CollectPackageDownloads" in project "TourManagement.Infrastructure.csproj".
   3:6>Target "CollectFrameworkReferences" in file "/usr/share/dotnet/sdk/8.0.417/NuGet.targets" from project "/modernize-data/studio-data/TNT1001/APP1166/transformed-code/344/studio-workspace/TMS22/src/TourManagement.Infrastructure/TourManagement.Infrastructure.csproj" (target "_CollectRestoreInputs" depends on it):
   3:6>Done building target "CollectFrameworkReferences" in project "TourManagement.Infrastructure.csproj".
   3:6>Target "CollectCentralPackageVersions" in file "/usr/share/dotnet/sdk/8.0.417/NuGet.targets" from project "/modernize-data/studio-data/TNT1001/APP1166/transformed-code/344/studio-workspace/TMS22/src/TourManagement.Infrastructure/TourManagement.Infrastructure.csproj" (target "_CollectRestoreInputs" depends on it):
       Task "CheckForDuplicateNuGetItemsTask"
       Done executing task "CheckForDuplicateNuGetItemsTask".
   3:6>Done building target "CollectCentralPackageVersions" in project "TourManagement.Infrastructure.csproj".
   3:6>Target "CollectNuGetAuditSuppressions" in file "/usr/share/dotnet/sdk/8.0.417/NuGet.targets" from project "/modernize-data/studio-data/TNT1001/APP1166/transformed-code/344/studio-workspace/TMS22/src/TourManagement.Infrastructure/TourManagement.Infrastructure.csproj" (target "_CollectRestoreInputs" depends on it):
       Task "CheckForDuplicateNuGetItemsTask"
       Done executing task "CheckForDuplicateNuGetItemsTask".
   3:6>Done building target "CollectNuGetAuditSuppressions" in project "TourManagement.Infrastructure.csproj".
   3:6>Target "_CollectRestoreInputs" in file "/usr/share/dotnet/sdk/8.0.417/NuGet.targets" from project "/modernize-data/studio-data/TNT1001/APP1166/transformed-code/344/studio-workspace/TMS22/src/TourManagement.Infrastructure/TourManagement.Infrastructure.csproj" (target "_GenerateProjectRestoreGraphPerFramework" depends on it):
   3:6>Done building target "_CollectRestoreInputs" in project "TourManagement.Infrastructure.csproj".
       Target "PrepRestoreForStoreProjects" skipped, due to false condition; ('$(StorePackageName)' != '') was evaluated as ('' != '').
   3:6>Target "_GenerateProjectRestoreGraphPerFramework" in file "/usr/share/dotnet/sdk/8.0.417/NuGet.targets" from project "/modernize-data/studio-data/TNT1001/APP1166/transformed-code/344/studio-workspace/TMS22/src/TourManagement.Infrastructure/TourManagement.Infrastructure.csproj" (target "_GenerateProjectRestoreGraphCurrentProject" depends on it):
       Using "GetRestoreProjectReferencesTask" task from assembly "/usr/share/dotnet/sdk/8.0.417/NuGet.Build.Tasks.dll".
       Task "GetRestoreProjectReferencesTask"
       Done executing task "GetRestoreProjectReferencesTask".
       Using "GetRestorePackageReferencesTask" task from assembly "/usr/share/dotnet/sdk/8.0.417/NuGet.Build.Tasks.dll".
       Task "GetRestorePackageReferencesTask"
       Done executing task "GetRestorePackageReferencesTask".
       Task "GetCentralPackageVersionsTask" skipped, due to false condition; ( '$(PackageReferenceCompatibleProjectStyle)' == 'true' AND '$(_CentralPackageVersionsEnabled)' == 'true' ) was evaluated as ( 'True' == 'true' AND '' == 'true' ).
       Using "GetRestorePackageDownloadsTask" task from assembly "/usr/share/dotnet/sdk/8.0.417/NuGet.Build.Tasks.dll".
       Task "GetRestorePackageDownloadsTask"
       Done executing task "GetRestorePackageDownloadsTask".
       Using "GetRestoreFrameworkReferencesTask" task from assembly "/usr/share/dotnet/sdk/8.0.417/NuGet.Build.Tasks.dll".
       Task "GetRestoreFrameworkReferencesTask"
       Done executing task "GetRestoreFrameworkReferencesTask".
       Using "GetRestoreNuGetAuditSuppressionsTask" task from assembly "/usr/share/dotnet/sdk/8.0.417/NuGet.Build.Tasks.dll".
       Task "GetRestoreNuGetAuditSuppressionsTask"
       Done executing task "GetRestoreNuGetAuditSuppressionsTask".
     1>Done executing task "MSBuild".
   3:6>Done building target "_GenerateProjectRestoreGraphPerFramework" in project "TourManagement.Infrastructure.csproj".
   3:6>Target "_GenerateProjectRestoreGraphCurrentProject" in file "/usr/share/dotnet/sdk/8.0.417/NuGet.targets" from project "/modernize-data/studio-data/TNT1001/APP1166/transformed-code/344/studio-workspace/TMS22/src/TourManagement.Infrastructure/TourManagement.Infrastructure.csproj" (target "_GenerateRestoreDependencies" depends on it):
   3:6>Done building target "_GenerateProjectRestoreGraphCurrentProject" in project "TourManagement.Infrastructure.csproj".
   3:6>Target "_GenerateRestoreDependencies" in file "/usr/share/dotnet/sdk/8.0.417/NuGet.targets" from project "/modernize-data/studio-data/TNT1001/APP1166/transformed-code/344/studio-workspace/TMS22/src/TourManagement.Infrastructure/TourManagement.Infrastructure.csproj" (target "_GenerateProjectRestoreGraph" depends on it):
   3:6>Done building target "_GenerateRestoreDependencies" in project "TourManagement.Infrastructure.csproj".
   3:6>Target "_GenerateProjectRestoreGraph" in file "/usr/share/dotnet/sdk/8.0.417/NuGet.targets" from project "/modernize-data/studio-data/TNT1001/APP1166/transformed-code/344/studio-workspace/TMS22/src/TourManagement.Infrastructure/TourManagement.Infrastructure.csproj" (entry point):
   3:6>Done building target "_GenerateProjectRestoreGraph" in project "TourManagement.Infrastructure.csproj".
   3:6>Done Building Project "/modernize-data/studio-data/TNT1001/APP1166/transformed-code/344/studio-workspace/TMS22/src/TourManagement.Infrastructure/TourManagement.Infrastructure.csproj" (_GenerateProjectRestoreGraph target(s)).
     1>Done building target "_GenerateRestoreGraph" in project "TourManagement.sln".
     1>Target "Restore" in file "/usr/share/dotnet/sdk/8.0.417/NuGet.targets" from project "/modernize-data/studio-data/TNT1001/APP1166/transformed-code/344/studio-workspace/TMS22/TourManagement.sln" (entry point):
       Task "RemoveDuplicates"
       Done executing task "RemoveDuplicates".
       Using "RestoreTask" task from assembly "/usr/share/dotnet/sdk/8.0.417/NuGet.Build.Tasks.dll".
       Task "RestoreTask"
         Assembly loaded during TaskRun (NuGet.Build.Tasks.RestoreTask): NuGet.Packaging, Version=6.11.1.2, Culture=neutral, PublicKeyToken=31bf3856ad364e35 (location: /usr/share/dotnet/sdk/8.0.417/NuGet.Packaging.dll, MVID: c3569465-2284-4cdc-80fa-53f23ad5a901, AssemblyLoadContext: MSBuild plugin /usr/share/dotnet/sdk/8.0.417/NuGet.Build.Tasks.dll)
         Assembly loaded during TaskRun (NuGet.Build.Tasks.RestoreTask): NuGet.LibraryModel, Version=6.11.1.2, Culture=neutral, PublicKeyToken=31bf3856ad364e35 (location: /usr/share/dotnet/sdk/8.0.417/NuGet.LibraryModel.dll, MVID: 9c74e240-a36b-4261-ae2d-466984d97095, AssemblyLoadContext: MSBuild plugin /usr/share/dotnet/sdk/8.0.417/NuGet.Build.Tasks.dll)
         Assembly loaded during TaskRun (NuGet.Build.Tasks.RestoreTask): NuGet.Versioning, Version=6.11.1.2, Culture=neutral, PublicKeyToken=31bf3856ad364e35 (location: /usr/share/dotnet/sdk/8.0.417/NuGet.Versioning.dll, MVID: 0ff30a8a-7983-4ede-bc2f-f9d2f526b309, AssemblyLoadContext: MSBuild plugin /usr/share/dotnet/sdk/8.0.417/NuGet.Build.Tasks.dll)
         Assembly loaded during TaskRun (NuGet.Build.Tasks.RestoreTask): System.ObjectModel, Version=8.0.0.0, Culture=neutral, PublicKeyToken=b03f5f7f11d50a3a (location: /usr/share/dotnet/shared/Microsoft.NETCore.App/8.0.23/System.ObjectModel.dll, MVID: 310e4871-284a-4382-a9f9-ebcb0ebff0a2, AssemblyLoadContext: Default)
         Assembly loaded during TaskRun (NuGet.Build.Tasks.RestoreTask): NuGet.Frameworks, Version=6.11.1.2, Culture=neutral, PublicKeyToken=31bf3856ad364e35 (location: /usr/share/dotnet/sdk/8.0.417/NuGet.Frameworks.dll, MVID: 36fa17a1-abb6-4cce-b85c-dd32a6dcc45f, AssemblyLoadContext: MSBuild plugin /usr/share/dotnet/sdk/8.0.417/NuGet.Build.Tasks.dll)
         Assembly loaded during TaskRun (NuGet.Build.Tasks.RestoreTask): NuGet.Protocol, Version=6.11.1.2, Culture=neutral, PublicKeyToken=31bf3856ad364e35 (location: /usr/share/dotnet/sdk/8.0.417/NuGet.Protocol.dll, MVID: 65288774-e726-408e-8bb6-d22100f75eed, AssemblyLoadContext: MSBuild plugin /usr/share/dotnet/sdk/8.0.417/NuGet.Build.Tasks.dll)
         Assembly loaded during TaskRun (NuGet.Build.Tasks.RestoreTask): NuGet.Credentials, Version=6.11.1.2, Culture=neutral, PublicKeyToken=31bf3856ad364e35 (location: /usr/share/dotnet/sdk/8.0.417/NuGet.Credentials.dll, MVID: 07a91a3f-265a-4226-985e-876d1036d338, AssemblyLoadContext: MSBuild plugin /usr/share/dotnet/sdk/8.0.417/NuGet.Build.Tasks.dll)
         Assembly loaded during TaskRun (NuGet.Build.Tasks.RestoreTask): System.Security.Cryptography.X509Certificates, Version=8.0.0.0, Culture=neutral, PublicKeyToken=b03f5f7f11d50a3a (location: /usr/share/dotnet/shared/Microsoft.NETCore.App/8.0.23/System.Security.Cryptography.X509Certificates.dll, MVID: 5ce5a2f7-44f3-4cea-97f9-6564fb250ba0, AssemblyLoadContext: Default)
         Assembly loaded during TaskRun (NuGet.Build.Tasks.RestoreTask): System.IO.FileSystem, Version=8.0.0.0, Culture=neutral, PublicKeyToken=b03f5f7f11d50a3a (location: /usr/share/dotnet/shared/Microsoft.NETCore.App/8.0.23/System.IO.FileSystem.dll, MVID: 00aac7d7-a117-4e25-8033-089ab5d90c88, AssemblyLoadContext: Default)
         Assembly loaded during TaskRun (NuGet.Build.Tasks.RestoreTask): System.Formats.Asn1, Version=8.0.0.0, Culture=neutral, PublicKeyToken=cc7b13ffcd2ddd51 (location: /usr/share/dotnet/shared/Microsoft.NETCore.App/8.0.23/System.Formats.Asn1.dll, MVID: 4a705cca-4766-458f-b113-c9eb645cb892, AssemblyLoadContext: Default)
         Assembly loaded during TaskRun (NuGet.Build.Tasks.RestoreTask): System.Runtime.Numerics, Version=8.0.0.0, Culture=neutral, PublicKeyToken=b03f5f7f11d50a3a (location: /usr/share/dotnet/shared/Microsoft.NETCore.App/8.0.23/System.Runtime.Numerics.dll, MVID: 15b656b4-4093-4754-b7ab-8e57aab0ba79, AssemblyLoadContext: Default)
         X.509 certificate chain validation will use the fallback certificate bundle at '/usr/share/dotnet/sdk/8.0.417/trustedroots/codesignctl.pem'.
         X.509 certificate chain validation will use the fallback certificate bundle at '/usr/share/dotnet/sdk/8.0.417/trustedroots/timestampctl.pem'.
         Assembly loaded during TaskRun (NuGet.Build.Tasks.RestoreTask): NuGet.DependencyResolver.Core, Version=6.11.1.2, Culture=neutral, PublicKeyToken=31bf3856ad364e35 (location: /usr/share/dotnet/sdk/8.0.417/NuGet.DependencyResolver.Core.dll, MVID: 70f2641a-4895-4758-a37b-70be48187b22, AssemblyLoadContext: MSBuild plugin /usr/share/dotnet/sdk/8.0.417/NuGet.Build.Tasks.dll)
         Running restore with 16 concurrent jobs.
         Reading project file /modernize-data/studio-data/TNT1001/APP1166/transformed-code/344/studio-workspace/TMS22/src/TourManagement.Infrastructure/TourManagement.Infrastructure.csproj.
         Reading project file /modernize-data/studio-data/TNT1001/APP1166/transformed-code/344/studio-workspace/TMS22/src/TourManagement.Web/TourManagement.Web.csproj.
         Reading project file /modernize-data/studio-data/TNT1001/APP1166/transformed-code/344/studio-workspace/TMS22/src/TourManagement.Domain/TourManagement.Domain.csproj.
         Reading project file /modernize-data/studio-data/TNT1001/APP1166/transformed-code/344/studio-workspace/TMS22/src/TourManagement.Application/TourManagement.Application.csproj.
         Assembly loaded during TaskRun (NuGet.Build.Tasks.RestoreTask): Newtonsoft.Json, Version=13.0.0.0, Culture=neutral, PublicKeyToken=30ad4fe6b2a6aeed (location: /usr/share/dotnet/sdk/8.0.417/Newtonsoft.Json.dll, MVID: 7e62198b-eab2-4380-bbac-29171862d1d8, AssemblyLoadContext: MSBuild plugin /usr/share/dotnet/sdk/8.0.417/NuGet.Build.Tasks.dll)
         Assembly loaded during TaskRun (NuGet.Build.Tasks.RestoreTask): System.Runtime.Serialization.Primitives, Version=8.0.0.0, Culture=neutral, PublicKeyToken=b03f5f7f11d50a3a (location: /usr/share/dotnet/shared/Microsoft.NETCore.App/8.0.23/System.Runtime.Serialization.Primitives.dll, MVID: 4effc992-fc44-4df6-a894-3b89876715f7, AssemblyLoadContext: Default)
         Assembly loaded during TaskRun (NuGet.Build.Tasks.RestoreTask): System.Linq.Expressions, Version=8.0.0.0, Culture=neutral, PublicKeyToken=b03f5f7f11d50a3a (location: /usr/share/dotnet/shared/Microsoft.NETCore.App/8.0.23/System.Linq.Expressions.dll, MVID: f403f484-6077-42e6-949b-00c51d781b58, AssemblyLoadContext: Default)
         Assembly loaded during TaskRun (NuGet.Build.Tasks.RestoreTask): System.ComponentModel.TypeConverter, Version=8.0.0.0, Culture=neutral, PublicKeyToken=b03f5f7f11d50a3a (location: /usr/share/dotnet/shared/Microsoft.NETCore.App/8.0.23/System.ComponentModel.TypeConverter.dll, MVID: 65a3972f-feab-4096-bfec-98620ed7e97c, AssemblyLoadContext: Default)
         The restore inputs for 'TourManagement.Web' have not changed. No further actions are required to complete the restore.
         The restore inputs for 'TourManagement.Application' have not changed. No further actions are required to complete the restore.
         The restore inputs for 'TourManagement.Infrastructure' have not changed. No further actions are required to complete the restore.
         The restore inputs for 'TourManagement.Domain' have not changed. No further actions are required to complete the restore.
         Committing restore...
         Committing restore...
         Assets file has not changed. Skipping assets file writing. Path: /modernize-data/studio-data/TNT1001/APP1166/transformed-code/344/studio-workspace/TMS22/src/TourManagement.Web/obj/project.assets.json
         Assets file has not changed. Skipping assets file writing. Path: /modernize-data/studio-data/TNT1001/APP1166/transformed-code/344/studio-workspace/TMS22/src/TourManagement.Domain/obj/project.assets.json
         Committing restore...
         No-Op restore. The cache will not be updated. Path: /modernize-data/studio-data/TNT1001/APP1166/transformed-code/344/studio-workspace/TMS22/src/TourManagement.Domain/obj/project.nuget.cache
         No-Op restore. The cache will not be updated. Path: /modernize-data/studio-data/TNT1001/APP1166/transformed-code/344/studio-workspace/TMS22/src/TourManagement.Web/obj/project.nuget.cache
         Assets file has not changed. Skipping assets file writing. Path: /modernize-data/studio-data/TNT1001/APP1166/transformed-code/344/studio-workspace/TMS22/src/TourManagement.Application/obj/project.assets.json
         No-Op restore. The cache will not be updated. Path: /modernize-data/studio-data/TNT1001/APP1166/transformed-code/344/studio-workspace/TMS22/src/TourManagement.Application/obj/project.nuget.cache
         Committing restore...
         Assets file has not changed. Skipping assets file writing. Path: /modernize-data/studio-data/TNT1001/APP1166/transformed-code/344/studio-workspace/TMS22/src/TourManagement.Infrastructure/obj/project.assets.json
         No-Op restore. The cache will not be updated. Path: /modernize-data/studio-data/TNT1001/APP1166/transformed-code/344/studio-workspace/TMS22/src/TourManagement.Infrastructure/obj/project.nuget.cache
         Restored /modernize-data/studio-data/TNT1001/APP1166/transformed-code/344/studio-workspace/TMS22/src/TourManagement.Infrastructure/TourManagement.Infrastructure.csproj (in 25 ms).
         Restored /modernize-data/studio-data/TNT1001/APP1166/transformed-code/344/studio-workspace/TMS22/src/TourManagement.Application/TourManagement.Application.csproj (in 25 ms).
         Restored /modernize-data/studio-data/TNT1001/APP1166/transformed-code/344/studio-workspace/TMS22/src/TourManagement.Domain/TourManagement.Domain.csproj (in 25 ms).
         Restored /modernize-data/studio-data/TNT1001/APP1166/transformed-code/344/studio-workspace/TMS22/src/TourManagement.Web/TourManagement.Web.csproj (in 25 ms).
         
         NuGet Config files used:
             /home/studioai/.nuget/NuGet/NuGet.Config
         
         Feeds used:
             https://api.nuget.org/v3/index.json
         All projects are up-to-date for restore.
       Done executing task "RestoreTask".
     1>Done building target "Restore" in project "TourManagement.sln".
     1>Done Building Project "/modernize-data/studio-data/TNT1001/APP1166/transformed-code/344/studio-workspace/TMS22/TourManagement.sln" (Restore target(s)).
     0>Property 'MSBuildExtensionsPath' with value '/usr/share/dotnet/sdk/8.0.417/' expanded from the environment.
       Property reassignment: $(_GenerateRestoreGraphProjectEntryInputProperties)="
             ExcludeRestorePackageImports=true;
             _RestoreSolutionFileUsed=true;
             SolutionDir=/modernize-data/studio-data/TNT1001/APP1166/transformed-code/344/studio-workspace/TMS22/;
             SolutionName=TourManagement;
             SolutionFileName=TourManagement.sln;
             SolutionPath=/modernize-data/studio-data/TNT1001/APP1166/transformed-code/344/studio-workspace/TMS22/TourManagement.sln;
             SolutionExt=.sln;
           " (previous value: "ExcludeRestorePackageImports=true") at /usr/share/dotnet/sdk/8.0.417/NuGet.targets (101,5)
       The target "Store" listed in a BeforeTargets attribute at "/usr/share/dotnet/sdk/8.0.417/Current/SolutionFile/ImportAfter/Microsoft.NET.Sdk.Solution.targets (33,11)" does not exist in the project, and will be ignored.
       The target "VSTest" listed in a BeforeTargets attribute at "/usr/share/dotnet/sdk/8.0.417/Current/SolutionFile/ImportAfter/Microsoft.NET.Sdk.Solution.targets (33,11)" does not exist in the project, and will be ignored.
       The target "_CheckForInvalidConfigurationAndPlatform" listed in a BeforeTargets attribute at "/usr/share/dotnet/sdk/8.0.417/NuGet.targets (667,11)" does not exist in the project, and will be ignored.
   1:2>Project "/modernize-data/studio-data/TNT1001/APP1166/transformed-code/344/studio-workspace/TMS22/TourManagement.sln" on node 1 (default targets).
   1:2>Target "ValidateSolutionConfiguration" in file "/modernize-data/studio-data/TNT1001/APP1166/transformed-code/344/studio-workspace/TMS22/TourManagement.sln.metaproj" from project "/modernize-data/studio-data/TNT1001/APP1166/transformed-code/344/studio-workspace/TMS22/TourManagement.sln" (entry point):
   1:2>Task "Error" skipped, due to false condition; (('$(CurrentSolutionConfigurationContents)' == '') and ('$(SkipInvalidConfigurations)' != 'true')) was evaluated as (('<SolutionConfiguration>
  <ProjectConfiguration Project="{A1B2C3D4-E5F6-4A5B-8C9D-0E1F2A3B4C5D}" AbsolutePath="/modernize-data/studio-data/TNT1001/APP1166/transformed-code/344/studio-workspace/TMS22/src/TourManagement.Domain/TourManagement.Domain.csproj" BuildProjectInSolution="True">Debug|AnyCPU</ProjectConfiguration>
  <ProjectConfiguration Project="{B2C3D4E5-F6A7-4B5C-9D0E-1F2A3B4C5D6E}" AbsolutePath="/modernize-data/studio-data/TNT1001/APP1166/transformed-code/344/studio-workspace/TMS22/src/TourManagement.Application/TourManagement.Application.csproj" BuildProjectInSolution="True">Debug|AnyCPU</ProjectConfiguration>
  <ProjectConfiguration Project="{C3D4E5F6-A7B8-4C5D-0E1F-2A3B4C5D6E7F}" AbsolutePath="/modernize-data/studio-data/TNT1001/APP1166/transformed-code/344/studio-workspace/TMS22/src/TourManagement.Infrastructure/TourManagement.Infrastructure.csproj" BuildProjectInSolution="True">Debug|AnyCPU</ProjectConfiguration>
  <ProjectConfiguration Project="{D4E5F6A7-B8C9-4D5E-1F2A-3B4C5D6E7F8A}" Absolut...' == '') and ('' != 'true')).
       Task "Warning" skipped, due to false condition; (('$(CurrentSolutionConfigurationContents)' == '') and ('$(SkipInvalidConfigurations)' == 'true')) was evaluated as (('<SolutionConfiguration>
         <ProjectConfiguration Project="{A1B2C3D4-E5F6-4A5B-8C9D-0E1F2A3B4C5D}" AbsolutePath="/modernize-data/studio-data/TNT1001/APP1166/transformed-code/344/studio-workspace/TMS22/src/TourManagement.Domain/TourManagement.Domain.csproj" BuildProjectInSolution="True">Debug|AnyCPU</ProjectConfiguration>
         <ProjectConfiguration Project="{B2C3D4E5-F6A7-4B5C-9D0E-1F2A3B4C5D6E}" AbsolutePath="/modernize-data/studio-data/TNT1001/APP1166/transformed-code/344/studio-workspace/TMS22/src/TourManagement.Application/TourManagement.Application.csproj" BuildProjectInSolution="True">Debug|AnyCPU</ProjectConfiguration>
         <ProjectConfiguration Project="{C3D4E5F6-A7B8-4C5D-0E1F-2A3B4C5D6E7F}" AbsolutePath="/modernize-data/studio-data/TNT1001/APP1166/transformed-code/344/studio-workspace/TMS22/src/TourManagement.Infrastructure/TourManagement.Infrastructure.csproj" BuildProjectInSolution="True">Debug|AnyCPU</ProjectConfiguration>
         <ProjectConfiguration Project="{D4E5F6A7-B8C9-4D5E-1F2A-3B4C5D6E7F8A}" Absolut...' == '') and ('' == 'true')).
       Using "Message" task from assembly "Microsoft.Build.Tasks.Core, Version=15.1.0.0, Culture=neutral, PublicKeyToken=b03f5f7f11d50a3a".
       Task "Message"
         Building solution configuration "Debug|Any CPU".
       Done executing task "Message".
   1:2>Done building target "ValidateSolutionConfiguration" in project "TourManagement.sln".
   1:2>Target "ValidateToolsVersions" in file "/modernize-data/studio-data/TNT1001/APP1166/transformed-code/344/studio-workspace/TMS22/TourManagement.sln.metaproj" from project "/modernize-data/studio-data/TNT1001/APP1166/transformed-code/344/studio-workspace/TMS22/TourManagement.sln" (entry point):
       Task "Error" skipped, due to false condition; ('$(MSBuildToolsVersion)' == '2.0' and ('$(ProjectToolsVersion)' != '2.0' and '$(ProjectToolsVersion)' != '')) was evaluated as ('Current' == '2.0' and ('' != '2.0' and '' != '')).
   1:2>Done building target "ValidateToolsVersions" in project "TourManagement.sln".
   1:2>Target "ValidateProjects" in file "/modernize-data/studio-data/TNT1001/APP1166/transformed-code/344/studio-workspace/TMS22/TourManagement.sln.metaproj" from project "/modernize-data/studio-data/TNT1001/APP1166/transformed-code/344/studio-workspace/TMS22/TourManagement.sln" (entry point):
   1:2>Done building target "ValidateProjects" in project "TourManagement.sln".
       Target "_CheckForSolutionLevelRuntimeIdentifier" skipped, due to false condition; ('$(RuntimeIdentifier)' != '') was evaluated as ('' != '').
       Target "_CheckForSolutionLevelOutputPath" skipped, due to false condition; ('$(_CommandLineDefinedOutputPath)' == 'true') was evaluated as ('' == 'true').
   1:2>Target "Build" in file "/modernize-data/studio-data/TNT1001/APP1166/transformed-code/344/studio-workspace/TMS22/TourManagement.sln.metaproj" from project "/modernize-data/studio-data/TNT1001/APP1166/transformed-code/344/studio-workspace/TMS22/TourManagement.sln" (entry point):
       Using "MSBuild" task from assembly "Microsoft.Build.Tasks.Core, Version=15.1.0.0, Culture=neutral, PublicKeyToken=b03f5f7f11d50a3a".
       Task "MSBuild"
         Global Properties:
           BuildingSolutionFile=true
           CurrentSolutionConfigurationContents=<SolutionConfiguration>
           <ProjectConfiguration Project="{A1B2C3D4-E5F6-4A5B-8C9D-0E1F2A3B4C5D}" AbsolutePath="/modernize-data/studio-data/TNT1001/APP1166/transformed-code/344/studio-workspace/TMS22/src/TourManagement.Domain/TourManagement.Domain.csproj" BuildProjectInSolution="True">Debug|AnyCPU</ProjectConfiguration>
           <ProjectConfiguration Project="{B2C3D4E5-F6A7-4B5C-9D0E-1F2A3B4C5D6E}" AbsolutePath="/modernize-data/studio-data/TNT1001/APP1166/transformed-code/344/studio-workspace/TMS22/src/TourManagement.Application/TourManagement.Application.csproj" BuildProjectInSolution="True">Debug|AnyCPU</ProjectConfiguration>
           <ProjectConfiguration Project="{C3D4E5F6-A7B8-4C5D-0E1F-2A3B4C5D6E7F}" AbsolutePath="/modernize-data/studio-data/TNT1001/APP1166/transformed-code/344/studio-workspace/TMS22/src/TourManagement.Infrastructure/TourManagement.Infrastructure.csproj" BuildProjectInSolution="True">Debug|AnyCPU</ProjectConfiguration>
           <ProjectConfiguration Project="{D4E5F6A7-B8C9-4D5E-1F2A-3B4C5D6E7F8A}" AbsolutePath="/modernize-data/studio-data/TNT1001/APP1166/transformed-code/344/studio-workspace/TMS22/src/TourManagement.Web/TourManagement.Web.csproj" BuildProjectInSolution="True">Debug|AnyCPU</ProjectConfiguration>
         </SolutionConfiguration>
           SolutionDir=/modernize-data/studio-data/TNT1001/APP1166/transformed-code/344/studio-workspace/TMS22/
           SolutionExt=.sln
           SolutionFileName=TourManagement.sln
           SolutionName=TourManagement
           SolutionPath=/modernize-data/studio-data/TNT1001/APP1166/transformed-code/344/studio-workspace/TMS22/TourManagement.sln
         Additional Properties for project "/modernize-data/studio-data/TNT1001/APP1166/transformed-code/344/studio-workspace/TMS22/src/TourManagement.Domain/TourManagement.Domain.csproj":
           Configuration=Debug
           Platform=AnyCPU
         Additional Properties for project "/modernize-data/studio-data/TNT1001/APP1166/transformed-code/344/studio-workspace/TMS22/src/TourManagement.Application/TourManagement.Application.csproj":
           Configuration=Debug
           Platform=AnyCPU
         Additional Properties for project "/modernize-data/studio-data/TNT1001/APP1166/transformed-code/344/studio-workspace/TMS22/src/TourManagement.Infrastructure/TourManagement.Infrastructure.csproj":
           Configuration=Debug
           Platform=AnyCPU
         Additional Properties for project "/modernize-data/studio-data/TNT1001/APP1166/transformed-code/344/studio-workspace/TMS22/src/TourManagement.Web/TourManagement.Web.csproj":
           Configuration=Debug
           Platform=AnyCPU
     0>The SDK "Microsoft.NET.Sdk" was successfully resolved by the "DefaultSdkResolver" resolver to location "/usr/share/dotnet/sdk/8.0.417/Sdks/Microsoft.NET.Sdk/Sdk" and version "".
       Property 'MSBuildExtensionsPath' with value '/usr/share/dotnet/sdk/8.0.417/' expanded from the environment.
       Property reassignment: $(MSBuildProjectExtensionsPath)="/modernize-data/studio-data/TNT1001/APP1166/transformed-code/344/studio-workspace/TMS22/src/TourManagement.Domain/obj/" (previous value: "obj\") at /usr/share/dotnet/sdk/8.0.417/Current/Microsoft.Common.props (60,5)
       Property 'MSBuildUserExtensionsPath' with value '/home/studioai/.local/share/Microsoft\MSBuild' expanded from the environment.
       Property 'MSBuildExtensionsPath' with value '/usr/share/dotnet/sdk/8.0.417/' expanded from the environment.
       Property 'MSBuildExtensionsPath' with value '/usr/share/dotnet/sdk/8.0.417/' expanded from the environment.
       Property 'MSBuildExtensionsPath' with value '/usr/share/dotnet/sdk/8.0.417/' expanded from the environment.
       The "Configuration" property is a global property, and cannot be modified.
       The "Platform" property is a global property, and cannot be modified.
       The "Configuration" property is a global property, and cannot be modified.
       Property reassignment: $(MSBuildProjectExtensionsPath)="/modernize-data/studio-data/TNT1001/APP1166/transformed-code/344/studio-workspace/TMS22/src/TourManagement.Application/obj/" (previous value: "obj\") at /usr/share/dotnet/sdk/8.0.417/Current/Microsoft.Common.props (60,5)
       The "Platform" property is a global property, and cannot be modified.
       Property reassignment: $(MSBuildProjectExtensionsPath)="/modernize-data/studio-data/TNT1001/APP1166/transformed-code/344/studio-workspace/TMS22/src/TourManagement.Infrastructure/obj/" (previous value: "obj\") at /usr/share/dotnet/sdk/8.0.417/Current/Microsoft.Common.props (60,5)
       Property reassignment: $(AssemblySearchPaths)="{CandidateAssemblyFiles};{HintPathFromItem}" (previous value: "{CandidateAssemblyFiles}") at /usr/share/dotnet/sdk/8.0.417/Sdks/Microsoft.NET.Sdk/targets/Microsoft.NET.Sdk.props (91,5)
       Property reassignment: $(AssemblySearchPaths)="{CandidateAssemblyFiles};{HintPathFromItem};{TargetFrameworkDirectory}" (previous value: "{CandidateAssemblyFiles};{HintPathFromItem}") at /usr/share/dotnet/sdk/8.0.417/Sdks/Microsoft.NET.Sdk/targets/Microsoft.NET.Sdk.props (92,5)
       Property reassignment: $(MSBuildProjectExtensionsPath)="/modernize-data/studio-data/TNT1001/APP1166/transformed-code/344/studio-workspace/TMS22/src/TourManagement.Web/obj/" (previous value: "obj\") at /usr/share/dotnet/sdk/8.0.417/Current/Microsoft.Common.props (60,5)
       Property reassignment: $(AssemblySearchPaths)="{CandidateAssemblyFiles};{HintPathFromItem};{TargetFrameworkDirectory};{RawFileName}" (previous value: "{CandidateAssemblyFiles};{HintPathFromItem};{TargetFrameworkDirectory}") at /usr/share/dotnet/sdk/8.0.417/Sdks/Microsoft.NET.Sdk/targets/Microsoft.NET.Sdk.props (93,5)
       The "DefaultSdkResolver" resolver attempted to resolve the SDK "Microsoft.NET.SDK.WorkloadAutoImportPropsLocator".
       Warnings: null
       Errors: MSB4276: The default SDK resolver failed to resolve SDK "Microsoft.NET.SDK.WorkloadAutoImportPropsLocator" because directory "/usr/share/dotnet/sdk/8.0.417/Sdks/Microsoft.NET.SDK.WorkloadAutoImportPropsLocator/Sdk" did not exist.
       Property 'MSBuildUserExtensionsPath' with value '/home/studioai/.local/share/Microsoft\MSBuild' expanded from the environment.
       The "Configuration" property is a global property, and cannot be modified.
       The "Platform" property is a global property, and cannot be modified.
       Property 'MSBuildUserExtensionsPath' with value '/home/studioai/.local/share/Microsoft\MSBuild' expanded from the environment.
       The "Configuration" property is a global property, and cannot be modified.
       Property 'MSBuildUserExtensionsPath' with value '/home/studioai/.local/share/Microsoft\MSBuild' expanded from the environment.
       The "Platform" property is a global property, and cannot be modified.
       The "Configuration" property is a global property, and cannot be modified.
       The "Platform" property is a global property, and cannot be modified.
       Property reassignment: $(AssemblySearchPaths)="{CandidateAssemblyFiles};{HintPathFromItem}" (previous value: "{CandidateAssemblyFiles}") at /usr/share/dotnet/sdk/8.0.417/Sdks/Microsoft.NET.Sdk/targets/Microsoft.NET.Sdk.props (91,5)
       Property reassignment: $(AssemblySearchPaths)="{CandidateAssemblyFiles};{HintPathFromItem};{TargetFrameworkDirectory}" (previous value: "{CandidateAssemblyFiles};{HintPathFromItem}") at /usr/share/dotnet/sdk/8.0.417/Sdks/Microsoft.NET.Sdk/targets/Microsoft.NET.Sdk.props (92,5)
       Property reassignment: $(AssemblySearchPaths)="{CandidateAssemblyFiles};{HintPathFromItem};{TargetFrameworkDirectory};{RawFileName}" (previous value: "{CandidateAssemblyFiles};{HintPathFromItem};{TargetFrameworkDirectory}") at /usr/share/dotnet/sdk/8.0.417/Sdks/Microsoft.NET.Sdk/targets/Microsoft.NET.Sdk.props (93,5)
       The "Configuration" property is a global property, and cannot be modified.
       The "Platform" property is a global property, and cannot be modified.
       The "Configuration" property is a global property, and cannot be modified.
       The "Platform" property is a global property, and cannot be modified.
       Property reassignment: $(AssemblySearchPaths)="{CandidateAssemblyFiles};{HintPathFromItem}" (previous value: "{CandidateAssemblyFiles}") at /usr/share/dotnet/sdk/8.0.417/Sdks/Microsoft.NET.Sdk/targets/Microsoft.NET.Sdk.props (91,5)
       Property reassignment: $(AssemblySearchPaths)="{CandidateAssemblyFiles};{HintPathFromItem};{TargetFrameworkDirectory}" (previous value: "{CandidateAssemblyFiles};{HintPathFromItem}") at /usr/share/dotnet/sdk/8.0.417/Sdks/Microsoft.NET.Sdk/targets/Microsoft.NET.Sdk.props (92,5)
       Property reassignment: $(AssemblySearchPaths)="{CandidateAssemblyFiles};{HintPathFromItem};{TargetFrameworkDirectory};{RawFileName}" (previous value: "{CandidateAssemblyFiles};{HintPathFromItem};{TargetFrameworkDirectory}") at /usr/share/dotnet/sdk/8.0.417/Sdks/Microsoft.NET.Sdk/targets/Microsoft.NET.Sdk.props (93,5)
       The "Configuration" property is a global property, and cannot be modified.
       The "Platform" property is a global property, and cannot be modified.
       Property reassignment: $(AssemblySearchPaths)="{CandidateAssemblyFiles};{HintPathFromItem}" (previous value: "{CandidateAssemblyFiles}") at /usr/share/dotnet/sdk/8.0.417/Sdks/Microsoft.NET.Sdk/targets/Microsoft.NET.Sdk.props (91,5)
       Property reassignment: $(AssemblySearchPaths)="{CandidateAssemblyFiles};{HintPathFromItem};{TargetFrameworkDirectory}" (previous value: "{CandidateAssemblyFiles};{HintPathFromItem}") at /usr/share/dotnet/sdk/8.0.417/Sdks/Microsoft.NET.Sdk/targets/Microsoft.NET.Sdk.props (92,5)
       Property reassignment: $(TargetsForTfmSpecificContentInPackage)=";PackTool;_PackProjectToolValidation" (previous value: ";PackTool") at /usr/share/dotnet/sdk/8.0.417/Sdks/Microsoft.NET.Sdk/targets/Microsoft.NET.PackProjectTool.props (15,5)
       Property reassignment: $(AssemblySearchPaths)="{CandidateAssemblyFiles};{HintPathFromItem};{TargetFrameworkDirectory};{RawFileName}" (previous value: "{CandidateAssemblyFiles};{HintPathFromItem};{TargetFrameworkDirectory}") at /usr/share/dotnet/sdk/8.0.417/Sdks/Microsoft.NET.Sdk/targets/Microsoft.NET.Sdk.props (93,5)
       The "Configuration" property is a global property, and cannot be modified.
       The "Platform" property is a global property, and cannot be modified.
       Property reassignment: $(PublishProfileImported)="false" (previous value: "true") at /usr/share/dotnet/sdk/8.0.417/Sdks/Microsoft.NET.Sdk/targets/Microsoft.NET.Sdk.ImportPublishProfile.targets (28,5)
       Property reassignment: $(TargetPlatformVersion)="" (previous value: "0.0") at /usr/share/dotnet/sdk/8.0.417/Sdks/Microsoft.NET.Sdk/targets/Microsoft.NET.TargetFrameworkInference.targets (69,5)
       Property 'LANGUAGE' with value 'en_US:en' expanded from the environment.
       Property reassignment: $(TargetsForTfmSpecificContentInPackage)=";PackTool;_PackProjectToolValidation" (previous value: ";PackTool") at /usr/share/dotnet/sdk/8.0.417/Sdks/Microsoft.NET.Sdk/targets/Microsoft.NET.PackProjectTool.props (15,5)
       Property reassignment: $(DefaultItemExcludes)=";bin\Debug//**;obj\Debug//**" (previous value: ";bin\Debug//**") at /usr/share/dotnet/sdk/8.0.417/Sdks/Microsoft.NET.Sdk/targets/Microsoft.NET.DefaultOutputPaths.targets (122,5)
       Property reassignment: $(TargetsForTfmSpecificContentInPackage)=";PackTool;_PackProjectToolValidation" (previous value: ";PackTool") at /usr/share/dotnet/sdk/8.0.417/Sdks/Microsoft.NET.Sdk/targets/Microsoft.NET.PackProjectTool.props (15,5)
       Property reassignment: $(OutputPath)="bin\Debug/net8.0/" (previous value: "bin\Debug/") at /usr/share/dotnet/sdk/8.0.417/Sdks/Microsoft.NET.Sdk/targets/Microsoft.NET.DefaultOutputPaths.targets (137,5)
       Property reassignment: $(DefaultItemExcludes)=";**\node_modules\**;node_modules\**;**\jspm_packages\**;jspm_packages\**" (previous value: ";**\node_modules\**;node_modules\**") at /usr/share/dotnet/sdk/8.0.417/Sdks/Microsoft.NET.Sdk.StaticWebAssets/Sdk/Sdk.StaticWebAssets.StaticAssets.ProjectSystem.props (23,5)
       Property reassignment: $(IntermediateOutputPath)="obj\Debug/net8.0/" (previous value: "obj\Debug/") at /usr/share/dotnet/sdk/8.0.417/Sdks/Microsoft.NET.Sdk/targets/Microsoft.NET.DefaultOutputPaths.targets (142,5)
       Property reassignment: $(DefaultItemExcludes)=";**\node_modules\**;node_modules\**;**\jspm_packages\**;jspm_packages\**;**\bower_components\**;bower_components\**" (previous value: ";**\node_modules\**;node_modules\**;**\jspm_packages\**;jspm_packages\**") at /usr/share/dotnet/sdk/8.0.417/Sdks/Microsoft.NET.Sdk.StaticWebAssets/Sdk/Sdk.StaticWebAssets.StaticAssets.ProjectSystem.props (24,5)
       The "Configuration" property is a global property, and cannot be modified.
       Property reassignment: $(OutputType)="Exe" (previous value: "Library") at /usr/share/dotnet/sdk/8.0.417/Sdks/Microsoft.NET.Sdk.Web.ProjectSystem/targets/Microsoft.NET.Sdk.Web.ProjectSystem.props (16,5)
       The "Platform" property is a global property, and cannot be modified.
       Property reassignment: $(PublishProfileImported)="false" (previous value: "true") at /usr/share/dotnet/sdk/8.0.417/Sdks/Microsoft.NET.Sdk/targets/Microsoft.NET.Sdk.ImportPublishProfile.targets (28,5)
       Property reassignment: $(TargetPlatformVersion)="" (previous value: "0.0") at /usr/share/dotnet/sdk/8.0.417/Sdks/Microsoft.NET.Sdk/targets/Microsoft.NET.TargetFrameworkInference.targets (69,5)
       Property 'LANGUAGE' with value 'en_US:en' expanded from the environment.
       The "Configuration" property is a global property, and cannot be modified.
       Property reassignment: $(_FrameworkIdentifierForImplicitDefine)="NET" (previous value: "NETCOREAPP") at /usr/share/dotnet/sdk/8.0.417/Sdks/Microsoft.NET.Sdk/targets/Microsoft.NET.Sdk.BeforeCommon.targets (187,5)
       The "Platform" property is a global property, and cannot be modified.
       Property reassignment: $(PublishProfileImported)="false" (previous value: "true") at /usr/share/dotnet/sdk/8.0.417/Sdks/Microsoft.NET.Sdk/targets/Microsoft.NET.Sdk.ImportPublishProfile.targets (28,5)
       Property reassignment: $(_FrameworkVersionForImplicitDefine)="8_0" (previous value: "8.0") at /usr/share/dotnet/sdk/8.0.417/Sdks/Microsoft.NET.Sdk/targets/Microsoft.NET.Sdk.BeforeCommon.targets (192,5)
       Property reassignment: $(DefaultItemExcludes)=";bin\Debug//**;obj\Debug//**" (previous value: ";bin\Debug//**") at /usr/share/dotnet/sdk/8.0.417/Sdks/Microsoft.NET.Sdk/targets/Microsoft.NET.DefaultOutputPaths.targets (122,5)
       Property reassignment: $(TargetPlatformVersion)="" (previous value: "0.0") at /usr/share/dotnet/sdk/8.0.417/Sdks/Microsoft.NET.Sdk/targets/Microsoft.NET.TargetFrameworkInference.targets (69,5)
       Property reassignment: $(OutputPath)="bin\Debug/net8.0/" (previous value: "bin\Debug/") at /usr/share/dotnet/sdk/8.0.417/Sdks/Microsoft.NET.Sdk/targets/Microsoft.NET.DefaultOutputPaths.targets (137,5)
       Property 'LANGUAGE' with value 'en_US:en' expanded from the environment.
       Property reassignment: $(IntermediateOutputPath)="obj\Debug/net8.0/" (previous value: "obj\Debug/") at /usr/share/dotnet/sdk/8.0.417/Sdks/Microsoft.NET.Sdk/targets/Microsoft.NET.DefaultOutputPaths.targets (142,5)
       Property reassignment: $(Language)="C#" (previous value: "en_US:en") at /usr/share/dotnet/sdk/8.0.417/Microsoft.CSharp.CurrentVersion.targets (38,9)
       Property reassignment: $(CommandLineArgsForDesignTimeEvaluation)="-langversion:12.0 -define:TRACE" (previous value: "-langversion:12.0") at /usr/share/dotnet/sdk/8.0.417/Roslyn/Microsoft.CSharp.Core.targets (200,5)
       Property reassignment: $(DefaultItemExcludes)=";**\node_modules\**;node_modules\**;**\jspm_packages\**;jspm_packages\**;**\bower_components\**;bower_components\**;bin\Debug//**" (previous value: ";**\node_modules\**;node_modules\**;**\jspm_packages\**;jspm_packages\**;**\bower_components\**;bower_components\**") at /usr/share/dotnet/sdk/8.0.417/Sdks/Microsoft.NET.Sdk/targets/Microsoft.NET.DefaultOutputPaths.targets (121,5)
       Property reassignment: $(DefaultItemExcludes)=";**\node_modules\**;node_modules\**;**\jspm_packages\**;jspm_packages\**;**\bower_components\**;bower_components\**;bin\Debug//**;obj\Debug//**" (previous value: ";**\node_modules\**;node_modules\**;**\jspm_packages\**;jspm_packages\**;**\bower_components\**;bower_components\**;bin\Debug//**") at /usr/share/dotnet/sdk/8.0.417/Sdks/Microsoft.NET.Sdk/targets/Microsoft.NET.DefaultOutputPaths.targets (122,5)
       Property reassignment: $(OutputPath)="bin\Debug/net8.0/" (previous value: "bin\Debug/") at /usr/share/dotnet/sdk/8.0.417/Sdks/Microsoft.NET.Sdk/targets/Microsoft.NET.DefaultOutputPaths.targets (137,5)
       Property reassignment: $(IntermediateOutputPath)="obj\Debug/net8.0/" (previous value: "obj\Debug/") at /usr/share/dotnet/sdk/8.0.417/Sdks/Microsoft.NET.Sdk/targets/Microsoft.NET.DefaultOutputPaths.targets (142,5)
       Property reassignment: $(_FrameworkIdentifierForImplicitDefine)="NET" (previous value: "NETCOREAPP") at /usr/share/dotnet/sdk/8.0.417/Sdks/Microsoft.NET.Sdk/targets/Microsoft.NET.Sdk.BeforeCommon.targets (187,5)
       Property reassignment: $(_FrameworkVersionForImplicitDefine)="8_0" (previous value: "8.0") at /usr/share/dotnet/sdk/8.0.417/Sdks/Microsoft.NET.Sdk/targets/Microsoft.NET.Sdk.BeforeCommon.targets (192,5)
       The "Platform" property is a global property, and cannot be modified.
       The "Configuration" property is a global property, and cannot be modified.
       Property reassignment: $(_DebugSymbolsProduced)="true" (previous value: "false") at /usr/share/dotnet/sdk/8.0.417/Microsoft.Common.CurrentVersion.targets (175,5)
       Property reassignment: $(_DocumentationFileProduced)="false" (previous value: "true") at /usr/share/dotnet/sdk/8.0.417/Microsoft.Common.CurrentVersion.targets (185,5)
       Property reassignment: $(Language)="C#" (previous value: "en_US:en") at /usr/share/dotnet/sdk/8.0.417/Microsoft.CSharp.CurrentVersion.targets (38,9)
       Property reassignment: $(_FrameworkIdentifierForImplicitDefine)="NET" (previous value: "NETCOREAPP") at /usr/share/dotnet/sdk/8.0.417/Sdks/Microsoft.NET.Sdk/targets/Microsoft.NET.Sdk.BeforeCommon.targets (187,5)
       Property reassignment: $(_FrameworkVersionForImplicitDefine)="8_0" (previous value: "8.0") at /usr/share/dotnet/sdk/8.0.417/Sdks/Microsoft.NET.Sdk/targets/Microsoft.NET.Sdk.BeforeCommon.targets (192,5)
       Property reassignment: $(CommandLineArgsForDesignTimeEvaluation)="-langversion:12.0 -define:TRACE" (previous value: "-langversion:12.0") at /usr/share/dotnet/sdk/8.0.417/Roslyn/Microsoft.CSharp.Core.targets (200,5)
       The "SolutionName" property is a global property, and cannot be modified.
       The SDK "Microsoft.NET.SDK.WorkloadAutoImportPropsLocator" was successfully resolved by the "Microsoft.DotNet.MSBuildWorkloadSdkResolver" resolver to location "null" and version "null".
       The "SolutionFileName" property is a global property, and cannot be modified.
       The "SolutionPath" property is a global property, and cannot be modified.
       The "SolutionDir" property is a global property, and cannot be modified.
       The "SolutionExt" property is a global property, and cannot be modified.
       Property reassignment: $(Language)="C#" (previous value: "en_US:en") at /usr/share/dotnet/sdk/8.0.417/Microsoft.CSharp.CurrentVersion.targets (38,9)
       Property reassignment: $(MSBuildCopyMarkerName)="TourMana.F28DA9BD" (previous value: "TourManagement.Application.csproj") at /usr/share/dotnet/sdk/8.0.417/Microsoft.Common.CurrentVersion.targets (392,5)
       Property reassignment: $(MSBuildCopyMarkerName)="TourMana.F28DA9BD.Up2Date" (previous value: "TourMana.F28DA9BD") at /usr/share/dotnet/sdk/8.0.417/Microsoft.Common.CurrentVersion.targets (393,5)
       Property reassignment: $(CommandLineArgsForDesignTimeEvaluation)="-langversion:12.0 -define:TRACE" (previous value: "-langversion:12.0") at /usr/share/dotnet/sdk/8.0.417/Roslyn/Microsoft.CSharp.Core.targets (200,5)
       Property reassignment: $(ProcessorArchitecture)="msil" (previous value: "") at /usr/share/dotnet/sdk/8.0.417/Microsoft.Common.CurrentVersion.targets (541,5)
       Property reassignment: $(DelaySign)="" (previous value: "false") at /usr/share/dotnet/sdk/8.0.417/Microsoft.Common.CurrentVersion.targets (580,5)
       Property reassignment: $(TargetsForTfmSpecificContentInPackage)=";PackTool;_PackProjectToolValidation" (previous value: ";PackTool") at /usr/share/dotnet/sdk/8.0.417/Sdks/Microsoft.NET.Sdk/targets/Microsoft.NET.PackProjectTool.props (15,5)
       The "Configuration" property is a global property, and cannot be modified.
       The "Platform" property is a global property, and cannot be modified.
       Property 'LocalAppData' with value '/home/studioai/.local/share' expanded from the environment.
       Property reassignment: $(PublishProfileImported)="false" (previous value: "true") at /usr/share/dotnet/sdk/8.0.417/Sdks/Microsoft.NET.Sdk/targets/Microsoft.NET.Sdk.ImportPublishProfile.targets (28,5)
       Property reassignment: $(_SGenGenerateSerializationAssembliesConfig)="Auto" (previous value: "") at /usr/share/dotnet/sdk/8.0.417/Microsoft.Common.CurrentVersion.targets (3896,5)
       Property reassignment: $(_SGenGenerateSerializationAssembliesConfig)="Off" (previous value: "Auto") at /usr/share/dotnet/sdk/8.0.417/Microsoft.Common.CurrentVersion.targets (3897,5)
       Property reassignment: $(_TargetsThatPrepareProjectReferences)="
             AssignProjectConfiguration;
             _SplitProjectReferencesByFileExistence
           " (previous value: "_SplitProjectReferencesByFileExistence") at /usr/share/dotnet/sdk/8.0.417/Microsoft.Common.CurrentVersion.targets (5099,5)
       The "Platform" property is a global property, and cannot be modified.
       The "Configuration" property is a global property, and cannot be modified.
       Property 'MSBuildExtensionsPath32' with value '/usr/share/dotnet/sdk/8.0.417' expanded from the environment.
       Property reassignment: $(_DebugSymbolsProduced)="true" (previous value: "false") at /usr/share/dotnet/sdk/8.0.417/Microsoft.Common.CurrentVersion.targets (175,5)
       Property reassignment: $(TargetPlatformVersion)="" (previous value: "0.0") at /usr/share/dotnet/sdk/8.0.417/Sdks/Microsoft.NET.Sdk/targets/Microsoft.NET.TargetFrameworkInference.targets (69,5)
       The "Platform" property is a global property, and cannot be modified.
       Property reassignment: $(_DocumentationFileProduced)="false" (previous value: "true") at /usr/share/dotnet/sdk/8.0.417/Microsoft.Common.CurrentVersion.targets (185,5)
       The "Configuration" property is a global property, and cannot be modified.
       Property 'LANGUAGE' with value 'en_US:en' expanded from the environment.
       Property reassignment: $(_DebugSymbolsProduced)="true" (previous value: "false") at /usr/share/dotnet/sdk/8.0.417/Microsoft.Common.CurrentVersion.targets (175,5)
       Property reassignment: $(_DocumentationFileProduced)="false" (previous value: "true") at /usr/share/dotnet/sdk/8.0.417/Microsoft.Common.CurrentVersion.targets (185,5)
       Property reassignment: $(DefaultItemExcludes)=";bin\Debug//**;obj\Debug//**" (previous value: ";bin\Debug//**") at /usr/share/dotnet/sdk/8.0.417/Sdks/Microsoft.NET.Sdk/targets/Microsoft.NET.DefaultOutputPaths.targets (122,5)
       Property reassignment: $(OutputPath)="bin\Debug/net8.0/" (previous value: "bin\Debug/") at /usr/share/dotnet/sdk/8.0.417/Sdks/Microsoft.NET.Sdk/targets/Microsoft.NET.DefaultOutputPaths.targets (137,5)
       The "SolutionName" property is a global property, and cannot be modified.
       Property reassignment: $(IntermediateOutputPath)="obj\Debug/net8.0/" (previous value: "obj\Debug/") at /usr/share/dotnet/sdk/8.0.417/Sdks/Microsoft.NET.Sdk/targets/Microsoft.NET.DefaultOutputPaths.targets (142,5)
       The "SolutionFileName" property is a global property, and cannot be modified.
       The "SolutionPath" property is a global property, and cannot be modified.
       The "SolutionDir" property is a global property, and cannot be modified.
       The "DefaultSdkResolver" resolver attempted to resolve the SDK "Microsoft.NET.SDK.WorkloadManifestTargetsLocator".
       Warnings: null
       Errors: MSB4276: The default SDK resolver failed to resolve SDK "Microsoft.NET.SDK.WorkloadManifestTargetsLocator" because directory "/usr/share/dotnet/sdk/8.0.417/Sdks/Microsoft.NET.SDK.WorkloadManifestTargetsLocator/Sdk" did not exist.
       The "SolutionExt" property is a global property, and cannot be modified.
       The "SolutionName" property is a global property, and cannot be modified.
       The "SolutionFileName" property is a global property, and cannot be modified.
       Property reassignment: $(MSBuildCopyMarkerName)="TourMana.0E27AB2A" (previous value: "TourManagement.Infrastructure.csproj") at /usr/share/dotnet/sdk/8.0.417/Microsoft.Common.CurrentVersion.targets (392,5)
       The "SolutionPath" property is a global property, and cannot be modified.
       Property reassignment: $(MSBuildCopyMarkerName)="TourMana.0E27AB2A.Up2Date" (previous value: "TourMana.0E27AB2A") at /usr/share/dotnet/sdk/8.0.417/Microsoft.Common.CurrentVersion.targets (393,5)
       The "SolutionDir" property is a global property, and cannot be modified.
       The "SolutionExt" property is a global property, and cannot be modified.
       Property reassignment: $(MSBuildCopyMarkerName)="TourMana.9F6BEBEC" (previous value: "TourManagement.Web.csproj") at /usr/share/dotnet/sdk/8.0.417/Microsoft.Common.CurrentVersion.targets (392,5)
       Property reassignment: $(ProcessorArchitecture)="msil" (previous value: "") at /usr/share/dotnet/sdk/8.0.417/Microsoft.Common.CurrentVersion.targets (541,5)
       Property reassignment: $(MSBuildCopyMarkerName)="TourMana.9F6BEBEC.Up2Date" (previous value: "TourMana.9F6BEBEC") at /usr/share/dotnet/sdk/8.0.417/Microsoft.Common.CurrentVersion.targets (393,5)
       Property reassignment: $(DelaySign)="" (previous value: "false") at /usr/share/dotnet/sdk/8.0.417/Microsoft.Common.CurrentVersion.targets (580,5)
       Property reassignment: $(ProcessorArchitecture)="msil" (previous value: "") at /usr/share/dotnet/sdk/8.0.417/Microsoft.Common.CurrentVersion.targets (541,5)
       Property reassignment: $(DelaySign)="" (previous value: "false") at /usr/share/dotnet/sdk/8.0.417/Microsoft.Common.CurrentVersion.targets (580,5)
       Property 'LocalAppData' with value '/home/studioai/.local/share' expanded from the environment.
       Property 'LocalAppData' with value '/home/studioai/.local/share' expanded from the environment.
       The SDK "Microsoft.NET.SDK.WorkloadManifestTargetsLocator" was successfully resolved by the "Microsoft.DotNet.MSBuildWorkloadSdkResolver" resolver to location "/usr/share/dotnet/sdk-manifests/8.0.100/microsoft.net.sdk.android/34.0.43" and version "null".
       Property reassignment: $(_SGenGenerateSerializationAssembliesConfig)="Auto" (previous value: "") at /usr/share/dotnet/sdk/8.0.417/Microsoft.Common.CurrentVersion.targets (3896,5)
       Property reassignment: $(_SGenGenerateSerializationAssembliesConfig)="Off" (previous value: "Auto") at /usr/share/dotnet/sdk/8.0.417/Microsoft.Common.CurrentVersion.targets (3897,5)
       Property reassignment: $(_TargetsThatPrepareProjectReferences)="
             AssignProjectConfiguration;
             _SplitProjectReferencesByFileExistence
           " (previous value: "_SplitProjectReferencesByFileExistence") at /usr/share/dotnet/sdk/8.0.417/Microsoft.Common.CurrentVersion.targets (5099,5)
       Property reassignment: $(ProjectAssetsCacheFile)="/modernize-data/studio-data/TNT1001/APP1166/transformed-code/344/studio-workspace/TMS22/src/TourManagement.Application/obj/Debug/net8.0/TourManagement.Application.assets.cache" (previous value: "obj\Debug/net8.0/TourManagement.Application.assets.cache") at /usr/share/dotnet/sdk/8.0.417/Sdks/Microsoft.NET.Sdk/targets/Microsoft.PackageDependencyResolution.targets (29,5)
       Property reassignment: $(_SGenGenerateSerializationAssembliesConfig)="Auto" (previous value: "") at /usr/share/dotnet/sdk/8.0.417/Microsoft.Common.CurrentVersion.targets (3896,5)
       Property reassignment: $(_SGenGenerateSerializationAssembliesConfig)="Off" (previous value: "Auto") at /usr/share/dotnet/sdk/8.0.417/Microsoft.Common.CurrentVersion.targets (3897,5)
       Property reassignment: $(ResolveAssemblyReferencesDependsOn)="
             
             ResolveProjectReferences;
             FindInvalidProjectReferences;
             GetFrameworkPaths;
             GetReferenceAssemblyPaths;
             PrepareForBuild;
             ResolveSDKReferences;
             ExpandSDKReferences;
           ;
             ResolvePackageDependenciesForBuild;
             _HandlePackageFileConflicts;
           " (previous value: "
             ResolveProjectReferences;
             FindInvalidProjectReferences;
             GetFrameworkPaths;
             GetReferenceAssemblyPaths;
             PrepareForBuild;
             ResolveSDKReferences;
             ExpandSDKReferences;
           ") at /usr/share/dotnet/sdk/8.0.417/Sdks/Microsoft.NET.Sdk/targets/Microsoft.PackageDependencyResolution.targets (80,5)
       Property reassignment: $(PrepareResourcesDependsOn)="
             ResolvePackageDependenciesForBuild;
             _HandlePackageFileConflicts;
             
             ;
             PrepareResourceNames;
             ResGen;
             CompileLicxFiles
           
           " (previous value: "
             ;
             PrepareResourceNames;
             ResGen;
             CompileLicxFiles
           ") at /usr/share/dotnet/sdk/8.0.417/Sdks/Microsoft.NET.Sdk/targets/Microsoft.PackageDependencyResolution.targets (86,5)
       Property 'MSBuildExtensionsPath32' with value '/usr/share/dotnet/sdk/8.0.417' expanded from the environment.
       Property reassignment: $(DefaultItemExcludes)=";bin\Debug//**;obj\Debug//**;bin\/**" (previous value: ";bin\Debug//**;obj\Debug//**") at /usr/share/dotnet/sdk/8.0.417/Sdks/Microsoft.NET.Sdk/targets/Microsoft.NET.Sdk.DefaultItems.targets (27,5)
       Property reassignment: $(_TargetsThatPrepareProjectReferences)="
             AssignProjectConfiguration;
             _SplitProjectReferencesByFileExistence
           " (previous value: "_SplitProjectReferencesByFileExistence") at /usr/share/dotnet/sdk/8.0.417/Microsoft.Common.CurrentVersion.targets (5099,5)
       Property reassignment: $(DefaultItemExcludes)=";bin\Debug//**;obj\Debug//**;bin\/**;obj\/**" (previous value: ";bin\Debug//**;obj\Debug//**;bin\/**") at /usr/share/dotnet/sdk/8.0.417/Sdks/Microsoft.NET.Sdk/targets/Microsoft.NET.Sdk.DefaultItems.targets (29,5)
       Property 'MSBuildExtensionsPath32' with value '/usr/share/dotnet/sdk/8.0.417' expanded from the environment.
       Property reassignment: $(DefaultItemExcludes)=";bin\Debug//**;obj\Debug//**;bin\/**;obj\/**;**/*.user" (previous value: ";bin\Debug//**;obj\Debug//**;bin\/**;obj\/**") at /usr/share/dotnet/sdk/8.0.417/Sdks/Microsoft.NET.Sdk/targets/Microsoft.NET.Sdk.DefaultItems.targets (32,5)
       Property reassignment: $(DefaultItemExcludes)=";bin\Debug//**;obj\Debug//**;bin\/**;obj\/**;**/*.user;**/*.*proj" (previous value: ";bin\Debug//**;obj\Debug//**;bin\/**;obj\/**;**/*.user") at /usr/share/dotnet/sdk/8.0.417/Sdks/Microsoft.NET.Sdk/targets/Microsoft.NET.Sdk.DefaultItems.targets (33,5)
       Property reassignment: $(DefaultItemExcludes)=";bin\Debug//**;obj\Debug//**;bin\/**;obj\/**;**/*.user;**/*.*proj;**/*.sln" (previous value: ";bin\Debug//**;obj\Debug//**;bin\/**;obj\/**;**/*.user;**/*.*proj") at /usr/share/dotnet/sdk/8.0.417/Sdks/Microsoft.NET.Sdk/targets/Microsoft.NET.Sdk.DefaultItems.targets (34,5)
       Property reassignment: $(DefaultItemExcludes)=";bin\Debug//**;obj\Debug//**;bin\/**;obj\/**;**/*.user;**/*.*proj;**/*.sln;**/*.vssscc" (previous value: ";bin\Debug//**;obj\Debug//**;bin\/**;obj\/**;**/*.user;**/*.*proj;**/*.sln") at /usr/share/dotnet/sdk/8.0.417/Sdks/Microsoft.NET.Sdk/targets/Microsoft.NET.Sdk.DefaultItems.targets (35,5)
       Property reassignment: $(DefaultItemExcludes)=";bin\Debug//**;obj\Debug//**;bin\/**;obj\/**;**/*.user;**/*.*proj;**/*.sln;**/*.vssscc;**/.DS_Store" (previous value: ";bin\Debug//**;obj\Debug//**;bin\/**;obj\/**;**/*.user;**/*.*proj;**/*.sln;**/*.vssscc") at /usr/share/dotnet/sdk/8.0.417/Sdks/Microsoft.NET.Sdk/targets/Microsoft.NET.Sdk.DefaultItems.targets (36,5)
       Property reassignment: $(ResolveAssemblyReferencesDependsOn)="
             
             
             ResolveProjectReferences;
             FindInvalidProjectReferences;
             GetFrameworkPaths;
             GetReferenceAssemblyPaths;
             PrepareForBuild;
             ResolveSDKReferences;
             ExpandSDKReferences;
           ;
             ResolvePackageDependenciesForBuild;
             _HandlePackageFileConflicts;
           ;
             ResolveTargetingPackAssets;
           " (previous value: "
             
             ResolveProjectReferences;
             FindInvalidProjectReferences;
             GetFrameworkPaths;
             GetReferenceAssemblyPaths;
             PrepareForBuild;
             ResolveSDKReferences;
             ExpandSDKReferences;
           ;
             ResolvePackageDependenciesForBuild;
             _HandlePackageFileConflicts;
           ") at /usr/share/dotnet/sdk/8.0.417/Sdks/Microsoft.NET.Sdk/targets/Microsoft.NET.Sdk.FrameworkReferenceResolution.targets (14,5)
       Property reassignment: $(_GenerateRuntimeConfigurationPropertyInputsCache)="/modernize-data/studio-data/TNT1001/APP1166/transformed-code/344/studio-workspace/TMS22/src/TourManagement.Application/obj/Debug/net8.0/TourManagement.Application.genruntimeconfig.cache" (previous value: "obj\Debug/net8.0/TourManagement.Application.genruntimeconfig.cache") at /usr/share/dotnet/sdk/8.0.417/Sdks/Microsoft.NET.Sdk/targets/Microsoft.NET.Sdk.targets (44,5)
       Property reassignment: $(_GeneratePublishDependencyFilePropertyInputsCache)="/modernize-data/studio-data/TNT1001/APP1166/transformed-code/344/studio-workspace/TMS22/src/TourManagement.Application/obj/Debug/net8.0/TourManagement.Application.genpublishdeps.cache" (previous value: "obj\Debug/net8.0/TourManagement.Application.genpublishdeps.cache") at /usr/share/dotnet/sdk/8.0.417/Sdks/Microsoft.NET.Sdk/targets/Microsoft.NET.Sdk.targets (46,5)
       Property reassignment: $(_GenerateSingleFileBundlePropertyInputsCache)="/modernize-data/studio-data/TNT1001/APP1166/transformed-code/344/studio-workspace/TMS22/src/TourManagement.Application/obj/Debug/net8.0/TourManagement.Application.genbundle.cache" (previous value: "obj\Debug/net8.0/TourManagement.Application.genbundle.cache") at /usr/share/dotnet/sdk/8.0.417/Sdks/Microsoft.NET.Sdk/targets/Microsoft.NET.Sdk.targets (48,5)
       Property reassignment: $(GenerateRuntimeConfigDevFile)="false" (previous value: "true") at /usr/share/dotnet/sdk/8.0.417/Sdks/Microsoft.NET.Sdk/targets/Microsoft.NET.Sdk.targets (81,5)
       Property reassignment: $(_FrameworkIdentifierForImplicitDefine)="NET" (previous value: "NETCOREAPP") at /usr/share/dotnet/sdk/8.0.417/Sdks/Microsoft.NET.Sdk/targets/Microsoft.NET.Sdk.BeforeCommon.targets (187,5)
       Property reassignment: $(_FrameworkVersionForImplicitDefine)="8_0" (previous value: "8.0") at /usr/share/dotnet/sdk/8.0.417/Sdks/Microsoft.NET.Sdk/targets/Microsoft.NET.Sdk.BeforeCommon.targets (192,5)
       Property 'HOME' with value '/home/studioai' expanded from the environment.
       Property reassignment: $(_DefaultUserProfileRuntimeStorePath)="/home/studioai/.dotnet/store" (previous value: "/home/studioai") at /usr/share/dotnet/sdk/8.0.417/Sdks/Microsoft.NET.Sdk/targets/Microsoft.NET.Sdk.targets (98,5)
       Property reassignment: $(AvailablePlatforms)="Any CPU,x86,x64,ARM32" (previous value: "Any CPU,x86,x64") at /usr/share/dotnet/sdk/8.0.417/Sdks/Microsoft.NET.Sdk/targets/Microsoft.NET.Sdk.targets (136,5)
       Property reassignment: $(AvailablePlatforms)="Any CPU,x86,x64,ARM32,ARM64" (previous value: "Any CPU,x86,x64,ARM32") at /usr/share/dotnet/sdk/8.0.417/Sdks/Microsoft.NET.Sdk/targets/Microsoft.NET.Sdk.targets (140,5)
       Property reassignment: $(CoreBuildDependsOn)="
             _CheckForBuildWithNoBuild;
             
             BuildOnlySettings;
             PrepareForBuild;
             PreBuildEvent;
             ResolveReferences;
             PrepareResources;
             ResolveKeySource;
             Compile;
             ExportWindowsMDFile;
             UnmanagedUnregistration;
             GenerateSerializationAssemblies;
             CreateSatelliteAssemblies;
             GenerateManifests;
             GetTargetPath;
             PrepareForRun;
             UnmanagedRegistration;
             IncrementalClean;
             PostBuildEvent
           ;
             GenerateBuildDependencyFile;
             GenerateBuildRuntimeConfigurationFiles
           " (previous value: "
             BuildOnlySettings;
             PrepareForBuild;
             PreBuildEvent;
             ResolveReferences;
             PrepareResources;
             ResolveKeySource;
             Compile;
             ExportWindowsMDFile;
             UnmanagedUnregistration;
             GenerateSerializationAssemblies;
             CreateSatelliteAssemblies;
             GenerateManifests;
             GetTargetPath;
             PrepareForRun;
             UnmanagedRegistration;
             IncrementalClean;
             PostBuildEvent
           ") at /usr/share/dotnet/sdk/8.0.417/Sdks/Microsoft.NET.Sdk/targets/Microsoft.NET.Sdk.targets (197,5)
       Property reassignment: $(CoreCleanDependsOn)="
             _SdkBeforeClean;
             
           " (previous value: "") at /usr/share/dotnet/sdk/8.0.417/Sdks/Microsoft.NET.Sdk/targets/Microsoft.NET.Sdk.targets (206,5)
       Property reassignment: $(RebuildDependsOn)="
             _SdkBeforeRebuild;
             
             BeforeRebuild;
             Clean;
             Build;
             AfterRebuild;
           
           " (previous value: "
             BeforeRebuild;
             Clean;
             Build;
             AfterRebuild;
           ") at /usr/share/dotnet/sdk/8.0.417/Sdks/Microsoft.NET.Sdk/targets/Microsoft.NET.Sdk.targets (213,5)
       Property reassignment: $(CompileDependsOn)="
             
             ResolveReferences;
             ResolveKeySource;
             SetWin32ManifestProperties;
             _SetPreferNativeArm64Win32ManifestProperties;
             FindReferenceAssembliesForReferences;
             _GenerateCompileInputs;
             BeforeCompile;
             _TimeStampBeforeCompile;
             _GenerateCompileDependencyCache;
             CoreCompile;
             _TimeStampAfterCompile;
             AfterCompile;
           ;
             _CreateAppHost;
             _CreateComHost;
             _GetIjwHostPaths;
           " (previous value: "
             ResolveReferences;
             ResolveKeySource;
             SetWin32ManifestProperties;
             _SetPreferNativeArm64Win32ManifestProperties;
             FindReferenceAssembliesForReferences;
             _GenerateCompileInputs;
             BeforeCompile;
             _TimeStampBeforeCompile;
             _GenerateCompileDependencyCache;
             CoreCompile;
             _TimeStampAfterCompile;
             AfterCompile;
           ") at /usr/share/dotnet/sdk/8.0.417/Sdks/Microsoft.NET.Sdk/targets/Microsoft.NET.Sdk.targets (679,5)
       Property reassignment: $(CreateSatelliteAssembliesDependsOn)="
             
             ;
             _GenerateSatelliteAssemblyInputs;
             ComputeIntermediateSatelliteAssemblies;
             GenerateSatelliteAssemblies
           ;
             CoreGenerateSatelliteAssemblies
           " (previous value: "
             ;
             _GenerateSatelliteAssemblyInputs;
             ComputeIntermediateSatelliteAssemblies;
             GenerateSatelliteAssemblies
           ") at /usr/share/dotnet/sdk/8.0.417/Sdks/Microsoft.NET.Sdk/targets/Microsoft.NET.Sdk.targets (1065,5)
       Property reassignment: $(Language)="C#" (previous value: "en_US:en") at /usr/share/dotnet/sdk/8.0.417/Microsoft.CSharp.CurrentVersion.targets (38,9)
       Property reassignment: $(CommandLineArgsForDesignTimeEvaluation)="-langversion:12.0 -define:TRACE" (previous value: "-langversion:12.0") at /usr/share/dotnet/sdk/8.0.417/Roslyn/Microsoft.CSharp.Core.targets (200,5)
       Property reassignment: $(SourceLinkUrlInitializerTargets)=";_InitializeGitHubSourceLinkUrl;_InitializeGitLabSourceLinkUrl" (previous value: ";_InitializeGitHubSourceLinkUrl") at /usr/share/dotnet/sdk/8.0.417/Sdks/Microsoft.SourceLink.GitLab/build/Microsoft.SourceLink.GitLab.targets (12,5)
       Property reassignment: $(SourceControlManagerUrlTranslationTargets)=";TranslateGitHubUrlsInSourceControlInformation;TranslateGitLabUrlsInSourceControlInformation" (previous value: ";TranslateGitHubUrlsInSourceControlInformation") at /usr/share/dotnet/sdk/8.0.417/Sdks/Microsoft.SourceLink.GitLab/build/Microsoft.SourceLink.GitLab.targets (13,5)
       Property reassignment: $(SourceLinkUrlInitializerTargets)=";_InitializeGitHubSourceLinkUrl;_InitializeGitLabSourceLinkUrl;_InitializeAzureReposGitSourceLinkUrl" (previous value: ";_InitializeGitHubSourceLinkUrl;_InitializeGitLabSourceLinkUrl") at /usr/share/dotnet/sdk/8.0.417/Sdks/Microsoft.SourceLink.AzureRepos.Git/build/Microsoft.SourceLink.AzureRepos.Git.targets (12,5)
       Property reassignment: $(SourceControlManagerUrlTranslationTargets)=";TranslateGitHubUrlsInSourceControlInformation;TranslateGitLabUrlsInSourceControlInformation;TranslateAzureReposGitUrlsInSourceControlInformation" (previous value: ";TranslateGitHubUrlsInSourceControlInformation;TranslateGitLabUrlsInSourceControlInformation") at /usr/share/dotnet/sdk/8.0.417/Sdks/Microsoft.SourceLink.AzureRepos.Git/build/Microsoft.SourceLink.AzureRepos.Git.targets (13,5)
       Property reassignment: $(SourceLinkUrlInitializerTargets)=";_InitializeGitHubSourceLinkUrl;_InitializeGitLabSourceLinkUrl;_InitializeAzureReposGitSourceLinkUrl;_InitializeBitbucketGitSourceLinkUrl" (previous value: ";_InitializeGitHubSourceLinkUrl;_InitializeGitLabSourceLinkUrl;_InitializeAzureReposGitSourceLinkUrl") at /usr/share/dotnet/sdk/8.0.417/Sdks/Microsoft.SourceLink.Bitbucket.Git/build/Microsoft.SourceLink.Bitbucket.Git.targets (12,5)
       Property reassignment: $(SourceControlManagerUrlTranslationTargets)=";TranslateGitHubUrlsInSourceControlInformation;TranslateGitLabUrlsInSourceControlInformation;TranslateAzureReposGitUrlsInSourceControlInformation;TranslateBitbucketGitUrlsInSourceControlInformation" (previous value: ";TranslateGitHubUrlsInSourceControlInformation;TranslateGitLabUrlsInSourceControlInformation;TranslateAzureReposGitUrlsInSourceControlInformation") at /usr/share/dotnet/sdk/8.0.417/Sdks/Microsoft.SourceLink.Bitbucket.Git/build/Microsoft.SourceLink.Bitbucket.Git.targets (13,5)
       Property reassignment: $(DesignerRuntimeImplementationProjectOutputGroupDependsOn)="
             
             ;
             
             ;
             BuildOnlySettings;
             PrepareForBuild;
             AssignTargetPaths;
             ResolveReferences
           
           ;
             _GenerateDesignerDepsFile;
             _GenerateDesignerRuntimeConfigFile;
             GetCopyToOutputDirectoryItems;
             _GatherDesignerShadowCopyFiles;
           " (previous value: "
             ;
             
             ;
             BuildOnlySettings;
             PrepareForBuild;
             AssignTargetPaths;
             ResolveReferences
           
           ") at /usr/share/dotnet/sdk/8.0.417/Sdks/Microsoft.NET.Sdk/targets/Microsoft.NET.DesignerSupport.targets (21,5)
       Property reassignment: $(ProjectAssetsCacheFile)="/modernize-data/studio-data/TNT1001/APP1166/transformed-code/344/studio-workspace/TMS22/src/TourManagement.Web/obj/Debug/net8.0/TourManagement.Web.assets.cache" (previous value: "obj\Debug/net8.0/TourManagement.Web.assets.cache") at /usr/share/dotnet/sdk/8.0.417/Sdks/Microsoft.NET.Sdk/targets/Microsoft.PackageDependencyResolution.targets (29,5)
       The "Platform" property is a global property, and cannot be modified.
       The "Configuration" property is a global property, and cannot be modified.
       Property reassignment: $(ResolveAssemblyReferencesDependsOn)="
             
             ResolveProjectReferences;
             FindInvalidProjectReferences;
             GetFrameworkPaths;
             GetReferenceAssemblyPaths;
             PrepareForBuild;
             ResolveSDKReferences;
             ExpandSDKReferences;
           ;
             ResolvePackageDependenciesForBuild;
             _HandlePackageFileConflicts;
           " (previous value: "
             ResolveProjectReferences;
             FindInvalidProjectReferences;
             GetFrameworkPaths;
             GetReferenceAssemblyPaths;
             PrepareForBuild;
             ResolveSDKReferences;
             ExpandSDKReferences;
           ") at /usr/share/dotnet/sdk/8.0.417/Sdks/Microsoft.NET.Sdk/targets/Microsoft.PackageDependencyResolution.targets (80,5)
       Property reassignment: $(PrepareResourcesDependsOn)="
             ResolvePackageDependenciesForBuild;
             _HandlePackageFileConflicts;
             
             ;
             PrepareResourceNames;
             ResGen;
             CompileLicxFiles
           
           " (previous value: "
             ;
             PrepareResourceNames;
             ResGen;
             CompileLicxFiles
           ") at /usr/share/dotnet/sdk/8.0.417/Sdks/Microsoft.NET.Sdk/targets/Microsoft.PackageDependencyResolution.targets (86,5)
       Property reassignment: $(DefaultItemExcludes)=";**\node_modules\**;node_modules\**;**\jspm_packages\**;jspm_packages\**;**\bower_components\**;bower_components\**;bin\Debug//**;obj\Debug//**;bin\/**" (previous value: ";**\node_modules\**;node_modules\**;**\jspm_packages\**;jspm_packages\**;**\bower_components\**;bower_components\**;bin\Debug//**;obj\Debug//**") at /usr/share/dotnet/sdk/8.0.417/Sdks/Microsoft.NET.Sdk/targets/Microsoft.NET.Sdk.DefaultItems.targets (27,5)
       Property reassignment: $(_DebugSymbolsProduced)="true" (previous value: "false") at /usr/share/dotnet/sdk/8.0.417/Microsoft.Common.CurrentVersion.targets (175,5)
       Property reassignment: $(DefaultItemExcludes)=";**\node_modules\**;node_modules\**;**\jspm_packages\**;jspm_packages\**;**\bower_components\**;bower_components\**;bin\Debug//**;obj\Debug//**;bin\/**;obj\/**" (previous value: ";**\node_modules\**;node_modules\**;**\jspm_packages\**;jspm_packages\**;**\bower_components\**;bower_components\**;bin\Debug//**;obj\Debug//**;bin\/**") at /usr/share/dotnet/sdk/8.0.417/Sdks/Microsoft.NET.Sdk/targets/Microsoft.NET.Sdk.DefaultItems.targets (29,5)
       Property reassignment: $(_DocumentationFileProduced)="false" (previous value: "true") at /usr/share/dotnet/sdk/8.0.417/Microsoft.Common.CurrentVersion.targets (185,5)
       Property reassignment: $(DefaultItemExcludes)=";**\node_modules\**;node_modules\**;**\jspm_packages\**;jspm_packages\**;**\bower_components\**;bower_components\**;bin\Debug//**;obj\Debug//**;bin\/**;obj\/**;**/*.user" (previous value: ";**\node_modules\**;node_modules\**;**\jspm_packages\**;jspm_packages\**;**\bower_components\**;bower_components\**;bin\Debug//**;obj\Debug//**;bin\/**;obj\/**") at /usr/share/dotnet/sdk/8.0.417/Sdks/Microsoft.NET.Sdk/targets/Microsoft.NET.Sdk.DefaultItems.targets (32,5)
       Property reassignment: $(DefaultItemExcludes)=";**\node_modules\**;node_modules\**;**\jspm_packages\**;jspm_packages\**;**\bower_components\**;bower_components\**;bin\Debug//**;obj\Debug//**;bin\/**;obj\/**;**/*.user;**/*.*proj" (previous value: ";**\node_modules\**;node_modules\**;**\jspm_packages\**;jspm_packages\**;**\bower_components\**;bower_components\**;bin\Debug//**;obj\Debug//**;bin\/**;obj\/**;**/*.user") at /usr/share/dotnet/sdk/8.0.417/Sdks/Microsoft.NET.Sdk/targets/Microsoft.NET.Sdk.DefaultItems.targets (33,5)
       Property reassignment: $(DefaultItemExcludes)=";**\node_modules\**;node_modules\**;**\jspm_packages\**;jspm_packages\**;**\bower_components\**;bower_components\**;bin\Debug//**;obj\Debug//**;bin\/**;obj\/**;**/*.user;**/*.*proj;**/*.sln" (previous value: ";**\node_modules\**;node_modules\**;**\jspm_packages\**;jspm_packages\**;**\bower_components\**;bower_components\**;bin\Debug//**;obj\Debug//**;bin\/**;obj\/**;**/*.user;**/*.*proj") at /usr/share/dotnet/sdk/8.0.417/Sdks/Microsoft.NET.Sdk/targets/Microsoft.NET.Sdk.DefaultItems.targets (34,5)
       Property reassignment: $(DefaultItemExcludes)=";**\node_modules\**;node_modules\**;**\jspm_packages\**;jspm_packages\**;**\bower_components\**;bower_components\**;bin\Debug//**;obj\Debug//**;bin\/**;obj\/**;**/*.user;**/*.*proj;**/*.sln;**/*.vssscc" (previous value: ";**\node_modules\**;node_modules\**;**\jspm_packages\**;jspm_packages\**;**\bower_components\**;bower_components\**;bin\Debug//**;obj\Debug//**;bin\/**;obj\/**;**/*.user;**/*.*proj;**/*.sln") at /usr/share/dotnet/sdk/8.0.417/Sdks/Microsoft.NET.Sdk/targets/Microsoft.NET.Sdk.DefaultItems.targets (35,5)
       Property reassignment: $(DefaultItemExcludes)=";**\node_modules\**;node_modules\**;**\jspm_packages\**;jspm_packages\**;**\bower_components\**;bower_components\**;bin\Debug//**;obj\Debug//**;bin\/**;obj\/**;**/*.user;**/*.*proj;**/*.sln;**/*.vssscc;**/.DS_Store" (previous value: ";**\node_modules\**;node_modules\**;**\jspm_packages\**;jspm_packages\**;**\bower_components\**;bower_components\**;bin\Debug//**;obj\Debug//**;bin\/**;obj\/**;**/*.user;**/*.*proj;**/*.sln;**/*.vssscc") at /usr/share/dotnet/sdk/8.0.417/Sdks/Microsoft.NET.Sdk/targets/Microsoft.NET.Sdk.DefaultItems.targets (36,5)
       Property reassignment: $(ProjectAssetsCacheFile)="/modernize-data/studio-data/TNT1001/APP1166/transformed-code/344/studio-workspace/TMS22/src/TourManagement.Infrastructure/obj/Debug/net8.0/TourManagement.Infrastructure.assets.cache" (previous value: "obj\Debug/net8.0/TourManagement.Infrastructure.assets.cache") at /usr/share/dotnet/sdk/8.0.417/Sdks/Microsoft.NET.Sdk/targets/Microsoft.PackageDependencyResolution.targets (29,5)
       Property reassignment: $(ResolveAssemblyReferencesDependsOn)="
             
             
             ResolveProjectReferences;
             FindInvalidProjectReferences;
             GetFrameworkPaths;
             GetReferenceAssemblyPaths;
             PrepareForBuild;
             ResolveSDKReferences;
             ExpandSDKReferences;
           ;
             ResolvePackageDependenciesForBuild;
             _HandlePackageFileConflicts;
           ;
             ResolveTargetingPackAssets;
           " (previous value: "
             
             ResolveProjectReferences;
             FindInvalidProjectReferences;
             GetFrameworkPaths;
             GetReferenceAssemblyPaths;
             PrepareForBuild;
             ResolveSDKReferences;
             ExpandSDKReferences;
           ;
             ResolvePackageDependenciesForBuild;
             _HandlePackageFileConflicts;
           ") at /usr/share/dotnet/sdk/8.0.417/Sdks/Microsoft.NET.Sdk/targets/Microsoft.NET.Sdk.FrameworkReferenceResolution.targets (14,5)
       Property reassignment: $(_GenerateToolsSettingsFileCacheFile)="/modernize-data/studio-data/TNT1001/APP1166/transformed-code/344/studio-workspace/TMS22/src/TourManagement.Application/obj/Debug/net8.0/TourManagement.Application.toolssettingsinput.cache" (previous value: "obj\Debug/net8.0/TourManagement.Application.toolssettingsinput.cache") at /usr/share/dotnet/sdk/8.0.417/Sdks/Microsoft.NET.Sdk/targets/Microsoft.NET.PackTool.targets (68,5)
       The "SolutionName" property is a global property, and cannot be modified.
       The "SolutionFileName" property is a global property, and cannot be modified.
       The "SolutionPath" property is a global property, and cannot be modified.
       The "SolutionDir" property is a global property, and cannot be modified.
       The "SolutionExt" property is a global property, and cannot be modified.
       Property reassignment: $(ResolveAssemblyReferencesDependsOn)="
             
             ResolveProjectReferences;
             FindInvalidProjectReferences;
             GetFrameworkPaths;
             GetReferenceAssemblyPaths;
             PrepareForBuild;
             ResolveSDKReferences;
             ExpandSDKReferences;
           ;
             ResolvePackageDependenciesForBuild;
             _HandlePackageFileConflicts;
           " (previous value: "
             ResolveProjectReferences;
             FindInvalidProjectReferences;
             GetFrameworkPaths;
             GetReferenceAssemblyPaths;
             PrepareForBuild;
             ResolveSDKReferences;
             ExpandSDKReferences;
           ") at /usr/share/dotnet/sdk/8.0.417/Sdks/Microsoft.NET.Sdk/targets/Microsoft.PackageDependencyResolution.targets (80,5)
       Property reassignment: $(_ShimInputCacheFile)="/modernize-data/studio-data/TNT1001/APP1166/transformed-code/344/studio-workspace/TMS22/src/TourManagement.Application/obj/Debug/net8.0/TourManagement.Application.shiminput.cache" (previous value: "obj\Debug/net8.0/TourManagement.Application.shiminput.cache") at /usr/share/dotnet/sdk/8.0.417/Sdks/Microsoft.NET.Sdk/targets/Microsoft.NET.PackTool.targets (137,5)
       Property reassignment: $(PrepareResourcesDependsOn)="
             ResolvePackageDependenciesForBuild;
             _HandlePackageFileConflicts;
             
             ;
             PrepareResourceNames;
             ResGen;
             CompileLicxFiles
           
           " (previous value: "
             ;
             PrepareResourceNames;
             ResGen;
             CompileLicxFiles
           ") at /usr/share/dotnet/sdk/8.0.417/Sdks/Microsoft.NET.Sdk/targets/Microsoft.PackageDependencyResolution.targets (86,5)
       Property reassignment: $(_ShimCreatedSentinelFile)="/modernize-data/studio-data/TNT1001/APP1166/transformed-code/344/studio-workspace/TMS22/src/TourManagement.Application/obj/Debug/net8.0/TourManagement.Application.shimcreated.sentinel" (previous value: "obj\Debug/net8.0/TourManagement.Application.shimcreated.sentinel") at /usr/share/dotnet/sdk/8.0.417/Sdks/Microsoft.NET.Sdk/targets/Microsoft.NET.PackTool.targets (139,5)
       Property reassignment: $(_GenerateRuntimeConfigurationPropertyInputsCache)="/modernize-data/studio-data/TNT1001/APP1166/transformed-code/344/studio-workspace/TMS22/src/TourManagement.Web/obj/Debug/net8.0/TourManagement.Web.genruntimeconfig.cache" (previous value: "obj\Debug/net8.0/TourManagement.Web.genruntimeconfig.cache") at /usr/share/dotnet/sdk/8.0.417/Sdks/Microsoft.NET.Sdk/targets/Microsoft.NET.Sdk.targets (44,5)
       Property reassignment: $(_GeneratePublishDependencyFilePropertyInputsCache)="/modernize-data/studio-data/TNT1001/APP1166/transformed-code/344/studio-workspace/TMS22/src/TourManagement.Web/obj/Debug/net8.0/TourManagement.Web.genpublishdeps.cache" (previous value: "obj\Debug/net8.0/TourManagement.Web.genpublishdeps.cache") at /usr/share/dotnet/sdk/8.0.417/Sdks/Microsoft.NET.Sdk/targets/Microsoft.NET.Sdk.targets (46,5)
       Property reassignment: $(MSBuildCopyMarkerName)="TourMana.4FCB562A" (previous value: "TourManagement.Domain.csproj") at /usr/share/dotnet/sdk/8.0.417/Microsoft.Common.CurrentVersion.targets (392,5)
       Property reassignment: $(MSBuildCopyMarkerName)="TourMana.4FCB562A.Up2Date" (previous value: "TourMana.4FCB562A") at /usr/share/dotnet/sdk/8.0.417/Microsoft.Common.CurrentVersion.targets (393,5)
       Property reassignment: $(_GenerateSingleFileBundlePropertyInputsCache)="/modernize-data/studio-data/TNT1001/APP1166/transformed-code/344/studio-workspace/TMS22/src/TourManagement.Web/obj/Debug/net8.0/TourManagement.Web.genbundle.cache" (previous value: "obj\Debug/net8.0/TourManagement.Web.genbundle.cache") at /usr/share/dotnet/sdk/8.0.417/Sdks/Microsoft.NET.Sdk/targets/Microsoft.NET.Sdk.targets (48,5)
       Property reassignment: $(ProcessorArchitecture)="msil" (previous value: "") at /usr/share/dotnet/sdk/8.0.417/Microsoft.Common.CurrentVersion.targets (541,5)
       Property reassignment: $(DelaySign)="" (previous value: "false") at /usr/share/dotnet/sdk/8.0.417/Microsoft.Common.CurrentVersion.targets (580,5)
       Property reassignment: $(DefineConstants)="TRACE;DEBUG" (previous value: "TRACE") at /usr/share/dotnet/sdk/8.0.417/Sdks/Microsoft.NET.Sdk/targets/Microsoft.NET.Sdk.CSharp.targets (31,5)
       Property reassignment: $(DefineConstants)="TRACE;DEBUG;NET;NET8_0;NETCOREAPP" (previous value: "TRACE;DEBUG") at /usr/share/dotnet/sdk/8.0.417/Sdks/Microsoft.NET.Sdk/targets/Microsoft.NET.Sdk.CSharp.targets (34,5)
       Property reassignment: $(GenerateRuntimeConfigDevFile)="false" (previous value: "true") at /usr/share/dotnet/sdk/8.0.417/Sdks/Microsoft.NET.Sdk/targets/Microsoft.NET.Sdk.targets (81,5)
       Property reassignment: $(WarningsAsErrors)=";NU1605;SYSLIB0011" (previous value: ";NU1605") at /usr/share/dotnet/sdk/8.0.417/Sdks/Microsoft.NET.Sdk/targets/Microsoft.NET.Sdk.CSharp.targets (48,5)
       Property 'HOME' with value '/home/studioai' expanded from the environment.
       Property 'LocalAppData' with value '/home/studioai/.local/share' expanded from the environment.
       Property reassignment: $(_DefaultUserProfileRuntimeStorePath)="/home/studioai/.dotnet/store" (previous value: "/home/studioai") at /usr/share/dotnet/sdk/8.0.417/Sdks/Microsoft.NET.Sdk/targets/Microsoft.NET.Sdk.targets (98,5)
       Property reassignment: $(AvailablePlatforms)="Any CPU,x86,x64,ARM32" (previous value: "Any CPU,x86,x64") at /usr/share/dotnet/sdk/8.0.417/Sdks/Microsoft.NET.Sdk/targets/Microsoft.NET.Sdk.targets (136,5)
       Property reassignment: $(AvailablePlatforms)="Any CPU,x86,x64,ARM32,ARM64" (previous value: "Any CPU,x86,x64,ARM32") at /usr/share/dotnet/sdk/8.0.417/Sdks/Microsoft.NET.Sdk/targets/Microsoft.NET.Sdk.targets (140,5)
       Property reassignment: $(_SGenGenerateSerializationAssembliesConfig)="Auto" (previous value: "") at /usr/share/dotnet/sdk/8.0.417/Microsoft.Common.CurrentVersion.targets (3896,5)
       Property reassignment: $(CoreBuildDependsOn)="
             _CheckForBuildWithNoBuild;
             
             BuildOnlySettings;
             PrepareForBuild;
             PreBuildEvent;
             ResolveReferences;
             PrepareResources;
             ResolveKeySource;
             Compile;
             ExportWindowsMDFile;
             UnmanagedUnregistration;
             GenerateSerializationAssemblies;
             CreateSatelliteAssemblies;
             GenerateManifests;
             GetTargetPath;
             PrepareForRun;
             UnmanagedRegistration;
             IncrementalClean;
             PostBuildEvent
           ;
             GenerateBuildDependencyFile;
             GenerateBuildRuntimeConfigurationFiles
           " (previous value: "
             BuildOnlySettings;
             PrepareForBuild;
             PreBuildEvent;
             ResolveReferences;
             PrepareResources;
             ResolveKeySource;
             Compile;
             ExportWindowsMDFile;
             UnmanagedUnregistration;
             GenerateSerializationAssemblies;
             CreateSatelliteAssemblies;
             GenerateManifests;
             GetTargetPath;
             PrepareForRun;
             UnmanagedRegistration;
             IncrementalClean;
             PostBuildEvent
           ") at /usr/share/dotnet/sdk/8.0.417/Sdks/Microsoft.NET.Sdk/targets/Microsoft.NET.Sdk.targets (197,5)
       Property reassignment: $(_SGenGenerateSerializationAssembliesConfig)="Off" (previous value: "Auto") at /usr/share/dotnet/sdk/8.0.417/Microsoft.Common.CurrentVersion.targets (3897,5)
       Property reassignment: $(CoreCleanDependsOn)="
             _SdkBeforeClean;
             
           " (previous value: "") at /usr/share/dotnet/sdk/8.0.417/Sdks/Microsoft.NET.Sdk/targets/Microsoft.NET.Sdk.targets (206,5)
       Property reassignment: $(RebuildDependsOn)="
             _SdkBeforeRebuild;
             
             BeforeRebuild;
             Clean;
             Build;
             AfterRebuild;
           
           " (previous value: "
             BeforeRebuild;
             Clean;
             Build;
             AfterRebuild;
           ") at /usr/share/dotnet/sdk/8.0.417/Sdks/Microsoft.NET.Sdk/targets/Microsoft.NET.Sdk.targets (213,5)
       Property reassignment: $(_TargetsThatPrepareProjectReferences)="
             AssignProjectConfiguration;
             _SplitProjectReferencesByFileExistence
           " (previous value: "_SplitProjectReferencesByFileExistence") at /usr/share/dotnet/sdk/8.0.417/Microsoft.Common.CurrentVersion.targets (5099,5)
       Property reassignment: $(CompileDependsOn)="
             
             ResolveReferences;
             ResolveKeySource;
             SetWin32ManifestProperties;
             _SetPreferNativeArm64Win32ManifestProperties;
             FindReferenceAssembliesForReferences;
             _GenerateCompileInputs;
             BeforeCompile;
             _TimeStampBeforeCompile;
             _GenerateCompileDependencyCache;
             CoreCompile;
             _TimeStampAfterCompile;
             AfterCompile;
           ;
             _CreateAppHost;
             _CreateComHost;
             _GetIjwHostPaths;
           " (previous value: "
             ResolveReferences;
             ResolveKeySource;
             SetWin32ManifestProperties;
             _SetPreferNativeArm64Win32ManifestProperties;
             FindReferenceAssembliesForReferences;
             _GenerateCompileInputs;
             BeforeCompile;
             _TimeStampBeforeCompile;
             _GenerateCompileDependencyCache;
             CoreCompile;
             _TimeStampAfterCompile;
             AfterCompile;
           ") at /usr/share/dotnet/sdk/8.0.417/Sdks/Microsoft.NET.Sdk/targets/Microsoft.NET.Sdk.targets (679,5)
       Property reassignment: $(CreateSatelliteAssembliesDependsOn)="
             
             ;
             _GenerateSatelliteAssemblyInputs;
             ComputeIntermediateSatelliteAssemblies;
             GenerateSatelliteAssemblies
           ;
             CoreGenerateSatelliteAssemblies
           " (previous value: "
             ;
             _GenerateSatelliteAssemblyInputs;
             ComputeIntermediateSatelliteAssemblies;
             GenerateSatelliteAssemblies
           ") at /usr/share/dotnet/sdk/8.0.417/Sdks/Microsoft.NET.Sdk/targets/Microsoft.NET.Sdk.targets (1065,5)
       Property reassignment: $(PackageDescription)="Package Description" (previous value: "") at /usr/share/dotnet/sdk/8.0.417/Sdks/NuGet.Build.Tasks.Pack/build/NuGet.Build.Tasks.Pack.targets (34,5)
       Property 'MSBuildExtensionsPath32' with value '/usr/share/dotnet/sdk/8.0.417' expanded from the environment.
       Property reassignment: $(GenerateNuspecDependsOn)="Build;_LoadPackInputItems; _GetTargetFrameworksOutput; _WalkEachTargetPerFramework; _GetPackageFiles; " (previous value: "_LoadPackInputItems; _GetTargetFrameworksOutput; _WalkEachTargetPerFramework; _GetPackageFiles; ") at /usr/share/dotnet/sdk/8.0.417/Sdks/NuGet.Build.Tasks.Pack/build/NuGet.Build.Tasks.Pack.targets (59,5)
       Property reassignment: $(_IsNotSetContainersTargetsDir)="true" (previous value: "false") at /usr/share/dotnet/sdk/8.0.417/Sdks/Microsoft.NET.Sdk/Sdk/Sdk.targets (59,5)
       Property reassignment: $(_IsSDKContainerAllowedVersion)="true" (previous value: "false") at /usr/share/dotnet/sdk/8.0.417/Containers/build/Microsoft.NET.Build.Containers.targets (5,5)
       Property reassignment: $(SourceLinkUrlInitializerTargets)=";_InitializeGitHubSourceLinkUrl;_InitializeGitLabSourceLinkUrl" (previous value: ";_InitializeGitHubSourceLinkUrl") at /usr/share/dotnet/sdk/8.0.417/Sdks/Microsoft.SourceLink.GitLab/build/Microsoft.SourceLink.GitLab.targets (12,5)
       Property reassignment: $(_ContainerIsTargetingNet8TFM)="true" (previous value: "false") at /usr/share/dotnet/sdk/8.0.417/Containers/build/Microsoft.NET.Build.Containers.targets (15,5)
       Property reassignment: $(SourceControlManagerUrlTranslationTargets)=";TranslateGitHubUrlsInSourceControlInformation;TranslateGitLabUrlsInSourceControlInformation" (previous value: ";TranslateGitHubUrlsInSourceControlInformation") at /usr/share/dotnet/sdk/8.0.417/Sdks/Microsoft.SourceLink.GitLab/build/Microsoft.SourceLink.GitLab.targets (13,5)
       Property reassignment: $(SourceLinkUrlInitializerTargets)=";_InitializeGitHubSourceLinkUrl;_InitializeGitLabSourceLinkUrl;_InitializeAzureReposGitSourceLinkUrl" (previous value: ";_InitializeGitHubSourceLinkUrl;_InitializeGitLabSourceLinkUrl") at /usr/share/dotnet/sdk/8.0.417/Sdks/Microsoft.SourceLink.AzureRepos.Git/build/Microsoft.SourceLink.AzureRepos.Git.targets (12,5)
       Property reassignment: $(SourceControlManagerUrlTranslationTargets)=";TranslateGitHubUrlsInSourceControlInformation;TranslateGitLabUrlsInSourceControlInformation;TranslateAzureReposGitUrlsInSourceControlInformation" (previous value: ";TranslateGitHubUrlsInSourceControlInformation;TranslateGitLabUrlsInSourceControlInformation") at /usr/share/dotnet/sdk/8.0.417/Sdks/Microsoft.SourceLink.AzureRepos.Git/build/Microsoft.SourceLink.AzureRepos.Git.targets (13,5)
       Property reassignment: $(SourceLinkUrlInitializerTargets)=";_InitializeGitHubSourceLinkUrl;_InitializeGitLabSourceLinkUrl;_InitializeAzureReposGitSourceLinkUrl;_InitializeBitbucketGitSourceLinkUrl" (previous value: ";_InitializeGitHubSourceLinkUrl;_InitializeGitLabSourceLinkUrl;_InitializeAzureReposGitSourceLinkUrl") at /usr/share/dotnet/sdk/8.0.417/Sdks/Microsoft.SourceLink.Bitbucket.Git/build/Microsoft.SourceLink.Bitbucket.Git.targets (12,5)
       Property reassignment: $(SourceControlManagerUrlTranslationTargets)=";TranslateGitHubUrlsInSourceControlInformation;TranslateGitLabUrlsInSourceControlInformation;TranslateAzureReposGitUrlsInSourceControlInformation;TranslateBitbucketGitUrlsInSourceControlInformation" (previous value: ";TranslateGitHubUrlsInSourceControlInformation;TranslateGitLabUrlsInSourceControlInformation;TranslateAzureReposGitUrlsInSourceControlInformation") at /usr/share/dotnet/sdk/8.0.417/Sdks/Microsoft.SourceLink.Bitbucket.Git/build/Microsoft.SourceLink.Bitbucket.Git.targets (13,5)
       Property reassignment: $(DesignerRuntimeImplementationProjectOutputGroupDependsOn)="
             
             ;
             
             ;
             BuildOnlySettings;
             PrepareForBuild;
             AssignTargetPaths;
             ResolveReferences
           
           ;
             _GenerateDesignerDepsFile;
             _GenerateDesignerRuntimeConfigFile;
             GetCopyToOutputDirectoryItems;
             _GatherDesignerShadowCopyFiles;
           " (previous value: "
             ;
             
             ;
             BuildOnlySettings;
             PrepareForBuild;
             AssignTargetPaths;
             ResolveReferences
           
           ") at /usr/share/dotnet/sdk/8.0.417/Sdks/Microsoft.NET.Sdk/targets/Microsoft.NET.DesignerSupport.targets (21,5)
       Property reassignment: $(_GenerateToolsSettingsFileCacheFile)="/modernize-data/studio-data/TNT1001/APP1166/transformed-code/344/studio-workspace/TMS22/src/TourManagement.Web/obj/Debug/net8.0/TourManagement.Web.toolssettingsinput.cache" (previous value: "obj\Debug/net8.0/TourManagement.Web.toolssettingsinput.cache") at /usr/share/dotnet/sdk/8.0.417/Sdks/Microsoft.NET.Sdk/targets/Microsoft.NET.PackTool.targets (68,5)
       Property reassignment: $(_ShimInputCacheFile)="/modernize-data/studio-data/TNT1001/APP1166/transformed-code/344/studio-workspace/TMS22/src/TourManagement.Web/obj/Debug/net8.0/TourManagement.Web.shiminput.cache" (previous value: "obj\Debug/net8.0/TourManagement.Web.shiminput.cache") at /usr/share/dotnet/sdk/8.0.417/Sdks/Microsoft.NET.Sdk/targets/Microsoft.NET.PackTool.targets (137,5)
       Property reassignment: $(_ShimCreatedSentinelFile)="/modernize-data/studio-data/TNT1001/APP1166/transformed-code/344/studio-workspace/TMS22/src/TourManagement.Web/obj/Debug/net8.0/TourManagement.Web.shimcreated.sentinel" (previous value: "obj\Debug/net8.0/TourManagement.Web.shimcreated.sentinel") at /usr/share/dotnet/sdk/8.0.417/Sdks/Microsoft.NET.Sdk/targets/Microsoft.NET.PackTool.targets (139,5)
       Property reassignment: $(ProjectAssetsCacheFile)="/modernize-data/studio-data/TNT1001/APP1166/transformed-code/344/studio-workspace/TMS22/src/TourManagement.Domain/obj/Debug/net8.0/TourManagement.Domain.assets.cache" (previous value: "obj\Debug/net8.0/TourManagement.Domain.assets.cache") at /usr/share/dotnet/sdk/8.0.417/Sdks/Microsoft.NET.Sdk/targets/Microsoft.PackageDependencyResolution.targets (29,5)
       Property reassignment: $(ResolveAssemblyReferencesDependsOn)="
             
             ResolveProjectReferences;
             FindInvalidProjectReferences;
             GetFrameworkPaths;
             GetReferenceAssemblyPaths;
             PrepareForBuild;
             ResolveSDKReferences;
             ExpandSDKReferences;
           ;
             ResolvePackageDependenciesForBuild;
             _HandlePackageFileConflicts;
           " (previous value: "
             ResolveProjectReferences;
             FindInvalidProjectReferences;
             GetFrameworkPaths;
             GetReferenceAssemblyPaths;
             PrepareForBuild;
             ResolveSDKReferences;
             ExpandSDKReferences;
           ") at /usr/share/dotnet/sdk/8.0.417/Sdks/Microsoft.NET.Sdk/targets/Microsoft.PackageDependencyResolution.targets (80,5)
       Property reassignment: $(PrepareResourcesDependsOn)="
             ResolvePackageDependenciesForBuild;
             _HandlePackageFileConflicts;
             
             ;
             PrepareResourceNames;
             ResGen;
             CompileLicxFiles
           
           " (previous value: "
             ;
             PrepareResourceNames;
             ResGen;
             CompileLicxFiles
           ") at /usr/share/dotnet/sdk/8.0.417/Sdks/Microsoft.NET.Sdk/targets/Microsoft.PackageDependencyResolution.targets (86,5)
       Property reassignment: $(DefineConstants)="TRACE;DEBUG" (previous value: "TRACE") at /usr/share/dotnet/sdk/8.0.417/Sdks/Microsoft.NET.Sdk/targets/Microsoft.NET.Sdk.CSharp.targets (31,5)
       Property reassignment: $(DefaultItemExcludes)=";bin\Debug//**;obj\Debug//**;bin\/**" (previous value: ";bin\Debug//**;obj\Debug//**") at /usr/share/dotnet/sdk/8.0.417/Sdks/Microsoft.NET.Sdk/targets/Microsoft.NET.Sdk.DefaultItems.targets (27,5)
       Property reassignment: $(DefineConstants)="TRACE;DEBUG;NET;NET8_0;NETCOREAPP" (previous value: "TRACE;DEBUG") at /usr/share/dotnet/sdk/8.0.417/Sdks/Microsoft.NET.Sdk/targets/Microsoft.NET.Sdk.CSharp.targets (34,5)
       Property reassignment: $(DefaultItemExcludes)=";bin\Debug//**;obj\Debug//**;bin\/**;obj\/**" (previous value: ";bin\Debug//**;obj\Debug//**;bin\/**") at /usr/share/dotnet/sdk/8.0.417/Sdks/Microsoft.NET.Sdk/targets/Microsoft.NET.Sdk.DefaultItems.targets (29,5)
       Property reassignment: $(WarningsAsErrors)=";NU1605;SYSLIB0011" (previous value: ";NU1605") at /usr/share/dotnet/sdk/8.0.417/Sdks/Microsoft.NET.Sdk/targets/Microsoft.NET.Sdk.CSharp.targets (48,5)
       Property reassignment: $(DefaultItemExcludes)=";bin\Debug//**;obj\Debug//**;bin\/**;obj\/**;**/*.user" (previous value: ";bin\Debug//**;obj\Debug//**;bin\/**;obj\/**") at /usr/share/dotnet/sdk/8.0.417/Sdks/Microsoft.NET.Sdk/targets/Microsoft.NET.Sdk.DefaultItems.targets (32,5)
       Property reassignment: $(DefaultItemExcludes)=";bin\Debug//**;obj\Debug//**;bin\/**;obj\/**;**/*.user;**/*.*proj" (previous value: ";bin\Debug//**;obj\Debug//**;bin\/**;obj\/**;**/*.user") at /usr/share/dotnet/sdk/8.0.417/Sdks/Microsoft.NET.Sdk/targets/Microsoft.NET.Sdk.DefaultItems.targets (33,5)
       Property reassignment: $(DefaultItemExcludes)=";bin\Debug//**;obj\Debug//**;bin\/**;obj\/**;**/*.user;**/*.*proj;**/*.sln" (previous value: ";bin\Debug//**;obj\Debug//**;bin\/**;obj\/**;**/*.user;**/*.*proj") at /usr/share/dotnet/sdk/8.0.417/Sdks/Microsoft.NET.Sdk/targets/Microsoft.NET.Sdk.DefaultItems.targets (34,5)
       Property reassignment: $(DefaultItemExcludes)=";bin\Debug//**;obj\Debug//**;bin\/**;obj\/**;**/*.user;**/*.*proj;**/*.sln;**/*.vssscc" (previous value: ";bin\Debug//**;obj\Debug//**;bin\/**;obj\/**;**/*.user;**/*.*proj;**/*.sln") at /usr/share/dotnet/sdk/8.0.417/Sdks/Microsoft.NET.Sdk/targets/Microsoft.NET.Sdk.DefaultItems.targets (35,5)
       Property reassignment: $(DefaultItemExcludes)=";bin\Debug//**;obj\Debug//**;bin\/**;obj\/**;**/*.user;**/*.*proj;**/*.sln;**/*.vssscc;**/.DS_Store" (previous value: ";bin\Debug//**;obj\Debug//**;bin\/**;obj\/**;**/*.user;**/*.*proj;**/*.sln;**/*.vssscc") at /usr/share/dotnet/sdk/8.0.417/Sdks/Microsoft.NET.Sdk/targets/Microsoft.NET.Sdk.DefaultItems.targets (36,5)
       Property reassignment: $(ResolveAssemblyReferencesDependsOn)="
             
             
             ResolveProjectReferences;
             FindInvalidProjectReferences;
             GetFrameworkPaths;
             GetReferenceAssemblyPaths;
             PrepareForBuild;
             ResolveSDKReferences;
             ExpandSDKReferences;
           ;
             ResolvePackageDependenciesForBuild;
             _HandlePackageFileConflicts;
           ;
             ResolveTargetingPackAssets;
           " (previous value: "
             
             ResolveProjectReferences;
             FindInvalidProjectReferences;
             GetFrameworkPaths;
             GetReferenceAssemblyPaths;
             PrepareForBuild;
             ResolveSDKReferences;
             ExpandSDKReferences;
           ;
             ResolvePackageDependenciesForBuild;
             _HandlePackageFileConflicts;
           ") at /usr/share/dotnet/sdk/8.0.417/Sdks/Microsoft.NET.Sdk/targets/Microsoft.NET.Sdk.FrameworkReferenceResolution.targets (14,5)
       Property reassignment: $(_GenerateRuntimeConfigurationPropertyInputsCache)="/modernize-data/studio-data/TNT1001/APP1166/transformed-code/344/studio-workspace/TMS22/src/TourManagement.Domain/obj/Debug/net8.0/TourManagement.Domain.genruntimeconfig.cache" (previous value: "obj\Debug/net8.0/TourManagement.Domain.genruntimeconfig.cache") at /usr/share/dotnet/sdk/8.0.417/Sdks/Microsoft.NET.Sdk/targets/Microsoft.NET.Sdk.targets (44,5)
       Property reassignment: $(_GeneratePublishDependencyFilePropertyInputsCache)="/modernize-data/studio-data/TNT1001/APP1166/transformed-code/344/studio-workspace/TMS22/src/TourManagement.Domain/obj/Debug/net8.0/TourManagement.Domain.genpublishdeps.cache" (previous value: "obj\Debug/net8.0/TourManagement.Domain.genpublishdeps.cache") at /usr/share/dotnet/sdk/8.0.417/Sdks/Microsoft.NET.Sdk/targets/Microsoft.NET.Sdk.targets (46,5)
       Property reassignment: $(_GenerateSingleFileBundlePropertyInputsCache)="/modernize-data/studio-data/TNT1001/APP1166/transformed-code/344/studio-workspace/TMS22/src/TourManagement.Domain/obj/Debug/net8.0/TourManagement.Domain.genbundle.cache" (previous value: "obj\Debug/net8.0/TourManagement.Domain.genbundle.cache") at /usr/share/dotnet/sdk/8.0.417/Sdks/Microsoft.NET.Sdk/targets/Microsoft.NET.Sdk.targets (48,5)
       Property reassignment: $(GenerateRuntimeConfigDevFile)="false" (previous value: "true") at /usr/share/dotnet/sdk/8.0.417/Sdks/Microsoft.NET.Sdk/targets/Microsoft.NET.Sdk.targets (81,5)
       Property reassignment: $(PackageDescription)="Package Description" (previous value: "") at /usr/share/dotnet/sdk/8.0.417/Sdks/NuGet.Build.Tasks.Pack/build/NuGet.Build.Tasks.Pack.targets (34,5)
       Property 'HOME' with value '/home/studioai' expanded from the environment.
       Property reassignment: $(GenerateNuspecDependsOn)="Build;_LoadPackInputItems; _GetTargetFrameworksOutput; _WalkEachTargetPerFramework; _GetPackageFiles; " (previous value: "_LoadPackInputItems; _GetTargetFrameworksOutput; _WalkEachTargetPerFramework; _GetPackageFiles; ") at /usr/share/dotnet/sdk/8.0.417/Sdks/NuGet.Build.Tasks.Pack/build/NuGet.Build.Tasks.Pack.targets (59,5)
       Property reassignment: $(_DefaultUserProfileRuntimeStorePath)="/home/studioai/.dotnet/store" (previous value: "/home/studioai") at /usr/share/dotnet/sdk/8.0.417/Sdks/Microsoft.NET.Sdk/targets/Microsoft.NET.Sdk.targets (98,5)
       Property reassignment: $(_IsNotSetContainersTargetsDir)="true" (previous value: "false") at /usr/share/dotnet/sdk/8.0.417/Sdks/Microsoft.NET.Sdk/Sdk/Sdk.targets (59,5)
       Property reassignment: $(AvailablePlatforms)="Any CPU,x86,x64,ARM32" (previous value: "Any CPU,x86,x64") at /usr/share/dotnet/sdk/8.0.417/Sdks/Microsoft.NET.Sdk/targets/Microsoft.NET.Sdk.targets (136,5)
       Property reassignment: $(AvailablePlatforms)="Any CPU,x86,x64,ARM32,ARM64" (previous value: "Any CPU,x86,x64,ARM32") at /usr/share/dotnet/sdk/8.0.417/Sdks/Microsoft.NET.Sdk/targets/Microsoft.NET.Sdk.targets (140,5)
       Property reassignment: $(CoreBuildDependsOn)="
             _CheckForBuildWithNoBuild;
             
             BuildOnlySettings;
             PrepareForBuild;
             PreBuildEvent;
             ResolveReferences;
             PrepareResources;
             ResolveKeySource;
             Compile;
             ExportWindowsMDFile;
             UnmanagedUnregistration;
             GenerateSerializationAssemblies;
             CreateSatelliteAssemblies;
             GenerateManifests;
             GetTargetPath;
             PrepareForRun;
             UnmanagedRegistration;
             IncrementalClean;
             PostBuildEvent
           ;
             GenerateBuildDependencyFile;
             GenerateBuildRuntimeConfigurationFiles
           " (previous value: "
             BuildOnlySettings;
             PrepareForBuild;
             PreBuildEvent;
             ResolveReferences;
             PrepareResources;
             ResolveKeySource;
             Compile;
             ExportWindowsMDFile;
             UnmanagedUnregistration;
             GenerateSerializationAssemblies;
             CreateSatelliteAssemblies;
             GenerateManifests;
             GetTargetPath;
             PrepareForRun;
             UnmanagedRegistration;
             IncrementalClean;
             PostBuildEvent
           ") at /usr/share/dotnet/sdk/8.0.417/Sdks/Microsoft.NET.Sdk/targets/Microsoft.NET.Sdk.targets (197,5)
       Property reassignment: $(CoreCleanDependsOn)="
             _SdkBeforeClean;
             
           " (previous value: "") at /usr/share/dotnet/sdk/8.0.417/Sdks/Microsoft.NET.Sdk/targets/Microsoft.NET.Sdk.targets (206,5)
       Property reassignment: $(RebuildDependsOn)="
             _SdkBeforeRebuild;
             
             BeforeRebuild;
             Clean;
             Build;
             AfterRebuild;
           
           " (previous value: "
             BeforeRebuild;
             Clean;
             Build;
             AfterRebuild;
           ") at /usr/share/dotnet/sdk/8.0.417/Sdks/Microsoft.NET.Sdk/targets/Microsoft.NET.Sdk.targets (213,5)
       Property reassignment: $(CompileDependsOn)="
             
             ResolveReferences;
             ResolveKeySource;
             SetWin32ManifestProperties;
             _SetPreferNativeArm64Win32ManifestProperties;
             FindReferenceAssembliesForReferences;
             _GenerateCompileInputs;
             BeforeCompile;
             _TimeStampBeforeCompile;
             _GenerateCompileDependencyCache;
             CoreCompile;
             _TimeStampAfterCompile;
             AfterCompile;
           ;
             _CreateAppHost;
             _CreateComHost;
             _GetIjwHostPaths;
           " (previous value: "
             ResolveReferences;
             ResolveKeySource;
             SetWin32ManifestProperties;
             _SetPreferNativeArm64Win32ManifestProperties;
             FindReferenceAssembliesForReferences;
             _GenerateCompileInputs;
             BeforeCompile;
             _TimeStampBeforeCompile;
             _GenerateCompileDependencyCache;
             CoreCompile;
             _TimeStampAfterCompile;
             AfterCompile;
           ") at /usr/share/dotnet/sdk/8.0.417/Sdks/Microsoft.NET.Sdk/targets/Microsoft.NET.Sdk.targets (679,5)
       Property reassignment: $(CreateSatelliteAssembliesDependsOn)="
             
             ;
             _GenerateSatelliteAssemblyInputs;
             ComputeIntermediateSatelliteAssemblies;
             GenerateSatelliteAssemblies
           ;
             CoreGenerateSatelliteAssemblies
           " (previous value: "
             ;
             _GenerateSatelliteAssemblyInputs;
             ComputeIntermediateSatelliteAssemblies;
             GenerateSatelliteAssemblies
           ") at /usr/share/dotnet/sdk/8.0.417/Sdks/Microsoft.NET.Sdk/targets/Microsoft.NET.Sdk.targets (1065,5)
       Property reassignment: $(DefaultItemExcludes)=";bin\Debug//**;obj\Debug//**;bin\/**" (previous value: ";bin\Debug//**;obj\Debug//**") at /usr/share/dotnet/sdk/8.0.417/Sdks/Microsoft.NET.Sdk/targets/Microsoft.NET.Sdk.DefaultItems.targets (27,5)
       Property reassignment: $(DefaultItemExcludes)=";bin\Debug//**;obj\Debug//**;bin\/**;obj\/**" (previous value: ";bin\Debug//**;obj\Debug//**;bin\/**") at /usr/share/dotnet/sdk/8.0.417/Sdks/Microsoft.NET.Sdk/targets/Microsoft.NET.Sdk.DefaultItems.targets (29,5)
       Property reassignment: $(_IsSDKContainerAllowedVersion)="true" (previous value: "false") at /usr/share/dotnet/sdk/8.0.417/Containers/build/Microsoft.NET.Build.Containers.targets (5,5)
       Property reassignment: $(_ContainerIsTargetingNet8TFM)="true" (previous value: "false") at /usr/share/dotnet/sdk/8.0.417/Containers/build/Microsoft.NET.Build.Containers.targets (15,5)
       Property reassignment: $(DefaultItemExcludes)=";bin\Debug//**;obj\Debug//**;bin\/**;obj\/**;**/*.user" (previous value: ";bin\Debug//**;obj\Debug//**;bin\/**;obj\/**") at /usr/share/dotnet/sdk/8.0.417/Sdks/Microsoft.NET.Sdk/targets/Microsoft.NET.Sdk.DefaultItems.targets (32,5)
       Property reassignment: $(DefaultItemExcludes)=";bin\Debug//**;obj\Debug//**;bin\/**;obj\/**;**/*.user;**/*.*proj" (previous value: ";bin\Debug//**;obj\Debug//**;bin\/**;obj\/**;**/*.user") at /usr/share/dotnet/sdk/8.0.417/Sdks/Microsoft.NET.Sdk/targets/Microsoft.NET.Sdk.DefaultItems.targets (33,5)
       Property reassignment: $(SourceLinkUrlInitializerTargets)=";_InitializeGitHubSourceLinkUrl;_InitializeGitLabSourceLinkUrl" (previous value: ";_InitializeGitHubSourceLinkUrl") at /usr/share/dotnet/sdk/8.0.417/Sdks/Microsoft.SourceLink.GitLab/build/Microsoft.SourceLink.GitLab.targets (12,5)
       Property reassignment: $(DefaultItemExcludes)=";bin\Debug//**;obj\Debug//**;bin\/**;obj\/**;**/*.user;**/*.*proj;**/*.sln" (previous value: ";bin\Debug//**;obj\Debug//**;bin\/**;obj\/**;**/*.user;**/*.*proj") at /usr/share/dotnet/sdk/8.0.417/Sdks/Microsoft.NET.Sdk/targets/Microsoft.NET.Sdk.DefaultItems.targets (34,5)
       Property reassignment: $(SourceControlManagerUrlTranslationTargets)=";TranslateGitHubUrlsInSourceControlInformation;TranslateGitLabUrlsInSourceControlInformation" (previous value: ";TranslateGitHubUrlsInSourceControlInformation") at /usr/share/dotnet/sdk/8.0.417/Sdks/Microsoft.SourceLink.GitLab/build/Microsoft.SourceLink.GitLab.targets (13,5)
       Property reassignment: $(DefaultItemExcludes)=";bin\Debug//**;obj\Debug//**;bin\/**;obj\/**;**/*.user;**/*.*proj;**/*.sln;**/*.vssscc" (previous value: ";bin\Debug//**;obj\Debug//**;bin\/**;obj\/**;**/*.user;**/*.*proj;**/*.sln") at /usr/share/dotnet/sdk/8.0.417/Sdks/Microsoft.NET.Sdk/targets/Microsoft.NET.Sdk.DefaultItems.targets (35,5)
       Property reassignment: $(DefaultItemExcludes)=";bin\Debug//**;obj\Debug//**;bin\/**;obj\/**;**/*.user;**/*.*proj;**/*.sln;**/*.vssscc;**/.DS_Store" (previous value: ";bin\Debug//**;obj\Debug//**;bin\/**;obj\/**;**/*.user;**/*.*proj;**/*.sln;**/*.vssscc") at /usr/share/dotnet/sdk/8.0.417/Sdks/Microsoft.NET.Sdk/targets/Microsoft.NET.Sdk.DefaultItems.targets (36,5)
       Property reassignment: $(ResolveAssemblyReferencesDependsOn)="
             
             
             ResolveProjectReferences;
             FindInvalidProjectReferences;
             GetFrameworkPaths;
             GetReferenceAssemblyPaths;
             PrepareForBuild;
             ResolveSDKReferences;
             ExpandSDKReferences;
           ;
             ResolvePackageDependenciesForBuild;
             _HandlePackageFileConflicts;
           ;
             ResolveTargetingPackAssets;
           " (previous value: "
             
             ResolveProjectReferences;
             FindInvalidProjectReferences;
             GetFrameworkPaths;
             GetReferenceAssemblyPaths;
             PrepareForBuild;
             ResolveSDKReferences;
             ExpandSDKReferences;
           ;
             ResolvePackageDependenciesForBuild;
             _HandlePackageFileConflicts;
           ") at /usr/share/dotnet/sdk/8.0.417/Sdks/Microsoft.NET.Sdk/targets/Microsoft.NET.Sdk.FrameworkReferenceResolution.targets (14,5)
       Property reassignment: $(SourceLinkUrlInitializerTargets)=";_InitializeGitHubSourceLinkUrl;_InitializeGitLabSourceLinkUrl;_InitializeAzureReposGitSourceLinkUrl" (previous value: ";_InitializeGitHubSourceLinkUrl;_InitializeGitLabSourceLinkUrl") at /usr/share/dotnet/sdk/8.0.417/Sdks/Microsoft.SourceLink.AzureRepos.Git/build/Microsoft.SourceLink.AzureRepos.Git.targets (12,5)
       Property reassignment: $(SourceControlManagerUrlTranslationTargets)=";TranslateGitHubUrlsInSourceControlInformation;TranslateGitLabUrlsInSourceControlInformation;TranslateAzureReposGitUrlsInSourceControlInformation" (previous value: ";TranslateGitHubUrlsInSourceControlInformation;TranslateGitLabUrlsInSourceControlInformation") at /usr/share/dotnet/sdk/8.0.417/Sdks/Microsoft.SourceLink.AzureRepos.Git/build/Microsoft.SourceLink.AzureRepos.Git.targets (13,5)
       Property reassignment: $(_GenerateRuntimeConfigurationPropertyInputsCache)="/modernize-data/studio-data/TNT1001/APP1166/transformed-code/344/studio-workspace/TMS22/src/TourManagement.Infrastructure/obj/Debug/net8.0/TourManagement.Infrastructure.genruntimeconfig.cache" (previous value: "obj\Debug/net8.0/TourManagement.Infrastructure.genruntimeconfig.cache") at /usr/share/dotnet/sdk/8.0.417/Sdks/Microsoft.NET.Sdk/targets/Microsoft.NET.Sdk.targets (44,5)
       Property reassignment: $(_GeneratePublishDependencyFilePropertyInputsCache)="/modernize-data/studio-data/TNT1001/APP1166/transformed-code/344/studio-workspace/TMS22/src/TourManagement.Infrastructure/obj/Debug/net8.0/TourManagement.Infrastructure.genpublishdeps.cache" (previous value: "obj\Debug/net8.0/TourManagement.Infrastructure.genpublishdeps.cache") at /usr/share/dotnet/sdk/8.0.417/Sdks/Microsoft.NET.Sdk/targets/Microsoft.NET.Sdk.targets (46,5)
       Property reassignment: $(_GenerateSingleFileBundlePropertyInputsCache)="/modernize-data/studio-data/TNT1001/APP1166/transformed-code/344/studio-workspace/TMS22/src/TourManagement.Infrastructure/obj/Debug/net8.0/TourManagement.Infrastructure.genbundle.cache" (previous value: "obj\Debug/net8.0/TourManagement.Infrastructure.genbundle.cache") at /usr/share/dotnet/sdk/8.0.417/Sdks/Microsoft.NET.Sdk/targets/Microsoft.NET.Sdk.targets (48,5)
       Property reassignment: $(SourceLinkUrlInitializerTargets)=";_InitializeGitHubSourceLinkUrl;_InitializeGitLabSourceLinkUrl;_InitializeAzureReposGitSourceLinkUrl;_InitializeBitbucketGitSourceLinkUrl" (previous value: ";_InitializeGitHubSourceLinkUrl;_InitializeGitLabSourceLinkUrl;_InitializeAzureReposGitSourceLinkUrl") at /usr/share/dotnet/sdk/8.0.417/Sdks/Microsoft.SourceLink.Bitbucket.Git/build/Microsoft.SourceLink.Bitbucket.Git.targets (12,5)
       Property reassignment: $(SourceControlManagerUrlTranslationTargets)=";TranslateGitHubUrlsInSourceControlInformation;TranslateGitLabUrlsInSourceControlInformation;TranslateAzureReposGitUrlsInSourceControlInformation;TranslateBitbucketGitUrlsInSourceControlInformation" (previous value: ";TranslateGitHubUrlsInSourceControlInformation;TranslateGitLabUrlsInSourceControlInformation;TranslateAzureReposGitUrlsInSourceControlInformation") at /usr/share/dotnet/sdk/8.0.417/Sdks/Microsoft.SourceLink.Bitbucket.Git/build/Microsoft.SourceLink.Bitbucket.Git.targets (13,5)
       Property reassignment: $(GenerateRuntimeConfigDevFile)="false" (previous value: "true") at /usr/share/dotnet/sdk/8.0.417/Sdks/Microsoft.NET.Sdk/targets/Microsoft.NET.Sdk.targets (81,5)
       Property 'HOME' with value '/home/studioai' expanded from the environment.
       Property reassignment: $(_DefaultUserProfileRuntimeStorePath)="/home/studioai/.dotnet/store" (previous value: "/home/studioai") at /usr/share/dotnet/sdk/8.0.417/Sdks/Microsoft.NET.Sdk/targets/Microsoft.NET.Sdk.targets (98,5)
       Property reassignment: $(AvailablePlatforms)="Any CPU,x86,x64,ARM32" (previous value: "Any CPU,x86,x64") at /usr/share/dotnet/sdk/8.0.417/Sdks/Microsoft.NET.Sdk/targets/Microsoft.NET.Sdk.targets (136,5)
       Property reassignment: $(AvailablePlatforms)="Any CPU,x86,x64,ARM32,ARM64" (previous value: "Any CPU,x86,x64,ARM32") at /usr/share/dotnet/sdk/8.0.417/Sdks/Microsoft.NET.Sdk/targets/Microsoft.NET.Sdk.targets (140,5)
       Property reassignment: $(DesignerRuntimeImplementationProjectOutputGroupDependsOn)="
             
             ;
             
             ;
             BuildOnlySettings;
             PrepareForBuild;
             AssignTargetPaths;
             ResolveReferences
           
           ;
             _GenerateDesignerDepsFile;
             _GenerateDesignerRuntimeConfigFile;
             GetCopyToOutputDirectoryItems;
             _GatherDesignerShadowCopyFiles;
           " (previous value: "
             ;
             
             ;
             BuildOnlySettings;
             PrepareForBuild;
             AssignTargetPaths;
             ResolveReferences
           
           ") at /usr/share/dotnet/sdk/8.0.417/Sdks/Microsoft.NET.Sdk/targets/Microsoft.NET.DesignerSupport.targets (21,5)
       Property reassignment: $(CoreBuildDependsOn)="
             _CheckForBuildWithNoBuild;
             
             BuildOnlySettings;
             PrepareForBuild;
             PreBuildEvent;
             ResolveReferences;
             PrepareResources;
             ResolveKeySource;
             Compile;
             ExportWindowsMDFile;
             UnmanagedUnregistration;
             GenerateSerializationAssemblies;
             CreateSatelliteAssemblies;
             GenerateManifests;
             GetTargetPath;
             PrepareForRun;
             UnmanagedRegistration;
             IncrementalClean;
             PostBuildEvent
           ;
             GenerateBuildDependencyFile;
             GenerateBuildRuntimeConfigurationFiles
           " (previous value: "
             BuildOnlySettings;
             PrepareForBuild;
             PreBuildEvent;
             ResolveReferences;
             PrepareResources;
             ResolveKeySource;
             Compile;
             ExportWindowsMDFile;
             UnmanagedUnregistration;
             GenerateSerializationAssemblies;
             CreateSatelliteAssemblies;
             GenerateManifests;
             GetTargetPath;
             PrepareForRun;
             UnmanagedRegistration;
             IncrementalClean;
             PostBuildEvent
           ") at /usr/share/dotnet/sdk/8.0.417/Sdks/Microsoft.NET.Sdk/targets/Microsoft.NET.Sdk.targets (197,5)
       Property reassignment: $(CoreCleanDependsOn)="
             _SdkBeforeClean;
             
           " (previous value: "") at /usr/share/dotnet/sdk/8.0.417/Sdks/Microsoft.NET.Sdk/targets/Microsoft.NET.Sdk.targets (206,5)
       Property reassignment: $(RebuildDependsOn)="
             _SdkBeforeRebuild;
             
             BeforeRebuild;
             Clean;
             Build;
             AfterRebuild;
           
           " (previous value: "
             BeforeRebuild;
             Clean;
             Build;
             AfterRebuild;
           ") at /usr/share/dotnet/sdk/8.0.417/Sdks/Microsoft.NET.Sdk/targets/Microsoft.NET.Sdk.targets (213,5)
       Property 'DOTNET_HOST_PATH' with value '/usr/share/dotnet/dotnet' expanded from the environment.
       Property reassignment: $(CompileDependsOn)="
             
             ResolveReferences;
             ResolveKeySource;
             SetWin32ManifestProperties;
             _SetPreferNativeArm64Win32ManifestProperties;
             FindReferenceAssembliesForReferences;
             _GenerateCompileInputs;
             BeforeCompile;
             _TimeStampBeforeCompile;
             _GenerateCompileDependencyCache;
             CoreCompile;
             _TimeStampAfterCompile;
             AfterCompile;
           ;
             _CreateAppHost;
             _CreateComHost;
             _GetIjwHostPaths;
           " (previous value: "
             ResolveReferences;
             ResolveKeySource;
             SetWin32ManifestProperties;
             _SetPreferNativeArm64Win32ManifestProperties;
             FindReferenceAssembliesForReferences;
             _GenerateCompileInputs;
             BeforeCompile;
             _TimeStampBeforeCompile;
             _GenerateCompileDependencyCache;
             CoreCompile;
             _TimeStampAfterCompile;
             AfterCompile;
           ") at /usr/share/dotnet/sdk/8.0.417/Sdks/Microsoft.NET.Sdk/targets/Microsoft.NET.Sdk.targets (679,5)
       Property reassignment: $(CreateSatelliteAssembliesDependsOn)="
             
             ;
             _GenerateSatelliteAssemblyInputs;
             ComputeIntermediateSatelliteAssemblies;
             GenerateSatelliteAssemblies
           ;
             CoreGenerateSatelliteAssemblies
           " (previous value: "
             ;
             _GenerateSatelliteAssemblyInputs;
             ComputeIntermediateSatelliteAssemblies;
             GenerateSatelliteAssemblies
           ") at /usr/share/dotnet/sdk/8.0.417/Sdks/Microsoft.NET.Sdk/targets/Microsoft.NET.Sdk.targets (1065,5)
       Property reassignment: $(SourceLinkUrlInitializerTargets)=";_InitializeGitHubSourceLinkUrl;_InitializeGitLabSourceLinkUrl" (previous value: ";_InitializeGitHubSourceLinkUrl") at /usr/share/dotnet/sdk/8.0.417/Sdks/Microsoft.SourceLink.GitLab/build/Microsoft.SourceLink.GitLab.targets (12,5)
       Property reassignment: $(SourceControlManagerUrlTranslationTargets)=";TranslateGitHubUrlsInSourceControlInformation;TranslateGitLabUrlsInSourceControlInformation" (previous value: ";TranslateGitHubUrlsInSourceControlInformation") at /usr/share/dotnet/sdk/8.0.417/Sdks/Microsoft.SourceLink.GitLab/build/Microsoft.SourceLink.GitLab.targets (13,5)
       Property reassignment: $(SourceLinkUrlInitializerTargets)=";_InitializeGitHubSourceLinkUrl;_InitializeGitLabSourceLinkUrl;_InitializeAzureReposGitSourceLinkUrl" (previous value: ";_InitializeGitHubSourceLinkUrl;_InitializeGitLabSourceLinkUrl") at /usr/share/dotnet/sdk/8.0.417/Sdks/Microsoft.SourceLink.AzureRepos.Git/build/Microsoft.SourceLink.AzureRepos.Git.targets (12,5)
       Property reassignment: $(SourceControlManagerUrlTranslationTargets)=";TranslateGitHubUrlsInSourceControlInformation;TranslateGitLabUrlsInSourceControlInformation;TranslateAzureReposGitUrlsInSourceControlInformation" (previous value: ";TranslateGitHubUrlsInSourceControlInformation;TranslateGitLabUrlsInSourceControlInformation") at /usr/share/dotnet/sdk/8.0.417/Sdks/Microsoft.SourceLink.AzureRepos.Git/build/Microsoft.SourceLink.AzureRepos.Git.targets (13,5)
       Property reassignment: $(SourceLinkUrlInitializerTargets)=";_InitializeGitHubSourceLinkUrl;_InitializeGitLabSourceLinkUrl;_InitializeAzureReposGitSourceLinkUrl;_InitializeBitbucketGitSourceLinkUrl" (previous value: ";_InitializeGitHubSourceLinkUrl;_InitializeGitLabSourceLinkUrl;_InitializeAzureReposGitSourceLinkUrl") at /usr/share/dotnet/sdk/8.0.417/Sdks/Microsoft.SourceLink.Bitbucket.Git/build/Microsoft.SourceLink.Bitbucket.Git.targets (12,5)
       Property reassignment: $(SourceControlManagerUrlTranslationTargets)=";TranslateGitHubUrlsInSourceControlInformation;TranslateGitLabUrlsInSourceControlInformation;TranslateAzureReposGitUrlsInSourceControlInformation;TranslateBitbucketGitUrlsInSourceControlInformation" (previous value: ";TranslateGitHubUrlsInSourceControlInformation;TranslateGitLabUrlsInSourceControlInformation;TranslateAzureReposGitUrlsInSourceControlInformation") at /usr/share/dotnet/sdk/8.0.417/Sdks/Microsoft.SourceLink.Bitbucket.Git/build/Microsoft.SourceLink.Bitbucket.Git.targets (13,5)
       Property reassignment: $(DesignerRuntimeImplementationProjectOutputGroupDependsOn)="
             
             ;
             
             ;
             BuildOnlySettings;
             PrepareForBuild;
             AssignTargetPaths;
             ResolveReferences
           
           ;
             _GenerateDesignerDepsFile;
             _GenerateDesignerRuntimeConfigFile;
             GetCopyToOutputDirectoryItems;
             _GatherDesignerShadowCopyFiles;
           " (previous value: "
             ;
             
             ;
             BuildOnlySettings;
             PrepareForBuild;
             AssignTargetPaths;
             ResolveReferences
           
           ") at /usr/share/dotnet/sdk/8.0.417/Sdks/Microsoft.NET.Sdk/targets/Microsoft.NET.DesignerSupport.targets (21,5)
       Property reassignment: $(PrepareForRunDependsOn)="StaticWebAssetsPrepareForRun;
             CopyFilesToOutputDirectory
           " (previous value: "
             CopyFilesToOutputDirectory
           ") at /usr/share/dotnet/sdk/8.0.417/Sdks/Microsoft.NET.Sdk.StaticWebAssets/targets/Microsoft.NET.Sdk.StaticWebAssets.targets (255,5)
       Property reassignment: $(_GenerateToolsSettingsFileCacheFile)="/modernize-data/studio-data/TNT1001/APP1166/transformed-code/344/studio-workspace/TMS22/src/TourManagement.Infrastructure/obj/Debug/net8.0/TourManagement.Infrastructure.toolssettingsinput.cache" (previous value: "obj\Debug/net8.0/TourManagement.Infrastructure.toolssettingsinput.cache") at /usr/share/dotnet/sdk/8.0.417/Sdks/Microsoft.NET.Sdk/targets/Microsoft.NET.PackTool.targets (68,5)
       Property reassignment: $(_ShimInputCacheFile)="/modernize-data/studio-data/TNT1001/APP1166/transformed-code/344/studio-workspace/TMS22/src/TourManagement.Infrastructure/obj/Debug/net8.0/TourManagement.Infrastructure.shiminput.cache" (previous value: "obj\Debug/net8.0/TourManagement.Infrastructure.shiminput.cache") at /usr/share/dotnet/sdk/8.0.417/Sdks/Microsoft.NET.Sdk/targets/Microsoft.NET.PackTool.targets (137,5)
       Property reassignment: $(_ShimCreatedSentinelFile)="/modernize-data/studio-data/TNT1001/APP1166/transformed-code/344/studio-workspace/TMS22/src/TourManagement.Infrastructure/obj/Debug/net8.0/TourManagement.Infrastructure.shimcreated.sentinel" (previous value: "obj\Debug/net8.0/TourManagement.Infrastructure.shimcreated.sentinel") at /usr/share/dotnet/sdk/8.0.417/Sdks/Microsoft.NET.Sdk/targets/Microsoft.NET.PackTool.targets (139,5)
       Property reassignment: $(DefineConstants)="TRACE;DEBUG" (previous value: "TRACE") at /usr/share/dotnet/sdk/8.0.417/Sdks/Microsoft.NET.Sdk/targets/Microsoft.NET.Sdk.CSharp.targets (31,5)
       Property reassignment: $(GetCopyToOutputDirectoryItemsDependsOn)="
             AssignTargetPaths;
             
             AssignProjectConfiguration;
             _SplitProjectReferencesByFileExistence
           ;
             _GetProjectReferenceTargetFrameworkProperties;
             _PopulateCommonStateForGetCopyToOutputDirectoryItems
           ;AddStaticWebAssetsManifest" (previous value: "
             AssignTargetPaths;
             
             AssignProjectConfiguration;
             _SplitProjectReferencesByFileExistence
           ;
             _GetProjectReferenceTargetFrameworkProperties;
             _PopulateCommonStateForGetCopyToOutputDirectoryItems
           ") at /usr/share/dotnet/sdk/8.0.417/Sdks/Microsoft.NET.Sdk.StaticWebAssets/targets/Microsoft.NET.Sdk.StaticWebAssets.targets (266,5)
       Property reassignment: $(DefineConstants)="TRACE;DEBUG;NET;NET8_0;NETCOREAPP" (previous value: "TRACE;DEBUG") at /usr/share/dotnet/sdk/8.0.417/Sdks/Microsoft.NET.Sdk/targets/Microsoft.NET.Sdk.CSharp.targets (34,5)
       Property reassignment: $(WarningsAsErrors)=";NU1605;SYSLIB0011" (previous value: ";NU1605") at /usr/share/dotnet/sdk/8.0.417/Sdks/Microsoft.NET.Sdk/targets/Microsoft.NET.Sdk.CSharp.targets (48,5)
       Property reassignment: $(PackageDescription)="Package Description" (previous value: "") at /usr/share/dotnet/sdk/8.0.417/Sdks/NuGet.Build.Tasks.Pack/build/NuGet.Build.Tasks.Pack.targets (34,5)
       Property reassignment: $(GenerateNuspecDependsOn)="Build;_LoadPackInputItems; _GetTargetFrameworksOutput; _WalkEachTargetPerFramework; _GetPackageFiles; " (previous value: "_LoadPackInputItems; _GetTargetFrameworksOutput; _WalkEachTargetPerFramework; _GetPackageFiles; ") at /usr/share/dotnet/sdk/8.0.417/Sdks/NuGet.Build.Tasks.Pack/build/NuGet.Build.Tasks.Pack.targets (59,5)
       Property reassignment: $(_IsNotSetContainersTargetsDir)="true" (previous value: "false") at /usr/share/dotnet/sdk/8.0.417/Sdks/Microsoft.NET.Sdk/Sdk/Sdk.targets (59,5)
       Property reassignment: $(_IsSDKContainerAllowedVersion)="true" (previous value: "false") at /usr/share/dotnet/sdk/8.0.417/Containers/build/Microsoft.NET.Build.Containers.targets (5,5)
       Property reassignment: $(_ContainerIsTargetingNet8TFM)="true" (previous value: "false") at /usr/share/dotnet/sdk/8.0.417/Containers/build/Microsoft.NET.Build.Containers.targets (15,5)
       Property reassignment: $(GenerateNuspecDependsOn)="
             IncludeStaticWebAssetsPackItems;
             Build;_LoadPackInputItems; _GetTargetFrameworksOutput; _WalkEachTargetPerFramework; _GetPackageFiles; ;
           " (previous value: "Build;_LoadPackInputItems; _GetTargetFrameworksOutput; _WalkEachTargetPerFramework; _GetPackageFiles; ") at /usr/share/dotnet/sdk/8.0.417/Sdks/Microsoft.NET.Sdk.StaticWebAssets/targets/Microsoft.NET.Sdk.StaticWebAssets.Pack.targets (41,5)
       Property reassignment: $(IncludeStaticWebAssetsPackItemsDependsOn)="
             Build;
             ResolveStaticWebAssetsConfiguration;LoadStaticWebAssetsBuildManifest
           ;
           " (previous value: "
             ResolveStaticWebAssetsConfiguration;LoadStaticWebAssetsBuildManifest
           ") at /usr/share/dotnet/sdk/8.0.417/Sdks/Microsoft.NET.Sdk.StaticWebAssets/targets/Microsoft.NET.Sdk.StaticWebAssets.Pack.targets (50,5)
       Property reassignment: $(ResolveStaticWebAssetsInputsDependsOn)="
           UpdateExistingPackageStaticWebAssets;ResolveProjectStaticWebAssets;ResolveEmbeddedProjectsStaticWebAssets;ResolveReferencedProjectsStaticWebAssets;;
           UpdateLegacyPackageScopedCssBundles;
           _AddScopedCssBundles;
         " (previous value: "UpdateExistingPackageStaticWebAssets;ResolveProjectStaticWebAssets;ResolveEmbeddedProjectsStaticWebAssets;ResolveReferencedProjectsStaticWebAssets;") at /usr/share/dotnet/sdk/8.0.417/Sdks/Microsoft.NET.Sdk.StaticWebAssets/targets/Microsoft.NET.Sdk.StaticWebAssets.ScopedCss.targets (55,3)
       Property reassignment: $(GenerateComputedBuildStaticWebAssetsDependsOn)="
           ;
           _ResolveBundlingConfiguration;
           _GenerateScopedCssFiles;
           BundleScopedCssFiles;
         " (previous value: "") at /usr/share/dotnet/sdk/8.0.417/Sdks/Microsoft.NET.Sdk.StaticWebAssets/targets/Microsoft.NET.Sdk.StaticWebAssets.ScopedCss.targets (61,3)
       Property reassignment: $(_GenerateToolsSettingsFileCacheFile)="/modernize-data/studio-data/TNT1001/APP1166/transformed-code/344/studio-workspace/TMS22/src/TourManagement.Domain/obj/Debug/net8.0/TourManagement.Domain.toolssettingsinput.cache" (previous value: "obj\Debug/net8.0/TourManagement.Domain.toolssettingsinput.cache") at /usr/share/dotnet/sdk/8.0.417/Sdks/Microsoft.NET.Sdk/targets/Microsoft.NET.PackTool.targets (68,5)
       Property reassignment: $(_ShimInputCacheFile)="/modernize-data/studio-data/TNT1001/APP1166/transformed-code/344/studio-workspace/TMS22/src/TourManagement.Domain/obj/Debug/net8.0/TourManagement.Domain.shiminput.cache" (previous value: "obj\Debug/net8.0/TourManagement.Domain.shiminput.cache") at /usr/share/dotnet/sdk/8.0.417/Sdks/Microsoft.NET.Sdk/targets/Microsoft.NET.PackTool.targets (137,5)
       Property reassignment: $(ResolveStaticWebAssetsInputsDependsOn)="
             
           UpdateExistingPackageStaticWebAssets;ResolveProjectStaticWebAssets;ResolveEmbeddedProjectsStaticWebAssets;ResolveReferencedProjectsStaticWebAssets;;
           UpdateLegacyPackageScopedCssBundles;
           _AddScopedCssBundles;
         ;
             _AddJsModulesToStaticWebAssets;
           " (previous value: "
           UpdateExistingPackageStaticWebAssets;ResolveProjectStaticWebAssets;ResolveEmbeddedProjectsStaticWebAssets;ResolveReferencedProjectsStaticWebAssets;;
           UpdateLegacyPackageScopedCssBundles;
           _AddScopedCssBundles;
         ") at /usr/share/dotnet/sdk/8.0.417/Sdks/Microsoft.NET.Sdk.StaticWebAssets/targets/Microsoft.NET.Sdk.StaticWebAssets.JSModules.targets (36,5)
       Property reassignment: $(StaticWebAssetsPrepareForRunDependsOn)="
             ;GenerateStaticWebAssetsManifest;GenerateComputedBuildStaticWebAssets;CopyStaticWebAssetsToOutputDirectory;
             _GenerateBuildJsModuleManifest;
           " (previous value: ";GenerateStaticWebAssetsManifest;GenerateComputedBuildStaticWebAssets;CopyStaticWebAssetsToOutputDirectory") at /usr/share/dotnet/sdk/8.0.417/Sdks/Microsoft.NET.Sdk.StaticWebAssets/targets/Microsoft.NET.Sdk.StaticWebAssets.JSModules.targets (44,5)
       Property reassignment: $(_ShimCreatedSentinelFile)="/modernize-data/studio-data/TNT1001/APP1166/transformed-code/344/studio-workspace/TMS22/src/TourManagement.Domain/obj/Debug/net8.0/TourManagement.Domain.shimcreated.sentinel" (previous value: "obj\Debug/net8.0/TourManagement.Domain.shimcreated.sentinel") at /usr/share/dotnet/sdk/8.0.417/Sdks/Microsoft.NET.Sdk/targets/Microsoft.NET.PackTool.targets (139,5)
       Property reassignment: $(StaticWebAssetsPrepareForPublishDependsOn)="
             ;ResolveStaticWebAssetsConfiguration;GenerateStaticWebAssetsPublishManifest;GenerateComputedPublishStaticWebAssets;
             _GeneratePublishJsModuleManifest;
           " (previous value: ";ResolveStaticWebAssetsConfiguration;GenerateStaticWebAssetsPublishManifest;GenerateComputedPublishStaticWebAssets") at /usr/share/dotnet/sdk/8.0.417/Sdks/Microsoft.NET.Sdk.StaticWebAssets/targets/Microsoft.NET.Sdk.StaticWebAssets.JSModules.targets (49,5)
       Property reassignment: $(ResolveStaticWebAssetsInputsDependsOn)="
             
             
           UpdateExistingPackageStaticWebAssets;ResolveProjectStaticWebAssets;ResolveEmbeddedProjectsStaticWebAssets;ResolveReferencedProjectsStaticWebAssets;;
           UpdateLegacyPackageScopedCssBundles;
           _AddScopedCssBundles;
         ;
             _AddJsModulesToStaticWebAssets;
           ;
             _AddBuildJsModuleManifest;
           " (previous value: "
             
           UpdateExistingPackageStaticWebAssets;ResolveProjectStaticWebAssets;ResolveEmbeddedProjectsStaticWebAssets;ResolveReferencedProjectsStaticWebAssets;;
           UpdateLegacyPackageScopedCssBundles;
           _AddScopedCssBundles;
         ;
             _AddJsModulesToStaticWebAssets;
           ") at /usr/share/dotnet/sdk/8.0.417/Sdks/Microsoft.NET.Sdk.StaticWebAssets/targets/Microsoft.NET.Sdk.StaticWebAssets.JSModules.targets (54,5)
       Property reassignment: $(ResolvePublishStaticWebAssetsDependsOn)="
             LoadStaticWebAssetsBuildManifest;ComputeReferencedProjectsEmbeddedPublishAssets;ComputeReferencedProjectsPublishAssets;;
             _AddPublishJsModuleManifest
           " (previous value: "LoadStaticWebAssetsBuildManifest;ComputeReferencedProjectsEmbeddedPublishAssets;ComputeReferencedProjectsPublishAssets;") at /usr/share/dotnet/sdk/8.0.417/Sdks/Microsoft.NET.Sdk.StaticWebAssets/targets/Microsoft.NET.Sdk.StaticWebAssets.JSModules.targets (59,5)
       Property reassignment: $(GenerateComputedBuildStaticWebAssetsDependsOn)="
             
           ;
           _ResolveBundlingConfiguration;
           _GenerateScopedCssFiles;
           BundleScopedCssFiles;
         ;
             _CompressFiles;
           " (previous value: "
           ;
           _ResolveBundlingConfiguration;
           _GenerateScopedCssFiles;
           BundleScopedCssFiles;
         ") at /usr/share/dotnet/sdk/8.0.417/Sdks/Microsoft.NET.Sdk.StaticWebAssets/targets/Microsoft.NET.Sdk.StaticWebAssets.Compression.targets (35,5)
       Property reassignment: $(GenerateComputedPublishStaticWebAssetsDependsOn)="
             ;
             _CompressFilesForPublish;
           " (previous value: "") at /usr/share/dotnet/sdk/8.0.417/Sdks/Microsoft.NET.Sdk.StaticWebAssets/targets/Microsoft.NET.Sdk.StaticWebAssets.Compression.targets (39,5)
       Property reassignment: $(StaticWebAssetsPrepareForPublishDependsOn)="
             
             ;ResolveStaticWebAssetsConfiguration;GenerateStaticWebAssetsPublishManifest;GenerateComputedPublishStaticWebAssets;
             _GeneratePublishJsModuleManifest;
           ;
             _CompressFilesForPublish;
           " (previous value: "
             ;ResolveStaticWebAssetsConfiguration;GenerateStaticWebAssetsPublishManifest;GenerateComputedPublishStaticWebAssets;
             _GeneratePublishJsModuleManifest;
           ") at /usr/share/dotnet/sdk/8.0.417/Sdks/Microsoft.NET.Sdk.StaticWebAssets/targets/Microsoft.NET.Sdk.StaticWebAssets.Compression.targets (43,5)
       Property reassignment: $(DefineConstants)="TRACE;DEBUG" (previous value: "TRACE") at /usr/share/dotnet/sdk/8.0.417/Sdks/Microsoft.NET.Sdk/targets/Microsoft.NET.Sdk.CSharp.targets (31,5)
       Property reassignment: $(DefineConstants)="TRACE;DEBUG;NET;NET8_0;NETCOREAPP" (previous value: "TRACE;DEBUG") at /usr/share/dotnet/sdk/8.0.417/Sdks/Microsoft.NET.Sdk/targets/Microsoft.NET.Sdk.CSharp.targets (34,5)
       Property reassignment: $(WarningsAsErrors)=";NU1605;SYSLIB0011" (previous value: ";NU1605") at /usr/share/dotnet/sdk/8.0.417/Sdks/Microsoft.NET.Sdk/targets/Microsoft.NET.Sdk.CSharp.targets (48,5)
       Property reassignment: $(ResolveStaticWebAssetsInputsDependsOn)="
             
             
             
           UpdateExistingPackageStaticWebAssets;ResolveProjectStaticWebAssets;ResolveEmbeddedProjectsStaticWebAssets;ResolveReferencedProjectsStaticWebAssets;;
           UpdateLegacyPackageScopedCssBundles;
           _AddScopedCssBundles;
         ;
             _AddJsModulesToStaticWebAssets;
           ;
             _AddBuildJsModuleManifest;
           ;
             _ResolveCompressedFiles;
           " (previous value: "
             
             
           UpdateExistingPackageStaticWebAssets;ResolveProjectStaticWebAssets;ResolveEmbeddedProjectsStaticWebAssets;ResolveReferencedProjectsStaticWebAssets;;
           UpdateLegacyPackageScopedCssBundles;
           _AddScopedCssBundles;
         ;
             _AddJsModulesToStaticWebAssets;
           ;
             _AddBuildJsModuleManifest;
           ") at /usr/share/dotnet/sdk/8.0.417/Sdks/Microsoft.NET.Sdk.StaticWebAssets/targets/Microsoft.NET.Sdk.StaticWebAssets.Compression.targets (47,5)
       Property reassignment: $(ResolvePublishStaticWebAssetsDependsOn)="
             
             LoadStaticWebAssetsBuildManifest;ComputeReferencedProjectsEmbeddedPublishAssets;ComputeReferencedProjectsPublishAssets;;
             _AddPublishJsModuleManifest
           ;
             _ResolveCompressedFilesForPublish;
           " (previous value: "
             LoadStaticWebAssetsBuildManifest;ComputeReferencedProjectsEmbeddedPublishAssets;ComputeReferencedProjectsPublishAssets;;
             _AddPublishJsModuleManifest
           ") at /usr/share/dotnet/sdk/8.0.417/Sdks/Microsoft.NET.Sdk.StaticWebAssets/targets/Microsoft.NET.Sdk.StaticWebAssets.Compression.targets (51,5)
       Property reassignment: $(ResolveScopedCssOutputsDependsOn)="
             
           ;
         ;
             ResolveCssScopes;
           " (previous value: "
           ;
         ") at /usr/share/dotnet/sdk/8.0.417/Sdks/Microsoft.NET.Sdk.Razor/targets/Sdk.Razor.CurrentVersion.targets (188,5)
       Property reassignment: $(DebugSymbolsProjectOutputGroupDependsOn)="
             ;
             _RazorAddDebugSymbolsProjectOutputGroupOutput
           " (previous value: "") at /usr/share/dotnet/sdk/8.0.417/Sdks/Microsoft.NET.Sdk.Razor/targets/Sdk.Razor.CurrentVersion.targets (193,5)
       Property reassignment: $(PrepareForBuildDependsOn)="
             ;GetFrameworkPaths;GetReferenceAssemblyPaths;AssignLinkMetadata;
             ResolveRazorGenerateInputs
           " (previous value: ";GetFrameworkPaths;GetReferenceAssemblyPaths;AssignLinkMetadata") at /usr/share/dotnet/sdk/8.0.417/Sdks/Microsoft.NET.Sdk.Razor/targets/Sdk.Razor.CurrentVersion.targets (198,5)
       Property reassignment: $(GenerateNuspecDependsOn)="
             ResolveRazorGenerateInputs;
             
             IncludeStaticWebAssetsPackItems;
             Build;_LoadPackInputItems; _GetTargetFrameworksOutput; _WalkEachTargetPerFramework; _GetPackageFiles; ;
           
           " (previous value: "
             IncludeStaticWebAssetsPackItems;
             Build;_LoadPackInputItems; _GetTargetFrameworksOutput; _WalkEachTargetPerFramework; _GetPackageFiles; ;
           ") at /usr/share/dotnet/sdk/8.0.417/Sdks/Microsoft.NET.Sdk.Razor/targets/Sdk.Razor.CurrentVersion.targets (203,5)
       Property reassignment: $(PrepareForRunDependsOn)="
             _RazorPrepareForRun;
             StaticWebAssetsPrepareForRun;
             CopyFilesToOutputDirectory
           
           " (previous value: "StaticWebAssetsPrepareForRun;
             CopyFilesToOutputDirectory
           ") at /usr/share/dotnet/sdk/8.0.417/Sdks/Microsoft.NET.Sdk.Razor/targets/Sdk.Razor.CurrentVersion.targets (208,5)
       Property reassignment: $(UseRazorBuildServer)="true" (previous value: "") at /usr/share/dotnet/sdk/8.0.417/Sdks/Microsoft.NET.Sdk.Razor/targets/Sdk.Razor.CurrentVersion.targets (299,5)
       Property reassignment: $(_RazorDebugSymbolsProduced)="true" (previous value: "false") at /usr/share/dotnet/sdk/8.0.417/Sdks/Microsoft.NET.Sdk.Razor/targets/Sdk.Razor.CurrentVersion.targets (305,5)
       Property reassignment: $(PackageDescription)="Package Description" (previous value: "") at /usr/share/dotnet/sdk/8.0.417/Sdks/NuGet.Build.Tasks.Pack/build/NuGet.Build.Tasks.Pack.targets (34,5)
       Property reassignment: $(GenerateNuspecDependsOn)="Build;_LoadPackInputItems; _GetTargetFrameworksOutput; _WalkEachTargetPerFramework; _GetPackageFiles; " (previous value: "_LoadPackInputItems; _GetTargetFrameworksOutput; _WalkEachTargetPerFramework; _GetPackageFiles; ") at /usr/share/dotnet/sdk/8.0.417/Sdks/NuGet.Build.Tasks.Pack/build/NuGet.Build.Tasks.Pack.targets (59,5)
       Property reassignment: $(_IsNotSetContainersTargetsDir)="true" (previous value: "false") at /usr/share/dotnet/sdk/8.0.417/Sdks/Microsoft.NET.Sdk/Sdk/Sdk.targets (59,5)
       Property reassignment: $(GenerateRazorTargetAssemblyInfoDependsOn)="
             _ResolveMvcAssemblyAttributes;
             
             GetRazorTargetAssemblyAttributes;
             _CreateRazorTargetAssemblyInfoInputsCacheFile;
             CoreGenerateRazorTargetAssemblyInfo
           
           " (previous value: "
             GetRazorTargetAssemblyAttributes;
             _CreateRazorTargetAssemblyInfoInputsCacheFile;
             CoreGenerateRazorTargetAssemblyInfo
           ") at /usr/share/dotnet/sdk/8.0.417/Sdks/Microsoft.NET.Sdk.Razor/targets/Microsoft.NET.Sdk.Razor.GenerateAssemblyInfo.targets (36,5)
       Property reassignment: $(CoreCompileDependsOn)="
             ;_ComputeNonExistentFileProperty;ResolveCodeAnalysisRuleSet;
             _GenerateRazorAssemblyInfo
           " (previous value: ";_ComputeNonExistentFileProperty;ResolveCodeAnalysisRuleSet") at /usr/share/dotnet/sdk/8.0.417/Sdks/Microsoft.NET.Sdk.Razor/targets/Microsoft.NET.Sdk.Razor.GenerateAssemblyInfo.targets (181,5)
       Property reassignment: $(_GenerateRazorAssemblyInfoDependsOn)="
             _ResolveMvcAssemblyAttributes;
             RazorGetAssemblyAttributes;PrepareForBuild;_CoreGenerateRazorAssemblyInfo;
           " (previous value: "RazorGetAssemblyAttributes;PrepareForBuild;_CoreGenerateRazorAssemblyInfo") at /usr/share/dotnet/sdk/8.0.417/Sdks/Microsoft.NET.Sdk.Razor/targets/Microsoft.NET.Sdk.Razor.GenerateAssemblyInfo.targets (189,5)
       Property reassignment: $(CoreCompileDependsOn)="
             _DiscoverMvcApplicationParts;
             
             ;_ComputeNonExistentFileProperty;ResolveCodeAnalysisRuleSet;
             _GenerateRazorAssemblyInfo
           ;
           " (previous value: "
             ;_ComputeNonExistentFileProperty;ResolveCodeAnalysisRuleSet;
             _GenerateRazorAssemblyInfo
           ") at /usr/share/dotnet/sdk/8.0.417/Sdks/Microsoft.NET.Sdk.Razor/targets/Microsoft.NET.Sdk.Razor.MvcApplicationPartsDiscovery.targets (22,5)
       Property reassignment: $(_IsSDKContainerAllowedVersion)="true" (previous value: "false") at /usr/share/dotnet/sdk/8.0.417/Containers/build/Microsoft.NET.Build.Containers.targets (5,5)
       Property reassignment: $(_ContainerIsTargetingNet8TFM)="true" (previous value: "false") at /usr/share/dotnet/sdk/8.0.417/Containers/build/Microsoft.NET.Build.Containers.targets (15,5)
       Property reassignment: $(RazorDesignTimeTargets)="/usr/share/dotnet/sdk/8.0.417/Sdks/Microsoft.NET.Sdk.Razor/targets/Microsoft.NET.Sdk.Razor.DesignTime.targets" (previous value: "/usr/share/dotnet/sdk/8.0.417/Microsoft/VisualStudio/Razor/Microsoft.NET.Sdk.Razor.DesignTime.targets") at /usr/share/dotnet/sdk/8.0.417/Sdks/Microsoft.NET.Sdk.Razor/targets/Sdk.Razor.CurrentVersion.targets (779,5)
       Property reassignment: $(RunWorkingDirectory)="/modernize-data/studio-data/TNT1001/APP1166/transformed-code/344/studio-workspace/TMS22/src/TourManagement.Web" (previous value: "") at /usr/share/dotnet/sdk/8.0.417/Sdks/Microsoft.NET.Sdk.Web.ProjectSystem/targets/Microsoft.NET.Sdk.Web.ProjectSystem.targets (21,5)
       Property reassignment: $(PublishProfileImported)="true" (previous value: "false") at /usr/share/dotnet/sdk/8.0.417/Sdks/Microsoft.NET.Sdk.Publish/targets/Microsoft.NET.Sdk.Publish.targets (60,5)
       Property reassignment: $(PublishConfiguration)="Debug" (previous value: "") at /usr/share/dotnet/sdk/8.0.417/Sdks/Microsoft.NET.Sdk.Publish/targets/Microsoft.NET.Sdk.Publish.targets (81,5)
       Property reassignment: $(BaseIntermediateOutputPath)="/modernize-data/studio-data/TNT1001/APP1166/transformed-code/344/studio-workspace/TMS22/src/TourManagement.Web/obj/" (previous value: "obj\") at /usr/share/dotnet/sdk/8.0.417/Sdks/Microsoft.NET.Sdk.Publish/targets/Microsoft.NET.Sdk.Publish.targets (87,5)
       Overriding target "ResolveFrameworkReferences" in project "/usr/share/dotnet/sdk/8.0.417/Microsoft.Common.CurrentVersion.targets" with target "ResolveFrameworkReferences" from project "/usr/share/dotnet/sdk/8.0.417/Sdks/Microsoft.NET.Sdk/targets/Microsoft.NET.Sdk.FrameworkReferenceResolution.targets".
       Overriding target "Run" in project "/usr/share/dotnet/sdk/8.0.417/Microsoft.Common.CurrentVersion.targets" with target "Run" from project "/usr/share/dotnet/sdk/8.0.417/Sdks/Microsoft.NET.Sdk/targets/Microsoft.NET.Sdk.targets".
       Overriding target "GenerateSupportedTargetFrameworkAlias" in project "/usr/share/dotnet/sdk/8.0.417/Microsoft.Common.CurrentVersion.targets" with target "GenerateSupportedTargetFrameworkAlias" from project "/usr/share/dotnet/sdk/8.0.417/Sdks/Microsoft.NET.Sdk/targets/Microsoft.NET.Sdk.targets".
       Overriding target "GetReferenceAssemblyPaths" in project "/usr/share/dotnet/sdk/8.0.417/Microsoft.Common.CurrentVersion.targets" with target "GetReferenceAssemblyPaths" from project "/usr/share/dotnet/sdk/8.0.417/Sdks/Microsoft.NET.Sdk/targets/Microsoft.NET.DisableStandardFrameworkResolution.targets".
       Overriding target "GetFrameworkPaths" in project "/usr/share/dotnet/sdk/8.0.417/Microsoft.Common.CurrentVersion.targets" with target "GetFrameworkPaths" from project "/usr/share/dotnet/sdk/8.0.417/Sdks/Microsoft.NET.Sdk/targets/Microsoft.NET.DisableStandardFrameworkResolution.targets".
       Overriding target "DesignerRuntimeImplementationProjectOutputGroup" in project "/usr/share/dotnet/sdk/8.0.417/Microsoft.Common.CurrentVersion.targets" with target "DesignerRuntimeImplementationProjectOutputGroup" from project "/usr/share/dotnet/sdk/8.0.417/Sdks/Microsoft.NET.Sdk/targets/Microsoft.NET.DesignerSupport.targets".
       Overriding target "Publish" in project "/usr/share/dotnet/sdk/8.0.417/Microsoft.Common.CurrentVersion.targets" with target "Publish" from project "/usr/share/dotnet/sdk/8.0.417/Sdks/Microsoft.NET.Sdk/targets/Microsoft.NET.Publish.targets".
       Overriding target "ResolveReadyToRunCompilers" in project "/usr/share/dotnet/sdk/8.0.417/Sdks/Microsoft.NET.Sdk/targets/Microsoft.NET.CrossGen.targets" with target "ResolveReadyToRunCompilers" from project "/usr/share/dotnet/sdk/8.0.417/Sdks/Microsoft.NET.Sdk/targets/Microsoft.NET.Publish.targets".
       Overriding target "GetCopyToPublishDirectoryItems" in project "/usr/share/dotnet/sdk/8.0.417/Microsoft.Common.CurrentVersion.targets" with target "GetCopyToPublishDirectoryItems" from project "/usr/share/dotnet/sdk/8.0.417/Sdks/Microsoft.NET.Sdk/targets/Microsoft.NET.Publish.targets".
       The target "ResolveNuGetPackageAssets" listed in an AfterTargets attribute at "/home/studioai/.nuget/packages/microsoft.extensions.logging.abstractions/8.0.0/buildTransitive/net6.0/Microsoft.Extensions.Logging.Abstractions.targets (11,11)" does not exist in the project, and will be ignored.
       The target "ResolveNuGetPackageAssets" listed in an AfterTargets attribute at "/home/studioai/.nuget/packages/microsoft.extensions.logging.abstractions/8.0.0/buildTransitive/net6.0/Microsoft.Extensions.Logging.Abstractions.targets (23,11)" does not exist in the project, and will be ignored.
       Overriding target "ResolveFrameworkReferences" in project "/usr/share/dotnet/sdk/8.0.417/Microsoft.Common.CurrentVersion.targets" with target "ResolveFrameworkReferences" from project "/usr/share/dotnet/sdk/8.0.417/Sdks/Microsoft.NET.Sdk/targets/Microsoft.NET.Sdk.FrameworkReferenceResolution.targets".
       Overriding target "Run" in project "/usr/share/dotnet/sdk/8.0.417/Microsoft.Common.CurrentVersion.targets" with target "Run" from project "/usr/share/dotnet/sdk/8.0.417/Sdks/Microsoft.NET.Sdk/targets/Microsoft.NET.Sdk.targets".
       Overriding target "GenerateSupportedTargetFrameworkAlias" in project "/usr/share/dotnet/sdk/8.0.417/Microsoft.Common.CurrentVersion.targets" with target "GenerateSupportedTargetFrameworkAlias" from project "/usr/share/dotnet/sdk/8.0.417/Sdks/Microsoft.NET.Sdk/targets/Microsoft.NET.Sdk.targets".
       Overriding target "GetReferenceAssemblyPaths" in project "/usr/share/dotnet/sdk/8.0.417/Microsoft.Common.CurrentVersion.targets" with target "GetReferenceAssemblyPaths" from project "/usr/share/dotnet/sdk/8.0.417/Sdks/Microsoft.NET.Sdk/targets/Microsoft.NET.DisableStandardFrameworkResolution.targets".
       Overriding target "GetFrameworkPaths" in project "/usr/share/dotnet/sdk/8.0.417/Microsoft.Common.CurrentVersion.targets" with target "GetFrameworkPaths" from project "/usr/share/dotnet/sdk/8.0.417/Sdks/Microsoft.NET.Sdk/targets/Microsoft.NET.DisableStandardFrameworkResolution.targets".
       Overriding target "DesignerRuntimeImplementationProjectOutputGroup" in project "/usr/share/dotnet/sdk/8.0.417/Microsoft.Common.CurrentVersion.targets" with target "DesignerRuntimeImplementationProjectOutputGroup" from project "/usr/share/dotnet/sdk/8.0.417/Sdks/Microsoft.NET.Sdk/targets/Microsoft.NET.DesignerSupport.targets".
       Overriding target "Publish" in project "/usr/share/dotnet/sdk/8.0.417/Microsoft.Common.CurrentVersion.targets" with target "Publish" from project "/usr/share/dotnet/sdk/8.0.417/Sdks/Microsoft.NET.Sdk/targets/Microsoft.NET.Publish.targets".
       Overriding target "ResolveReadyToRunCompilers" in project "/usr/share/dotnet/sdk/8.0.417/Sdks/Microsoft.NET.Sdk/targets/Microsoft.NET.CrossGen.targets" with target "ResolveReadyToRunCompilers" from project "/usr/share/dotnet/sdk/8.0.417/Sdks/Microsoft.NET.Sdk/targets/Microsoft.NET.Publish.targets".
       Overriding target "GetCopyToPublishDirectoryItems" in project "/usr/share/dotnet/sdk/8.0.417/Microsoft.Common.CurrentVersion.targets" with target "GetCopyToPublishDirectoryItems" from project "/usr/share/dotnet/sdk/8.0.417/Sdks/Microsoft.NET.Sdk/targets/Microsoft.NET.Publish.targets".
   1:2>Project "/modernize-data/studio-data/TNT1001/APP1166/transformed-code/344/studio-workspace/TMS22/TourManagement.sln" (1:2) is building "/modernize-data/studio-data/TNT1001/APP1166/transformed-code/344/studio-workspace/TMS22/src/TourManagement.Application/TourManagement.Application.csproj" (2:8) on node 2 (default targets).
   2:8>Target "_CheckForUnsupportedTargetFramework" skipped, due to false condition; ('$(_UnsupportedTargetFrameworkError)' == 'true') was evaluated as ('' == 'true').
   2:8>Target "_CollectTargetFrameworkForTelemetry" in file "/usr/share/dotnet/sdk/8.0.417/Sdks/Microsoft.NET.Sdk/targets/Microsoft.NET.TargetFrameworkInference.targets" from project "/modernize-data/studio-data/TNT1001/APP1166/transformed-code/344/studio-workspace/TMS22/src/TourManagement.Application/TourManagement.Application.csproj" (target "_CheckForInvalidConfigurationAndPlatform" depends on it):
       Using "AllowEmptyTelemetry" task from assembly "/usr/share/dotnet/sdk/8.0.417/Sdks/Microsoft.NET.Sdk/targets/../tools/net8.0/Microsoft.NET.Build.Tasks.dll".
       Task "AllowEmptyTelemetry"
       Done executing task "AllowEmptyTelemetry".
   2:8>Done building target "_CollectTargetFrameworkForTelemetry" in project "TourManagement.Application.csproj".
       Target "_CheckForUnsupportedTargetPlatformIdentifier" skipped, due to false condition; ('$(TargetPlatformIdentifier)' != '' and '$(TargetFrameworkIdentifier)' == '.NETCoreApp' and $([MSBuild]::VersionGreaterThanOrEquals($(TargetFrameworkVersion), 5.0)) And ('$(DesignTimeBuild)' != 'true' Or '@(MissingWorkloadPack)' == '')) was evaluated as ('' != '' and '.NETCoreApp' == '.NETCoreApp' and True And ('' != 'true' Or '' == '')).
       Target "_CheckForMissingWorkload" skipped, due to false condition; ('@(MissingWorkloadPack)' != '' And '$(DesignTimeBuild)' != 'true') was evaluated as ('' != '' And '' != 'true').
     0>Overriding target "ResolveFrameworkReferences" in project "/usr/share/dotnet/sdk/8.0.417/Microsoft.Common.CurrentVersion.targets" with target "ResolveFrameworkReferences" from project "/usr/share/dotnet/sdk/8.0.417/Sdks/Microsoft.NET.Sdk/targets/Microsoft.NET.Sdk.FrameworkReferenceResolution.targets".
       Overriding target "Run" in project "/usr/share/dotnet/sdk/8.0.417/Microsoft.Common.CurrentVersion.targets" with target "Run" from project "/usr/share/dotnet/sdk/8.0.417/Sdks/Microsoft.NET.Sdk/targets/Microsoft.NET.Sdk.targets".
   2:8>Target "_CheckForUnsupportedNETCoreVersion" in file "/usr/share/dotnet/sdk/8.0.417/Sdks/Microsoft.NET.Sdk/targets/Microsoft.NET.TargetFrameworkInference.targets" from project "/modernize-data/studio-data/TNT1001/APP1166/transformed-code/344/studio-workspace/TMS22/src/TourManagement.Application/TourManagement.Application.csproj" (target "_CheckForInvalidConfigurationAndPlatform" depends on it):
   2:8>Task "NETSdkError" skipped, due to false condition; ('$(_TargetFrameworkVersionWithoutV)' > '$(NETCoreAppMaximumVersion)' and '$(DisplayVSMessage)' != 'true') was evaluated as ('8.0' > '8.0' and '' != 'true').
     0>Overriding target "GenerateSupportedTargetFrameworkAlias" in project "/usr/share/dotnet/sdk/8.0.417/Microsoft.Common.CurrentVersion.targets" with target "GenerateSupportedTargetFrameworkAlias" from project "/usr/share/dotnet/sdk/8.0.417/Sdks/Microsoft.NET.Sdk/targets/Microsoft.NET.Sdk.targets".
   2:8>_CheckForUnsupportedNETCoreVersion:
       Task "NETSdkError" skipped, due to false condition; ('$(DisplayVSMessage)' == 'true') was evaluated as ('' == 'true').
     0>Overriding target "GetReferenceAssemblyPaths" in project "/usr/share/dotnet/sdk/8.0.417/Microsoft.Common.CurrentVersion.targets" with target "GetReferenceAssemblyPaths" from project "/usr/share/dotnet/sdk/8.0.417/Sdks/Microsoft.NET.Sdk/targets/Microsoft.NET.DisableStandardFrameworkResolution.targets".
   2:8>Done building target "_CheckForUnsupportedNETCoreVersion" in project "TourManagement.Application.csproj".
     0>Overriding target "GetFrameworkPaths" in project "/usr/share/dotnet/sdk/8.0.417/Microsoft.Common.CurrentVersion.targets" with target "GetFrameworkPaths" from project "/usr/share/dotnet/sdk/8.0.417/Sdks/Microsoft.NET.Sdk/targets/Microsoft.NET.DisableStandardFrameworkResolution.targets".
   2:8>Target "_CheckForEolTargetFrameworks" skipped, due to false condition; ('@(_EolNetCoreTargetFrameworkVersions->AnyHaveMetadataValue('Identity', '$(_TargetFrameworkVersionWithoutV)'))' and '$(TargetFrameworkIdentifier)' == '.NETCoreApp' and '$(CheckEolTargetFramework)' == 'true') was evaluated as ('false' and '.NETCoreApp' == '.NETCoreApp' and '' == 'true').
     0>Overriding target "DesignerRuntimeImplementationProjectOutputGroup" in project "/usr/share/dotnet/sdk/8.0.417/Microsoft.Common.CurrentVersion.targets" with target "DesignerRuntimeImplementationProjectOutputGroup" from project "/usr/share/dotnet/sdk/8.0.417/Sdks/Microsoft.NET.Sdk/targets/Microsoft.NET.DesignerSupport.targets".
   2:8>Target "_CheckForEolWorkloads" skipped, due to false condition; ('@(EolWorkload)' != '' and '$(CheckEolWorkloads)' == 'true') was evaluated as ('' != '' and 'true' == 'true').
     0>Overriding target "Publish" in project "/usr/share/dotnet/sdk/8.0.417/Microsoft.Common.CurrentVersion.targets" with target "Publish" from project "/usr/share/dotnet/sdk/8.0.417/Sdks/Microsoft.NET.Sdk/targets/Microsoft.NET.Publish.targets".
       Overriding target "ResolveReadyToRunCompilers" in project "/usr/share/dotnet/sdk/8.0.417/Sdks/Microsoft.NET.Sdk/targets/Microsoft.NET.CrossGen.targets" with target "ResolveReadyToRunCompilers" from project "/usr/share/dotnet/sdk/8.0.417/Sdks/Microsoft.NET.Sdk/targets/Microsoft.NET.Publish.targets".
   2:8>Target "_CheckForUnsupportedCppNETCoreVersion" in file "/usr/share/dotnet/sdk/8.0.417/Sdks/Microsoft.NET.Sdk/targets/Microsoft.NET.TargetFrameworkInference.targets" from project "/modernize-data/studio-data/TNT1001/APP1166/transformed-code/344/studio-workspace/TMS22/src/TourManagement.Application/TourManagement.Application.csproj" (target "_CheckForInvalidConfigurationAndPlatform" depends on it):
   2:8>Task "NETSdkError" skipped, due to false condition; ('$(TargetFrameworkIdentifier)' == '.NETCoreApp' and '$(_TargetFrameworkVersionWithoutV)' < '3.1' and ('$(Language)' == 'C++' and '$(_EnablePackageReferencesInVCProjects)' != 'true')) was evaluated as ('.NETCoreApp' == '.NETCoreApp' and '8.0' < '3.1' and ('C#' == 'C++' and '' != 'true')).
     0>Overriding target "GetCopyToPublishDirectoryItems" in project "/usr/share/dotnet/sdk/8.0.417/Microsoft.Common.CurrentVersion.targets" with target "GetCopyToPublishDirectoryItems" from project "/usr/share/dotnet/sdk/8.0.417/Sdks/Microsoft.NET.Sdk/targets/Microsoft.NET.Publish.targets".
   2:8>Done building target "_CheckForUnsupportedCppNETCoreVersion" in project "TourManagement.Application.csproj".
       Target "_CheckForUnsupportedNETStandardVersion" skipped, due to false condition; ('$(TargetFrameworkIdentifier)' == '.NETStandard' And '$(NETStandardMaximumVersion)' != '') was evaluated as ('.NETCoreApp' == '.NETStandard' And '' != '').
       Target "_CheckForUnsupportedTargetFrameworkAndFeatureCombination" skipped, due to false condition; ('$(TargetFrameworkIdentifier)' == '.NETFramework') was evaluated as ('.NETCoreApp' == '.NETFramework').
       Target "_CheckForSupportedOSPlatformVersionHigherThanTargetPlatformVersion" skipped, due to false condition; ('$(TargetPlatformVersion)' != '' and '$(TargetFrameworkIdentifier)' == '.NETCoreApp' and $([MSBuild]::VersionGreaterThanOrEquals($(TargetFrameworkVersion), 5.0))) was evaluated as ('' != '' and '.NETCoreApp' == '.NETCoreApp' and True).
       Target "_CheckForInvalidTargetPlatformVersion" skipped, due to false condition; ('$(TargetPlatformVersion)' != '' and '$(TargetFrameworkIdentifier)' == '.NETCoreApp' and $([MSBuild]::VersionGreaterThanOrEquals($(TargetFrameworkVersion), 5.0)) and ('$(Language)' != 'C++' or '$(_EnablePackageReferencesInVCProjects)' == 'true')) was evaluated as ('' != '' and '.NETCoreApp' == '.NETCoreApp' and True and ('C#' != 'C++' or '' == 'true')).
   2:8>Target "_CheckForUnsupportedArtifactsPath" in file "/usr/share/dotnet/sdk/8.0.417/Sdks/Microsoft.NET.Sdk/targets/Microsoft.NET.DefaultOutputPaths.targets" from project "/modernize-data/studio-data/TNT1001/APP1166/transformed-code/344/studio-workspace/TMS22/src/TourManagement.Application/TourManagement.Application.csproj" (target "_CheckForInvalidConfigurationAndPlatform" depends on it):
       Task "NetSdkError" skipped, due to false condition; ('$(UseArtifactsOutput)' == 'true' and '$(_ArtifactsPathSetEarly)' != 'true') was evaluated as ('' == 'true' and '' != 'true').
       Task "NetSdkError" skipped, due to false condition; ('$(_ArtifactsPathLocationType)' == 'ProjectFolder') was evaluated as ('' == 'ProjectFolder').
   2:8>Done building target "_CheckForUnsupportedArtifactsPath" in project "TourManagement.Application.csproj".
       Target "_CheckForMissingWorkload" skipped, due to false condition; ('@(MissingWorkloadPack)' != '' And '$(DesignTimeBuild)' != 'true') was evaluated as ('' != '' And '' != 'true').
       Target "_CheckForUnsupportedAppHostUsage" skipped, due to false condition; ('$(TargetFrameworkIdentifier)' == '.NETCoreApp' and '$(HasRuntimeOutput)' == 'true') was evaluated as ('.NETCoreApp' == '.NETCoreApp' and '' == 'true').
   2:8>Target "_CheckForUnsupportedHostingUsage" in file "/usr/share/dotnet/sdk/8.0.417/Sdks/Microsoft.NET.Sdk/targets/Microsoft.NET.RuntimeIdentifierInference.targets" from project "/modernize-data/studio-data/TNT1001/APP1166/transformed-code/344/studio-workspace/TMS22/src/TourManagement.Application/TourManagement.Application.csproj" (target "_CheckForInvalidConfigurationAndPlatform" depends on it):
       Task "NETSdkWarning" skipped, due to false condition; ('$(SelfContained)' == 'true' and '$(EnableComHosting)' == 'true') was evaluated as ('' == 'true' and '' == 'true').
   2:8>Done building target "_CheckForUnsupportedHostingUsage" in project "TourManagement.Application.csproj".
   2:8>Target "_CheckAndUnsetUnsupportedPrefer32Bit" in file "/usr/share/dotnet/sdk/8.0.417/Sdks/Microsoft.NET.Sdk/targets/Microsoft.NET.RuntimeIdentifierInference.targets" from project "/modernize-data/studio-data/TNT1001/APP1166/transformed-code/344/studio-workspace/TMS22/src/TourManagement.Application/TourManagement.Application.csproj" (target "_CheckForInvalidConfigurationAndPlatform" depends on it):
       Task "NETSdkWarning" skipped, due to false condition; ('$(Prefer32Bit)' == 'true') was evaluated as ('false' == 'true').
   2:8>Done building target "_CheckAndUnsetUnsupportedPrefer32Bit" in project "TourManagement.Application.csproj".
   1:2>Project "/modernize-data/studio-data/TNT1001/APP1166/transformed-code/344/studio-workspace/TMS22/TourManagement.sln" (1:2) is building "/modernize-data/studio-data/TNT1001/APP1166/transformed-code/344/studio-workspace/TMS22/src/TourManagement.Domain/TourManagement.Domain.csproj" (5:8) on node 1 (default targets).
   5:8>Target "_CheckForUnsupportedTargetFramework" skipped, due to false condition; ('$(_UnsupportedTargetFrameworkError)' == 'true') was evaluated as ('' == 'true').
   2:8>Target "_CheckForMismatchingPlatform" skipped, due to false condition; ('$(RuntimeIdentifier)' != '' and '$(PlatformTarget)' != '') was evaluated as ('' != '' and '' != '').
     0>The target "ResolveNuGetPackageAssets" listed in an AfterTargets attribute at "/home/studioai/.nuget/packages/microsoft.extensions.logging.abstractions/8.0.0/buildTransitive/net6.0/Microsoft.Extensions.Logging.Abstractions.targets (11,11)" does not exist in the project, and will be ignored.
   2:8>Target "_CheckForLanguageAndFeatureCombinationSupport" in file "/usr/share/dotnet/sdk/8.0.417/Sdks/Microsoft.NET.Sdk/targets/Microsoft.NET.RuntimeIdentifierInference.targets" from project "/modernize-data/studio-data/TNT1001/APP1166/transformed-code/344/studio-workspace/TMS22/src/TourManagement.Application/TourManagement.Application.csproj" (target "_CheckForInvalidConfigurationAndPlatform" depends on it):
   2:8>Task "NETSdkError" skipped, due to false condition; (('$(Language)' == 'C++' and '$(_EnablePackageReferencesInVCProjects)' != 'true') and $(OutputType) != 'library' and '$(TargetFrameworkIdentifier)' == '.NETCoreApp') was evaluated as (('C#' == 'C++' and '' != 'true') and Library != 'library' and '.NETCoreApp' == '.NETCoreApp').
     0>The target "ResolveNuGetPackageAssets" listed in an AfterTargets attribute at "/home/studioai/.nuget/packages/microsoft.extensions.logging.abstractions/8.0.0/buildTransitive/net6.0/Microsoft.Extensions.Logging.Abstractions.targets (23,11)" does not exist in the project, and will be ignored.
   2:8>_CheckForLanguageAndFeatureCombinationSupport:
       Task "NETSdkError" skipped, due to false condition; (('$(Language)' == 'C++' and '$(_EnablePackageReferencesInVCProjects)' != 'true') and $(EnableComHosting) == 'true') was evaluated as (('C#' == 'C++' and '' != 'true') and  == 'true').
       Task "NETSdkError" skipped, due to false condition; (('$(Language)' == 'C++' and '$(_EnablePackageReferencesInVCProjects)' != 'true') and $(SelfContained) == 'true') was evaluated as (('C#' == 'C++' and '' != 'true') and  == 'true').
     0>The target "ResolveNuGetPackageAssets" listed in an AfterTargets attribute at "/home/studioai/.nuget/packages/system.text.json/8.0.0/buildTransitive/net6.0/System.Text.Json.targets (11,11)" does not exist in the project, and will be ignored.
   2:8>Done building target "_CheckForLanguageAndFeatureCombinationSupport" in project "TourManagement.Application.csproj".
     0>The target "ResolveNuGetPackageAssets" listed in an AfterTargets attribute at "/home/studioai/.nuget/packages/system.text.json/8.0.0/buildTransitive/net6.0/System.Text.Json.targets (23,11)" does not exist in the project, and will be ignored.
   2:8>Target "_CheckForNETCoreSdkIsPreview" skipped, due to false condition; ( '$(_NETCoreSdkIsPreview)' == 'true' AND '$(SuppressNETCoreSdkPreviewMessage)' != 'true' ) was evaluated as ( 'false' == 'true' AND '' != 'true' ).
     0>The target "ResolveNuGetPackageAssets" listed in an AfterTargets attribute at "/home/studioai/.nuget/packages/microsoft.extensions.options/8.0.0/buildTransitive/net6.0/Microsoft.Extensions.Options.targets (11,11)" does not exist in the project, and will be ignored.
       The target "ResolveNuGetPackageAssets" listed in an AfterTargets attribute at "/home/studioai/.nuget/packages/microsoft.extensions.options/8.0.0/buildTransitive/net6.0/Microsoft.Extensions.Options.targets (23,11)" does not exist in the project, and will be ignored.
   2:8>Target "_GetProjectJsonPath" in file "/usr/share/dotnet/sdk/8.0.417/NuGet.targets" from project "/modernize-data/studio-data/TNT1001/APP1166/transformed-code/344/studio-workspace/TMS22/src/TourManagement.Application/TourManagement.Application.csproj" (target "_GetRestoreProjectStyle" depends on it):
   2:8>Task "GetRestoreProjectJsonPathTask" skipped, due to false condition; ( '$(RestoreProjectStyle)' == 'ProjectJson' OR '$(RestoreProjectStyle)' == '' ) was evaluated as ( 'PackageReference' == 'ProjectJson' OR 'PackageReference' == '' ).
   2:8>Done building target "_GetProjectJsonPath" in project "TourManagement.Application.csproj".
       Target "_CheckForUnsupportedTargetPlatformIdentifier" skipped, due to false condition; ('$(TargetPlatformIdentifier)' != '' and '$(TargetFrameworkIdentifier)' == '.NETCoreApp' and $([MSBuild]::VersionGreaterThanOrEquals($(TargetFrameworkVersion), 5.0)) And ('$(DesignTimeBuild)' != 'true' Or '@(MissingWorkloadPack)' == '')) was evaluated as ('' != '' and '.NETCoreApp' == '.NETCoreApp' and True And ('' != 'true' Or '' == '')).
       Target "_CheckForMissingWorkload" skipped, due to false condition; ('@(MissingWorkloadPack)' != '' And '$(DesignTimeBuild)' != 'true') was evaluated as ('' != '' And '' != 'true').
       Target "_CheckForUnsupportedNETStandardVersion" skipped, due to false condition; ('$(TargetFrameworkIdentifier)' == '.NETStandard' And '$(NETStandardMaximumVersion)' != '') was evaluated as ('.NETCoreApp' == '.NETStandard' And '' != '').
       Target "_CheckForUnsupportedTargetFrameworkAndFeatureCombination" skipped, due to false condition; ('$(TargetFrameworkIdentifier)' == '.NETFramework') was evaluated as ('.NETCoreApp' == '.NETFramework').
   2:8>Target "UpdateAspNetToFrameworkReference" in file "/usr/share/dotnet/sdk/8.0.417/Sdks/Microsoft.NET.Sdk/targets/Microsoft.NET.Sdk.DefaultItems.Shared.targets" from project "/modernize-data/studio-data/TNT1001/APP1166/transformed-code/344/studio-workspace/TMS22/src/TourManagement.Application/TourManagement.Application.csproj" (target "ApplyImplicitVersions" depends on it):
       Using "CheckIfPackageReferenceShouldBeFrameworkReference" task from assembly "/usr/share/dotnet/sdk/8.0.417/Sdks/Microsoft.NET.Sdk/targets/../tools/net8.0/Microsoft.NET.Build.Tasks.dll".
       Task "CheckIfPackageReferenceShouldBeFrameworkReference"
   5:8>Target "_CollectTargetFrameworkForTelemetry" in file "/usr/share/dotnet/sdk/8.0.417/Sdks/Microsoft.NET.Sdk/targets/Microsoft.NET.TargetFrameworkInference.targets" from project "/modernize-data/studio-data/TNT1001/APP1166/transformed-code/344/studio-workspace/TMS22/src/TourManagement.Domain/TourManagement.Domain.csproj" (target "_CheckForInvalidConfigurationAndPlatform" depends on it):
   5:8>Using "AllowEmptyTelemetry" task from assembly "/usr/share/dotnet/sdk/8.0.417/Sdks/Microsoft.NET.Sdk/targets/../tools/net8.0/Microsoft.NET.Build.Tasks.dll".
       Task "AllowEmptyTelemetry"
   2:8>Done executing task "CheckIfPackageReferenceShouldBeFrameworkReference".
       Task "NETSdkError" skipped, due to false condition; ('$(_ShouldRemoveAspNetCoreAll)' == 'true') was evaluated as ('False' == 'true').
       Task "CheckIfPackageReferenceShouldBeFrameworkReference"
       Done executing task "CheckIfPackageReferenceShouldBeFrameworkReference".
       Task "NETSdkWarning" skipped, due to false condition; ('$(_ShouldRemoveAspNetCoreApp)' == 'true') was evaluated as ('False' == 'true').
   2:8>Done building target "UpdateAspNetToFrameworkReference" in project "TourManagement.Application.csproj".
       Target "IncludeTargetingPackReference" skipped, due to false condition; ('$(TargetFrameworkMoniker)' != '' and '$(TargetFrameworkIdentifier)' == '.NETFramework' and '$(AutomaticallyUseReferenceAssemblyPackages)' == 'true') was evaluated as ('.NETCoreApp,Version=v8.0' != '' and '.NETCoreApp' == '.NETFramework' and 'true' == 'true').
   2:8>Target "CheckForImplicitPackageReferenceOverrides" in file "/usr/share/dotnet/sdk/8.0.417/Sdks/Microsoft.NET.Sdk/targets/Microsoft.NET.Sdk.DefaultItems.Shared.targets" from project "/modernize-data/studio-data/TNT1001/APP1166/transformed-code/344/studio-workspace/TMS22/src/TourManagement.Application/TourManagement.Application.csproj" (target "ApplyImplicitVersions" depends on it):
       Using "CheckForImplicitPackageReferenceOverrides" task from assembly "/usr/share/dotnet/sdk/8.0.417/Sdks/Microsoft.NET.Sdk/targets/../tools/net8.0/Microsoft.NET.Build.Tasks.dll".
       Task "CheckForImplicitPackageReferenceOverrides"
       Done executing task "CheckForImplicitPackageReferenceOverrides".
   2:8>Done building target "CheckForImplicitPackageReferenceOverrides" in project "TourManagement.Application.csproj".
   2:8>Target "ApplyImplicitVersions" in file "/usr/share/dotnet/sdk/8.0.417/Sdks/Microsoft.NET.Sdk/targets/Microsoft.NET.Sdk.DefaultItems.Shared.targets" from project "/modernize-data/studio-data/TNT1001/APP1166/transformed-code/344/studio-workspace/TMS22/src/TourManagement.Application/TourManagement.Application.csproj" (target "CollectPackageReferences" depends on it):
       Using "ApplyImplicitVersions" task from assembly "/usr/share/dotnet/sdk/8.0.417/Sdks/Microsoft.NET.Sdk/targets/../tools/net8.0/Microsoft.NET.Build.Tasks.dll".
   5:8>Done executing task "AllowEmptyTelemetry".
   5:8>Done building target "_CollectTargetFrameworkForTelemetry" in project "TourManagement.Domain.csproj".
   2:8>Task "ApplyImplicitVersions"
   5:8>Target "_CheckForUnsupportedTargetPlatformIdentifier" skipped, due to false condition; ('$(TargetPlatformIdentifier)' != '' and '$(TargetFrameworkIdentifier)' == '.NETCoreApp' and $([MSBuild]::VersionGreaterThanOrEquals($(TargetFrameworkVersion), 5.0)) And ('$(DesignTimeBuild)' != 'true' Or '@(MissingWorkloadPack)' == '')) was evaluated as ('' != '' and '.NETCoreApp' == '.NETCoreApp' and True And ('' != 'true' Or '' == '')).
       Target "_CheckForMissingWorkload" skipped, due to false condition; ('@(MissingWorkloadPack)' != '' And '$(DesignTimeBuild)' != 'true') was evaluated as ('' != '' And '' != 'true').
   2:8>Done executing task "ApplyImplicitVersions".
   5:8>Target "_CheckForUnsupportedNETCoreVersion" in file "/usr/share/dotnet/sdk/8.0.417/Sdks/Microsoft.NET.Sdk/targets/Microsoft.NET.TargetFrameworkInference.targets" from project "/modernize-data/studio-data/TNT1001/APP1166/transformed-code/344/studio-workspace/TMS22/src/TourManagement.Domain/TourManagement.Domain.csproj" (target "_CheckForInvalidConfigurationAndPlatform" depends on it):
   5:8>Task "NETSdkError" skipped, due to false condition; ('$(_TargetFrameworkVersionWithoutV)' > '$(NETCoreAppMaximumVersion)' and '$(DisplayVSMessage)' != 'true') was evaluated as ('8.0' > '8.0' and '' != 'true').
       Task "NETSdkError" skipped, due to false condition; ('$(DisplayVSMessage)' == 'true') was evaluated as ('' == 'true').
   5:8>Done building target "_CheckForUnsupportedNETCoreVersion" in project "TourManagement.Domain.csproj".
       Target "_CheckForEolTargetFrameworks" skipped, due to false condition; ('@(_EolNetCoreTargetFrameworkVersions->AnyHaveMetadataValue('Identity', '$(_TargetFrameworkVersionWithoutV)'))' and '$(TargetFrameworkIdentifier)' == '.NETCoreApp' and '$(CheckEolTargetFramework)' == 'true') was evaluated as ('false' and '.NETCoreApp' == '.NETCoreApp' and '' == 'true').
       Target "_CheckForEolWorkloads" skipped, due to false condition; ('@(EolWorkload)' != '' and '$(CheckEolWorkloads)' == 'true') was evaluated as ('' != '' and 'true' == 'true').
   5:8>Target "_CheckForUnsupportedCppNETCoreVersion" in file "/usr/share/dotnet/sdk/8.0.417/Sdks/Microsoft.NET.Sdk/targets/Microsoft.NET.TargetFrameworkInference.targets" from project "/modernize-data/studio-data/TNT1001/APP1166/transformed-code/344/studio-workspace/TMS22/src/TourManagement.Domain/TourManagement.Domain.csproj" (target "_CheckForInvalidConfigurationAndPlatform" depends on it):
       Task "NETSdkError" skipped, due to false condition; ('$(TargetFrameworkIdentifier)' == '.NETCoreApp' and '$(_TargetFrameworkVersionWithoutV)' < '3.1' and ('$(Language)' == 'C++' and '$(_EnablePackageReferencesInVCProjects)' != 'true')) was evaluated as ('.NETCoreApp' == '.NETCoreApp' and '8.0' < '3.1' and ('C#' == 'C++' and '' != 'true')).
   5:8>Done building target "_CheckForUnsupportedCppNETCoreVersion" in project "TourManagement.Domain.csproj".
       Target "_CheckForUnsupportedNETStandardVersion" skipped, due to false condition; ('$(TargetFrameworkIdentifier)' == '.NETStandard' And '$(NETStandardMaximumVersion)' != '') was evaluated as ('.NETCoreApp' == '.NETStandard' And '' != '').
       Target "_CheckForUnsupportedTargetFrameworkAndFeatureCombination" skipped, due to false condition; ('$(TargetFrameworkIdentifier)' == '.NETFramework') was evaluated as ('.NETCoreApp' == '.NETFramework').
   2:8>Done building target "ApplyImplicitVersions" in project "TourManagement.Application.csproj".
   5:8>Target "_CheckForSupportedOSPlatformVersionHigherThanTargetPlatformVersion" skipped, due to false condition; ('$(TargetPlatformVersion)' != '' and '$(TargetFrameworkIdentifier)' == '.NETCoreApp' and $([MSBuild]::VersionGreaterThanOrEquals($(TargetFrameworkVersion), 5.0))) was evaluated as ('' != '' and '.NETCoreApp' == '.NETCoreApp' and True).
   2:8>Target "CheckForImplicitPackageReferenceOverrides" skipped. Previously built successfully.
   5:8>Target "_CheckForInvalidTargetPlatformVersion" skipped, due to false condition; ('$(TargetPlatformVersion)' != '' and '$(TargetFrameworkIdentifier)' == '.NETCoreApp' and $([MSBuild]::VersionGreaterThanOrEquals($(TargetFrameworkVersion), 5.0)) and ('$(Language)' != 'C++' or '$(_EnablePackageReferencesInVCProjects)' == 'true')) was evaluated as ('' != '' and '.NETCoreApp' == '.NETCoreApp' and True and ('C#' != 'C++' or '' == 'true')).
   2:8>Target "AddWindowsSdkKnownFrameworkReferences" skipped, due to false condition; ('$(TargetFrameworkIdentifier)' == '.NETCoreApp' And '$(TargetPlatformIdentifier)' == 'Windows') was evaluated as ('.NETCoreApp' == '.NETCoreApp' And '' == 'Windows').
       Target "_NormalizeTargetPlatformVersion" skipped, due to false condition; ('$(TargetPlatformVersion)' != '' and '$(TargetFrameworkIdentifier)' == '.NETCoreApp' and $([MSBuild]::VersionGreaterThanOrEquals($(TargetFrameworkVersion), 5.0)) and ('$(Language)' != 'C++' or '$(_EnablePackageReferencesInVCProjects)' == 'true')) was evaluated as ('' != '' and '.NETCoreApp' == '.NETCoreApp' and True and ('C#' != 'C++' or '' == 'true')).
   5:8>Target "_CheckForUnsupportedArtifactsPath" in file "/usr/share/dotnet/sdk/8.0.417/Sdks/Microsoft.NET.Sdk/targets/Microsoft.NET.DefaultOutputPaths.targets" from project "/modernize-data/studio-data/TNT1001/APP1166/transformed-code/344/studio-workspace/TMS22/src/TourManagement.Domain/TourManagement.Domain.csproj" (target "_CheckForInvalidConfigurationAndPlatform" depends on it):
   5:8>Task "NetSdkError" skipped, due to false condition; ('$(UseArtifactsOutput)' == 'true' and '$(_ArtifactsPathSetEarly)' != 'true') was evaluated as ('' == 'true' and '' != 'true').
       Task "NetSdkError" skipped, due to false condition; ('$(_ArtifactsPathLocationType)' == 'ProjectFolder') was evaluated as ('' == 'ProjectFolder').
   5:8>Done building target "_CheckForUnsupportedArtifactsPath" in project "TourManagement.Domain.csproj".
       Target "_CheckForMissingWorkload" skipped, due to false condition; ('@(MissingWorkloadPack)' != '' And '$(DesignTimeBuild)' != 'true') was evaluated as ('' != '' And '' != 'true').
       Target "_CheckForUnsupportedAppHostUsage" skipped, due to false condition; ('$(TargetFrameworkIdentifier)' == '.NETCoreApp' and '$(HasRuntimeOutput)' == 'true') was evaluated as ('.NETCoreApp' == '.NETCoreApp' and '' == 'true').
   5:8>Target "_CheckForUnsupportedHostingUsage" in file "/usr/share/dotnet/sdk/8.0.417/Sdks/Microsoft.NET.Sdk/targets/Microsoft.NET.RuntimeIdentifierInference.targets" from project "/modernize-data/studio-data/TNT1001/APP1166/transformed-code/344/studio-workspace/TMS22/src/TourManagement.Domain/TourManagement.Domain.csproj" (target "_CheckForInvalidConfigurationAndPlatform" depends on it):
       Task "NETSdkWarning" skipped, due to false condition; ('$(SelfContained)' == 'true' and '$(EnableComHosting)' == 'true') was evaluated as ('' == 'true' and '' == 'true').
   5:8>Done building target "_CheckForUnsupportedHostingUsage" in project "TourManagement.Domain.csproj".
   5:8>Target "_CheckAndUnsetUnsupportedPrefer32Bit" in file "/usr/share/dotnet/sdk/8.0.417/Sdks/Microsoft.NET.Sdk/targets/Microsoft.NET.RuntimeIdentifierInference.targets" from project "/modernize-data/studio-data/TNT1001/APP1166/transformed-code/344/studio-workspace/TMS22/src/TourManagement.Domain/TourManagement.Domain.csproj" (target "_CheckForInvalidConfigurationAndPlatform" depends on it):
       Task "NETSdkWarning" skipped, due to false condition; ('$(Prefer32Bit)' == 'true') was evaluated as ('false' == 'true').
   5:8>Done building target "_CheckAndUnsetUnsupportedPrefer32Bit" in project "TourManagement.Domain.csproj".
       Target "_CheckForMismatchingPlatform" skipped, due to false condition; ('$(RuntimeIdentifier)' != '' and '$(PlatformTarget)' != '') was evaluated as ('' != '' and '' != '').
   5:8>Target "_CheckForLanguageAndFeatureCombinationSupport" in file "/usr/share/dotnet/sdk/8.0.417/Sdks/Microsoft.NET.Sdk/targets/Microsoft.NET.RuntimeIdentifierInference.targets" from project "/modernize-data/studio-data/TNT1001/APP1166/transformed-code/344/studio-workspace/TMS22/src/TourManagement.Domain/TourManagement.Domain.csproj" (target "_CheckForInvalidConfigurationAndPlatform" depends on it):
       Task "NETSdkError" skipped, due to false condition; (('$(Language)' == 'C++' and '$(_EnablePackageReferencesInVCProjects)' != 'true') and $(OutputType) != 'library' and '$(TargetFrameworkIdentifier)' == '.NETCoreApp') was evaluated as (('C#' == 'C++' and '' != 'true') and Library != 'library' and '.NETCoreApp' == '.NETCoreApp').
       Task "NETSdkError" skipped, due to false condition; (('$(Language)' == 'C++' and '$(_EnablePackageReferencesInVCProjects)' != 'true') and $(EnableComHosting) == 'true') was evaluated as (('C#' == 'C++' and '' != 'true') and  == 'true').
       Task "NETSdkError" skipped, due to false condition; (('$(Language)' == 'C++' and '$(_EnablePackageReferencesInVCProjects)' != 'true') and $(SelfContained) == 'true') was evaluated as (('C#' == 'C++' and '' != 'true') and  == 'true').
   5:8>Done building target "_CheckForLanguageAndFeatureCombinationSupport" in project "TourManagement.Domain.csproj".
       Target "_CheckForNETCoreSdkIsPreview" skipped, due to false condition; ( '$(_NETCoreSdkIsPreview)' == 'true' AND '$(SuppressNETCoreSdkPreviewMessage)' != 'true' ) was evaluated as ( 'false' == 'true' AND '' != 'true' ).
   5:8>Target "_GetProjectJsonPath" in file "/usr/share/dotnet/sdk/8.0.417/NuGet.targets" from project "/modernize-data/studio-data/TNT1001/APP1166/transformed-code/344/studio-workspace/TMS22/src/TourManagement.Domain/TourManagement.Domain.csproj" (target "_GetRestoreProjectStyle" depends on it):
       Task "GetRestoreProjectJsonPathTask" skipped, due to false condition; ( '$(RestoreProjectStyle)' == 'ProjectJson' OR '$(RestoreProjectStyle)' == '' ) was evaluated as ( 'PackageReference' == 'ProjectJson' OR 'PackageReference' == '' ).
   5:8>Done building target "_GetProjectJsonPath" in project "TourManagement.Domain.csproj".
   2:8>Target "_ComputeToolPackInputsToProcessFrameworkReferences" in file "/usr/share/dotnet/sdk/8.0.417/Sdks/Microsoft.NET.Sdk/targets/Microsoft.NET.Publish.targets" from project "/modernize-data/studio-data/TNT1001/APP1166/transformed-code/344/studio-workspace/TMS22/src/TourManagement.Application/TourManagement.Application.csproj" (target "ProcessFrameworkReferences" depends on it):
   2:8>Done building target "_ComputeToolPackInputsToProcessFrameworkReferences" in project "TourManagement.Application.csproj".
   5:8>Target "_CheckForUnsupportedTargetPlatformIdentifier" skipped, due to false condition; ('$(TargetPlatformIdentifier)' != '' and '$(TargetFrameworkIdentifier)' == '.NETCoreApp' and $([MSBuild]::VersionGreaterThanOrEquals($(TargetFrameworkVersion), 5.0)) And ('$(DesignTimeBuild)' != 'true' Or '@(MissingWorkloadPack)' == '')) was evaluated as ('' != '' and '.NETCoreApp' == '.NETCoreApp' and True And ('' != 'true' Or '' == '')).
       Target "_CheckForMissingWorkload" skipped, due to false condition; ('@(MissingWorkloadPack)' != '' And '$(DesignTimeBuild)' != 'true') was evaluated as ('' != '' And '' != 'true').
       Target "_CheckForUnsupportedNETStandardVersion" skipped, due to false condition; ('$(TargetFrameworkIdentifier)' == '.NETStandard' And '$(NETStandardMaximumVersion)' != '') was evaluated as ('.NETCoreApp' == '.NETStandard' And '' != '').
       Target "_CheckForUnsupportedTargetFrameworkAndFeatureCombination" skipped, due to false condition; ('$(TargetFrameworkIdentifier)' == '.NETFramework') was evaluated as ('.NETCoreApp' == '.NETFramework').
       Target "ApplyImplicitVersions" skipped, due to false condition; ('@(PackageReference)' != '') was evaluated as ('' != '').
       Target "IncludeTargetingPackReference" skipped, due to false condition; ('$(TargetFrameworkMoniker)' != '' and '$(TargetFrameworkIdentifier)' == '.NETFramework' and '$(AutomaticallyUseReferenceAssemblyPackages)' == 'true') was evaluated as ('.NETCoreApp,Version=v8.0' != '' and '.NETCoreApp' == '.NETFramework' and 'true' == 'true').
   2:8>Target "ProcessFrameworkReferences" in file "/usr/share/dotnet/sdk/8.0.417/Sdks/Microsoft.NET.Sdk/targets/Microsoft.NET.Sdk.FrameworkReferenceResolution.targets" from project "/modernize-data/studio-data/TNT1001/APP1166/transformed-code/344/studio-workspace/TMS22/src/TourManagement.Application/TourManagement.Application.csproj" (target "CollectPackageReferences" depends on it):
   2:8>Using "CheckForDuplicateFrameworkReferences" task from assembly "/usr/share/dotnet/sdk/8.0.417/Sdks/Microsoft.NET.Sdk/targets/../tools/net8.0/Microsoft.NET.Build.Tasks.dll".
       Task "CheckForDuplicateFrameworkReferences"
   5:8>Target "CheckForImplicitPackageReferenceOverrides" in file "/usr/share/dotnet/sdk/8.0.417/Sdks/Microsoft.NET.Sdk/targets/Microsoft.NET.Sdk.DefaultItems.Shared.targets" from project "/modernize-data/studio-data/TNT1001/APP1166/transformed-code/344/studio-workspace/TMS22/src/TourManagement.Domain/TourManagement.Domain.csproj" (target "CollectPackageReferences" depends on it):
   5:8>Using "CheckForImplicitPackageReferenceOverrides" task from assembly "/usr/share/dotnet/sdk/8.0.417/Sdks/Microsoft.NET.Sdk/targets/../tools/net8.0/Microsoft.NET.Build.Tasks.dll".
       Task "CheckForImplicitPackageReferenceOverrides"
   2:8>Done executing task "CheckForDuplicateFrameworkReferences".
   5:8>Done executing task "CheckForImplicitPackageReferenceOverrides".
   5:8>Done building target "CheckForImplicitPackageReferenceOverrides" in project "TourManagement.Domain.csproj".
       Target "AddWindowsSdkKnownFrameworkReferences" skipped, due to false condition; ('$(TargetFrameworkIdentifier)' == '.NETCoreApp' And '$(TargetPlatformIdentifier)' == 'Windows') was evaluated as ('.NETCoreApp' == '.NETCoreApp' And '' == 'Windows').
       Target "_NormalizeTargetPlatformVersion" skipped, due to false condition; ('$(TargetPlatformVersion)' != '' and '$(TargetFrameworkIdentifier)' == '.NETCoreApp' and $([MSBuild]::VersionGreaterThanOrEquals($(TargetFrameworkVersion), 5.0)) and ('$(Language)' != 'C++' or '$(_EnablePackageReferencesInVCProjects)' == 'true')) was evaluated as ('' != '' and '.NETCoreApp' == '.NETCoreApp' and True and ('C#' != 'C++' or '' == 'true')).
       Target "ApplyImplicitVersions" skipped, due to false condition; ('@(PackageReference)' != '') was evaluated as ('' != '').
   2:8>ProcessFrameworkReferences:
       Using "ProcessFrameworkReferences" task from assembly "/usr/share/dotnet/sdk/8.0.417/Sdks/Microsoft.NET.Sdk/targets/../tools/net8.0/Microsoft.NET.Build.Tasks.dll".
       Task "ProcessFrameworkReferences"
   5:8>Target "_ComputeToolPackInputsToProcessFrameworkReferences" in file "/usr/share/dotnet/sdk/8.0.417/Sdks/Microsoft.NET.Sdk/targets/Microsoft.NET.Publish.targets" from project "/modernize-data/studio-data/TNT1001/APP1166/transformed-code/344/studio-workspace/TMS22/src/TourManagement.Domain/TourManagement.Domain.csproj" (target "ProcessFrameworkReferences" depends on it):
   5:8>Done building target "_ComputeToolPackInputsToProcessFrameworkReferences" in project "TourManagement.Domain.csproj".
   5:8>Target "ProcessFrameworkReferences" in file "/usr/share/dotnet/sdk/8.0.417/Sdks/Microsoft.NET.Sdk/targets/Microsoft.NET.Sdk.FrameworkReferenceResolution.targets" from project "/modernize-data/studio-data/TNT1001/APP1166/transformed-code/344/studio-workspace/TMS22/src/TourManagement.Domain/TourManagement.Domain.csproj" (target "CollectPackageReferences" depends on it):
       Using "CheckForDuplicateFrameworkReferences" task from assembly "/usr/share/dotnet/sdk/8.0.417/Sdks/Microsoft.NET.Sdk/targets/../tools/net8.0/Microsoft.NET.Build.Tasks.dll".
       Task "CheckForDuplicateFrameworkReferences"
       Done executing task "CheckForDuplicateFrameworkReferences".
       Using "ProcessFrameworkReferences" task from assembly "/usr/share/dotnet/sdk/8.0.417/Sdks/Microsoft.NET.Sdk/targets/../tools/net8.0/Microsoft.NET.Build.Tasks.dll".
       Task "ProcessFrameworkReferences"
   1:2>Project "/modernize-data/studio-data/TNT1001/APP1166/transformed-code/344/studio-workspace/TMS22/TourManagement.sln" (1:2) is building "/modernize-data/studio-data/TNT1001/APP1166/transformed-code/344/studio-workspace/TMS22/src/TourManagement.Infrastructure/TourManagement.Infrastructure.csproj" (3:7) on node 4 (default targets).
   3:7>Target "_CheckForUnsupportedTargetFramework" skipped, due to false condition; ('$(_UnsupportedTargetFrameworkError)' == 'true') was evaluated as ('' == 'true').
   3:7>Target "_CollectTargetFrameworkForTelemetry" in file "/usr/share/dotnet/sdk/8.0.417/Sdks/Microsoft.NET.Sdk/targets/Microsoft.NET.TargetFrameworkInference.targets" from project "/modernize-data/studio-data/TNT1001/APP1166/transformed-code/344/studio-workspace/TMS22/src/TourManagement.Infrastructure/TourManagement.Infrastructure.csproj" (target "_CheckForInvalidConfigurationAndPlatform" depends on it):
       Using "AllowEmptyTelemetry" task from assembly "/usr/share/dotnet/sdk/8.0.417/Sdks/Microsoft.NET.Sdk/targets/../tools/net8.0/Microsoft.NET.Build.Tasks.dll".
       Task "AllowEmptyTelemetry"
       Done executing task "AllowEmptyTelemetry".
   3:7>Done building target "_CollectTargetFrameworkForTelemetry" in project "TourManagement.Infrastructure.csproj".
       Target "_CheckForUnsupportedTargetPlatformIdentifier" skipped, due to false condition; ('$(TargetPlatformIdentifier)' != '' and '$(TargetFrameworkIdentifier)' == '.NETCoreApp' and $([MSBuild]::VersionGreaterThanOrEquals($(TargetFrameworkVersion), 5.0)) And ('$(DesignTimeBuild)' != 'true' Or '@(MissingWorkloadPack)' == '')) was evaluated as ('' != '' and '.NETCoreApp' == '.NETCoreApp' and True And ('' != 'true' Or '' == '')).
       Target "_CheckForMissingWorkload" skipped, due to false condition; ('@(MissingWorkloadPack)' != '' And '$(DesignTimeBuild)' != 'true') was evaluated as ('' != '' And '' != 'true').
   3:7>Target "_CheckForUnsupportedNETCoreVersion" in file "/usr/share/dotnet/sdk/8.0.417/Sdks/Microsoft.NET.Sdk/targets/Microsoft.NET.TargetFrameworkInference.targets" from project "/modernize-data/studio-data/TNT1001/APP1166/transformed-code/344/studio-workspace/TMS22/src/TourManagement.Infrastructure/TourManagement.Infrastructure.csproj" (target "_CheckForInvalidConfigurationAndPlatform" depends on it):
       Task "NETSdkError" skipped, due to false condition; ('$(_TargetFrameworkVersionWithoutV)' > '$(NETCoreAppMaximumVersion)' and '$(DisplayVSMessage)' != 'true') was evaluated as ('8.0' > '8.0' and '' != 'true').
       Task "NETSdkError" skipped, due to false condition; ('$(DisplayVSMessage)' == 'true') was evaluated as ('' == 'true').
   3:7>Done building target "_CheckForUnsupportedNETCoreVersion" in project "TourManagement.Infrastructure.csproj".
       Target "_CheckForEolTargetFrameworks" skipped, due to false condition; ('@(_EolNetCoreTargetFrameworkVersions->AnyHaveMetadataValue('Identity', '$(_TargetFrameworkVersionWithoutV)'))' and '$(TargetFrameworkIdentifier)' == '.NETCoreApp' and '$(CheckEolTargetFramework)' == 'true') was evaluated as ('false' and '.NETCoreApp' == '.NETCoreApp' and '' == 'true').
       Target "_CheckForEolWorkloads" skipped, due to false condition; ('@(EolWorkload)' != '' and '$(CheckEolWorkloads)' == 'true') was evaluated as ('' != '' and 'true' == 'true').
   3:7>Target "_CheckForUnsupportedCppNETCoreVersion" in file "/usr/share/dotnet/sdk/8.0.417/Sdks/Microsoft.NET.Sdk/targets/Microsoft.NET.TargetFrameworkInference.targets" from project "/modernize-data/studio-data/TNT1001/APP1166/transformed-code/344/studio-workspace/TMS22/src/TourManagement.Infrastructure/TourManagement.Infrastructure.csproj" (target "_CheckForInvalidConfigurationAndPlatform" depends on it):
       Task "NETSdkError" skipped, due to false condition; ('$(TargetFrameworkIdentifier)' == '.NETCoreApp' and '$(_TargetFrameworkVersionWithoutV)' < '3.1' and ('$(Language)' == 'C++' and '$(_EnablePackageReferencesInVCProjects)' != 'true')) was evaluated as ('.NETCoreApp' == '.NETCoreApp' and '8.0' < '3.1' and ('C#' == 'C++' and '' != 'true')).
   3:7>Done building target "_CheckForUnsupportedCppNETCoreVersion" in project "TourManagement.Infrastructure.csproj".
       Target "_CheckForUnsupportedNETStandardVersion" skipped, due to false condition; ('$(TargetFrameworkIdentifier)' == '.NETStandard' And '$(NETStandardMaximumVersion)' != '') was evaluated as ('.NETCoreApp' == '.NETStandard' And '' != '').
       Target "_CheckForUnsupportedTargetFrameworkAndFeatureCombination" skipped, due to false condition; ('$(TargetFrameworkIdentifier)' == '.NETFramework') was evaluated as ('.NETCoreApp' == '.NETFramework').
       Target "_CheckForSupportedOSPlatformVersionHigherThanTargetPlatformVersion" skipped, due to false condition; ('$(TargetPlatformVersion)' != '' and '$(TargetFrameworkIdentifier)' == '.NETCoreApp' and $([MSBuild]::VersionGreaterThanOrEquals($(TargetFrameworkVersion), 5.0))) was evaluated as ('' != '' and '.NETCoreApp' == '.NETCoreApp' and True).
       Target "_CheckForInvalidTargetPlatformVersion" skipped, due to false condition; ('$(TargetPlatformVersion)' != '' and '$(TargetFrameworkIdentifier)' == '.NETCoreApp' and $([MSBuild]::VersionGreaterThanOrEquals($(TargetFrameworkVersion), 5.0)) and ('$(Language)' != 'C++' or '$(_EnablePackageReferencesInVCProjects)' == 'true')) was evaluated as ('' != '' and '.NETCoreApp' == '.NETCoreApp' and True and ('C#' != 'C++' or '' == 'true')).
   3:7>Target "_CheckForUnsupportedArtifactsPath" in file "/usr/share/dotnet/sdk/8.0.417/Sdks/Microsoft.NET.Sdk/targets/Microsoft.NET.DefaultOutputPaths.targets" from project "/modernize-data/studio-data/TNT1001/APP1166/transformed-code/344/studio-workspace/TMS22/src/TourManagement.Infrastructure/TourManagement.Infrastructure.csproj" (target "_CheckForInvalidConfigurationAndPlatform" depends on it):
       Task "NetSdkError" skipped, due to false condition; ('$(UseArtifactsOutput)' == 'true' and '$(_ArtifactsPathSetEarly)' != 'true') was evaluated as ('' == 'true' and '' != 'true').
       Task "NetSdkError" skipped, due to false condition; ('$(_ArtifactsPathLocationType)' == 'ProjectFolder') was evaluated as ('' == 'ProjectFolder').
   3:7>Done building target "_CheckForUnsupportedArtifactsPath" in project "TourManagement.Infrastructure.csproj".
       Target "_CheckForMissingWorkload" skipped, due to false condition; ('@(MissingWorkloadPack)' != '' And '$(DesignTimeBuild)' != 'true') was evaluated as ('' != '' And '' != 'true').
       Target "_CheckForUnsupportedAppHostUsage" skipped, due to false condition; ('$(TargetFrameworkIdentifier)' == '.NETCoreApp' and '$(HasRuntimeOutput)' == 'true') was evaluated as ('.NETCoreApp' == '.NETCoreApp' and '' == 'true').
   3:7>Target "_CheckForUnsupportedHostingUsage" in file "/usr/share/dotnet/sdk/8.0.417/Sdks/Microsoft.NET.Sdk/targets/Microsoft.NET.RuntimeIdentifierInference.targets" from project "/modernize-data/studio-data/TNT1001/APP1166/transformed-code/344/studio-workspace/TMS22/src/TourManagement.Infrastructure/TourManagement.Infrastructure.csproj" (target "_CheckForInvalidConfigurationAndPlatform" depends on it):
       Task "NETSdkWarning" skipped, due to false condition; ('$(SelfContained)' == 'true' and '$(EnableComHosting)' == 'true') was evaluated as ('' == 'true' and '' == 'true').
   3:7>Done building target "_CheckForUnsupportedHostingUsage" in project "TourManagement.Infrastructure.csproj".
   3:7>Target "_CheckAndUnsetUnsupportedPrefer32Bit" in file "/usr/share/dotnet/sdk/8.0.417/Sdks/Microsoft.NET.Sdk/targets/Microsoft.NET.RuntimeIdentifierInference.targets" from project "/modernize-data/studio-data/TNT1001/APP1166/transformed-code/344/studio-workspace/TMS22/src/TourManagement.Infrastructure/TourManagement.Infrastructure.csproj" (target "_CheckForInvalidConfigurationAndPlatform" depends on it):
       Task "NETSdkWarning" skipped, due to false condition; ('$(Prefer32Bit)' == 'true') was evaluated as ('false' == 'true').
   3:7>Done building target "_CheckAndUnsetUnsupportedPrefer32Bit" in project "TourManagement.Infrastructure.csproj".
       Target "_CheckForMismatchingPlatform" skipped, due to false condition; ('$(RuntimeIdentifier)' != '' and '$(PlatformTarget)' != '') was evaluated as ('' != '' and '' != '').
   3:7>Target "_CheckForLanguageAndFeatureCombinationSupport" in file "/usr/share/dotnet/sdk/8.0.417/Sdks/Microsoft.NET.Sdk/targets/Microsoft.NET.RuntimeIdentifierInference.targets" from project "/modernize-data/studio-data/TNT1001/APP1166/transformed-code/344/studio-workspace/TMS22/src/TourManagement.Infrastructure/TourManagement.Infrastructure.csproj" (target "_CheckForInvalidConfigurationAndPlatform" depends on it):
       Task "NETSdkError" skipped, due to false condition; (('$(Language)' == 'C++' and '$(_EnablePackageReferencesInVCProjects)' != 'true') and $(OutputType) != 'library' and '$(TargetFrameworkIdentifier)' == '.NETCoreApp') was evaluated as (('C#' == 'C++' and '' != 'true') and Library != 'library' and '.NETCoreApp' == '.NETCoreApp').
       Task "NETSdkError" skipped, due to false condition; (('$(Language)' == 'C++' and '$(_EnablePackageReferencesInVCProjects)' != 'true') and $(EnableComHosting) == 'true') was evaluated as (('C#' == 'C++' and '' != 'true') and  == 'true').
       Task "NETSdkError" skipped, due to false condition; (('$(Language)' == 'C++' and '$(_EnablePackageReferencesInVCProjects)' != 'true') and $(SelfContained) == 'true') was evaluated as (('C#' == 'C++' and '' != 'true') and  == 'true').
   3:7>Done building target "_CheckForLanguageAndFeatureCombinationSupport" in project "TourManagement.Infrastructure.csproj".
       Target "_CheckForNETCoreSdkIsPreview" skipped, due to false condition; ( '$(_NETCoreSdkIsPreview)' == 'true' AND '$(SuppressNETCoreSdkPreviewMessage)' != 'true' ) was evaluated as ( 'false' == 'true' AND '' != 'true' ).
   3:7>Target "_GetProjectJsonPath" in file "/usr/share/dotnet/sdk/8.0.417/NuGet.targets" from project "/modernize-data/studio-data/TNT1001/APP1166/transformed-code/344/studio-workspace/TMS22/src/TourManagement.Infrastructure/TourManagement.Infrastructure.csproj" (target "_GetRestoreProjectStyle" depends on it):
       Task "GetRestoreProjectJsonPathTask" skipped, due to false condition; ( '$(RestoreProjectStyle)' == 'ProjectJson' OR '$(RestoreProjectStyle)' == '' ) was evaluated as ( 'PackageReference' == 'ProjectJson' OR 'PackageReference' == '' ).
   3:7>Done building target "_GetProjectJsonPath" in project "TourManagement.Infrastructure.csproj".
       Target "_CheckForUnsupportedTargetPlatformIdentifier" skipped, due to false condition; ('$(TargetPlatformIdentifier)' != '' and '$(TargetFrameworkIdentifier)' == '.NETCoreApp' and $([MSBuild]::VersionGreaterThanOrEquals($(TargetFrameworkVersion), 5.0)) And ('$(DesignTimeBuild)' != 'true' Or '@(MissingWorkloadPack)' == '')) was evaluated as ('' != '' and '.NETCoreApp' == '.NETCoreApp' and True And ('' != 'true' Or '' == '')).
       Target "_CheckForMissingWorkload" skipped, due to false condition; ('@(MissingWorkloadPack)' != '' And '$(DesignTimeBuild)' != 'true') was evaluated as ('' != '' And '' != 'true').
       Target "_CheckForUnsupportedNETStandardVersion" skipped, due to false condition; ('$(TargetFrameworkIdentifier)' == '.NETStandard' And '$(NETStandardMaximumVersion)' != '') was evaluated as ('.NETCoreApp' == '.NETStandard' And '' != '').
       Target "_CheckForUnsupportedTargetFrameworkAndFeatureCombination" skipped, due to false condition; ('$(TargetFrameworkIdentifier)' == '.NETFramework') was evaluated as ('.NETCoreApp' == '.NETFramework').
   3:7>Target "UpdateAspNetToFrameworkReference" in file "/usr/share/dotnet/sdk/8.0.417/Sdks/Microsoft.NET.Sdk/targets/Microsoft.NET.Sdk.DefaultItems.Shared.targets" from project "/modernize-data/studio-data/TNT1001/APP1166/transformed-code/344/studio-workspace/TMS22/src/TourManagement.Infrastructure/TourManagement.Infrastructure.csproj" (target "ApplyImplicitVersions" depends on it):
       Using "CheckIfPackageReferenceShouldBeFrameworkReference" task from assembly "/usr/share/dotnet/sdk/8.0.417/Sdks/Microsoft.NET.Sdk/targets/../tools/net8.0/Microsoft.NET.Build.Tasks.dll".
       Task "CheckIfPackageReferenceShouldBeFrameworkReference"
       Done executing task "CheckIfPackageReferenceShouldBeFrameworkReference".
       Task "NETSdkError" skipped, due to false condition; ('$(_ShouldRemoveAspNetCoreAll)' == 'true') was evaluated as ('False' == 'true').
       Task "CheckIfPackageReferenceShouldBeFrameworkReference"
       Done executing task "CheckIfPackageReferenceShouldBeFrameworkReference".
       Task "NETSdkWarning" skipped, due to false condition; ('$(_ShouldRemoveAspNetCoreApp)' == 'true') was evaluated as ('False' == 'true').
   3:7>Done building target "UpdateAspNetToFrameworkReference" in project "TourManagement.Infrastructure.csproj".
       Target "IncludeTargetingPackReference" skipped, due to false condition; ('$(TargetFrameworkMoniker)' != '' and '$(TargetFrameworkIdentifier)' == '.NETFramework' and '$(AutomaticallyUseReferenceAssemblyPackages)' == 'true') was evaluated as ('.NETCoreApp,Version=v8.0' != '' and '.NETCoreApp' == '.NETFramework' and 'true' == 'true').
   3:7>Target "CheckForImplicitPackageReferenceOverrides" in file "/usr/share/dotnet/sdk/8.0.417/Sdks/Microsoft.NET.Sdk/targets/Microsoft.NET.Sdk.DefaultItems.Shared.targets" from project "/modernize-data/studio-data/TNT1001/APP1166/transformed-code/344/studio-workspace/TMS22/src/TourManagement.Infrastructure/TourManagement.Infrastructure.csproj" (target "ApplyImplicitVersions" depends on it):
       Using "CheckForImplicitPackageReferenceOverrides" task from assembly "/usr/share/dotnet/sdk/8.0.417/Sdks/Microsoft.NET.Sdk/targets/../tools/net8.0/Microsoft.NET.Build.Tasks.dll".
       Task "CheckForImplicitPackageReferenceOverrides"
       Done executing task "CheckForImplicitPackageReferenceOverrides".
   3:7>Done building target "CheckForImplicitPackageReferenceOverrides" in project "TourManagement.Infrastructure.csproj".
   3:7>Target "ApplyImplicitVersions" in file "/usr/share/dotnet/sdk/8.0.417/Sdks/Microsoft.NET.Sdk/targets/Microsoft.NET.Sdk.DefaultItems.Shared.targets" from project "/modernize-data/studio-data/TNT1001/APP1166/transformed-code/344/studio-workspace/TMS22/src/TourManagement.Infrastructure/TourManagement.Infrastructure.csproj" (target "CollectPackageReferences" depends on it):
       Using "ApplyImplicitVersions" task from assembly "/usr/share/dotnet/sdk/8.0.417/Sdks/Microsoft.NET.Sdk/targets/../tools/net8.0/Microsoft.NET.Build.Tasks.dll".
       Task "ApplyImplicitVersions"
       Done executing task "ApplyImplicitVersions".
   3:7>Done building target "ApplyImplicitVersions" in project "TourManagement.Infrastructure.csproj".
       Target "CheckForImplicitPackageReferenceOverrides" skipped. Previously built successfully.
       Target "AddWindowsSdkKnownFrameworkReferences" skipped, due to false condition; ('$(TargetFrameworkIdentifier)' == '.NETCoreApp' And '$(TargetPlatformIdentifier)' == 'Windows') was evaluated as ('.NETCoreApp' == '.NETCoreApp' And '' == 'Windows').
       Target "_NormalizeTargetPlatformVersion" skipped, due to false condition; ('$(TargetPlatformVersion)' != '' and '$(TargetFrameworkIdentifier)' == '.NETCoreApp' and $([MSBuild]::VersionGreaterThanOrEquals($(TargetFrameworkVersion), 5.0)) and ('$(Language)' != 'C++' or '$(_EnablePackageReferencesInVCProjects)' == 'true')) was evaluated as ('' != '' and '.NETCoreApp' == '.NETCoreApp' and True and ('C#' != 'C++' or '' == 'true')).
   3:7>Target "_ComputeToolPackInputsToProcessFrameworkReferences" in file "/usr/share/dotnet/sdk/8.0.417/Sdks/Microsoft.NET.Sdk/targets/Microsoft.NET.Publish.targets" from project "/modernize-data/studio-data/TNT1001/APP1166/transformed-code/344/studio-workspace/TMS22/src/TourManagement.Infrastructure/TourManagement.Infrastructure.csproj" (target "ProcessFrameworkReferences" depends on it):
   3:7>Done building target "_ComputeToolPackInputsToProcessFrameworkReferences" in project "TourManagement.Infrastructure.csproj".
   3:7>Target "ProcessFrameworkReferences" in file "/usr/share/dotnet/sdk/8.0.417/Sdks/Microsoft.NET.Sdk/targets/Microsoft.NET.Sdk.FrameworkReferenceResolution.targets" from project "/modernize-data/studio-data/TNT1001/APP1166/transformed-code/344/studio-workspace/TMS22/src/TourManagement.Infrastructure/TourManagement.Infrastructure.csproj" (target "CollectPackageReferences" depends on it):
       Using "CheckForDuplicateFrameworkReferences" task from assembly "/usr/share/dotnet/sdk/8.0.417/Sdks/Microsoft.NET.Sdk/targets/../tools/net8.0/Microsoft.NET.Build.Tasks.dll".
       Task "CheckForDuplicateFrameworkReferences"
       Done executing task "CheckForDuplicateFrameworkReferences".
   2:8>Done executing task "ProcessFrameworkReferences".
   3:7>ProcessFrameworkReferences:
       Using "ProcessFrameworkReferences" task from assembly "/usr/share/dotnet/sdk/8.0.417/Sdks/Microsoft.NET.Sdk/targets/../tools/net8.0/Microsoft.NET.Build.Tasks.dll".
       Task "ProcessFrameworkReferences"
   2:8>ProcessFrameworkReferences:
       Using "ResolveAppHosts" task from assembly "/usr/share/dotnet/sdk/8.0.417/Sdks/Microsoft.NET.Sdk/targets/../tools/net8.0/Microsoft.NET.Build.Tasks.dll".
       Task "ResolveAppHosts"
   5:8>Done executing task "ProcessFrameworkReferences".
       Using "ResolveAppHosts" task from assembly "/usr/share/dotnet/sdk/8.0.417/Sdks/Microsoft.NET.Sdk/targets/../tools/net8.0/Microsoft.NET.Build.Tasks.dll".
       Task "ResolveAppHosts"
   2:8>Done executing task "ResolveAppHosts".
   2:8>Done building target "ProcessFrameworkReferences" in project "TourManagement.Application.csproj".
       Target "IncludeTargetingPackReference" skipped, due to false condition; ('$(TargetFrameworkMoniker)' != '' and '$(TargetFrameworkIdentifier)' == '.NETFramework' and '$(AutomaticallyUseReferenceAssemblyPackages)' == 'true') was evaluated as ('.NETCoreApp,Version=v8.0' != '' and '.NETCoreApp' == '.NETFramework' and 'true' == 'true').
   2:8>Target "_AddMicrosoftNetCompilerToolsetFrameworkPackage" in file "/usr/share/dotnet/sdk/8.0.417/Sdks/Microsoft.NET.Sdk/targets/Microsoft.NET.Sdk.targets" from project "/modernize-data/studio-data/TNT1001/APP1166/transformed-code/344/studio-workspace/TMS22/src/TourManagement.Application/TourManagement.Application.csproj" (target "CollectPackageReferences" depends on it):
       Task "NETSdkWarning" skipped, due to false condition; ('@(PackageReference->AnyHaveMetadataValue('Identity', 'Microsoft.Net.Compilers.Toolset.Framework'))' == 'true') was evaluated as ('false' == 'true').
   2:8>Done building target "_AddMicrosoftNetCompilerToolsetFrameworkPackage" in project "TourManagement.Application.csproj".
   2:8>Target "_CheckForObsoleteDotNetCliToolReferences" in file "/usr/share/dotnet/sdk/8.0.417/Sdks/Microsoft.NET.Sdk/targets/Microsoft.NET.ObsoleteReferences.targets" from project "/modernize-data/studio-data/TNT1001/APP1166/transformed-code/344/studio-workspace/TMS22/src/TourManagement.Application/TourManagement.Application.csproj" (target "CollectPackageReferences" depends on it):
       Task "NETSdkWarning" skipped, due to false condition; ( '%(_ReferenceToObsoleteDotNetCliTool.Identity)' != '' ) was evaluated as ( '' != '' ).
   2:8>Done building target "_CheckForObsoleteDotNetCliToolReferences" in project "TourManagement.Application.csproj".
   2:8>Target "CollectPackageReferences" in file "/usr/share/dotnet/sdk/8.0.417/NuGet.targets" from project "/modernize-data/studio-data/TNT1001/APP1166/transformed-code/344/studio-workspace/TMS22/src/TourManagement.Application/TourManagement.Application.csproj" (target "_GetRestoreProjectStyle" depends on it):
       Using "CheckForDuplicateNuGetItemsTask" task from assembly "/usr/share/dotnet/sdk/8.0.417/NuGet.Build.Tasks.dll".
       Task "CheckForDuplicateNuGetItemsTask"
       Done executing task "CheckForDuplicateNuGetItemsTask".
   2:8>Done building target "CollectPackageReferences" in project "TourManagement.Application.csproj".
   2:8>Target "_GetRestoreProjectStyle" in file "/usr/share/dotnet/sdk/8.0.417/NuGet.targets" from project "/modernize-data/studio-data/TNT1001/APP1166/transformed-code/344/studio-workspace/TMS22/src/TourManagement.Application/TourManagement.Application.csproj" (target "EnableIntermediateOutputPathMismatchWarning" depends on it):
       Using "GetRestoreProjectStyleTask" task from assembly "/usr/share/dotnet/sdk/8.0.417/NuGet.Build.Tasks.dll".
       Task "GetRestoreProjectStyleTask"
   5:8>Done executing task "ResolveAppHosts".
   5:8>Done building target "ProcessFrameworkReferences" in project "TourManagement.Domain.csproj".
       Target "IncludeTargetingPackReference" skipped, due to false condition; ('$(TargetFrameworkMoniker)' != '' and '$(TargetFrameworkIdentifier)' == '.NETFramework' and '$(AutomaticallyUseReferenceAssemblyPackages)' == 'true') was evaluated as ('.NETCoreApp,Version=v8.0' != '' and '.NETCoreApp' == '.NETFramework' and 'true' == 'true').
   5:8>Target "_AddMicrosoftNetCompilerToolsetFrameworkPackage" in file "/usr/share/dotnet/sdk/8.0.417/Sdks/Microsoft.NET.Sdk/targets/Microsoft.NET.Sdk.targets" from project "/modernize-data/studio-data/TNT1001/APP1166/transformed-code/344/studio-workspace/TMS22/src/TourManagement.Domain/TourManagement.Domain.csproj" (target "CollectPackageReferences" depends on it):
       Task "NETSdkWarning" skipped, due to false condition; ('@(PackageReference->AnyHaveMetadataValue('Identity', 'Microsoft.Net.Compilers.Toolset.Framework'))' == 'true') was evaluated as ('false' == 'true').
   5:8>Done building target "_AddMicrosoftNetCompilerToolsetFrameworkPackage" in project "TourManagement.Domain.csproj".
   5:8>Target "_CheckForObsoleteDotNetCliToolReferences" in file "/usr/share/dotnet/sdk/8.0.417/Sdks/Microsoft.NET.Sdk/targets/Microsoft.NET.ObsoleteReferences.targets" from project "/modernize-data/studio-data/TNT1001/APP1166/transformed-code/344/studio-workspace/TMS22/src/TourManagement.Domain/TourManagement.Domain.csproj" (target "CollectPackageReferences" depends on it):
       Task "NETSdkWarning" skipped, due to false condition; ( '%(_ReferenceToObsoleteDotNetCliTool.Identity)' != '' ) was evaluated as ( '' != '' ).
   5:8>Done building target "_CheckForObsoleteDotNetCliToolReferences" in project "TourManagement.Domain.csproj".
   5:8>Target "CollectPackageReferences" in file "/usr/share/dotnet/sdk/8.0.417/NuGet.targets" from project "/modernize-data/studio-data/TNT1001/APP1166/transformed-code/344/studio-workspace/TMS22/src/TourManagement.Domain/TourManagement.Domain.csproj" (target "_GetRestoreProjectStyle" depends on it):
       Using "CheckForDuplicateNuGetItemsTask" task from assembly "/usr/share/dotnet/sdk/8.0.417/NuGet.Build.Tasks.dll".
       Task "CheckForDuplicateNuGetItemsTask"
   2:8>Done executing task "GetRestoreProjectStyleTask".
   5:8>Done executing task "CheckForDuplicateNuGetItemsTask".
   2:8>Done building target "_GetRestoreProjectStyle" in project "TourManagement.Application.csproj".
   5:8>Done building target "CollectPackageReferences" in project "TourManagement.Domain.csproj".
   2:8>Target "EnableIntermediateOutputPathMismatchWarning" in file "/usr/share/dotnet/sdk/8.0.417/NuGet.targets" from project "/modernize-data/studio-data/TNT1001/APP1166/transformed-code/344/studio-workspace/TMS22/src/TourManagement.Application/TourManagement.Application.csproj" (target "_CheckForInvalidConfigurationAndPlatform" depends on it):
   2:8>Done building target "EnableIntermediateOutputPathMismatchWarning" in project "TourManagement.Application.csproj".
       Target "ApplyImplicitVersions" skipped. Previously built successfully.
       Target "CheckForImplicitPackageReferenceOverrides" skipped. Previously built successfully.
   5:8>Target "_GetRestoreProjectStyle" in file "/usr/share/dotnet/sdk/8.0.417/NuGet.targets" from project "/modernize-data/studio-data/TNT1001/APP1166/transformed-code/344/studio-workspace/TMS22/src/TourManagement.Domain/TourManagement.Domain.csproj" (target "EnableIntermediateOutputPathMismatchWarning" depends on it):
   5:8>Using "GetRestoreProjectStyleTask" task from assembly "/usr/share/dotnet/sdk/8.0.417/NuGet.Build.Tasks.dll".
       Task "GetRestoreProjectStyleTask"
   2:8>Target "CheckForDuplicateItems" in file "/usr/share/dotnet/sdk/8.0.417/Sdks/Microsoft.NET.Sdk/targets/Microsoft.NET.Sdk.DefaultItems.Shared.targets" from project "/modernize-data/studio-data/TNT1001/APP1166/transformed-code/344/studio-workspace/TMS22/src/TourManagement.Application/TourManagement.Application.csproj" (target "_CheckForInvalidConfigurationAndPlatform" depends on it):
   2:8>Using "CheckForDuplicateItems" task from assembly "/usr/share/dotnet/sdk/8.0.417/Sdks/Microsoft.NET.Sdk/targets/../tools/net8.0/Microsoft.NET.Build.Tasks.dll".
       Task "CheckForDuplicateItems"
       Done executing task "CheckForDuplicateItems".
       Task "CheckForDuplicateItems"
   3:7>Done executing task "ProcessFrameworkReferences".
   2:8>Done executing task "CheckForDuplicateItems".
       Task "CheckForDuplicateItems"
   5:8>Done executing task "GetRestoreProjectStyleTask".
   3:7>ProcessFrameworkReferences:
       Using "ResolveAppHosts" task from assembly "/usr/share/dotnet/sdk/8.0.417/Sdks/Microsoft.NET.Sdk/targets/../tools/net8.0/Microsoft.NET.Build.Tasks.dll".
       Task "ResolveAppHosts"
   5:8>Done building target "_GetRestoreProjectStyle" in project "TourManagement.Domain.csproj".
   2:8>Done executing task "CheckForDuplicateItems".
   2:8>Done building target "CheckForDuplicateItems" in project "TourManagement.Application.csproj".
   5:8>Target "EnableIntermediateOutputPathMismatchWarning" in file "/usr/share/dotnet/sdk/8.0.417/NuGet.targets" from project "/modernize-data/studio-data/TNT1001/APP1166/transformed-code/344/studio-workspace/TMS22/src/TourManagement.Domain/TourManagement.Domain.csproj" (target "_CheckForInvalidConfigurationAndPlatform" depends on it):
   5:8>Done building target "EnableIntermediateOutputPathMismatchWarning" in project "TourManagement.Domain.csproj".
   2:8>Target "WarnForExplicitVersions" skipped, due to false condition; ('@(SdkBuildWarning)' != '') was evaluated as ('' != '').
   5:8>Target "ApplyImplicitVersions" skipped, due to false condition; ('@(PackageReference)' != '') was evaluated as ('' != '').
   2:8>Target "_CheckForFailedSDKResolution" skipped, due to false condition; ('$(SdkResolverHonoredGlobalJson)' == 'false') was evaluated as ('' == 'false').
   5:8>Target "CheckForImplicitPackageReferenceOverrides" skipped. Previously built successfully.
   2:8>Target "_WarnWhenUsingNET8AndVSPriorTo178" skipped, due to false condition; ($([MSBuild]::VersionLessThan($(MSBuildVersion), '17.8.0')) and '$(TargetFrameworkIdentifier)' == '.NETCoreApp' and $([MSBuild]::VersionGreaterThanOrEquals($(_TargetFrameworkVersionWithoutV), '8.0'))) was evaluated as (False and '.NETCoreApp' == '.NETCoreApp' and True).
       Target "_CheckForInvalidWindowsDesktopTargetingConfiguration" skipped, due to false condition; ('$(TargetFrameworkIdentifier)' == '.NETCoreApp' and $([MSBuild]::VersionGreaterThanOrEquals($(_TargetFrameworkVersionWithoutV), '5.0')) and ('$(UseWindowsForms)' == 'true' or '$(UseWPF)' == 'true')) was evaluated as ('.NETCoreApp' == '.NETCoreApp' and True and ('' == 'true' or '' == 'true')).
   5:8>Target "CheckForDuplicateItems" in file "/usr/share/dotnet/sdk/8.0.417/Sdks/Microsoft.NET.Sdk/targets/Microsoft.NET.Sdk.DefaultItems.Shared.targets" from project "/modernize-data/studio-data/TNT1001/APP1166/transformed-code/344/studio-workspace/TMS22/src/TourManagement.Domain/TourManagement.Domain.csproj" (target "_CheckForInvalidConfigurationAndPlatform" depends on it):
   5:8>Using "CheckForDuplicateItems" task from assembly "/usr/share/dotnet/sdk/8.0.417/Sdks/Microsoft.NET.Sdk/targets/../tools/net8.0/Microsoft.NET.Build.Tasks.dll".
       Task "CheckForDuplicateItems"
   2:8>Target "_CheckForUnnecessaryWindowsDesktopSDK" skipped, due to false condition; ('$(TargetFrameworkIdentifier)' == '.NETCoreApp' and $([MSBuild]::VersionGreaterThanOrEquals($(_TargetFrameworkVersionWithoutV), '5.0')) and '$(_MicrosoftWindowsDesktopSdkImported)' == 'true' and '$(TargetFrameworks)' == '') was evaluated as ('.NETCoreApp' == '.NETCoreApp' and True and '' == 'true' and '' == '').
       Target "ProcessFrameworkReferences" skipped. Previously built successfully.
       Target "IncludeTargetingPackReference" skipped, due to false condition; ('$(TargetFrameworkMoniker)' != '' and '$(TargetFrameworkIdentifier)' == '.NETFramework' and '$(AutomaticallyUseReferenceAssemblyPackages)' == 'true') was evaluated as ('.NETCoreApp,Version=v8.0' != '' and '.NETCoreApp' == '.NETFramework' and 'true' == 'true').
   2:8>Target "_CheckForInvalidConfigurationAndPlatform" in file "/usr/share/dotnet/sdk/8.0.417/Microsoft.Common.CurrentVersion.targets" from project "/modernize-data/studio-data/TNT1001/APP1166/transformed-code/344/studio-workspace/TMS22/src/TourManagement.Application/TourManagement.Application.csproj" (target "BeforeBuild" depends on it):
       Task "Error" skipped, due to false condition; ( '$(_InvalidConfigurationError)' == 'true' ) was evaluated as ( '' == 'true' ).
       Task "Warning" skipped, due to false condition; ( '$(_InvalidConfigurationWarning)' == 'true' ) was evaluated as ( '' == 'true' ).
       Task "Message"
         Configuration=Debug
       Done executing task "Message".
   5:8>Done executing task "CheckForDuplicateItems".
   2:8>Task "Message"
         Platform=AnyCPU
   5:8>Task "CheckForDuplicateItems"
   2:8>Done executing task "Message".
       Task "Error" skipped, due to false condition; ('$(OutDir)' != '' and !HasTrailingSlash('$(OutDir)')) was evaluated as ('bin/Debug/net8.0/' != '' and !HasTrailingSlash('bin/Debug/net8.0/')).
       Task "Error" skipped, due to false condition; ('$(IntermediateOutputPath)' != '' and !HasTrailingSlash('$(IntermediateOutputPath)')) was evaluated as ('obj/Debug/net8.0/' != '' and !HasTrailingSlash('obj/Debug/net8.0/')).
       Task "Error" skipped, due to false condition; ('$(BaseIntermediateOutputPath)' != '' and !HasTrailingSlash('$(BaseIntermediateOutputPath)')) was evaluated as ('obj/' != '' and !HasTrailingSlash('obj/')).
       Task "MSBuildInternalMessage" skipped, due to false condition; ( '$(Prefer32Bit)' == 'true' and '$(PreferNativeArm64)' == 'true' ) was evaluated as ( 'false' == 'true' and '' == 'true' ).
       Task "MSBuildInternalMessage" skipped, due to false condition; ( '$(NoWin32Manifest)' == 'true' and '$(PreferNativeArm64)' == 'true' ) was evaluated as ( '' == 'true' and '' == 'true' ).
       Task "MSBuildInternalMessage" skipped, due to false condition; ( '$(PreferNativeArm64)' == 'true' and '$(Platform)' != 'AnyCPU' ) was evaluated as ( '' == 'true' and 'AnyCPU' != 'AnyCPU' ).
       Task "Error" skipped, due to false condition; ( '$(_InitialMSBuildProjectExtensionsPath)' != '' And '$(MSBuildProjectExtensionsPath)' != '$(_InitialMSBuildProjectExtensionsPath)' ) was evaluated as ( '/modernize-data/studio-data/TNT1001/APP1166/transformed-code/344/studio-workspace/TMS22/src/TourManagement.Application/obj/' != '' And '/modernize-data/studio-data/TNT1001/APP1166/transformed-code/344/studio-workspace/TMS22/src/TourManagement.Application/obj/' != '/modernize-data/studio-data/TNT1001/APP1166/transformed-code/344/studio-workspace/TMS22/src/TourManagement.Application/obj/' ).
       Task "Warning" skipped, due to false condition; ( '$(EnableBaseIntermediateOutputPathMismatchWarning)' == 'true' And '$(_InitialBaseIntermediateOutputPath)' != '$(BaseIntermediateOutputPath)' And '$(BaseIntermediateOutputPath)' != '$(MSBuildProjectExtensionsPath)' ) was evaluated as ( 'true' == 'true' And 'obj/' != 'obj/' And 'obj/' != '/modernize-data/studio-data/TNT1001/APP1166/transformed-code/344/studio-workspace/TMS22/src/TourManagement.Application/obj/' ).
   2:8>Done building target "_CheckForInvalidConfigurationAndPlatform" in project "TourManagement.Application.csproj".
   2:8>Target "ValidateCommandLineProperties" in file "/usr/share/dotnet/sdk/8.0.417/Sdks/Microsoft.NET.Sdk/targets/Microsoft.NET.Sdk.targets" from project "/modernize-data/studio-data/TNT1001/APP1166/transformed-code/344/studio-workspace/TMS22/src/TourManagement.Application/TourManagement.Application.csproj" (target "BeforeBuild" depends on it):
   2:8>Done building target "ValidateCommandLineProperties" in project "TourManagement.Application.csproj".
   2:8>Target "BeforeBuild" in file "/usr/share/dotnet/sdk/8.0.417/Microsoft.Common.CurrentVersion.targets" from project "/modernize-data/studio-data/TNT1001/APP1166/transformed-code/344/studio-workspace/TMS22/src/TourManagement.Application/TourManagement.Application.csproj" (target "Build" depends on it):
   2:8>Done building target "BeforeBuild" in project "TourManagement.Application.csproj".
       Target "_CheckForBuildWithNoBuild" skipped, due to false condition; ('$(NoBuild)' == 'true' and '$(GeneratePackageOnBuild)' != 'true') was evaluated as ('' == 'true' and 'false' != 'true').
   2:8>Target "BuildOnlySettings" in file "/usr/share/dotnet/sdk/8.0.417/Microsoft.Common.CurrentVersion.targets" from project "/modernize-data/studio-data/TNT1001/APP1166/transformed-code/344/studio-workspace/TMS22/src/TourManagement.Application/TourManagement.Application.csproj" (target "CoreBuild" depends on it):
   2:8>Done building target "BuildOnlySettings" in project "TourManagement.Application.csproj".
   5:8>Done executing task "CheckForDuplicateItems".
   2:8>Target "_CheckForUnsupportedTargetFramework" skipped, due to false condition; ('$(_UnsupportedTargetFrameworkError)' == 'true') was evaluated as ('' == 'true').
   5:8>Task "CheckForDuplicateItems"
   2:8>Target "_CheckForUnsupportedTargetPlatformIdentifier" skipped, due to false condition; ('$(TargetPlatformIdentifier)' != '' and '$(TargetFrameworkIdentifier)' == '.NETCoreApp' and $([MSBuild]::VersionGreaterThanOrEquals($(TargetFrameworkVersion), 5.0)) And ('$(DesignTimeBuild)' != 'true' Or '@(MissingWorkloadPack)' == '')) was evaluated as ('' != '' and '.NETCoreApp' == '.NETCoreApp' and True And ('' != 'true' Or '' == '')).
       Target "_CheckForMissingWorkload" skipped, due to false condition; ('@(MissingWorkloadPack)' != '' And '$(DesignTimeBuild)' != 'true') was evaluated as ('' != '' And '' != 'true').
   2:8>Target "GetFrameworkPaths" in file "/usr/share/dotnet/sdk/8.0.417/Sdks/Microsoft.NET.Sdk/targets/Microsoft.NET.DisableStandardFrameworkResolution.targets" from project "/modernize-data/studio-data/TNT1001/APP1166/transformed-code/344/studio-workspace/TMS22/src/TourManagement.Application/TourManagement.Application.csproj" (target "PrepareForBuild" depends on it):
   2:8>Done building target "GetFrameworkPaths" in project "TourManagement.Application.csproj".
       Target "_CheckForUnsupportedTargetFramework" skipped, due to false condition; ('$(_UnsupportedTargetFrameworkError)' == 'true') was evaluated as ('' == 'true').
       Target "_CheckForUnsupportedTargetPlatformIdentifier" skipped, due to false condition; ('$(TargetPlatformIdentifier)' != '' and '$(TargetFrameworkIdentifier)' == '.NETCoreApp' and $([MSBuild]::VersionGreaterThanOrEquals($(TargetFrameworkVersion), 5.0)) And ('$(DesignTimeBuild)' != 'true' Or '@(MissingWorkloadPack)' == '')) was evaluated as ('' != '' and '.NETCoreApp' == '.NETCoreApp' and True And ('' != 'true' Or '' == '')).
       Target "_CheckForMissingWorkload" skipped, due to false condition; ('@(MissingWorkloadPack)' != '' And '$(DesignTimeBuild)' != 'true') was evaluated as ('' != '' And '' != 'true').
   2:8>Target "GetReferenceAssemblyPaths" in file "/usr/share/dotnet/sdk/8.0.417/Sdks/Microsoft.NET.Sdk/targets/Microsoft.NET.DisableStandardFrameworkResolution.targets" from project "/modernize-data/studio-data/TNT1001/APP1166/transformed-code/344/studio-workspace/TMS22/src/TourManagement.Application/TourManagement.Application.csproj" (target "PrepareForBuild" depends on it):
   2:8>Done building target "GetReferenceAssemblyPaths" in project "TourManagement.Application.csproj".
       Target "AssignLinkMetadata" skipped, due to false condition; ( '$(SynthesizeLinkMetadata)' == 'true' ) was evaluated as ( '' == 'true' ).
       Target "_VerifyPackReleaseConfigurations" skipped, due to false condition; ('$(_IsPacking)' == 'true' and '$(DOTNET_CLI_DISABLE_PUBLISH_AND_PACK_RELEASE)' != 'true' and '$(DOTNET_CLI_LAZY_PUBLISH_AND_PACK_RELEASE_FOR_SOLUTIONS)' == 'true') was evaluated as ('' == 'true' and '' != 'true' and '' == 'true').
   3:7>Done executing task "ResolveAppHosts".
   2:8>Target "PrepareForBuild" in file "/usr/share/dotnet/sdk/8.0.417/Microsoft.Common.CurrentVersion.targets" from project "/modernize-data/studio-data/TNT1001/APP1166/transformed-code/344/studio-workspace/TMS22/src/TourManagement.Application/TourManagement.Application.csproj" (target "CoreBuild" depends on it):
   2:8>Using "FindAppConfigFile" task from assembly "Microsoft.Build.Tasks.Core, Version=15.1.0.0, Culture=neutral, PublicKeyToken=b03f5f7f11d50a3a".
       Task "FindAppConfigFile"
   3:7>Done building target "ProcessFrameworkReferences" in project "TourManagement.Infrastructure.csproj".
   5:8>Done executing task "CheckForDuplicateItems".
   5:8>Done building target "CheckForDuplicateItems" in project "TourManagement.Domain.csproj".
   3:7>Target "IncludeTargetingPackReference" skipped, due to false condition; ('$(TargetFrameworkMoniker)' != '' and '$(TargetFrameworkIdentifier)' == '.NETFramework' and '$(AutomaticallyUseReferenceAssemblyPackages)' == 'true') was evaluated as ('.NETCoreApp,Version=v8.0' != '' and '.NETCoreApp' == '.NETFramework' and 'true' == 'true').
   5:8>Target "WarnForExplicitVersions" skipped, due to false condition; ('@(SdkBuildWarning)' != '') was evaluated as ('' != '').
       Target "_CheckForFailedSDKResolution" skipped, due to false condition; ('$(SdkResolverHonoredGlobalJson)' == 'false') was evaluated as ('' == 'false').
   3:7>Target "_AddMicrosoftNetCompilerToolsetFrameworkPackage" in file "/usr/share/dotnet/sdk/8.0.417/Sdks/Microsoft.NET.Sdk/targets/Microsoft.NET.Sdk.targets" from project "/modernize-data/studio-data/TNT1001/APP1166/transformed-code/344/studio-workspace/TMS22/src/TourManagement.Infrastructure/TourManagement.Infrastructure.csproj" (target "CollectPackageReferences" depends on it):
   3:7>Task "NETSdkWarning" skipped, due to false condition; ('@(PackageReference->AnyHaveMetadataValue('Identity', 'Microsoft.Net.Compilers.Toolset.Framework'))' == 'true') was evaluated as ('false' == 'true').
   3:7>Done building target "_AddMicrosoftNetCompilerToolsetFrameworkPackage" in project "TourManagement.Infrastructure.csproj".
   5:8>Target "_WarnWhenUsingNET8AndVSPriorTo178" skipped, due to false condition; ($([MSBuild]::VersionLessThan($(MSBuildVersion), '17.8.0')) and '$(TargetFrameworkIdentifier)' == '.NETCoreApp' and $([MSBuild]::VersionGreaterThanOrEquals($(_TargetFrameworkVersionWithoutV), '8.0'))) was evaluated as (False and '.NETCoreApp' == '.NETCoreApp' and True).
   2:8>Done executing task "FindAppConfigFile".
   5:8>Target "_CheckForInvalidWindowsDesktopTargetingConfiguration" skipped, due to false condition; ('$(TargetFrameworkIdentifier)' == '.NETCoreApp' and $([MSBuild]::VersionGreaterThanOrEquals($(_TargetFrameworkVersionWithoutV), '5.0')) and ('$(UseWindowsForms)' == 'true' or '$(UseWPF)' == 'true')) was evaluated as ('.NETCoreApp' == '.NETCoreApp' and True and ('' == 'true' or '' == 'true')).
   3:7>Target "_CheckForObsoleteDotNetCliToolReferences" in file "/usr/share/dotnet/sdk/8.0.417/Sdks/Microsoft.NET.Sdk/targets/Microsoft.NET.ObsoleteReferences.targets" from project "/modernize-data/studio-data/TNT1001/APP1166/transformed-code/344/studio-workspace/TMS22/src/TourManagement.Infrastructure/TourManagement.Infrastructure.csproj" (target "CollectPackageReferences" depends on it):
   3:7>Task "NETSdkWarning" skipped, due to false condition; ( '%(_ReferenceToObsoleteDotNetCliTool.Identity)' != '' ) was evaluated as ( '' != '' ).
   3:7>Done building target "_CheckForObsoleteDotNetCliToolReferences" in project "TourManagement.Infrastructure.csproj".
   5:8>Target "_CheckForUnnecessaryWindowsDesktopSDK" skipped, due to false condition; ('$(TargetFrameworkIdentifier)' == '.NETCoreApp' and $([MSBuild]::VersionGreaterThanOrEquals($(_TargetFrameworkVersionWithoutV), '5.0')) and '$(_MicrosoftWindowsDesktopSdkImported)' == 'true' and '$(TargetFrameworks)' == '') was evaluated as ('.NETCoreApp' == '.NETCoreApp' and True and '' == 'true' and '' == '').
       Target "ProcessFrameworkReferences" skipped. Previously built successfully.
       Target "IncludeTargetingPackReference" skipped, due to false condition; ('$(TargetFrameworkMoniker)' != '' and '$(TargetFrameworkIdentifier)' == '.NETFramework' and '$(AutomaticallyUseReferenceAssemblyPackages)' == 'true') was evaluated as ('.NETCoreApp,Version=v8.0' != '' and '.NETCoreApp' == '.NETFramework' and 'true' == 'true').
   2:8>PrepareForBuild:
       Using "MakeDir" task from assembly "Microsoft.Build.Tasks.Core, Version=15.1.0.0, Culture=neutral, PublicKeyToken=b03f5f7f11d50a3a".
       Task "MakeDir"
   5:8>Target "_CheckForInvalidConfigurationAndPlatform" in file "/usr/share/dotnet/sdk/8.0.417/Microsoft.Common.CurrentVersion.targets" from project "/modernize-data/studio-data/TNT1001/APP1166/transformed-code/344/studio-workspace/TMS22/src/TourManagement.Domain/TourManagement.Domain.csproj" (target "BeforeBuild" depends on it):
   5:8>Task "Error" skipped, due to false condition; ( '$(_InvalidConfigurationError)' == 'true' ) was evaluated as ( '' == 'true' ).
       Task "Warning" skipped, due to false condition; ( '$(_InvalidConfigurationWarning)' == 'true' ) was evaluated as ( '' == 'true' ).
       Task "Message"
   3:7>Target "CollectPackageReferences" in file "/usr/share/dotnet/sdk/8.0.417/NuGet.targets" from project "/modernize-data/studio-data/TNT1001/APP1166/transformed-code/344/studio-workspace/TMS22/src/TourManagement.Infrastructure/TourManagement.Infrastructure.csproj" (target "_GetRestoreProjectStyle" depends on it):
   3:7>Using "CheckForDuplicateNuGetItemsTask" task from assembly "/usr/share/dotnet/sdk/8.0.417/NuGet.Build.Tasks.dll".
       Task "CheckForDuplicateNuGetItemsTask"
   5:8>_CheckForInvalidConfigurationAndPlatform:
         Configuration=Debug
       Done executing task "Message".
       Task "Message"
         Platform=AnyCPU
       Done executing task "Message".
   2:8>Done executing task "MakeDir".
   5:8>_CheckForInvalidConfigurationAndPlatform:
       Task "Error" skipped, due to false condition; ('$(OutDir)' != '' and !HasTrailingSlash('$(OutDir)')) was evaluated as ('bin/Debug/net8.0/' != '' and !HasTrailingSlash('bin/Debug/net8.0/')).
   3:7>Done executing task "CheckForDuplicateNuGetItemsTask".
   2:8>Done building target "PrepareForBuild" in project "TourManagement.Application.csproj".
   3:7>Done building target "CollectPackageReferences" in project "TourManagement.Infrastructure.csproj".
   5:8>_CheckForInvalidConfigurationAndPlatform:
       Task "Error" skipped, due to false condition; ('$(IntermediateOutputPath)' != '' and !HasTrailingSlash('$(IntermediateOutputPath)')) was evaluated as ('obj/Debug/net8.0/' != '' and !HasTrailingSlash('obj/Debug/net8.0/')).
       Task "Error" skipped, due to false condition; ('$(BaseIntermediateOutputPath)' != '' and !HasTrailingSlash('$(BaseIntermediateOutputPath)')) was evaluated as ('obj/' != '' and !HasTrailingSlash('obj/')).
       Task "MSBuildInternalMessage" skipped, due to false condition; ( '$(Prefer32Bit)' == 'true' and '$(PreferNativeArm64)' == 'true' ) was evaluated as ( 'false' == 'true' and '' == 'true' ).
       Task "MSBuildInternalMessage" skipped, due to false condition; ( '$(NoWin32Manifest)' == 'true' and '$(PreferNativeArm64)' == 'true' ) was evaluated as ( '' == 'true' and '' == 'true' ).
       Task "MSBuildInternalMessage" skipped, due to false condition; ( '$(PreferNativeArm64)' == 'true' and '$(Platform)' != 'AnyCPU' ) was evaluated as ( '' == 'true' and 'AnyCPU' != 'AnyCPU' ).
   2:8>Target "GenerateGlobalUsings" in file "/usr/share/dotnet/sdk/8.0.417/Sdks/Microsoft.NET.Sdk/targets/Microsoft.NET.GenerateGlobalUsings.targets" from project "/modernize-data/studio-data/TNT1001/APP1166/transformed-code/344/studio-workspace/TMS22/src/TourManagement.Application/TourManagement.Application.csproj" (target "CoreBuild" depends on it):
   2:8>Using "GenerateGlobalUsings" task from assembly "/usr/share/dotnet/sdk/8.0.417/Sdks/Microsoft.NET.Sdk/targets/../tools/net8.0/Microsoft.NET.Build.Tasks.dll".
   3:7>Target "_GetRestoreProjectStyle" in file "/usr/share/dotnet/sdk/8.0.417/NuGet.targets" from project "/modernize-data/studio-data/TNT1001/APP1166/transformed-code/344/studio-workspace/TMS22/src/TourManagement.Infrastructure/TourManagement.Infrastructure.csproj" (target "EnableIntermediateOutputPathMismatchWarning" depends on it):
   3:7>Using "GetRestoreProjectStyleTask" task from assembly "/usr/share/dotnet/sdk/8.0.417/NuGet.Build.Tasks.dll".
   2:8>Task "GenerateGlobalUsings"
   3:7>Task "GetRestoreProjectStyleTask"
   5:8>_CheckForInvalidConfigurationAndPlatform:
       Task "Error" skipped, due to false condition; ( '$(_InitialMSBuildProjectExtensionsPath)' != '' And '$(MSBuildProjectExtensionsPath)' != '$(_InitialMSBuildProjectExtensionsPath)' ) was evaluated as ( '/modernize-data/studio-data/TNT1001/APP1166/transformed-code/344/studio-workspace/TMS22/src/TourManagement.Domain/obj/' != '' And '/modernize-data/studio-data/TNT1001/APP1166/transformed-code/344/studio-workspace/TMS22/src/TourManagement.Domain/obj/' != '/modernize-data/studio-data/TNT1001/APP1166/transformed-code/344/studio-workspace/TMS22/src/TourManagement.Domain/obj/' ).
       Task "Warning" skipped, due to false condition; ( '$(EnableBaseIntermediateOutputPathMismatchWarning)' == 'true' And '$(_InitialBaseIntermediateOutputPath)' != '$(BaseIntermediateOutputPath)' And '$(BaseIntermediateOutputPath)' != '$(MSBuildProjectExtensionsPath)' ) was evaluated as ( 'true' == 'true' And 'obj/' != 'obj/' And 'obj/' != '/modernize-data/studio-data/TNT1001/APP1166/transformed-code/344/studio-workspace/TMS22/src/TourManagement.Domain/obj/' ).
   5:8>Done building target "_CheckForInvalidConfigurationAndPlatform" in project "TourManagement.Domain.csproj".
   5:8>Target "ValidateCommandLineProperties" in file "/usr/share/dotnet/sdk/8.0.417/Sdks/Microsoft.NET.Sdk/targets/Microsoft.NET.Sdk.targets" from project "/modernize-data/studio-data/TNT1001/APP1166/transformed-code/344/studio-workspace/TMS22/src/TourManagement.Domain/TourManagement.Domain.csproj" (target "BeforeBuild" depends on it):
   5:8>Done building target "ValidateCommandLineProperties" in project "TourManagement.Domain.csproj".
   5:8>Target "BeforeBuild" in file "/usr/share/dotnet/sdk/8.0.417/Microsoft.Common.CurrentVersion.targets" from project "/modernize-data/studio-data/TNT1001/APP1166/transformed-code/344/studio-workspace/TMS22/src/TourManagement.Domain/TourManagement.Domain.csproj" (target "Build" depends on it):
   5:8>Done building target "BeforeBuild" in project "TourManagement.Domain.csproj".
       Target "_CheckForBuildWithNoBuild" skipped, due to false condition; ('$(NoBuild)' == 'true' and '$(GeneratePackageOnBuild)' != 'true') was evaluated as ('' == 'true' and 'false' != 'true').
   5:8>Target "BuildOnlySettings" in file "/usr/share/dotnet/sdk/8.0.417/Microsoft.Common.CurrentVersion.targets" from project "/modernize-data/studio-data/TNT1001/APP1166/transformed-code/344/studio-workspace/TMS22/src/TourManagement.Domain/TourManagement.Domain.csproj" (target "CoreBuild" depends on it):
   5:8>Done building target "BuildOnlySettings" in project "TourManagement.Domain.csproj".
       Target "_CheckForUnsupportedTargetFramework" skipped, due to false condition; ('$(_UnsupportedTargetFrameworkError)' == 'true') was evaluated as ('' == 'true').
       Target "_CheckForUnsupportedTargetPlatformIdentifier" skipped, due to false condition; ('$(TargetPlatformIdentifier)' != '' and '$(TargetFrameworkIdentifier)' == '.NETCoreApp' and $([MSBuild]::VersionGreaterThanOrEquals($(TargetFrameworkVersion), 5.0)) And ('$(DesignTimeBuild)' != 'true' Or '@(MissingWorkloadPack)' == '')) was evaluated as ('' != '' and '.NETCoreApp' == '.NETCoreApp' and True And ('' != 'true' Or '' == '')).
       Target "_CheckForMissingWorkload" skipped, due to false condition; ('@(MissingWorkloadPack)' != '' And '$(DesignTimeBuild)' != 'true') was evaluated as ('' != '' And '' != 'true').
   5:8>Target "GetFrameworkPaths" in file "/usr/share/dotnet/sdk/8.0.417/Sdks/Microsoft.NET.Sdk/targets/Microsoft.NET.DisableStandardFrameworkResolution.targets" from project "/modernize-data/studio-data/TNT1001/APP1166/transformed-code/344/studio-workspace/TMS22/src/TourManagement.Domain/TourManagement.Domain.csproj" (target "PrepareForBuild" depends on it):
   5:8>Done building target "GetFrameworkPaths" in project "TourManagement.Domain.csproj".
       Target "_CheckForUnsupportedTargetFramework" skipped, due to false condition; ('$(_UnsupportedTargetFrameworkError)' == 'true') was evaluated as ('' == 'true').
       Target "_CheckForUnsupportedTargetPlatformIdentifier" skipped, due to false condition; ('$(TargetPlatformIdentifier)' != '' and '$(TargetFrameworkIdentifier)' == '.NETCoreApp' and $([MSBuild]::VersionGreaterThanOrEquals($(TargetFrameworkVersion), 5.0)) And ('$(DesignTimeBuild)' != 'true' Or '@(MissingWorkloadPack)' == '')) was evaluated as ('' != '' and '.NETCoreApp' == '.NETCoreApp' and True And ('' != 'true' Or '' == '')).
       Target "_CheckForMissingWorkload" skipped, due to false condition; ('@(MissingWorkloadPack)' != '' And '$(DesignTimeBuild)' != 'true') was evaluated as ('' != '' And '' != 'true').
   5:8>Target "GetReferenceAssemblyPaths" in file "/usr/share/dotnet/sdk/8.0.417/Sdks/Microsoft.NET.Sdk/targets/Microsoft.NET.DisableStandardFrameworkResolution.targets" from project "/modernize-data/studio-data/TNT1001/APP1166/transformed-code/344/studio-workspace/TMS22/src/TourManagement.Domain/TourManagement.Domain.csproj" (target "PrepareForBuild" depends on it):
   5:8>Done building target "GetReferenceAssemblyPaths" in project "TourManagement.Domain.csproj".
       Target "AssignLinkMetadata" skipped, due to false condition; ( '$(SynthesizeLinkMetadata)' == 'true' ) was evaluated as ( '' == 'true' ).
       Target "_VerifyPackReleaseConfigurations" skipped, due to false condition; ('$(_IsPacking)' == 'true' and '$(DOTNET_CLI_DISABLE_PUBLISH_AND_PACK_RELEASE)' != 'true' and '$(DOTNET_CLI_LAZY_PUBLISH_AND_PACK_RELEASE_FOR_SOLUTIONS)' == 'true') was evaluated as ('' == 'true' and '' != 'true' and '' == 'true').
   5:8>Target "PrepareForBuild" in file "/usr/share/dotnet/sdk/8.0.417/Microsoft.Common.CurrentVersion.targets" from project "/modernize-data/studio-data/TNT1001/APP1166/transformed-code/344/studio-workspace/TMS22/src/TourManagement.Domain/TourManagement.Domain.csproj" (target "CoreBuild" depends on it):
       Using "FindAppConfigFile" task from assembly "Microsoft.Build.Tasks.Core, Version=15.1.0.0, Culture=neutral, PublicKeyToken=b03f5f7f11d50a3a".
       Task "FindAppConfigFile"
     0>Overriding target "ResolveFrameworkReferences" in project "/usr/share/dotnet/sdk/8.0.417/Microsoft.Common.CurrentVersion.targets" with target "ResolveFrameworkReferences" from project "/usr/share/dotnet/sdk/8.0.417/Sdks/Microsoft.NET.Sdk/targets/Microsoft.NET.Sdk.FrameworkReferenceResolution.targets".
       Overriding target "Run" in project "/usr/share/dotnet/sdk/8.0.417/Microsoft.Common.CurrentVersion.targets" with target "Run" from project "/usr/share/dotnet/sdk/8.0.417/Sdks/Microsoft.NET.Sdk/targets/Microsoft.NET.Sdk.targets".
       Overriding target "GenerateSupportedTargetFrameworkAlias" in project "/usr/share/dotnet/sdk/8.0.417/Microsoft.Common.CurrentVersion.targets" with target "GenerateSupportedTargetFrameworkAlias" from project "/usr/share/dotnet/sdk/8.0.417/Sdks/Microsoft.NET.Sdk/targets/Microsoft.NET.Sdk.targets".
       Overriding target "GetReferenceAssemblyPaths" in project "/usr/share/dotnet/sdk/8.0.417/Microsoft.Common.CurrentVersion.targets" with target "GetReferenceAssemblyPaths" from project "/usr/share/dotnet/sdk/8.0.417/Sdks/Microsoft.NET.Sdk/targets/Microsoft.NET.DisableStandardFrameworkResolution.targets".
       Overriding target "GetFrameworkPaths" in project "/usr/share/dotnet/sdk/8.0.417/Microsoft.Common.CurrentVersion.targets" with target "GetFrameworkPaths" from project "/usr/share/dotnet/sdk/8.0.417/Sdks/Microsoft.NET.Sdk/targets/Microsoft.NET.DisableStandardFrameworkResolution.targets".
   3:7>Done executing task "GetRestoreProjectStyleTask".
     0>Overriding target "DesignerRuntimeImplementationProjectOutputGroup" in project "/usr/share/dotnet/sdk/8.0.417/Microsoft.Common.CurrentVersion.targets" with target "DesignerRuntimeImplementationProjectOutputGroup" from project "/usr/share/dotnet/sdk/8.0.417/Sdks/Microsoft.NET.Sdk/targets/Microsoft.NET.DesignerSupport.targets".
       Overriding target "Publish" in project "/usr/share/dotnet/sdk/8.0.417/Microsoft.Common.CurrentVersion.targets" with target "Publish" from project "/usr/share/dotnet/sdk/8.0.417/Sdks/Microsoft.NET.Sdk/targets/Microsoft.NET.Publish.targets".
   3:7>Done building target "_GetRestoreProjectStyle" in project "TourManagement.Infrastructure.csproj".
     0>Overriding target "ResolveReadyToRunCompilers" in project "/usr/share/dotnet/sdk/8.0.417/Sdks/Microsoft.NET.Sdk/targets/Microsoft.NET.CrossGen.targets" with target "ResolveReadyToRunCompilers" from project "/usr/share/dotnet/sdk/8.0.417/Sdks/Microsoft.NET.Sdk/targets/Microsoft.NET.Publish.targets".
       Overriding target "GetCopyToPublishDirectoryItems" in project "/usr/share/dotnet/sdk/8.0.417/Microsoft.Common.CurrentVersion.targets" with target "GetCopyToPublishDirectoryItems" from project "/usr/share/dotnet/sdk/8.0.417/Sdks/Microsoft.NET.Sdk/targets/Microsoft.NET.Publish.targets".
   3:7>Target "EnableIntermediateOutputPathMismatchWarning" in file "/usr/share/dotnet/sdk/8.0.417/NuGet.targets" from project "/modernize-data/studio-data/TNT1001/APP1166/transformed-code/344/studio-workspace/TMS22/src/TourManagement.Infrastructure/TourManagement.Infrastructure.csproj" (target "_CheckForInvalidConfigurationAndPlatform" depends on it):
   3:7>Done building target "EnableIntermediateOutputPathMismatchWarning" in project "TourManagement.Infrastructure.csproj".
       Target "ApplyImplicitVersions" skipped. Previously built successfully.
       Target "CheckForImplicitPackageReferenceOverrides" skipped. Previously built successfully.
   5:8>Done executing task "FindAppConfigFile".
     0>Overriding target "BeforePublish" in project "/usr/share/dotnet/sdk/8.0.417/Microsoft.Common.CurrentVersion.targets" with target "BeforePublish" from project "/usr/share/dotnet/sdk/8.0.417/Sdks/Microsoft.NET.Sdk.Publish/targets/Microsoft.NET.Sdk.Publish.targets".
       Overriding target "AfterPublish" in project "/usr/share/dotnet/sdk/8.0.417/Microsoft.Common.CurrentVersion.targets" with target "AfterPublish" from project "/usr/share/dotnet/sdk/8.0.417/Sdks/Microsoft.NET.Sdk.Publish/targets/Microsoft.NET.Sdk.Publish.targets".
   3:7>Target "CheckForDuplicateItems" in file "/usr/share/dotnet/sdk/8.0.417/Sdks/Microsoft.NET.Sdk/targets/Microsoft.NET.Sdk.DefaultItems.Shared.targets" from project "/modernize-data/studio-data/TNT1001/APP1166/transformed-code/344/studio-workspace/TMS22/src/TourManagement.Infrastructure/TourManagement.Infrastructure.csproj" (target "_CheckForInvalidConfigurationAndPlatform" depends on it):
   3:7>Using "CheckForDuplicateItems" task from assembly "/usr/share/dotnet/sdk/8.0.417/Sdks/Microsoft.NET.Sdk/targets/../tools/net8.0/Microsoft.NET.Build.Tasks.dll".
       Task "CheckForDuplicateItems"
   5:8>PrepareForBuild:
       Using "MakeDir" task from assembly "Microsoft.Build.Tasks.Core, Version=15.1.0.0, Culture=neutral, PublicKeyToken=b03f5f7f11d50a3a".
       Task "MakeDir"
   3:7>Done executing task "CheckForDuplicateItems".
       Task "CheckForDuplicateItems"
     0>The target "ResolveNuGetPackageAssets" listed in an AfterTargets attribute at "/home/studioai/.nuget/packages/microsoft.extensions.logging.abstractions/8.0.0/buildTransitive/net6.0/Microsoft.Extensions.Logging.Abstractions.targets (11,11)" does not exist in the project, and will be ignored.
       The target "ResolveNuGetPackageAssets" listed in an AfterTargets attribute at "/home/studioai/.nuget/packages/microsoft.extensions.logging.abstractions/8.0.0/buildTransitive/net6.0/Microsoft.Extensions.Logging.Abstractions.targets (23,11)" does not exist in the project, and will be ignored.
       The target "ResolveNuGetPackageAssets" listed in an AfterTargets attribute at "/home/studioai/.nuget/packages/system.text.json/8.0.0/buildTransitive/net6.0/System.Text.Json.targets (11,11)" does not exist in the project, and will be ignored.
       The target "ResolveNuGetPackageAssets" listed in an AfterTargets attribute at "/home/studioai/.nuget/packages/system.text.json/8.0.0/buildTransitive/net6.0/System.Text.Json.targets (23,11)" does not exist in the project, and will be ignored.
       The target "ResolveNuGetPackageAssets" listed in an AfterTargets attribute at "/home/studioai/.nuget/packages/microsoft.extensions.options/8.0.0/buildTransitive/net6.0/Microsoft.Extensions.Options.targets (11,11)" does not exist in the project, and will be ignored.
   3:7>Done executing task "CheckForDuplicateItems".
       Task "CheckForDuplicateItems"
     0>The target "ResolveNuGetPackageAssets" listed in an AfterTargets attribute at "/home/studioai/.nuget/packages/microsoft.extensions.options/8.0.0/buildTransitive/net6.0/Microsoft.Extensions.Options.targets (23,11)" does not exist in the project, and will be ignored.
       The target "ResolveNuGetPackageAssets" listed in an AfterTargets attribute at "/home/studioai/.nuget/packages/microsoft.extensions.configuration.binder/8.0.0/buildTransitive/netstandard2.0/Microsoft.Extensions.Configuration.Binder.targets (9,13)" does not exist in the project, and will be ignored.
   3:7>Done executing task "CheckForDuplicateItems".
   3:7>Done building target "CheckForDuplicateItems" in project "TourManagement.Infrastructure.csproj".
       Target "WarnForExplicitVersions" skipped, due to false condition; ('@(SdkBuildWarning)' != '') was evaluated as ('' != '').
       Target "_CheckForFailedSDKResolution" skipped, due to false condition; ('$(SdkResolverHonoredGlobalJson)' == 'false') was evaluated as ('' == 'false').
       Target "_WarnWhenUsingNET8AndVSPriorTo178" skipped, due to false condition; ($([MSBuild]::VersionLessThan($(MSBuildVersion), '17.8.0')) and '$(TargetFrameworkIdentifier)' == '.NETCoreApp' and $([MSBuild]::VersionGreaterThanOrEquals($(_TargetFrameworkVersionWithoutV), '8.0'))) was evaluated as (False and '.NETCoreApp' == '.NETCoreApp' and True).
       Target "_CheckForInvalidWindowsDesktopTargetingConfiguration" skipped, due to false condition; ('$(TargetFrameworkIdentifier)' == '.NETCoreApp' and $([MSBuild]::VersionGreaterThanOrEquals($(_TargetFrameworkVersionWithoutV), '5.0')) and ('$(UseWindowsForms)' == 'true' or '$(UseWPF)' == 'true')) was evaluated as ('.NETCoreApp' == '.NETCoreApp' and True and ('' == 'true' or '' == 'true')).
       Target "_CheckForUnnecessaryWindowsDesktopSDK" skipped, due to false condition; ('$(TargetFrameworkIdentifier)' == '.NETCoreApp' and $([MSBuild]::VersionGreaterThanOrEquals($(_TargetFrameworkVersionWithoutV), '5.0')) and '$(_MicrosoftWindowsDesktopSdkImported)' == 'true' and '$(TargetFrameworks)' == '') was evaluated as ('.NETCoreApp' == '.NETCoreApp' and True and '' == 'true' and '' == '').
       Target "ProcessFrameworkReferences" skipped. Previously built successfully.
       Target "IncludeTargetingPackReference" skipped, due to false condition; ('$(TargetFrameworkMoniker)' != '' and '$(TargetFrameworkIdentifier)' == '.NETFramework' and '$(AutomaticallyUseReferenceAssemblyPackages)' == 'true') was evaluated as ('.NETCoreApp,Version=v8.0' != '' and '.NETCoreApp' == '.NETFramework' and 'true' == 'true').
     0>The target "CollectUpToDateCheckInputDesignTime" listed in a BeforeTargets attribute at "/usr/share/dotnet/sdk/8.0.417/Sdks/Microsoft.NET.Sdk.StaticWebAssets/targets/Microsoft.NET.Sdk.StaticWebAssets.ScopedCss.targets (156,5)" does not exist in the project, and will be ignored.
       The target "CollectUpToDateCheckBuiltDesignTime" listed in a BeforeTargets attribute at "/usr/share/dotnet/sdk/8.0.417/Sdks/Microsoft.NET.Sdk.StaticWebAssets/targets/Microsoft.NET.Sdk.StaticWebAssets.ScopedCss.targets (156,5)" does not exist in the project, and will be ignored.
   3:7>Target "_CheckForInvalidConfigurationAndPlatform" in file "/usr/share/dotnet/sdk/8.0.417/Microsoft.Common.CurrentVersion.targets" from project "/modernize-data/studio-data/TNT1001/APP1166/transformed-code/344/studio-workspace/TMS22/src/TourManagement.Infrastructure/TourManagement.Infrastructure.csproj" (target "BeforeBuild" depends on it):
   3:7>Task "Error" skipped, due to false condition; ( '$(_InvalidConfigurationError)' == 'true' ) was evaluated as ( '' == 'true' ).
     0>The target "RazorGenerateComponentDeclaration" listed in an AfterTargets attribute at "/usr/share/dotnet/sdk/8.0.417/Sdks/Microsoft.NET.Sdk.Razor/targets/Microsoft.NET.Sdk.Razor.DesignTime.targets (55,53)" does not exist in the project, and will be ignored.
   3:7>_CheckForInvalidConfigurationAndPlatform:
       Task "Warning" skipped, due to false condition; ( '$(_InvalidConfigurationWarning)' == 'true' ) was evaluated as ( '' == 'true' ).
       Task "Message"
         Configuration=Debug
       Done executing task "Message".
       Task "Message"
         Platform=AnyCPU
       Done executing task "Message".
       Task "Error" skipped, due to false condition; ('$(OutDir)' != '' and !HasTrailingSlash('$(OutDir)')) was evaluated as ('bin/Debug/net8.0/' != '' and !HasTrailingSlash('bin/Debug/net8.0/')).
       Task "Error" skipped, due to false condition; ('$(IntermediateOutputPath)' != '' and !HasTrailingSlash('$(IntermediateOutputPath)')) was evaluated as ('obj/Debug/net8.0/' != '' and !HasTrailingSlash('obj/Debug/net8.0/')).
       Task "Error" skipped, due to false condition; ('$(BaseIntermediateOutputPath)' != '' and !HasTrailingSlash('$(BaseIntermediateOutputPath)')) was evaluated as ('obj/' != '' and !HasTrailingSlash('obj/')).
       Task "MSBuildInternalMessage" skipped, due to false condition; ( '$(Prefer32Bit)' == 'true' and '$(PreferNativeArm64)' == 'true' ) was evaluated as ( 'false' == 'true' and '' == 'true' ).
       Task "MSBuildInternalMessage" skipped, due to false condition; ( '$(NoWin32Manifest)' == 'true' and '$(PreferNativeArm64)' == 'true' ) was evaluated as ( '' == 'true' and '' == 'true' ).
       Task "MSBuildInternalMessage" skipped, due to false condition; ( '$(PreferNativeArm64)' == 'true' and '$(Platform)' != 'AnyCPU' ) was evaluated as ( '' == 'true' and 'AnyCPU' != 'AnyCPU' ).
       Task "Error" skipped, due to false condition; ( '$(_InitialMSBuildProjectExtensionsPath)' != '' And '$(MSBuildProjectExtensionsPath)' != '$(_InitialMSBuildProjectExtensionsPath)' ) was evaluated as ( '/modernize-data/studio-data/TNT1001/APP1166/transformed-code/344/studio-workspace/TMS22/src/TourManagement.Infrastructure/obj/' != '' And '/modernize-data/studio-data/TNT1001/APP1166/transformed-code/344/studio-workspace/TMS22/src/TourManagement.Infrastructure/obj/' != '/modernize-data/studio-data/TNT1001/APP1166/transformed-code/344/studio-workspace/TMS22/src/TourManagement.Infrastructure/obj/' ).
       Task "Warning" skipped, due to false condition; ( '$(EnableBaseIntermediateOutputPathMismatchWarning)' == 'true' And '$(_InitialBaseIntermediateOutputPath)' != '$(BaseIntermediateOutputPath)' And '$(BaseIntermediateOutputPath)' != '$(MSBuildProjectExtensionsPath)' ) was evaluated as ( 'true' == 'true' And 'obj/' != 'obj/' And 'obj/' != '/modernize-data/studio-data/TNT1001/APP1166/transformed-code/344/studio-workspace/TMS22/src/TourManagement.Infrastructure/obj/' ).
   3:7>Done building target "_CheckForInvalidConfigurationAndPlatform" in project "TourManagement.Infrastructure.csproj".
   3:7>Target "ValidateCommandLineProperties" in file "/usr/share/dotnet/sdk/8.0.417/Sdks/Microsoft.NET.Sdk/targets/Microsoft.NET.Sdk.targets" from project "/modernize-data/studio-data/TNT1001/APP1166/transformed-code/344/studio-workspace/TMS22/src/TourManagement.Infrastructure/TourManagement.Infrastructure.csproj" (target "BeforeBuild" depends on it):
   3:7>Done building target "ValidateCommandLineProperties" in project "TourManagement.Infrastructure.csproj".
   3:7>Target "BeforeBuild" in file "/usr/share/dotnet/sdk/8.0.417/Microsoft.Common.CurrentVersion.targets" from project "/modernize-data/studio-data/TNT1001/APP1166/transformed-code/344/studio-workspace/TMS22/src/TourManagement.Infrastructure/TourManagement.Infrastructure.csproj" (target "Build" depends on it):
   3:7>Done building target "BeforeBuild" in project "TourManagement.Infrastructure.csproj".
       Target "_CheckForBuildWithNoBuild" skipped, due to false condition; ('$(NoBuild)' == 'true' and '$(GeneratePackageOnBuild)' != 'true') was evaluated as ('' == 'true' and 'false' != 'true').
   3:7>Target "BuildOnlySettings" in file "/usr/share/dotnet/sdk/8.0.417/Microsoft.Common.CurrentVersion.targets" from project "/modernize-data/studio-data/TNT1001/APP1166/transformed-code/344/studio-workspace/TMS22/src/TourManagement.Infrastructure/TourManagement.Infrastructure.csproj" (target "CoreBuild" depends on it):
   3:7>Done building target "BuildOnlySettings" in project "TourManagement.Infrastructure.csproj".
       Target "_CheckForUnsupportedTargetFramework" skipped, due to false condition; ('$(_UnsupportedTargetFrameworkError)' == 'true') was evaluated as ('' == 'true').
       Target "_CheckForUnsupportedTargetPlatformIdentifier" skipped, due to false condition; ('$(TargetPlatformIdentifier)' != '' and '$(TargetFrameworkIdentifier)' == '.NETCoreApp' and $([MSBuild]::VersionGreaterThanOrEquals($(TargetFrameworkVersion), 5.0)) And ('$(DesignTimeBuild)' != 'true' Or '@(MissingWorkloadPack)' == '')) was evaluated as ('' != '' and '.NETCoreApp' == '.NETCoreApp' and True And ('' != 'true' Or '' == '')).
       Target "_CheckForMissingWorkload" skipped, due to false condition; ('@(MissingWorkloadPack)' != '' And '$(DesignTimeBuild)' != 'true') was evaluated as ('' != '' And '' != 'true').
   3:7>Target "GetFrameworkPaths" in file "/usr/share/dotnet/sdk/8.0.417/Sdks/Microsoft.NET.Sdk/targets/Microsoft.NET.DisableStandardFrameworkResolution.targets" from project "/modernize-data/studio-data/TNT1001/APP1166/transformed-code/344/studio-workspace/TMS22/src/TourManagement.Infrastructure/TourManagement.Infrastructure.csproj" (target "PrepareForBuild" depends on it):
   3:7>Done building target "GetFrameworkPaths" in project "TourManagement.Infrastructure.csproj".
       Target "_CheckForUnsupportedTargetFramework" skipped, due to false condition; ('$(_UnsupportedTargetFrameworkError)' == 'true') was evaluated as ('' == 'true').
   5:8>Done executing task "MakeDir".
   5:8>Done building target "PrepareForBuild" in project "TourManagement.Domain.csproj".
   3:7>Target "_CheckForUnsupportedTargetPlatformIdentifier" skipped, due to false condition; ('$(TargetPlatformIdentifier)' != '' and '$(TargetFrameworkIdentifier)' == '.NETCoreApp' and $([MSBuild]::VersionGreaterThanOrEquals($(TargetFrameworkVersion), 5.0)) And ('$(DesignTimeBuild)' != 'true' Or '@(MissingWorkloadPack)' == '')) was evaluated as ('' != '' and '.NETCoreApp' == '.NETCoreApp' and True And ('' != 'true' Or '' == '')).
       Target "_CheckForMissingWorkload" skipped, due to false condition; ('@(MissingWorkloadPack)' != '' And '$(DesignTimeBuild)' != 'true') was evaluated as ('' != '' And '' != 'true').
   3:7>Target "GetReferenceAssemblyPaths" in file "/usr/share/dotnet/sdk/8.0.417/Sdks/Microsoft.NET.Sdk/targets/Microsoft.NET.DisableStandardFrameworkResolution.targets" from project "/modernize-data/studio-data/TNT1001/APP1166/transformed-code/344/studio-workspace/TMS22/src/TourManagement.Infrastructure/TourManagement.Infrastructure.csproj" (target "PrepareForBuild" depends on it):
   3:7>Done building target "GetReferenceAssemblyPaths" in project "TourManagement.Infrastructure.csproj".
       Target "AssignLinkMetadata" skipped, due to false condition; ( '$(SynthesizeLinkMetadata)' == 'true' ) was evaluated as ( '' == 'true' ).
       Target "_VerifyPackReleaseConfigurations" skipped, due to false condition; ('$(_IsPacking)' == 'true' and '$(DOTNET_CLI_DISABLE_PUBLISH_AND_PACK_RELEASE)' != 'true' and '$(DOTNET_CLI_LAZY_PUBLISH_AND_PACK_RELEASE_FOR_SOLUTIONS)' == 'true') was evaluated as ('' == 'true' and '' != 'true' and '' == 'true').
   5:8>Target "GenerateGlobalUsings" in file "/usr/share/dotnet/sdk/8.0.417/Sdks/Microsoft.NET.Sdk/targets/Microsoft.NET.GenerateGlobalUsings.targets" from project "/modernize-data/studio-data/TNT1001/APP1166/transformed-code/344/studio-workspace/TMS22/src/TourManagement.Domain/TourManagement.Domain.csproj" (target "CoreBuild" depends on it):
   5:8>Using "GenerateGlobalUsings" task from assembly "/usr/share/dotnet/sdk/8.0.417/Sdks/Microsoft.NET.Sdk/targets/../tools/net8.0/Microsoft.NET.Build.Tasks.dll".
       Task "GenerateGlobalUsings"
   3:7>Target "PrepareForBuild" in file "/usr/share/dotnet/sdk/8.0.417/Microsoft.Common.CurrentVersion.targets" from project "/modernize-data/studio-data/TNT1001/APP1166/transformed-code/344/studio-workspace/TMS22/src/TourManagement.Infrastructure/TourManagement.Infrastructure.csproj" (target "CoreBuild" depends on it):
   3:7>Using "FindAppConfigFile" task from assembly "Microsoft.Build.Tasks.Core, Version=15.1.0.0, Culture=neutral, PublicKeyToken=b03f5f7f11d50a3a".
       Task "FindAppConfigFile"
       Done executing task "FindAppConfigFile".
       Using "MakeDir" task from assembly "Microsoft.Build.Tasks.Core, Version=15.1.0.0, Culture=neutral, PublicKeyToken=b03f5f7f11d50a3a".
       Task "MakeDir"
       Done executing task "MakeDir".
   3:7>Done building target "PrepareForBuild" in project "TourManagement.Infrastructure.csproj".
   3:7>Target "GenerateGlobalUsings" in file "/usr/share/dotnet/sdk/8.0.417/Sdks/Microsoft.NET.Sdk/targets/Microsoft.NET.GenerateGlobalUsings.targets" from project "/modernize-data/studio-data/TNT1001/APP1166/transformed-code/344/studio-workspace/TMS22/src/TourManagement.Infrastructure/TourManagement.Infrastructure.csproj" (target "CoreBuild" depends on it):
       Using "GenerateGlobalUsings" task from assembly "/usr/share/dotnet/sdk/8.0.417/Sdks/Microsoft.NET.Sdk/targets/../tools/net8.0/Microsoft.NET.Build.Tasks.dll".
       Task "GenerateGlobalUsings"
   2:8>Done executing task "GenerateGlobalUsings".
       Using "WriteLinesToFile" task from assembly "Microsoft.Build.Tasks.Core, Version=15.1.0.0, Culture=neutral, PublicKeyToken=b03f5f7f11d50a3a".
       Task "WriteLinesToFile"
         Skipping write to file "obj/Debug/net8.0/TourManagement.Application.GlobalUsings.g.cs" because content would not change.
       Done executing task "WriteLinesToFile".
   2:8>Done building target "GenerateGlobalUsings" in project "TourManagement.Application.csproj".
       Target "PreBuildEvent" skipped, due to false condition; ('$(PreBuildEvent)'!='') was evaluated as (''!='').
   1:2>Project "/modernize-data/studio-data/TNT1001/APP1166/transformed-code/344/studio-workspace/TMS22/TourManagement.sln" (1:2) is building "/modernize-data/studio-data/TNT1001/APP1166/transformed-code/344/studio-workspace/TMS22/src/TourManagement.Web/TourManagement.Web.csproj" (4:6) on node 3 (default targets).
   4:6>Target "NETStandardCompatError_Microsoft_Extensions_Configuration_Binder" in file "/home/studioai/.nuget/packages/microsoft.extensions.configuration.binder/8.0.0/buildTransitive/netstandard2.0/Microsoft.Extensions.Configuration.Binder.targets" from project "/modernize-data/studio-data/TNT1001/APP1166/transformed-code/344/studio-workspace/TMS22/src/TourManagement.Web/TourManagement.Web.csproj" (entry point):
   4:6>Task "Warning" skipped, due to false condition; ('$(_Microsoft_Extensions_Configuration_Binder_Compatible_TargetFramework)' != '') was evaluated as ('' != '').
   4:6>Done building target "NETStandardCompatError_Microsoft_Extensions_Configuration_Binder" in project "TourManagement.Web.csproj".
       Target "_CheckForUnsupportedTargetFramework" skipped, due to false condition; ('$(_UnsupportedTargetFrameworkError)' == 'true') was evaluated as ('' == 'true').
   4:6>Target "_CollectTargetFrameworkForTelemetry" in file "/usr/share/dotnet/sdk/8.0.417/Sdks/Microsoft.NET.Sdk/targets/Microsoft.NET.TargetFrameworkInference.targets" from project "/modernize-data/studio-data/TNT1001/APP1166/transformed-code/344/studio-workspace/TMS22/src/TourManagement.Web/TourManagement.Web.csproj" (target "_CheckForInvalidConfigurationAndPlatform" depends on it):
       Using "AllowEmptyTelemetry" task from assembly "/usr/share/dotnet/sdk/8.0.417/Sdks/Microsoft.NET.Sdk/targets/../tools/net8.0/Microsoft.NET.Build.Tasks.dll".
       Task "AllowEmptyTelemetry"
   2:8>Target "BeforeResolveReferences" in file "/usr/share/dotnet/sdk/8.0.417/Microsoft.Common.CurrentVersion.targets" from project "/modernize-data/studio-data/TNT1001/APP1166/transformed-code/344/studio-workspace/TMS22/src/TourManagement.Application/TourManagement.Application.csproj" (target "ResolveReferences" depends on it):
   2:8>Done building target "BeforeResolveReferences" in project "TourManagement.Application.csproj".
   4:6>Done executing task "AllowEmptyTelemetry".
   4:6>Done building target "_CollectTargetFrameworkForTelemetry" in project "TourManagement.Web.csproj".
       Target "_CheckForUnsupportedTargetPlatformIdentifier" skipped, due to false condition; ('$(TargetPlatformIdentifier)' != '' and '$(TargetFrameworkIdentifier)' == '.NETCoreApp' and $([MSBuild]::VersionGreaterThanOrEquals($(TargetFrameworkVersion), 5.0)) And ('$(DesignTimeBuild)' != 'true' Or '@(MissingWorkloadPack)' == '')) was evaluated as ('' != '' and '.NETCoreApp' == '.NETCoreApp' and True And ('' != 'true' Or '' == '')).
   2:8>Target "IgnoreJavaScriptOutputAssembly" in file "/usr/share/dotnet/sdk/8.0.417/Microsoft.Common.CurrentVersion.targets" from project "/modernize-data/studio-data/TNT1001/APP1166/transformed-code/344/studio-workspace/TMS22/src/TourManagement.Application/TourManagement.Application.csproj" (target "AssignProjectConfiguration" depends on it):
   2:8>Done building target "IgnoreJavaScriptOutputAssembly" in project "TourManagement.Application.csproj".
   4:6>Target "_CheckForMissingWorkload" skipped, due to false condition; ('@(MissingWorkloadPack)' != '' And '$(DesignTimeBuild)' != 'true') was evaluated as ('' != '' And '' != 'true').
   4:6>Target "_CheckForUnsupportedNETCoreVersion" in file "/usr/share/dotnet/sdk/8.0.417/Sdks/Microsoft.NET.Sdk/targets/Microsoft.NET.TargetFrameworkInference.targets" from project "/modernize-data/studio-data/TNT1001/APP1166/transformed-code/344/studio-workspace/TMS22/src/TourManagement.Web/TourManagement.Web.csproj" (target "_CheckForInvalidConfigurationAndPlatform" depends on it):
       Task "NETSdkError" skipped, due to false condition; ('$(_TargetFrameworkVersionWithoutV)' > '$(NETCoreAppMaximumVersion)' and '$(DisplayVSMessage)' != 'true') was evaluated as ('8.0' > '8.0' and '' != 'true').
       Task "NETSdkError" skipped, due to false condition; ('$(DisplayVSMessage)' == 'true') was evaluated as ('' == 'true').
   4:6>Done building target "_CheckForUnsupportedNETCoreVersion" in project "TourManagement.Web.csproj".
       Target "_CheckForEolTargetFrameworks" skipped, due to false condition; ('@(_EolNetCoreTargetFrameworkVersions->AnyHaveMetadataValue('Identity', '$(_TargetFrameworkVersionWithoutV)'))' and '$(TargetFrameworkIdentifier)' == '.NETCoreApp' and '$(CheckEolTargetFramework)' == 'true') was evaluated as ('false' and '.NETCoreApp' == '.NETCoreApp' and 'true' == 'true').
       Target "_CheckForEolWorkloads" skipped, due to false condition; ('@(EolWorkload)' != '' and '$(CheckEolWorkloads)' == 'true') was evaluated as ('' != '' and 'true' == 'true').
   2:8>Target "ProcessFrameworkReferences" skipped. Previously built successfully.
   4:6>Target "_CheckForUnsupportedCppNETCoreVersion" in file "/usr/share/dotnet/sdk/8.0.417/Sdks/Microsoft.NET.Sdk/targets/Microsoft.NET.TargetFrameworkInference.targets" from project "/modernize-data/studio-data/TNT1001/APP1166/transformed-code/344/studio-workspace/TMS22/src/TourManagement.Web/TourManagement.Web.csproj" (target "_CheckForInvalidConfigurationAndPlatform" depends on it):
   4:6>Task "NETSdkError" skipped, due to false condition; ('$(TargetFrameworkIdentifier)' == '.NETCoreApp' and '$(_TargetFrameworkVersionWithoutV)' < '3.1' and ('$(Language)' == 'C++' and '$(_EnablePackageReferencesInVCProjects)' != 'true')) was evaluated as ('.NETCoreApp' == '.NETCoreApp' and '8.0' < '3.1' and ('C#' == 'C++' and '' != 'true')).
   4:6>Done building target "_CheckForUnsupportedCppNETCoreVersion" in project "TourManagement.Web.csproj".
       Target "_CheckForUnsupportedNETStandardVersion" skipped, due to false condition; ('$(TargetFrameworkIdentifier)' == '.NETStandard' And '$(NETStandardMaximumVersion)' != '') was evaluated as ('.NETCoreApp' == '.NETStandard' And '' != '').
       Target "_CheckForUnsupportedTargetFrameworkAndFeatureCombination" skipped, due to false condition; ('$(TargetFrameworkIdentifier)' == '.NETFramework') was evaluated as ('.NETCoreApp' == '.NETFramework').
       Target "_CheckForSupportedOSPlatformVersionHigherThanTargetPlatformVersion" skipped, due to false condition; ('$(TargetPlatformVersion)' != '' and '$(TargetFrameworkIdentifier)' == '.NETCoreApp' and $([MSBuild]::VersionGreaterThanOrEquals($(TargetFrameworkVersion), 5.0))) was evaluated as ('' != '' and '.NETCoreApp' == '.NETCoreApp' and True).
       Target "_CheckForInvalidTargetPlatformVersion" skipped, due to false condition; ('$(TargetPlatformVersion)' != '' and '$(TargetFrameworkIdentifier)' == '.NETCoreApp' and $([MSBuild]::VersionGreaterThanOrEquals($(TargetFrameworkVersion), 5.0)) and ('$(Language)' != 'C++' or '$(_EnablePackageReferencesInVCProjects)' == 'true')) was evaluated as ('' != '' and '.NETCoreApp' == '.NETCoreApp' and True and ('C#' != 'C++' or '' == 'true')).
   2:8>Target "_DefaultMicrosoftNETPlatformLibrary" in file "/usr/share/dotnet/sdk/8.0.417/Sdks/Microsoft.NET.Sdk/targets/Microsoft.NET.Sdk.Shared.targets" from project "/modernize-data/studio-data/TNT1001/APP1166/transformed-code/344/studio-workspace/TMS22/src/TourManagement.Application/TourManagement.Application.csproj" (target "ResolvePackageAssets" depends on it):
   2:8>Done building target "_DefaultMicrosoftNETPlatformLibrary" in project "TourManagement.Application.csproj".
   4:6>Target "_CheckForUnsupportedArtifactsPath" in file "/usr/share/dotnet/sdk/8.0.417/Sdks/Microsoft.NET.Sdk/targets/Microsoft.NET.DefaultOutputPaths.targets" from project "/modernize-data/studio-data/TNT1001/APP1166/transformed-code/344/studio-workspace/TMS22/src/TourManagement.Web/TourManagement.Web.csproj" (target "_CheckForInvalidConfigurationAndPlatform" depends on it):
   4:6>Task "NetSdkError" skipped, due to false condition; ('$(UseArtifactsOutput)' == 'true' and '$(_ArtifactsPathSetEarly)' != 'true') was evaluated as ('' == 'true' and '' != 'true').
       Task "NetSdkError" skipped, due to false condition; ('$(_ArtifactsPathLocationType)' == 'ProjectFolder') was evaluated as ('' == 'ProjectFolder').
   4:6>Done building target "_CheckForUnsupportedArtifactsPath" in project "TourManagement.Web.csproj".
       Target "_CheckForMissingWorkload" skipped, due to false condition; ('@(MissingWorkloadPack)' != '' And '$(DesignTimeBuild)' != 'true') was evaluated as ('' != '' And '' != 'true').
   2:8>Target "_ComputePackageReferencePublish" in file "/usr/share/dotnet/sdk/8.0.417/Sdks/Microsoft.NET.Sdk/targets/Microsoft.NET.Sdk.Shared.targets" from project "/modernize-data/studio-data/TNT1001/APP1166/transformed-code/344/studio-workspace/TMS22/src/TourManagement.Application/TourManagement.Application.csproj" (target "ResolvePackageAssets" depends on it):
   2:8>Done building target "_ComputePackageReferencePublish" in project "TourManagement.Application.csproj".
       Target "_ResolveCompilerVersion" skipped, due to false condition; ('$(CompilerApiVersion)' == '' And
                            ('$(Language)' == 'C#' Or '$(Language)' == 'VB') And
                            Exists('$(RoslynTargetsPath)\Microsoft.Build.Tasks.CodeAnalysis.dll')) was evaluated as ('roslyn4.11' == '' And
                            ('C#' == 'C#' Or 'C#' == 'VB') And
                            Exists('/usr/share/dotnet/sdk/8.0.417/Roslyn\Microsoft.Build.Tasks.CodeAnalysis.dll')).
   4:6>Target "_CheckForUnsupportedAppHostUsage" in file "/usr/share/dotnet/sdk/8.0.417/Sdks/Microsoft.NET.Sdk/targets/Microsoft.NET.RuntimeIdentifierInference.targets" from project "/modernize-data/studio-data/TNT1001/APP1166/transformed-code/344/studio-workspace/TMS22/src/TourManagement.Web/TourManagement.Web.csproj" (target "_CheckForInvalidConfigurationAndPlatform" depends on it):
   4:6>Task "NETSdkError" skipped, due to false condition; ('$(SelfContained)' == 'true' and '$(RuntimeIdentifier)' == '' and '$(AllowSelfContainedWithoutRuntimeIdentifier)' != 'true') was evaluated as ('false' == 'true' and '' == '' and '' != 'true').
       Task "NETSdkError" skipped, due to false condition; ('$(PublishReadyToRun)' == 'true' and '$(RuntimeIdentifier)' == '' and '$(_IsPublishing)' == 'true') was evaluated as ('' == 'true' and '' == '' and '' == 'true').
       Task "NETSdkError" skipped, due to false condition; ('$(PublishSingleFile)' == 'true' and '$(RuntimeIdentifier)' == '' and '$(_IsPublishing)' == 'true') was evaluated as ('' == 'true' and '' == '' and '' == 'true').
       Task "NETSdkError" skipped, due to false condition; ('$(PublishAot)' == 'true' and '$(RuntimeIdentifier)' == '' and '$(_IsPublishing)' == 'true' and '$(AllowPublishAotWithoutRuntimeIdentifier)' != 'true') was evaluated as ('' == 'true' and '' == '' and '' == 'true' and '' != 'true').
       Task "NETSdkError" skipped, due to false condition; ('$(PublishSelfContained)' != 'true' and '$(PublishSelfContained)' != 'false' and '$(PublishSelfContained)' != '') was evaluated as ('' != 'true' and '' != 'false' and '' != '').
       Task "NETSdkError" skipped, due to false condition; ('$(SelfContained)' == 'true' and '$(UseAppHost)' != 'true' and '$(_RuntimeIdentifierUsesAppHost)' == 'true') was evaluated as ('false' == 'true' and 'true' != 'true' and 'true' == 'true').
       Task "NETSdkError" skipped, due to false condition; ('$(SelfContained)' != 'true' and '$(UseAppHost)' == 'true' and '$(_TargetFrameworkVersionWithoutV)' < '2.1') was evaluated as ('false' != 'true' and 'true' == 'true' and '8.0' < '2.1').
       Task "NETSdkError" skipped, due to false condition; ('$(PublishSingleFile)' == 'true' and '$(_TargetFrameworkVersionWithoutV)' < '3.0') was evaluated as ('' == 'true' and '8.0' < '3.0').
       Task "NETSdkWarning" skipped, due to false condition; ('$(PublishReadyToRun)' == 'true' and '$(_TargetFrameworkVersionWithoutV)' < '3.0') was evaluated as ('' == 'true' and '8.0' < '3.0').
       Task "NETSdkWarning" skipped, due to false condition; ('$(RuntimeIdentifier)' != '' and '$(_TargetFrameworkVersionWithoutV)' != '' and $([MSBuild]::VersionLessThan($(_TargetFrameworkVersionWithoutV), '8.0')) and '$(_SelfContainedWasSpecified)' != 'true') was evaluated as ('' != '' and '8.0' != '' and False and '' != 'true').
       Task "NetSdkError" skipped, due to false condition; (('$(UseWindowsForms)' == 'true') and ('$(PublishTrimmed)' == 'true') and ('$(_SuppressWinFormsTrimError)' != 'true')) was evaluated as (('' == 'true') and ('' == 'true') and ('' != 'true')).
       Task "NetSdkError" skipped, due to false condition; (('$(UseWpf)' == 'true') and ('$(PublishTrimmed)' == 'true') and ('$(_SuppressWpfTrimError)' != 'true')) was evaluated as (('' == 'true') and ('' == 'true') and ('' != 'true')).
   4:6>Done building target "_CheckForUnsupportedAppHostUsage" in project "TourManagement.Web.csproj".
   4:6>Target "_CheckForUnsupportedHostingUsage" in file "/usr/share/dotnet/sdk/8.0.417/Sdks/Microsoft.NET.Sdk/targets/Microsoft.NET.RuntimeIdentifierInference.targets" from project "/modernize-data/studio-data/TNT1001/APP1166/transformed-code/344/studio-workspace/TMS22/src/TourManagement.Web/TourManagement.Web.csproj" (target "_CheckForInvalidConfigurationAndPlatform" depends on it):
       Task "NETSdkWarning" skipped, due to false condition; ('$(SelfContained)' == 'true' and '$(EnableComHosting)' == 'true') was evaluated as ('false' == 'true' and '' == 'true').
   4:6>Done building target "_CheckForUnsupportedHostingUsage" in project "TourManagement.Web.csproj".
   4:6>Target "_CheckAndUnsetUnsupportedPrefer32Bit" in file "/usr/share/dotnet/sdk/8.0.417/Sdks/Microsoft.NET.Sdk/targets/Microsoft.NET.RuntimeIdentifierInference.targets" from project "/modernize-data/studio-data/TNT1001/APP1166/transformed-code/344/studio-workspace/TMS22/src/TourManagement.Web/TourManagement.Web.csproj" (target "_CheckForInvalidConfigurationAndPlatform" depends on it):
       Task "NETSdkWarning" skipped, due to false condition; ('$(Prefer32Bit)' == 'true') was evaluated as ('false' == 'true').
   4:6>Done building target "_CheckAndUnsetUnsupportedPrefer32Bit" in project "TourManagement.Web.csproj".
       Target "_CheckForMismatchingPlatform" skipped, due to false condition; ('$(RuntimeIdentifier)' != '' and '$(PlatformTarget)' != '') was evaluated as ('' != '' and '' != '').
   4:6>Target "_CheckForLanguageAndFeatureCombinationSupport" in file "/usr/share/dotnet/sdk/8.0.417/Sdks/Microsoft.NET.Sdk/targets/Microsoft.NET.RuntimeIdentifierInference.targets" from project "/modernize-data/studio-data/TNT1001/APP1166/transformed-code/344/studio-workspace/TMS22/src/TourManagement.Web/TourManagement.Web.csproj" (target "_CheckForInvalidConfigurationAndPlatform" depends on it):
       Task "NETSdkError" skipped, due to false condition; (('$(Language)' == 'C++' and '$(_EnablePackageReferencesInVCProjects)' != 'true') and $(OutputType) != 'library' and '$(TargetFrameworkIdentifier)' == '.NETCoreApp') was evaluated as (('C#' == 'C++' and '' != 'true') and Exe != 'library' and '.NETCoreApp' == '.NETCoreApp').
       Task "NETSdkError" skipped, due to false condition; (('$(Language)' == 'C++' and '$(_EnablePackageReferencesInVCProjects)' != 'true') and $(EnableComHosting) == 'true') was evaluated as (('C#' == 'C++' and '' != 'true') and  == 'true').
       Task "NETSdkError" skipped, due to false condition; (('$(Language)' == 'C++' and '$(_EnablePackageReferencesInVCProjects)' != 'true') and $(SelfContained) == 'true') was evaluated as (('C#' == 'C++' and '' != 'true') and false == 'true').
   4:6>Done building target "_CheckForLanguageAndFeatureCombinationSupport" in project "TourManagement.Web.csproj".
       Target "_CheckForNETCoreSdkIsPreview" skipped, due to false condition; ( '$(_NETCoreSdkIsPreview)' == 'true' AND '$(SuppressNETCoreSdkPreviewMessage)' != 'true' ) was evaluated as ( 'false' == 'true' AND '' != 'true' ).
   4:6>Target "_GetProjectJsonPath" in file "/usr/share/dotnet/sdk/8.0.417/NuGet.targets" from project "/modernize-data/studio-data/TNT1001/APP1166/transformed-code/344/studio-workspace/TMS22/src/TourManagement.Web/TourManagement.Web.csproj" (target "_GetRestoreProjectStyle" depends on it):
       Task "GetRestoreProjectJsonPathTask" skipped, due to false condition; ( '$(RestoreProjectStyle)' == 'ProjectJson' OR '$(RestoreProjectStyle)' == '' ) was evaluated as ( 'PackageReference' == 'ProjectJson' OR 'PackageReference' == '' ).
   4:6>Done building target "_GetProjectJsonPath" in project "TourManagement.Web.csproj".
       Target "_CheckForUnsupportedTargetPlatformIdentifier" skipped, due to false condition; ('$(TargetPlatformIdentifier)' != '' and '$(TargetFrameworkIdentifier)' == '.NETCoreApp' and $([MSBuild]::VersionGreaterThanOrEquals($(TargetFrameworkVersion), 5.0)) And ('$(DesignTimeBuild)' != 'true' Or '@(MissingWorkloadPack)' == '')) was evaluated as ('' != '' and '.NETCoreApp' == '.NETCoreApp' and True And ('' != 'true' Or '' == '')).
       Target "_CheckForMissingWorkload" skipped, due to false condition; ('@(MissingWorkloadPack)' != '' And '$(DesignTimeBuild)' != 'true') was evaluated as ('' != '' And '' != 'true').
       Target "_CheckForUnsupportedNETStandardVersion" skipped, due to false condition; ('$(TargetFrameworkIdentifier)' == '.NETStandard' And '$(NETStandardMaximumVersion)' != '') was evaluated as ('.NETCoreApp' == '.NETStandard' And '' != '').
       Target "_CheckForUnsupportedTargetFrameworkAndFeatureCombination" skipped, due to false condition; ('$(TargetFrameworkIdentifier)' == '.NETFramework') was evaluated as ('.NETCoreApp' == '.NETFramework').
   4:6>Target "UpdateAspNetToFrameworkReference" in file "/usr/share/dotnet/sdk/8.0.417/Sdks/Microsoft.NET.Sdk/targets/Microsoft.NET.Sdk.DefaultItems.Shared.targets" from project "/modernize-data/studio-data/TNT1001/APP1166/transformed-code/344/studio-workspace/TMS22/src/TourManagement.Web/TourManagement.Web.csproj" (target "ApplyImplicitVersions" depends on it):
       Using "CheckIfPackageReferenceShouldBeFrameworkReference" task from assembly "/usr/share/dotnet/sdk/8.0.417/Sdks/Microsoft.NET.Sdk/targets/../tools/net8.0/Microsoft.NET.Build.Tasks.dll".
       Task "CheckIfPackageReferenceShouldBeFrameworkReference"
       Done executing task "CheckIfPackageReferenceShouldBeFrameworkReference".
       Task "NETSdkError" skipped, due to false condition; ('$(_ShouldRemoveAspNetCoreAll)' == 'true') was evaluated as ('False' == 'true').
       Task "CheckIfPackageReferenceShouldBeFrameworkReference"
       Done executing task "CheckIfPackageReferenceShouldBeFrameworkReference".
       Task "NETSdkWarning" skipped, due to false condition; ('$(_ShouldRemoveAspNetCoreApp)' == 'true') was evaluated as ('False' == 'true').
   4:6>Done building target "UpdateAspNetToFrameworkReference" in project "TourManagement.Web.csproj".
   2:8>Target "ResolvePackageAssets" in file "/usr/share/dotnet/sdk/8.0.417/Sdks/Microsoft.NET.Sdk/targets/Microsoft.PackageDependencyResolution.targets" from project "/modernize-data/studio-data/TNT1001/APP1166/transformed-code/344/studio-workspace/TMS22/src/TourManagement.Application/TourManagement.Application.csproj" (target "ResolveLockFileReferences" depends on it):
   2:8>Using "ResolvePackageAssets" task from assembly "/usr/share/dotnet/sdk/8.0.417/Sdks/Microsoft.NET.Sdk/targets/../tools/net8.0/Microsoft.NET.Build.Tasks.dll".
   4:6>Target "IncludeTargetingPackReference" skipped, due to false condition; ('$(TargetFrameworkMoniker)' != '' and '$(TargetFrameworkIdentifier)' == '.NETFramework' and '$(AutomaticallyUseReferenceAssemblyPackages)' == 'true') was evaluated as ('.NETCoreApp,Version=v8.0' != '' and '.NETCoreApp' == '.NETFramework' and 'true' == 'true').
   2:8>Task "ResolvePackageAssets"
   4:6>Target "CheckForImplicitPackageReferenceOverrides" in file "/usr/share/dotnet/sdk/8.0.417/Sdks/Microsoft.NET.Sdk/targets/Microsoft.NET.Sdk.DefaultItems.Shared.targets" from project "/modernize-data/studio-data/TNT1001/APP1166/transformed-code/344/studio-workspace/TMS22/src/TourManagement.Web/TourManagement.Web.csproj" (target "ApplyImplicitVersions" depends on it):
   4:6>Using "CheckForImplicitPackageReferenceOverrides" task from assembly "/usr/share/dotnet/sdk/8.0.417/Sdks/Microsoft.NET.Sdk/targets/../tools/net8.0/Microsoft.NET.Build.Tasks.dll".
       Task "CheckForImplicitPackageReferenceOverrides"
       Done executing task "CheckForImplicitPackageReferenceOverrides".
   4:6>Done building target "CheckForImplicitPackageReferenceOverrides" in project "TourManagement.Web.csproj".
   5:8>Done executing task "GenerateGlobalUsings".
       Using "WriteLinesToFile" task from assembly "Microsoft.Build.Tasks.Core, Version=15.1.0.0, Culture=neutral, PublicKeyToken=b03f5f7f11d50a3a".
       Task "WriteLinesToFile"
         Skipping write to file "obj/Debug/net8.0/TourManagement.Domain.GlobalUsings.g.cs" because content would not change.
       Done executing task "WriteLinesToFile".
   5:8>Done building target "GenerateGlobalUsings" in project "TourManagement.Domain.csproj".
       Target "PreBuildEvent" skipped, due to false condition; ('$(PreBuildEvent)'!='') was evaluated as (''!='').
   5:8>Target "BeforeResolveReferences" in file "/usr/share/dotnet/sdk/8.0.417/Microsoft.Common.CurrentVersion.targets" from project "/modernize-data/studio-data/TNT1001/APP1166/transformed-code/344/studio-workspace/TMS22/src/TourManagement.Domain/TourManagement.Domain.csproj" (target "ResolveReferences" depends on it):
   5:8>Done building target "BeforeResolveReferences" in project "TourManagement.Domain.csproj".
   5:8>Target "IgnoreJavaScriptOutputAssembly" in file "/usr/share/dotnet/sdk/8.0.417/Microsoft.Common.CurrentVersion.targets" from project "/modernize-data/studio-data/TNT1001/APP1166/transformed-code/344/studio-workspace/TMS22/src/TourManagement.Domain/TourManagement.Domain.csproj" (target "AssignProjectConfiguration" depends on it):
   5:8>Done building target "IgnoreJavaScriptOutputAssembly" in project "TourManagement.Domain.csproj".
       Target "ProcessFrameworkReferences" skipped. Previously built successfully.
   5:8>Target "_DefaultMicrosoftNETPlatformLibrary" in file "/usr/share/dotnet/sdk/8.0.417/Sdks/Microsoft.NET.Sdk/targets/Microsoft.NET.Sdk.Shared.targets" from project "/modernize-data/studio-data/TNT1001/APP1166/transformed-code/344/studio-workspace/TMS22/src/TourManagement.Domain/TourManagement.Domain.csproj" (target "ResolvePackageAssets" depends on it):
   5:8>Done building target "_DefaultMicrosoftNETPlatformLibrary" in project "TourManagement.Domain.csproj".
   5:8>Target "_ComputePackageReferencePublish" in file "/usr/share/dotnet/sdk/8.0.417/Sdks/Microsoft.NET.Sdk/targets/Microsoft.NET.Sdk.Shared.targets" from project "/modernize-data/studio-data/TNT1001/APP1166/transformed-code/344/studio-workspace/TMS22/src/TourManagement.Domain/TourManagement.Domain.csproj" (target "ResolvePackageAssets" depends on it):
   5:8>Done building target "_ComputePackageReferencePublish" in project "TourManagement.Domain.csproj".
       Target "_ResolveCompilerVersion" skipped, due to false condition; ('$(CompilerApiVersion)' == '' And
                            ('$(Language)' == 'C#' Or '$(Language)' == 'VB') And
                            Exists('$(RoslynTargetsPath)\Microsoft.Build.Tasks.CodeAnalysis.dll')) was evaluated as ('roslyn4.11' == '' And
                            ('C#' == 'C#' Or 'C#' == 'VB') And
                            Exists('/usr/share/dotnet/sdk/8.0.417/Roslyn\Microsoft.Build.Tasks.CodeAnalysis.dll')).
   3:7>Done executing task "GenerateGlobalUsings".
       Using "WriteLinesToFile" task from assembly "Microsoft.Build.Tasks.Core, Version=15.1.0.0, Culture=neutral, PublicKeyToken=b03f5f7f11d50a3a".
       Task "WriteLinesToFile"
   5:8>Target "ResolvePackageAssets" in file "/usr/share/dotnet/sdk/8.0.417/Sdks/Microsoft.NET.Sdk/targets/Microsoft.PackageDependencyResolution.targets" from project "/modernize-data/studio-data/TNT1001/APP1166/transformed-code/344/studio-workspace/TMS22/src/TourManagement.Domain/TourManagement.Domain.csproj" (target "ResolveLockFileReferences" depends on it):
   5:8>Using "ResolvePackageAssets" task from assembly "/usr/share/dotnet/sdk/8.0.417/Sdks/Microsoft.NET.Sdk/targets/../tools/net8.0/Microsoft.NET.Build.Tasks.dll".
       Task "ResolvePackageAssets"
   3:7>GenerateGlobalUsings:
         Skipping write to file "obj/Debug/net8.0/TourManagement.Infrastructure.GlobalUsings.g.cs" because content would not change.
       Done executing task "WriteLinesToFile".
   3:7>Done building target "GenerateGlobalUsings" in project "TourManagement.Infrastructure.csproj".
       Target "PreBuildEvent" skipped, due to false condition; ('$(PreBuildEvent)'!='') was evaluated as (''!='').
   3:7>Target "BeforeResolveReferences" in file "/usr/share/dotnet/sdk/8.0.417/Microsoft.Common.CurrentVersion.targets" from project "/modernize-data/studio-data/TNT1001/APP1166/transformed-code/344/studio-workspace/TMS22/src/TourManagement.Infrastructure/TourManagement.Infrastructure.csproj" (target "ResolveReferences" depends on it):
   3:7>Done building target "BeforeResolveReferences" in project "TourManagement.Infrastructure.csproj".
   3:7>Target "IgnoreJavaScriptOutputAssembly" in file "/usr/share/dotnet/sdk/8.0.417/Microsoft.Common.CurrentVersion.targets" from project "/modernize-data/studio-data/TNT1001/APP1166/transformed-code/344/studio-workspace/TMS22/src/TourManagement.Infrastructure/TourManagement.Infrastructure.csproj" (target "AssignProjectConfiguration" depends on it):
   3:7>Done building target "IgnoreJavaScriptOutputAssembly" in project "TourManagement.Infrastructure.csproj".
       Target "ProcessFrameworkReferences" skipped. Previously built successfully.
   3:7>Target "_DefaultMicrosoftNETPlatformLibrary" in file "/usr/share/dotnet/sdk/8.0.417/Sdks/Microsoft.NET.Sdk/targets/Microsoft.NET.Sdk.Shared.targets" from project "/modernize-data/studio-data/TNT1001/APP1166/transformed-code/344/studio-workspace/TMS22/src/TourManagement.Infrastructure/TourManagement.Infrastructure.csproj" (target "ResolvePackageAssets" depends on it):
   3:7>Done building target "_DefaultMicrosoftNETPlatformLibrary" in project "TourManagement.Infrastructure.csproj".
   3:7>Target "_ComputePackageReferencePublish" in file "/usr/share/dotnet/sdk/8.0.417/Sdks/Microsoft.NET.Sdk/targets/Microsoft.NET.Sdk.Shared.targets" from project "/modernize-data/studio-data/TNT1001/APP1166/transformed-code/344/studio-workspace/TMS22/src/TourManagement.Infrastructure/TourManagement.Infrastructure.csproj" (target "ResolvePackageAssets" depends on it):
   3:7>Done building target "_ComputePackageReferencePublish" in project "TourManagement.Infrastructure.csproj".
       Target "_ResolveCompilerVersion" skipped, due to false condition; ('$(CompilerApiVersion)' == '' And
                            ('$(Language)' == 'C#' Or '$(Language)' == 'VB') And
                            Exists('$(RoslynTargetsPath)\Microsoft.Build.Tasks.CodeAnalysis.dll')) was evaluated as ('roslyn4.11' == '' And
                            ('C#' == 'C#' Or 'C#' == 'VB') And
                            Exists('/usr/share/dotnet/sdk/8.0.417/Roslyn\Microsoft.Build.Tasks.CodeAnalysis.dll')).
   3:7>Target "ResolvePackageAssets" in file "/usr/share/dotnet/sdk/8.0.417/Sdks/Microsoft.NET.Sdk/targets/Microsoft.PackageDependencyResolution.targets" from project "/modernize-data/studio-data/TNT1001/APP1166/transformed-code/344/studio-workspace/TMS22/src/TourManagement.Infrastructure/TourManagement.Infrastructure.csproj" (target "ResolveLockFileReferences" depends on it):
       Using "ResolvePackageAssets" task from assembly "/usr/share/dotnet/sdk/8.0.417/Sdks/Microsoft.NET.Sdk/targets/../tools/net8.0/Microsoft.NET.Build.Tasks.dll".
       Task "ResolvePackageAssets"
   4:6>Target "ApplyImplicitVersions" in file "/usr/share/dotnet/sdk/8.0.417/Sdks/Microsoft.NET.Sdk/targets/Microsoft.NET.Sdk.DefaultItems.Shared.targets" from project "/modernize-data/studio-data/TNT1001/APP1166/transformed-code/344/studio-workspace/TMS22/src/TourManagement.Web/TourManagement.Web.csproj" (target "CollectPackageReferences" depends on it):
   4:6>Using "ApplyImplicitVersions" task from assembly "/usr/share/dotnet/sdk/8.0.417/Sdks/Microsoft.NET.Sdk/targets/../tools/net8.0/Microsoft.NET.Build.Tasks.dll".
       Task "ApplyImplicitVersions"
       Done executing task "ApplyImplicitVersions".
   4:6>Done building target "ApplyImplicitVersions" in project "TourManagement.Web.csproj".
       Target "CheckForImplicitPackageReferenceOverrides" skipped. Previously built successfully.
       Target "AddWindowsSdkKnownFrameworkReferences" skipped, due to false condition; ('$(TargetFrameworkIdentifier)' == '.NETCoreApp' And '$(TargetPlatformIdentifier)' == 'Windows') was evaluated as ('.NETCoreApp' == '.NETCoreApp' And '' == 'Windows').
       Target "_NormalizeTargetPlatformVersion" skipped, due to false condition; ('$(TargetPlatformVersion)' != '' and '$(TargetFrameworkIdentifier)' == '.NETCoreApp' and $([MSBuild]::VersionGreaterThanOrEquals($(TargetFrameworkVersion), 5.0)) and ('$(Language)' != 'C++' or '$(_EnablePackageReferencesInVCProjects)' == 'true')) was evaluated as ('' != '' and '.NETCoreApp' == '.NETCoreApp' and True and ('C#' != 'C++' or '' == 'true')).
   4:6>Target "_ComputeToolPackInputsToProcessFrameworkReferences" in file "/usr/share/dotnet/sdk/8.0.417/Sdks/Microsoft.NET.Sdk/targets/Microsoft.NET.Publish.targets" from project "/modernize-data/studio-data/TNT1001/APP1166/transformed-code/344/studio-workspace/TMS22/src/TourManagement.Web/TourManagement.Web.csproj" (target "ProcessFrameworkReferences" depends on it):
   4:6>Done building target "_ComputeToolPackInputsToProcessFrameworkReferences" in project "TourManagement.Web.csproj".
   4:6>Target "ProcessFrameworkReferences" in file "/usr/share/dotnet/sdk/8.0.417/Sdks/Microsoft.NET.Sdk/targets/Microsoft.NET.Sdk.FrameworkReferenceResolution.targets" from project "/modernize-data/studio-data/TNT1001/APP1166/transformed-code/344/studio-workspace/TMS22/src/TourManagement.Web/TourManagement.Web.csproj" (target "CollectPackageReferences" depends on it):
       Using "CheckForDuplicateFrameworkReferences" task from assembly "/usr/share/dotnet/sdk/8.0.417/Sdks/Microsoft.NET.Sdk/targets/../tools/net8.0/Microsoft.NET.Build.Tasks.dll".
       Task "CheckForDuplicateFrameworkReferences"
       Done executing task "CheckForDuplicateFrameworkReferences".
       Using "ProcessFrameworkReferences" task from assembly "/usr/share/dotnet/sdk/8.0.417/Sdks/Microsoft.NET.Sdk/targets/../tools/net8.0/Microsoft.NET.Build.Tasks.dll".
       Task "ProcessFrameworkReferences"
   2:8>Done executing task "ResolvePackageAssets".
   2:8>Done building target "ResolvePackageAssets" in project "TourManagement.Application.csproj".
       Target "AdjustDefaultPlatformTargetForNetFrameworkExeWithNoNativeCopyLocalItems" skipped, due to false condition; ('$(_UsingDefaultPlatformTarget)' == 'true' and
                            '$(_UsingDefaultRuntimeIdentifier)' == 'true') was evaluated as ('true' == 'true' and
                            '' == 'true').
       Target "_CheckForTransitiveWindowsDesktopDependencies" skipped, due to false condition; ('$(TargetFrameworkIdentifier)' == '.NETCoreApp' and $([MSBuild]::VersionGreaterThanOrEquals($(_TargetFrameworkVersionWithoutV), '5.0')) and '$(TargetPlatformIdentifier)' != 'Windows' and '@(TransitiveFrameworkReference)' != '') was evaluated as ('.NETCoreApp' == '.NETCoreApp' and True and '' != 'Windows' and '' != '').
       Target "AddTransitiveFrameworkReferences" skipped, due to false condition; ('@(TransitiveFrameworkReference)' != '') was evaluated as ('' != '').
   3:7>Done executing task "ResolvePackageAssets".
   3:7>Done building target "ResolvePackageAssets" in project "TourManagement.Infrastructure.csproj".
       Target "AdjustDefaultPlatformTargetForNetFrameworkExeWithNoNativeCopyLocalItems" skipped, due to false condition; ('$(_UsingDefaultPlatformTarget)' == 'true' and
                            '$(_UsingDefaultRuntimeIdentifier)' == 'true') was evaluated as ('true' == 'true' and
                            '' == 'true').
   2:8>Target "ResolveLockFileReferences" in file "/usr/share/dotnet/sdk/8.0.417/Sdks/Microsoft.NET.Sdk/targets/Microsoft.PackageDependencyResolution.targets" from project "/modernize-data/studio-data/TNT1001/APP1166/transformed-code/344/studio-workspace/TMS22/src/TourManagement.Application/TourManagement.Application.csproj" (target "ResolvePackageDependenciesForBuild" depends on it):
   2:8>Using "JoinItems" task from assembly "/usr/share/dotnet/sdk/8.0.417/Sdks/Microsoft.NET.Sdk/targets/../tools/net8.0/Microsoft.NET.Build.Tasks.dll".
       Task "JoinItems"
   3:7>Target "_CheckForTransitiveWindowsDesktopDependencies" skipped, due to false condition; ('$(TargetFrameworkIdentifier)' == '.NETCoreApp' and $([MSBuild]::VersionGreaterThanOrEquals($(_TargetFrameworkVersionWithoutV), '5.0')) and '$(TargetPlatformIdentifier)' != 'Windows' and '@(TransitiveFrameworkReference)' != '') was evaluated as ('.NETCoreApp' == '.NETCoreApp' and True and '' != 'Windows' and '' != '').
       Target "AddTransitiveFrameworkReferences" skipped, due to false condition; ('@(TransitiveFrameworkReference)' != '') was evaluated as ('' != '').
   2:8>Done executing task "JoinItems".
   2:8>Done building target "ResolveLockFileReferences" in project "TourManagement.Application.csproj".
   3:7>Target "ResolveLockFileReferences" in file "/usr/share/dotnet/sdk/8.0.417/Sdks/Microsoft.NET.Sdk/targets/Microsoft.PackageDependencyResolution.targets" from project "/modernize-data/studio-data/TNT1001/APP1166/transformed-code/344/studio-workspace/TMS22/src/TourManagement.Infrastructure/TourManagement.Infrastructure.csproj" (target "ResolvePackageDependenciesForBuild" depends on it):
   3:7>Using "JoinItems" task from assembly "/usr/share/dotnet/sdk/8.0.417/Sdks/Microsoft.NET.Sdk/targets/../tools/net8.0/Microsoft.NET.Build.Tasks.dll".
   2:8>Target "ResolvePackageAssets" skipped. Previously built successfully.
   3:7>Task "JoinItems"
   2:8>Target "ResolveLockFileAnalyzers" in file "/usr/share/dotnet/sdk/8.0.417/Sdks/Microsoft.NET.Sdk/targets/Microsoft.PackageDependencyResolution.targets" from project "/modernize-data/studio-data/TNT1001/APP1166/transformed-code/344/studio-workspace/TMS22/src/TourManagement.Application/TourManagement.Application.csproj" (target "ResolvePackageDependenciesForBuild" depends on it):
   2:8>Done building target "ResolveLockFileAnalyzers" in project "TourManagement.Application.csproj".
       Target "ResolvePackageAssets" skipped. Previously built successfully.
       Target "RunProduceContentAssets" skipped, due to false condition; ('@(_ContentFilesToPreprocess)' != '' and '$(_CleaningWithoutRebuilding)' != 'true') was evaluated as ('' != '' and '' != 'true').
   3:7>Done executing task "JoinItems".
   2:8>Target "ResolveLockFileCopyLocalFiles" in file "/usr/share/dotnet/sdk/8.0.417/Sdks/Microsoft.NET.Sdk/targets/Microsoft.PackageDependencyResolution.targets" from project "/modernize-data/studio-data/TNT1001/APP1166/transformed-code/344/studio-workspace/TMS22/src/TourManagement.Application/TourManagement.Application.csproj" (target "ResolvePackageDependenciesForBuild" depends on it):
   2:8>Done building target "ResolveLockFileCopyLocalFiles" in project "TourManagement.Application.csproj".
       Target "ResolveRuntimePackAssets" skipped, due to false condition; ('@(RuntimePack)' != '') was evaluated as ('' != '').
       Target "RunProduceContentAssets" skipped, due to false condition; ('@(_ContentFilesToPreprocess)' != '' and '$(_CleaningWithoutRebuilding)' != 'true') was evaluated as ('' != '' and '' != 'true').
       Target "ResolvePackageAssets" skipped. Previously built successfully.
   2:8>Target "IncludeTransitiveProjectReferences" in file "/usr/share/dotnet/sdk/8.0.417/Sdks/Microsoft.NET.Sdk/targets/Microsoft.PackageDependencyResolution.targets" from project "/modernize-data/studio-data/TNT1001/APP1166/transformed-code/344/studio-workspace/TMS22/src/TourManagement.Application/TourManagement.Application.csproj" (target "ResolvePackageDependenciesForBuild" depends on it):
   2:8>Done building target "IncludeTransitiveProjectReferences" in project "TourManagement.Application.csproj".
   2:8>Target "ResolvePackageDependenciesForBuild" in file "/usr/share/dotnet/sdk/8.0.417/Sdks/Microsoft.NET.Sdk/targets/Microsoft.PackageDependencyResolution.targets" from project "/modernize-data/studio-data/TNT1001/APP1166/transformed-code/344/studio-workspace/TMS22/src/TourManagement.Application/TourManagement.Application.csproj" (target "AssignProjectConfiguration" depends on it):
   2:8>Done building target "ResolvePackageDependenciesForBuild" in project "TourManagement.Application.csproj".
   3:7>Done building target "ResolveLockFileReferences" in project "TourManagement.Infrastructure.csproj".
   2:8>Target "_Microsoft_Extensions_Logging_AbstractionsAnalyzerMultiTargeting" skipped, due to false condition; ('$(SupportsRoslynComponentVersioning)' != 'true') was evaluated as ('true' != 'true').
       Target "_Microsoft_Extensions_Logging_AbstractionsRemoveAnalyzers" skipped, due to false condition; ('$(DisableMicrosoftExtensionsLoggingSourceGenerator)' == 'true') was evaluated as ('' == 'true').
   3:7>Target "ResolvePackageAssets" skipped. Previously built successfully.
   3:7>Target "ResolveLockFileAnalyzers" in file "/usr/share/dotnet/sdk/8.0.417/Sdks/Microsoft.NET.Sdk/targets/Microsoft.PackageDependencyResolution.targets" from project "/modernize-data/studio-data/TNT1001/APP1166/transformed-code/344/studio-workspace/TMS22/src/TourManagement.Infrastructure/TourManagement.Infrastructure.csproj" (target "ResolvePackageDependenciesForBuild" depends on it):
   3:7>Done building target "ResolveLockFileAnalyzers" in project "TourManagement.Infrastructure.csproj".
       Target "ResolvePackageAssets" skipped. Previously built successfully.
       Target "RunProduceContentAssets" skipped, due to false condition; ('@(_ContentFilesToPreprocess)' != '' and '$(_CleaningWithoutRebuilding)' != 'true') was evaluated as ('' != '' and '' != 'true').
   2:8>Target "AssignProjectConfiguration" in file "/usr/share/dotnet/sdk/8.0.417/Microsoft.Common.CurrentVersion.targets" from project "/modernize-data/studio-data/TNT1001/APP1166/transformed-code/344/studio-workspace/TMS22/src/TourManagement.Application/TourManagement.Application.csproj" (target "ResolveReferences" depends on it):
   2:8>Using "AssignProjectConfiguration" task from assembly "Microsoft.Build.Tasks.Core, Version=15.1.0.0, Culture=neutral, PublicKeyToken=b03f5f7f11d50a3a".
       Task "AssignProjectConfiguration"
   3:7>Target "ResolveLockFileCopyLocalFiles" in file "/usr/share/dotnet/sdk/8.0.417/Sdks/Microsoft.NET.Sdk/targets/Microsoft.PackageDependencyResolution.targets" from project "/modernize-data/studio-data/TNT1001/APP1166/transformed-code/344/studio-workspace/TMS22/src/TourManagement.Infrastructure/TourManagement.Infrastructure.csproj" (target "ResolvePackageDependenciesForBuild" depends on it):
   3:7>Done building target "ResolveLockFileCopyLocalFiles" in project "TourManagement.Infrastructure.csproj".
       Target "ResolveRuntimePackAssets" skipped, due to false condition; ('@(RuntimePack)' != '') was evaluated as ('' != '').
       Target "RunProduceContentAssets" skipped, due to false condition; ('@(_ContentFilesToPreprocess)' != '' and '$(_CleaningWithoutRebuilding)' != 'true') was evaluated as ('' != '' and '' != 'true').
       Target "ResolvePackageAssets" skipped. Previously built successfully.
   3:7>Target "IncludeTransitiveProjectReferences" in file "/usr/share/dotnet/sdk/8.0.417/Sdks/Microsoft.NET.Sdk/targets/Microsoft.PackageDependencyResolution.targets" from project "/modernize-data/studio-data/TNT1001/APP1166/transformed-code/344/studio-workspace/TMS22/src/TourManagement.Infrastructure/TourManagement.Infrastructure.csproj" (target "ResolvePackageDependenciesForBuild" depends on it):
   3:7>Done building target "IncludeTransitiveProjectReferences" in project "TourManagement.Infrastructure.csproj".
   3:7>Target "ResolvePackageDependenciesForBuild" in file "/usr/share/dotnet/sdk/8.0.417/Sdks/Microsoft.NET.Sdk/targets/Microsoft.PackageDependencyResolution.targets" from project "/modernize-data/studio-data/TNT1001/APP1166/transformed-code/344/studio-workspace/TMS22/src/TourManagement.Infrastructure/TourManagement.Infrastructure.csproj" (target "AssignProjectConfiguration" depends on it):
   3:7>Done building target "ResolvePackageDependenciesForBuild" in project "TourManagement.Infrastructure.csproj".
   4:6>Done executing task "ProcessFrameworkReferences".
   3:7>Target "_Microsoft_Extensions_Logging_AbstractionsAnalyzerMultiTargeting" skipped, due to false condition; ('$(SupportsRoslynComponentVersioning)' != 'true') was evaluated as ('true' != 'true').
       Target "_Microsoft_Extensions_Logging_AbstractionsRemoveAnalyzers" skipped, due to false condition; ('$(DisableMicrosoftExtensionsLoggingSourceGenerator)' == 'true') was evaluated as ('' == 'true').
       Target "_System_Text_JsonAnalyzerMultiTargeting" skipped, due to false condition; ('$(SupportsRoslynComponentVersioning)' != 'true') was evaluated as ('true' != 'true').
       Target "_System_Text_JsonRemoveAnalyzers" skipped, due to false condition; ('$(DisableSystemTextJsonSourceGenerator)' == 'true') was evaluated as ('' == 'true').
       Target "_Microsoft_Extensions_OptionsAnalyzerMultiTargeting" skipped, due to false condition; ('$(SupportsRoslynComponentVersioning)' != 'true') was evaluated as ('true' != 'true').
       Target "_Microsoft_Extensions_OptionsRemoveAnalyzers" skipped, due to false condition; ('$(DisableMicrosoftExtensionsOptionsSourceGenerator)' == 'true') was evaluated as ('' == 'true').
   4:6>ProcessFrameworkReferences:
       Using "ResolveAppHosts" task from assembly "/usr/share/dotnet/sdk/8.0.417/Sdks/Microsoft.NET.Sdk/targets/../tools/net8.0/Microsoft.NET.Build.Tasks.dll".
       Task "ResolveAppHosts"
   3:7>Target "AssignProjectConfiguration" in file "/usr/share/dotnet/sdk/8.0.417/Microsoft.Common.CurrentVersion.targets" from project "/modernize-data/studio-data/TNT1001/APP1166/transformed-code/344/studio-workspace/TMS22/src/TourManagement.Infrastructure/TourManagement.Infrastructure.csproj" (target "ResolveReferences" depends on it):
   3:7>Using "AssignProjectConfiguration" task from assembly "Microsoft.Build.Tasks.Core, Version=15.1.0.0, Culture=neutral, PublicKeyToken=b03f5f7f11d50a3a".
       Task "AssignProjectConfiguration"
   2:8>AssignProjectConfiguration:
         Project reference "../TourManagement.Domain/TourManagement.Domain.csproj" has been assigned the "Debug|AnyCPU" configuration.
       Done executing task "AssignProjectConfiguration".
   2:8>Done building target "AssignProjectConfiguration" in project "TourManagement.Application.csproj".
       Target "AssignProjectConfiguration" skipped. Previously built successfully.
   2:8>Target "_SplitProjectReferencesByFileExistence" in file "/usr/share/dotnet/sdk/8.0.417/Microsoft.Common.CurrentVersion.targets" from project "/modernize-data/studio-data/TNT1001/APP1166/transformed-code/344/studio-workspace/TMS22/src/TourManagement.Application/TourManagement.Application.csproj" (target "PrepareProjectReferences" depends on it):
       Task "ResolveNonMSBuildProjectOutput" skipped, due to false condition; ('$(BuildingInsideVisualStudio)'=='true' and '@(ProjectReferenceWithConfiguration)'!='') was evaluated as (''=='true' and '../TourManagement.Domain/TourManagement.Domain.csproj'!='').
   3:7>AssignProjectConfiguration:
         Project reference "../TourManagement.Domain/TourManagement.Domain.csproj" has been assigned the "Debug|AnyCPU" configuration.
         Project reference "../TourManagement.Application/TourManagement.Application.csproj" has been assigned the "Debug|AnyCPU" configuration.
       Done executing task "AssignProjectConfiguration".
   2:8>Done building target "_SplitProjectReferencesByFileExistence" in project "TourManagement.Application.csproj".
   2:8>Target "_AddOutputPathToGlobalPropertiesToRemove" in file "/usr/share/dotnet/sdk/8.0.417/Microsoft.Common.CurrentVersion.targets" from project "/modernize-data/studio-data/TNT1001/APP1166/transformed-code/344/studio-workspace/TMS22/src/TourManagement.Application/TourManagement.Application.csproj" (target "_GetProjectReferenceTargetFrameworkProperties" depends on it):
   2:8>Done building target "_AddOutputPathToGlobalPropertiesToRemove" in project "TourManagement.Application.csproj".
   3:7>Done building target "AssignProjectConfiguration" in project "TourManagement.Infrastructure.csproj".
       Target "AssignProjectConfiguration" skipped. Previously built successfully.
   4:6>Done executing task "ResolveAppHosts".
   3:7>Target "_SplitProjectReferencesByFileExistence" in file "/usr/share/dotnet/sdk/8.0.417/Microsoft.Common.CurrentVersion.targets" from project "/modernize-data/studio-data/TNT1001/APP1166/transformed-code/344/studio-workspace/TMS22/src/TourManagement.Infrastructure/TourManagement.Infrastructure.csproj" (target "PrepareProjectReferences" depends on it):
   3:7>Task "ResolveNonMSBuildProjectOutput" skipped, due to false condition; ('$(BuildingInsideVisualStudio)'=='true' and '@(ProjectReferenceWithConfiguration)'!='') was evaluated as (''=='true' and '../TourManagement.Domain/TourManagement.Domain.csproj;../TourManagement.Application/TourManagement.Application.csproj'!='').
   2:8>Target "_GetProjectReferenceTargetFrameworkProperties" in file "/usr/share/dotnet/sdk/8.0.417/Microsoft.Common.CurrentVersion.targets" from project "/modernize-data/studio-data/TNT1001/APP1166/transformed-code/344/studio-workspace/TMS22/src/TourManagement.Application/TourManagement.Application.csproj" (target "PrepareProjectReferences" depends on it):
   2:8>Task "MSBuild"
   4:6>Done building target "ProcessFrameworkReferences" in project "TourManagement.Web.csproj".
       Target "IncludeTargetingPackReference" skipped, due to false condition; ('$(TargetFrameworkMoniker)' != '' and '$(TargetFrameworkIdentifier)' == '.NETFramework' and '$(AutomaticallyUseReferenceAssemblyPackages)' == 'true') was evaluated as ('.NETCoreApp,Version=v8.0' != '' and '.NETCoreApp' == '.NETFramework' and 'true' == 'true').
   3:7>Done building target "_SplitProjectReferencesByFileExistence" in project "TourManagement.Infrastructure.csproj".
   3:7>Target "_AddOutputPathToGlobalPropertiesToRemove" in file "/usr/share/dotnet/sdk/8.0.417/Microsoft.Common.CurrentVersion.targets" from project "/modernize-data/studio-data/TNT1001/APP1166/transformed-code/344/studio-workspace/TMS22/src/TourManagement.Infrastructure/TourManagement.Infrastructure.csproj" (target "_GetProjectReferenceTargetFrameworkProperties" depends on it):
   3:7>Done building target "_AddOutputPathToGlobalPropertiesToRemove" in project "TourManagement.Infrastructure.csproj".
   4:6>Target "_AddMicrosoftNetCompilerToolsetFrameworkPackage" in file "/usr/share/dotnet/sdk/8.0.417/Sdks/Microsoft.NET.Sdk/targets/Microsoft.NET.Sdk.targets" from project "/modernize-data/studio-data/TNT1001/APP1166/transformed-code/344/studio-workspace/TMS22/src/TourManagement.Web/TourManagement.Web.csproj" (target "CollectPackageReferences" depends on it):
   4:6>Task "NETSdkWarning" skipped, due to false condition; ('@(PackageReference->AnyHaveMetadataValue('Identity', 'Microsoft.Net.Compilers.Toolset.Framework'))' == 'true') was evaluated as ('false' == 'true').
   4:6>Done building target "_AddMicrosoftNetCompilerToolsetFrameworkPackage" in project "TourManagement.Web.csproj".
   4:6>Target "_CheckForObsoleteDotNetCliToolReferences" in file "/usr/share/dotnet/sdk/8.0.417/Sdks/Microsoft.NET.Sdk/targets/Microsoft.NET.ObsoleteReferences.targets" from project "/modernize-data/studio-data/TNT1001/APP1166/transformed-code/344/studio-workspace/TMS22/src/TourManagement.Web/TourManagement.Web.csproj" (target "CollectPackageReferences" depends on it):
       Task "NETSdkWarning" skipped, due to false condition; ( '%(_ReferenceToObsoleteDotNetCliTool.Identity)' != '' ) was evaluated as ( '' != '' ).
   4:6>Done building target "_CheckForObsoleteDotNetCliToolReferences" in project "TourManagement.Web.csproj".
   4:6>Target "CollectPackageReferences" in file "/usr/share/dotnet/sdk/8.0.417/NuGet.targets" from project "/modernize-data/studio-data/TNT1001/APP1166/transformed-code/344/studio-workspace/TMS22/src/TourManagement.Web/TourManagement.Web.csproj" (target "_GetRestoreProjectStyle" depends on it):
       Using "CheckForDuplicateNuGetItemsTask" task from assembly "/usr/share/dotnet/sdk/8.0.417/NuGet.Build.Tasks.dll".
       Task "CheckForDuplicateNuGetItemsTask"
   3:7>Target "_GetProjectReferenceTargetFrameworkProperties" in file "/usr/share/dotnet/sdk/8.0.417/Microsoft.Common.CurrentVersion.targets" from project "/modernize-data/studio-data/TNT1001/APP1166/transformed-code/344/studio-workspace/TMS22/src/TourManagement.Infrastructure/TourManagement.Infrastructure.csproj" (target "PrepareProjectReferences" depends on it):
   3:7>Task "MSBuild"
   4:6>Done executing task "CheckForDuplicateNuGetItemsTask".
   4:6>Done building target "CollectPackageReferences" in project "TourManagement.Web.csproj".
   2:8>_GetProjectReferenceTargetFrameworkProperties:
         Global Properties:
           Configuration=Debug
           Platform=AnyCPU
         Removing Properties:
           TargetFramework
           RuntimeIdentifier
           SelfContained
   4:6>Target "_GetRestoreProjectStyle" in file "/usr/share/dotnet/sdk/8.0.417/NuGet.targets" from project "/modernize-data/studio-data/TNT1001/APP1166/transformed-code/344/studio-workspace/TMS22/src/TourManagement.Web/TourManagement.Web.csproj" (target "EnableIntermediateOutputPathMismatchWarning" depends on it):
   4:6>Using "GetRestoreProjectStyleTask" task from assembly "/usr/share/dotnet/sdk/8.0.417/NuGet.Build.Tasks.dll".
       Task "GetRestoreProjectStyleTask"
   3:7>_GetProjectReferenceTargetFrameworkProperties:
         Global Properties:
           Configuration=Debug
           Platform=AnyCPU
         Removing Properties:
           TargetFramework
           RuntimeIdentifier
           SelfContained
   4:6>Done executing task "GetRestoreProjectStyleTask".
   4:6>Done building target "_GetRestoreProjectStyle" in project "TourManagement.Web.csproj".
   4:6>Target "EnableIntermediateOutputPathMismatchWarning" in file "/usr/share/dotnet/sdk/8.0.417/NuGet.targets" from project "/modernize-data/studio-data/TNT1001/APP1166/transformed-code/344/studio-workspace/TMS22/src/TourManagement.Web/TourManagement.Web.csproj" (target "_CheckForInvalidConfigurationAndPlatform" depends on it):
   4:6>Done building target "EnableIntermediateOutputPathMismatchWarning" in project "TourManagement.Web.csproj".
       Target "ApplyImplicitVersions" skipped. Previously built successfully.
       Target "CheckForImplicitPackageReferenceOverrides" skipped. Previously built successfully.
   4:6>Target "CheckForDuplicateItems" in file "/usr/share/dotnet/sdk/8.0.417/Sdks/Microsoft.NET.Sdk/targets/Microsoft.NET.Sdk.DefaultItems.Shared.targets" from project "/modernize-data/studio-data/TNT1001/APP1166/transformed-code/344/studio-workspace/TMS22/src/TourManagement.Web/TourManagement.Web.csproj" (target "_CheckForInvalidConfigurationAndPlatform" depends on it):
       Using "CheckForDuplicateItems" task from assembly "/usr/share/dotnet/sdk/8.0.417/Sdks/Microsoft.NET.Sdk/targets/../tools/net8.0/Microsoft.NET.Build.Tasks.dll".
       Task "CheckForDuplicateItems"
       Done executing task "CheckForDuplicateItems".
       Task "CheckForDuplicateItems"
       Done executing task "CheckForDuplicateItems".
       Task "CheckForDuplicateItems"
   3:7>Project "/modernize-data/studio-data/TNT1001/APP1166/transformed-code/344/studio-workspace/TMS22/src/TourManagement.Infrastructure/TourManagement.Infrastructure.csproj" (3:7) is building "/modernize-data/studio-data/TNT1001/APP1166/transformed-code/344/studio-workspace/TMS22/src/TourManagement.Application/TourManagement.Application.csproj" (2:9) on node 2 (GetTargetFrameworks target(s)).
   2:9>Target "GetTargetFrameworksWithPlatformForSingleTargetFramework" in file "/usr/share/dotnet/sdk/8.0.417/Microsoft.Common.CurrentVersion.targets" from project "/modernize-data/studio-data/TNT1001/APP1166/transformed-code/344/studio-workspace/TMS22/src/TourManagement.Application/TourManagement.Application.csproj" (target "GetTargetFrameworks" depends on it):
   2:9>Using "CombineTargetFrameworkInfoProperties" task from assembly "Microsoft.Build.Tasks.Core, Version=15.1.0.0, Culture=neutral, PublicKeyToken=b03f5f7f11d50a3a".
       Task "CombineTargetFrameworkInfoProperties"
   4:6>Done executing task "CheckForDuplicateItems".
   4:6>Done building target "CheckForDuplicateItems" in project "TourManagement.Web.csproj".
       Target "WarnForExplicitVersions" skipped, due to false condition; ('@(SdkBuildWarning)' != '') was evaluated as ('' != '').
       Target "_CheckForFailedSDKResolution" skipped, due to false condition; ('$(SdkResolverHonoredGlobalJson)' == 'false') was evaluated as ('' == 'false').
       Target "_WarnWhenUsingNET8AndVSPriorTo178" skipped, due to false condition; ($([MSBuild]::VersionLessThan($(MSBuildVersion), '17.8.0')) and '$(TargetFrameworkIdentifier)' == '.NETCoreApp' and $([MSBuild]::VersionGreaterThanOrEquals($(_TargetFrameworkVersionWithoutV), '8.0'))) was evaluated as (False and '.NETCoreApp' == '.NETCoreApp' and True).
       Target "_CheckForInvalidWindowsDesktopTargetingConfiguration" skipped, due to false condition; ('$(TargetFrameworkIdentifier)' == '.NETCoreApp' and $([MSBuild]::VersionGreaterThanOrEquals($(_TargetFrameworkVersionWithoutV), '5.0')) and ('$(UseWindowsForms)' == 'true' or '$(UseWPF)' == 'true')) was evaluated as ('.NETCoreApp' == '.NETCoreApp' and True and ('' == 'true' or '' == 'true')).
       Target "_CheckForUnnecessaryWindowsDesktopSDK" skipped, due to false condition; ('$(TargetFrameworkIdentifier)' == '.NETCoreApp' and $([MSBuild]::VersionGreaterThanOrEquals($(_TargetFrameworkVersionWithoutV), '5.0')) and '$(_MicrosoftWindowsDesktopSdkImported)' == 'true' and '$(TargetFrameworks)' == '') was evaluated as ('.NETCoreApp' == '.NETCoreApp' and True and '' == 'true' and '' == '').
       Target "ProcessFrameworkReferences" skipped. Previously built successfully.
       Target "IncludeTargetingPackReference" skipped, due to false condition; ('$(TargetFrameworkMoniker)' != '' and '$(TargetFrameworkIdentifier)' == '.NETFramework' and '$(AutomaticallyUseReferenceAssemblyPackages)' == 'true') was evaluated as ('.NETCoreApp,Version=v8.0' != '' and '.NETCoreApp' == '.NETFramework' and 'true' == 'true').
   4:6>Target "_CheckForInvalidConfigurationAndPlatform" in file "/usr/share/dotnet/sdk/8.0.417/Microsoft.Common.CurrentVersion.targets" from project "/modernize-data/studio-data/TNT1001/APP1166/transformed-code/344/studio-workspace/TMS22/src/TourManagement.Web/TourManagement.Web.csproj" (target "BeforeBuild" depends on it):
       Task "Error" skipped, due to false condition; ( '$(_InvalidConfigurationError)' == 'true' ) was evaluated as ( '' == 'true' ).
       Task "Warning" skipped, due to false condition; ( '$(_InvalidConfigurationWarning)' == 'true' ) was evaluated as ( '' == 'true' ).
       Task "Message"
   2:9>Done executing task "CombineTargetFrameworkInfoProperties".
   4:6>_CheckForInvalidConfigurationAndPlatform:
         Configuration=Debug
       Done executing task "Message".
       Task "Message"
         Platform=AnyCPU
       Done executing task "Message".
   2:9>Done building target "GetTargetFrameworksWithPlatformForSingleTargetFramework" in project "TourManagement.Application.csproj".
   2:9>Target "GetTargetFrameworks" in file "/usr/share/dotnet/sdk/8.0.417/Microsoft.Common.CurrentVersion.targets" from project "/modernize-data/studio-data/TNT1001/APP1166/transformed-code/344/studio-workspace/TMS22/src/TourManagement.Application/TourManagement.Application.csproj" (entry point):
       Task "Error" skipped, due to false condition; ('$(IsCrossTargetingBuild)' == 'true') was evaluated as ('' == 'true').
   4:6>_CheckForInvalidConfigurationAndPlatform:
       Task "Error" skipped, due to false condition; ('$(OutDir)' != '' and !HasTrailingSlash('$(OutDir)')) was evaluated as ('bin/Debug/net8.0/' != '' and !HasTrailingSlash('bin/Debug/net8.0/')).
       Task "Error" skipped, due to false condition; ('$(IntermediateOutputPath)' != '' and !HasTrailingSlash('$(IntermediateOutputPath)')) was evaluated as ('obj/Debug/net8.0/' != '' and !HasTrailingSlash('obj/Debug/net8.0/')).
   2:9>GetTargetFrameworks:
       Using "CombineXmlElements" task from assembly "Microsoft.Build.Tasks.Core, Version=15.1.0.0, Culture=neutral, PublicKeyToken=b03f5f7f11d50a3a".
       Task "CombineXmlElements"
   4:6>_CheckForInvalidConfigurationAndPlatform:
       Task "Error" skipped, due to false condition; ('$(BaseIntermediateOutputPath)' != '' and !HasTrailingSlash('$(BaseIntermediateOutputPath)')) was evaluated as ('/modernize-data/studio-data/TNT1001/APP1166/transformed-code/344/studio-workspace/TMS22/src/TourManagement.Web/obj/' != '' and !HasTrailingSlash('/modernize-data/studio-data/TNT1001/APP1166/transformed-code/344/studio-workspace/TMS22/src/TourManagement.Web/obj/')).
       Task "MSBuildInternalMessage" skipped, due to false condition; ( '$(Prefer32Bit)' == 'true' and '$(PreferNativeArm64)' == 'true' ) was evaluated as ( 'false' == 'true' and '' == 'true' ).
       Task "MSBuildInternalMessage" skipped, due to false condition; ( '$(NoWin32Manifest)' == 'true' and '$(PreferNativeArm64)' == 'true' ) was evaluated as ( '' == 'true' and '' == 'true' ).
       Task "MSBuildInternalMessage" skipped, due to false condition; ( '$(PreferNativeArm64)' == 'true' and '$(Platform)' != 'AnyCPU' ) was evaluated as ( '' == 'true' and 'AnyCPU' != 'AnyCPU' ).
       Task "Error" skipped, due to false condition; ( '$(_InitialMSBuildProjectExtensionsPath)' != '' And '$(MSBuildProjectExtensionsPath)' != '$(_InitialMSBuildProjectExtensionsPath)' ) was evaluated as ( '/modernize-data/studio-data/TNT1001/APP1166/transformed-code/344/studio-workspace/TMS22/src/TourManagement.Web/obj/' != '' And '/modernize-data/studio-data/TNT1001/APP1166/transformed-code/344/studio-workspace/TMS22/src/TourManagement.Web/obj/' != '/modernize-data/studio-data/TNT1001/APP1166/transformed-code/344/studio-workspace/TMS22/src/TourManagement.Web/obj/' ).
       Task "Warning" skipped, due to false condition; ( '$(EnableBaseIntermediateOutputPathMismatchWarning)' == 'true' And '$(_InitialBaseIntermediateOutputPath)' != '$(BaseIntermediateOutputPath)' And '$(BaseIntermediateOutputPath)' != '$(MSBuildProjectExtensionsPath)' ) was evaluated as ( 'true' == 'true' And 'obj/' != '/modernize-data/studio-data/TNT1001/APP1166/transformed-code/344/studio-workspace/TMS22/src/TourManagement.Web/obj/' And '/modernize-data/studio-data/TNT1001/APP1166/transformed-code/344/studio-workspace/TMS22/src/TourManagement.Web/obj/' != '/modernize-data/studio-data/TNT1001/APP1166/transformed-code/344/studio-workspace/TMS22/src/TourManagement.Web/obj/' ).
   4:6>Done building target "_CheckForInvalidConfigurationAndPlatform" in project "TourManagement.Web.csproj".
   4:6>Target "ValidateCommandLineProperties" in file "/usr/share/dotnet/sdk/8.0.417/Sdks/Microsoft.NET.Sdk/targets/Microsoft.NET.Sdk.targets" from project "/modernize-data/studio-data/TNT1001/APP1166/transformed-code/344/studio-workspace/TMS22/src/TourManagement.Web/TourManagement.Web.csproj" (target "BeforeBuild" depends on it):
   4:6>Done building target "ValidateCommandLineProperties" in project "TourManagement.Web.csproj".
   4:6>Target "BeforeBuild" in file "/usr/share/dotnet/sdk/8.0.417/Microsoft.Common.CurrentVersion.targets" from project "/modernize-data/studio-data/TNT1001/APP1166/transformed-code/344/studio-workspace/TMS22/src/TourManagement.Web/TourManagement.Web.csproj" (target "Build" depends on it):
   4:6>Done building target "BeforeBuild" in project "TourManagement.Web.csproj".
       Target "_CheckForBuildWithNoBuild" skipped, due to false condition; ('$(NoBuild)' == 'true' and '$(GeneratePackageOnBuild)' != 'true') was evaluated as ('' == 'true' and 'false' != 'true').
   4:6>Target "BuildOnlySettings" in file "/usr/share/dotnet/sdk/8.0.417/Microsoft.Common.CurrentVersion.targets" from project "/modernize-data/studio-data/TNT1001/APP1166/transformed-code/344/studio-workspace/TMS22/src/TourManagement.Web/TourManagement.Web.csproj" (target "CoreBuild" depends on it):
   4:6>Done building target "BuildOnlySettings" in project "TourManagement.Web.csproj".
       Target "_CheckForUnsupportedTargetFramework" skipped, due to false condition; ('$(_UnsupportedTargetFrameworkError)' == 'true') was evaluated as ('' == 'true').
       Target "_CheckForUnsupportedTargetPlatformIdentifier" skipped, due to false condition; ('$(TargetPlatformIdentifier)' != '' and '$(TargetFrameworkIdentifier)' == '.NETCoreApp' and $([MSBuild]::VersionGreaterThanOrEquals($(TargetFrameworkVersion), 5.0)) And ('$(DesignTimeBuild)' != 'true' Or '@(MissingWorkloadPack)' == '')) was evaluated as ('' != '' and '.NETCoreApp' == '.NETCoreApp' and True And ('' != 'true' Or '' == '')).
       Target "_CheckForMissingWorkload" skipped, due to false condition; ('@(MissingWorkloadPack)' != '' And '$(DesignTimeBuild)' != 'true') was evaluated as ('' != '' And '' != 'true').
   4:6>Target "GetFrameworkPaths" in file "/usr/share/dotnet/sdk/8.0.417/Sdks/Microsoft.NET.Sdk/targets/Microsoft.NET.DisableStandardFrameworkResolution.targets" from project "/modernize-data/studio-data/TNT1001/APP1166/transformed-code/344/studio-workspace/TMS22/src/TourManagement.Web/TourManagement.Web.csproj" (target "PrepareForBuild" depends on it):
   4:6>Done building target "GetFrameworkPaths" in project "TourManagement.Web.csproj".
       Target "_CheckForUnsupportedTargetFramework" skipped, due to false condition; ('$(_UnsupportedTargetFrameworkError)' == 'true') was evaluated as ('' == 'true').
       Target "_CheckForUnsupportedTargetPlatformIdentifier" skipped, due to false condition; ('$(TargetPlatformIdentifier)' != '' and '$(TargetFrameworkIdentifier)' == '.NETCoreApp' and $([MSBuild]::VersionGreaterThanOrEquals($(TargetFrameworkVersion), 5.0)) And ('$(DesignTimeBuild)' != 'true' Or '@(MissingWorkloadPack)' == '')) was evaluated as ('' != '' and '.NETCoreApp' == '.NETCoreApp' and True And ('' != 'true' Or '' == '')).
       Target "_CheckForMissingWorkload" skipped, due to false condition; ('@(MissingWorkloadPack)' != '' And '$(DesignTimeBuild)' != 'true') was evaluated as ('' != '' And '' != 'true').
   4:6>Target "GetReferenceAssemblyPaths" in file "/usr/share/dotnet/sdk/8.0.417/Sdks/Microsoft.NET.Sdk/targets/Microsoft.NET.DisableStandardFrameworkResolution.targets" from project "/modernize-data/studio-data/TNT1001/APP1166/transformed-code/344/studio-workspace/TMS22/src/TourManagement.Web/TourManagement.Web.csproj" (target "PrepareForBuild" depends on it):
   4:6>Done building target "GetReferenceAssemblyPaths" in project "TourManagement.Web.csproj".
   2:9>Done executing task "CombineXmlElements".
   4:6>Target "AssignLinkMetadata" skipped, due to false condition; ( '$(SynthesizeLinkMetadata)' == 'true' ) was evaluated as ( '' == 'true' ).
   2:9>Done building target "GetTargetFrameworks" in project "TourManagement.Application.csproj".
   2:9>Done Building Project "/modernize-data/studio-data/TNT1001/APP1166/transformed-code/344/studio-workspace/TMS22/src/TourManagement.Application/TourManagement.Application.csproj" (GetTargetFrameworks target(s)).
   4:6>Target "ResolveRazorGenerateInputs" in file "/usr/share/dotnet/sdk/8.0.417/Sdks/Microsoft.NET.Sdk.Razor/targets/Sdk.Razor.CurrentVersion.targets" from project "/modernize-data/studio-data/TNT1001/APP1166/transformed-code/344/studio-workspace/TMS22/src/TourManagement.Web/TourManagement.Web.csproj" (target "PrepareForBuild" depends on it):
   4:6>Done building target "ResolveRazorGenerateInputs" in project "TourManagement.Web.csproj".
       Target "_VerifyPackReleaseConfigurations" skipped, due to false condition; ('$(_IsPacking)' == 'true' and '$(DOTNET_CLI_DISABLE_PUBLISH_AND_PACK_RELEASE)' != 'true' and '$(DOTNET_CLI_LAZY_PUBLISH_AND_PACK_RELEASE_FOR_SOLUTIONS)' == 'true') was evaluated as ('' == 'true' and '' != 'true' and '' == 'true').
   4:6>Target "PrepareForBuild" in file "/usr/share/dotnet/sdk/8.0.417/Microsoft.Common.CurrentVersion.targets" from project "/modernize-data/studio-data/TNT1001/APP1166/transformed-code/344/studio-workspace/TMS22/src/TourManagement.Web/TourManagement.Web.csproj" (target "CoreBuild" depends on it):
       Using "FindAppConfigFile" task from assembly "Microsoft.Build.Tasks.Core, Version=15.1.0.0, Culture=neutral, PublicKeyToken=b03f5f7f11d50a3a".
       Task "FindAppConfigFile"
       Done executing task "FindAppConfigFile".
       Using "MakeDir" task from assembly "Microsoft.Build.Tasks.Core, Version=15.1.0.0, Culture=neutral, PublicKeyToken=b03f5f7f11d50a3a".
       Task "MakeDir"
       Done executing task "MakeDir".
   4:6>Done building target "PrepareForBuild" in project "TourManagement.Web.csproj".
   4:6>Target "GenerateGlobalUsings" in file "/usr/share/dotnet/sdk/8.0.417/Sdks/Microsoft.NET.Sdk/targets/Microsoft.NET.GenerateGlobalUsings.targets" from project "/modernize-data/studio-data/TNT1001/APP1166/transformed-code/344/studio-workspace/TMS22/src/TourManagement.Web/TourManagement.Web.csproj" (target "CoreBuild" depends on it):
       Using "GenerateGlobalUsings" task from assembly "/usr/share/dotnet/sdk/8.0.417/Sdks/Microsoft.NET.Sdk/targets/../tools/net8.0/Microsoft.NET.Build.Tasks.dll".
       Task "GenerateGlobalUsings"
   5:8>Done executing task "ResolvePackageAssets".
   5:8>Done building target "ResolvePackageAssets" in project "TourManagement.Domain.csproj".
       Target "AdjustDefaultPlatformTargetForNetFrameworkExeWithNoNativeCopyLocalItems" skipped, due to false condition; ('$(_UsingDefaultPlatformTarget)' == 'true' and
                            '$(_UsingDefaultRuntimeIdentifier)' == 'true') was evaluated as ('true' == 'true' and
                            '' == 'true').
       Target "_CheckForTransitiveWindowsDesktopDependencies" skipped, due to false condition; ('$(TargetFrameworkIdentifier)' == '.NETCoreApp' and $([MSBuild]::VersionGreaterThanOrEquals($(_TargetFrameworkVersionWithoutV), '5.0')) and '$(TargetPlatformIdentifier)' != 'Windows' and '@(TransitiveFrameworkReference)' != '') was evaluated as ('.NETCoreApp' == '.NETCoreApp' and True and '' != 'Windows' and '' != '').
       Target "AddTransitiveFrameworkReferences" skipped, due to false condition; ('@(TransitiveFrameworkReference)' != '') was evaluated as ('' != '').
   5:8>Target "ResolveLockFileReferences" in file "/usr/share/dotnet/sdk/8.0.417/Sdks/Microsoft.NET.Sdk/targets/Microsoft.PackageDependencyResolution.targets" from project "/modernize-data/studio-data/TNT1001/APP1166/transformed-code/344/studio-workspace/TMS22/src/TourManagement.Domain/TourManagement.Domain.csproj" (target "ResolvePackageDependenciesForBuild" depends on it):
       Using "JoinItems" task from assembly "/usr/share/dotnet/sdk/8.0.417/Sdks/Microsoft.NET.Sdk/targets/../tools/net8.0/Microsoft.NET.Build.Tasks.dll".
       Task "JoinItems"
       Done executing task "JoinItems".
   5:8>Done building target "ResolveLockFileReferences" in project "TourManagement.Domain.csproj".
       Target "ResolvePackageAssets" skipped. Previously built successfully.
   5:8>Target "ResolveLockFileAnalyzers" in file "/usr/share/dotnet/sdk/8.0.417/Sdks/Microsoft.NET.Sdk/targets/Microsoft.PackageDependencyResolution.targets" from project "/modernize-data/studio-data/TNT1001/APP1166/transformed-code/344/studio-workspace/TMS22/src/TourManagement.Domain/TourManagement.Domain.csproj" (target "ResolvePackageDependenciesForBuild" depends on it):
   5:8>Done building target "ResolveLockFileAnalyzers" in project "TourManagement.Domain.csproj".
       Target "ResolvePackageAssets" skipped. Previously built successfully.
       Target "RunProduceContentAssets" skipped, due to false condition; ('@(_ContentFilesToPreprocess)' != '' and '$(_CleaningWithoutRebuilding)' != 'true') was evaluated as ('' != '' and '' != 'true').
   5:8>Target "ResolveLockFileCopyLocalFiles" in file "/usr/share/dotnet/sdk/8.0.417/Sdks/Microsoft.NET.Sdk/targets/Microsoft.PackageDependencyResolution.targets" from project "/modernize-data/studio-data/TNT1001/APP1166/transformed-code/344/studio-workspace/TMS22/src/TourManagement.Domain/TourManagement.Domain.csproj" (target "ResolvePackageDependenciesForBuild" depends on it):
   5:8>Done building target "ResolveLockFileCopyLocalFiles" in project "TourManagement.Domain.csproj".
       Target "ResolveRuntimePackAssets" skipped, due to false condition; ('@(RuntimePack)' != '') was evaluated as ('' != '').
       Target "RunProduceContentAssets" skipped, due to false condition; ('@(_ContentFilesToPreprocess)' != '' and '$(_CleaningWithoutRebuilding)' != 'true') was evaluated as ('' != '' and '' != 'true').
       Target "ResolvePackageAssets" skipped. Previously built successfully.
   5:8>Target "IncludeTransitiveProjectReferences" in file "/usr/share/dotnet/sdk/8.0.417/Sdks/Microsoft.NET.Sdk/targets/Microsoft.PackageDependencyResolution.targets" from project "/modernize-data/studio-data/TNT1001/APP1166/transformed-code/344/studio-workspace/TMS22/src/TourManagement.Domain/TourManagement.Domain.csproj" (target "ResolvePackageDependenciesForBuild" depends on it):
   5:8>Done building target "IncludeTransitiveProjectReferences" in project "TourManagement.Domain.csproj".
   5:8>Target "ResolvePackageDependenciesForBuild" in file "/usr/share/dotnet/sdk/8.0.417/Sdks/Microsoft.NET.Sdk/targets/Microsoft.PackageDependencyResolution.targets" from project "/modernize-data/studio-data/TNT1001/APP1166/transformed-code/344/studio-workspace/TMS22/src/TourManagement.Domain/TourManagement.Domain.csproj" (target "AssignProjectConfiguration" depends on it):
   5:8>Done building target "ResolvePackageDependenciesForBuild" in project "TourManagement.Domain.csproj".
   4:6>Done executing task "GenerateGlobalUsings".
       Using "WriteLinesToFile" task from assembly "Microsoft.Build.Tasks.Core, Version=15.1.0.0, Culture=neutral, PublicKeyToken=b03f5f7f11d50a3a".
       Task "WriteLinesToFile"
   5:8>Target "AssignProjectConfiguration" in file "/usr/share/dotnet/sdk/8.0.417/Microsoft.Common.CurrentVersion.targets" from project "/modernize-data/studio-data/TNT1001/APP1166/transformed-code/344/studio-workspace/TMS22/src/TourManagement.Domain/TourManagement.Domain.csproj" (target "ResolveReferences" depends on it):
   5:8>Using "AssignProjectConfiguration" task from assembly "Microsoft.Build.Tasks.Core, Version=15.1.0.0, Culture=neutral, PublicKeyToken=b03f5f7f11d50a3a".
       Task "AssignProjectConfiguration"
   4:6>GenerateGlobalUsings:
         Skipping write to file "obj/Debug/net8.0/TourManagement.Web.GlobalUsings.g.cs" because content would not change.
       Done executing task "WriteLinesToFile".
   4:6>Done building target "GenerateGlobalUsings" in project "TourManagement.Web.csproj".
       Target "PreBuildEvent" skipped, due to false condition; ('$(PreBuildEvent)'!='') was evaluated as (''!='').
   4:6>Target "BeforeResolveReferences" in file "/usr/share/dotnet/sdk/8.0.417/Microsoft.Common.CurrentVersion.targets" from project "/modernize-data/studio-data/TNT1001/APP1166/transformed-code/344/studio-workspace/TMS22/src/TourManagement.Web/TourManagement.Web.csproj" (target "ResolveReferences" depends on it):
   4:6>Done building target "BeforeResolveReferences" in project "TourManagement.Web.csproj".
   4:6>Target "IgnoreJavaScriptOutputAssembly" in file "/usr/share/dotnet/sdk/8.0.417/Microsoft.Common.CurrentVersion.targets" from project "/modernize-data/studio-data/TNT1001/APP1166/transformed-code/344/studio-workspace/TMS22/src/TourManagement.Web/TourManagement.Web.csproj" (target "AssignProjectConfiguration" depends on it):
   4:6>Done building target "IgnoreJavaScriptOutputAssembly" in project "TourManagement.Web.csproj".
       Target "ProcessFrameworkReferences" skipped. Previously built successfully.
   4:6>Target "_DefaultMicrosoftNETPlatformLibrary" in file "/usr/share/dotnet/sdk/8.0.417/Sdks/Microsoft.NET.Sdk/targets/Microsoft.NET.Sdk.Shared.targets" from project "/modernize-data/studio-data/TNT1001/APP1166/transformed-code/344/studio-workspace/TMS22/src/TourManagement.Web/TourManagement.Web.csproj" (target "ResolvePackageAssets" depends on it):
   4:6>Done building target "_DefaultMicrosoftNETPlatformLibrary" in project "TourManagement.Web.csproj".
   4:6>Target "_ComputePackageReferencePublish" in file "/usr/share/dotnet/sdk/8.0.417/Sdks/Microsoft.NET.Sdk/targets/Microsoft.NET.Sdk.Shared.targets" from project "/modernize-data/studio-data/TNT1001/APP1166/transformed-code/344/studio-workspace/TMS22/src/TourManagement.Web/TourManagement.Web.csproj" (target "ResolvePackageAssets" depends on it):
   4:6>Done building target "_ComputePackageReferencePublish" in project "TourManagement.Web.csproj".
   5:8>Done executing task "AssignProjectConfiguration".
   4:6>Target "_ResolveCompilerVersion" skipped, due to false condition; ('$(CompilerApiVersion)' == '' And
                     ('$(Language)' == 'C#' Or '$(Language)' == 'VB') And
                     Exists('$(RoslynTargetsPath)\Microsoft.Build.Tasks.CodeAnalysis.dll')) was evaluated as ('roslyn4.11' == '' And
                     ('C#' == 'C#' Or 'C#' == 'VB') And
                     Exists('/usr/share/dotnet/sdk/8.0.417/Roslyn\Microsoft.Build.Tasks.CodeAnalysis.dll')).
   5:8>Done building target "AssignProjectConfiguration" in project "TourManagement.Domain.csproj".
       Target "AssignProjectConfiguration" skipped. Previously built successfully.
   5:8>Target "_SplitProjectReferencesByFileExistence" in file "/usr/share/dotnet/sdk/8.0.417/Microsoft.Common.CurrentVersion.targets" from project "/modernize-data/studio-data/TNT1001/APP1166/transformed-code/344/studio-workspace/TMS22/src/TourManagement.Domain/TourManagement.Domain.csproj" (target "PrepareProjectReferences" depends on it):
       Task "ResolveNonMSBuildProjectOutput" skipped, due to false condition; ('$(BuildingInsideVisualStudio)'=='true' and '@(ProjectReferenceWithConfiguration)'!='') was evaluated as (''=='true' and ''!='').
   5:8>Done building target "_SplitProjectReferencesByFileExistence" in project "TourManagement.Domain.csproj".
   5:8>Target "_AddOutputPathToGlobalPropertiesToRemove" in file "/usr/share/dotnet/sdk/8.0.417/Microsoft.Common.CurrentVersion.targets" from project "/modernize-data/studio-data/TNT1001/APP1166/transformed-code/344/studio-workspace/TMS22/src/TourManagement.Domain/TourManagement.Domain.csproj" (target "_GetProjectReferenceTargetFrameworkProperties" depends on it):
   5:8>Done building target "_AddOutputPathToGlobalPropertiesToRemove" in project "TourManagement.Domain.csproj".
   5:8>Target "_GetProjectReferenceTargetFrameworkProperties" in file "/usr/share/dotnet/sdk/8.0.417/Microsoft.Common.CurrentVersion.targets" from project "/modernize-data/studio-data/TNT1001/APP1166/transformed-code/344/studio-workspace/TMS22/src/TourManagement.Domain/TourManagement.Domain.csproj" (target "PrepareProjectReferences" depends on it):
       Task "MSBuild"
   4:6>Target "ResolvePackageAssets" in file "/usr/share/dotnet/sdk/8.0.417/Sdks/Microsoft.NET.Sdk/targets/Microsoft.PackageDependencyResolution.targets" from project "/modernize-data/studio-data/TNT1001/APP1166/transformed-code/344/studio-workspace/TMS22/src/TourManagement.Web/TourManagement.Web.csproj" (target "ResolveLockFileReferences" depends on it):
   4:6>Using "ResolvePackageAssets" task from assembly "/usr/share/dotnet/sdk/8.0.417/Sdks/Microsoft.NET.Sdk/targets/../tools/net8.0/Microsoft.NET.Build.Tasks.dll".
       Task "ResolvePackageAssets"
   5:8>Done executing task "MSBuild".
       Task "MSBuild" skipped, due to false condition; ('%(_MSBuildProjectReferenceExistent.SkipGetTargetFrameworkProperties)' != 'true' and '$(EnableDynamicPlatformResolution)' == 'true') was evaluated as ('' != 'true' and '' == 'true').
   4:6>Done executing task "ResolvePackageAssets".
   4:6>Done building target "ResolvePackageAssets" in project "TourManagement.Web.csproj".
       Target "AdjustDefaultPlatformTargetForNetFrameworkExeWithNoNativeCopyLocalItems" skipped, due to false condition; ('$(_UsingDefaultPlatformTarget)' == 'true' and
                            '$(_UsingDefaultRuntimeIdentifier)' == 'true') was evaluated as ('true' == 'true' and
                            '' == 'true').
   4:6>Target "_CheckForTransitiveWindowsDesktopDependencies" in file "/usr/share/dotnet/sdk/8.0.417/Sdks/Microsoft.NET.Sdk/targets/Microsoft.NET.Sdk.DefaultItems.Shared.targets" from project "/modernize-data/studio-data/TNT1001/APP1166/transformed-code/344/studio-workspace/TMS22/src/TourManagement.Web/TourManagement.Web.csproj" (target "ResolveLockFileReferences" depends on it):
       Task "NetSdkError" skipped, due to false condition; ('@(_WindowsDesktopTransitiveFrameworkReference)' != '') was evaluated as ('' != '').
   4:6>Done building target "_CheckForTransitiveWindowsDesktopDependencies" in project "TourManagement.Web.csproj".
   4:6>Target "AddTransitiveFrameworkReferences" in file "/usr/share/dotnet/sdk/8.0.417/Sdks/Microsoft.NET.Sdk/targets/Microsoft.NET.Sdk.FrameworkReferenceResolution.targets" from project "/modernize-data/studio-data/TNT1001/APP1166/transformed-code/344/studio-workspace/TMS22/src/TourManagement.Web/TourManagement.Web.csproj" (target "ResolveLockFileReferences" depends on it):
   4:6>Done building target "AddTransitiveFrameworkReferences" in project "TourManagement.Web.csproj".
   4:6>Target "ResolveLockFileReferences" in file "/usr/share/dotnet/sdk/8.0.417/Sdks/Microsoft.NET.Sdk/targets/Microsoft.PackageDependencyResolution.targets" from project "/modernize-data/studio-data/TNT1001/APP1166/transformed-code/344/studio-workspace/TMS22/src/TourManagement.Web/TourManagement.Web.csproj" (target "ResolvePackageDependenciesForBuild" depends on it):
       Using "JoinItems" task from assembly "/usr/share/dotnet/sdk/8.0.417/Sdks/Microsoft.NET.Sdk/targets/../tools/net8.0/Microsoft.NET.Build.Tasks.dll".
       Task "JoinItems"
       Done executing task "JoinItems".
   4:6>Done building target "ResolveLockFileReferences" in project "TourManagement.Web.csproj".
       Target "ResolvePackageAssets" skipped. Previously built successfully.
   4:6>Target "ResolveLockFileAnalyzers" in file "/usr/share/dotnet/sdk/8.0.417/Sdks/Microsoft.NET.Sdk/targets/Microsoft.PackageDependencyResolution.targets" from project "/modernize-data/studio-data/TNT1001/APP1166/transformed-code/344/studio-workspace/TMS22/src/TourManagement.Web/TourManagement.Web.csproj" (target "ResolvePackageDependenciesForBuild" depends on it):
   4:6>Done building target "ResolveLockFileAnalyzers" in project "TourManagement.Web.csproj".
       Target "ResolvePackageAssets" skipped. Previously built successfully.
       Target "RunProduceContentAssets" skipped, due to false condition; ('@(_ContentFilesToPreprocess)' != '' and '$(_CleaningWithoutRebuilding)' != 'true') was evaluated as ('' != '' and '' != 'true').
   4:6>Target "ResolveLockFileCopyLocalFiles" in file "/usr/share/dotnet/sdk/8.0.417/Sdks/Microsoft.NET.Sdk/targets/Microsoft.PackageDependencyResolution.targets" from project "/modernize-data/studio-data/TNT1001/APP1166/transformed-code/344/studio-workspace/TMS22/src/TourManagement.Web/TourManagement.Web.csproj" (target "ResolvePackageDependenciesForBuild" depends on it):
   4:6>Done building target "ResolveLockFileCopyLocalFiles" in project "TourManagement.Web.csproj".
       Target "ResolveRuntimePackAssets" skipped, due to false condition; ('@(RuntimePack)' != '') was evaluated as ('' != '').
       Target "RunProduceContentAssets" skipped, due to false condition; ('@(_ContentFilesToPreprocess)' != '' and '$(_CleaningWithoutRebuilding)' != 'true') was evaluated as ('' != '' and '' != 'true').
       Target "ResolvePackageAssets" skipped. Previously built successfully.
   4:6>Target "IncludeTransitiveProjectReferences" in file "/usr/share/dotnet/sdk/8.0.417/Sdks/Microsoft.NET.Sdk/targets/Microsoft.PackageDependencyResolution.targets" from project "/modernize-data/studio-data/TNT1001/APP1166/transformed-code/344/studio-workspace/TMS22/src/TourManagement.Web/TourManagement.Web.csproj" (target "ResolvePackageDependenciesForBuild" depends on it):
   4:6>Done building target "IncludeTransitiveProjectReferences" in project "TourManagement.Web.csproj".
   4:6>Target "ResolvePackageDependenciesForBuild" in file "/usr/share/dotnet/sdk/8.0.417/Sdks/Microsoft.NET.Sdk/targets/Microsoft.PackageDependencyResolution.targets" from project "/modernize-data/studio-data/TNT1001/APP1166/transformed-code/344/studio-workspace/TMS22/src/TourManagement.Web/TourManagement.Web.csproj" (target "AssignProjectConfiguration" depends on it):
   4:6>Done building target "ResolvePackageDependenciesForBuild" in project "TourManagement.Web.csproj".
       Target "_Microsoft_Extensions_Logging_AbstractionsAnalyzerMultiTargeting" skipped, due to false condition; ('$(SupportsRoslynComponentVersioning)' != 'true') was evaluated as ('true' != 'true').
       Target "_Microsoft_Extensions_Logging_AbstractionsRemoveAnalyzers" skipped, due to false condition; ('$(DisableMicrosoftExtensionsLoggingSourceGenerator)' == 'true') was evaluated as ('' == 'true').
       Target "_System_Text_JsonAnalyzerMultiTargeting" skipped, due to false condition; ('$(SupportsRoslynComponentVersioning)' != 'true') was evaluated as ('true' != 'true').
       Target "_System_Text_JsonRemoveAnalyzers" skipped, due to false condition; ('$(DisableSystemTextJsonSourceGenerator)' == 'true') was evaluated as ('' == 'true').
       Target "_Microsoft_Extensions_OptionsAnalyzerMultiTargeting" skipped, due to false condition; ('$(SupportsRoslynComponentVersioning)' != 'true') was evaluated as ('true' != 'true').
       Target "_Microsoft_Extensions_OptionsRemoveAnalyzers" skipped, due to false condition; ('$(DisableMicrosoftExtensionsOptionsSourceGenerator)' == 'true') was evaluated as ('' == 'true').
   4:6>Target "_Microsoft_Extensions_Configuration_Binder_RemoveAnalyzer" in file "/home/studioai/.nuget/packages/microsoft.extensions.configuration.binder/8.0.0/buildTransitive/netstandard2.0/Microsoft.Extensions.Configuration.Binder.targets" from project "/modernize-data/studio-data/TNT1001/APP1166/transformed-code/344/studio-workspace/TMS22/src/TourManagement.Web/TourManagement.Web.csproj" (target "AssignProjectConfiguration" depends on it):
   4:6>Done building target "_Microsoft_Extensions_Configuration_Binder_RemoveAnalyzer" in project "TourManagement.Web.csproj".
   4:6>Target "AssignProjectConfiguration" in file "/usr/share/dotnet/sdk/8.0.417/Microsoft.Common.CurrentVersion.targets" from project "/modernize-data/studio-data/TNT1001/APP1166/transformed-code/344/studio-workspace/TMS22/src/TourManagement.Web/TourManagement.Web.csproj" (target "ResolveReferences" depends on it):
       Using "AssignProjectConfiguration" task from assembly "Microsoft.Build.Tasks.Core, Version=15.1.0.0, Culture=neutral, PublicKeyToken=b03f5f7f11d50a3a".
       Task "AssignProjectConfiguration"
         Project reference "../TourManagement.Infrastructure/TourManagement.Infrastructure.csproj" has been assigned the "Debug|AnyCPU" configuration.
         Project reference "../TourManagement.Application/TourManagement.Application.csproj" has been assigned the "Debug|AnyCPU" configuration.
         Project reference "../TourManagement.Domain/TourManagement.Domain.csproj" has been assigned the "Debug|AnyCPU" configuration.
       Done executing task "AssignProjectConfiguration".
   4:6>Done building target "AssignProjectConfiguration" in project "TourManagement.Web.csproj".
       Target "AssignProjectConfiguration" skipped. Previously built successfully.
   4:6>Target "_SplitProjectReferencesByFileExistence" in file "/usr/share/dotnet/sdk/8.0.417/Microsoft.Common.CurrentVersion.targets" from project "/modernize-data/studio-data/TNT1001/APP1166/transformed-code/344/studio-workspace/TMS22/src/TourManagement.Web/TourManagement.Web.csproj" (target "PrepareProjectReferences" depends on it):
       Task "ResolveNonMSBuildProjectOutput" skipped, due to false condition; ('$(BuildingInsideVisualStudio)'=='true' and '@(ProjectReferenceWithConfiguration)'!='') was evaluated as (''=='true' and '../TourManagement.Infrastructure/TourManagement.Infrastructure.csproj;../TourManagement.Application/TourManagement.Application.csproj;../TourManagement.Domain/TourManagement.Domain.csproj'!='').
   4:6>Done building target "_SplitProjectReferencesByFileExistence" in project "TourManagement.Web.csproj".
   4:6>Target "_AddOutputPathToGlobalPropertiesToRemove" in file "/usr/share/dotnet/sdk/8.0.417/Microsoft.Common.CurrentVersion.targets" from project "/modernize-data/studio-data/TNT1001/APP1166/transformed-code/344/studio-workspace/TMS22/src/TourManagement.Web/TourManagement.Web.csproj" (target "_GetProjectReferenceTargetFrameworkProperties" depends on it):
   4:6>Done building target "_AddOutputPathToGlobalPropertiesToRemove" in project "TourManagement.Web.csproj".
   4:6>Target "_GetProjectReferenceTargetFrameworkProperties" in file "/usr/share/dotnet/sdk/8.0.417/Microsoft.Common.CurrentVersion.targets" from project "/modernize-data/studio-data/TNT1001/APP1166/transformed-code/344/studio-workspace/TMS22/src/TourManagement.Web/TourManagement.Web.csproj" (target "PrepareProjectReferences" depends on it):
       Task "MSBuild"
         Global Properties:
           Configuration=Debug
           Platform=AnyCPU
         Removing Properties:
           WebPublishProfileFile
           TargetFramework
           RuntimeIdentifier
           SelfContained
   4:6>Project "/modernize-data/studio-data/TNT1001/APP1166/transformed-code/344/studio-workspace/TMS22/src/TourManagement.Web/TourManagement.Web.csproj" (4:6) is building "/modernize-data/studio-data/TNT1001/APP1166/transformed-code/344/studio-workspace/TMS22/src/TourManagement.Application/TourManagement.Application.csproj" (2:10) on node 2 (GetTargetFrameworks target(s)).
  2:10>Target "GetTargetFrameworks" skipped. Previously built successfully.
  2:10>Done Building Project "/modernize-data/studio-data/TNT1001/APP1166/transformed-code/344/studio-workspace/TMS22/src/TourManagement.Application/TourManagement.Application.csproj" (GetTargetFrameworks target(s)).
   4:6>Project "/modernize-data/studio-data/TNT1001/APP1166/transformed-code/344/studio-workspace/TMS22/src/TourManagement.Web/TourManagement.Web.csproj" (4:6) is building "/modernize-data/studio-data/TNT1001/APP1166/transformed-code/344/studio-workspace/TMS22/src/TourManagement.Infrastructure/TourManagement.Infrastructure.csproj" (3:8) on node 4 (GetTargetFrameworks target(s)).
   3:8>Target "GetTargetFrameworksWithPlatformForSingleTargetFramework" in file "/usr/share/dotnet/sdk/8.0.417/Microsoft.Common.CurrentVersion.targets" from project "/modernize-data/studio-data/TNT1001/APP1166/transformed-code/344/studio-workspace/TMS22/src/TourManagement.Infrastructure/TourManagement.Infrastructure.csproj" (target "GetTargetFrameworks" depends on it):
   3:8>Using "CombineTargetFrameworkInfoProperties" task from assembly "Microsoft.Build.Tasks.Core, Version=15.1.0.0, Culture=neutral, PublicKeyToken=b03f5f7f11d50a3a".
       Task "CombineTargetFrameworkInfoProperties"
       Done executing task "CombineTargetFrameworkInfoProperties".
   5:8>_GetProjectReferenceTargetFrameworkProperties:
       Task "GetReferenceNearestTargetFrameworkTask" skipped, due to false condition; ('@(_ProjectReferenceTargetFrameworkPossibilities)' != '' and '$(ReferringTargetFrameworkForProjectReferences)' != ''
                                                               And '$(GetReferenceNearestTargetFrameworkTaskSupportsTargetPlatformParameter)' == 'true' and '%(_ProjectReferenceTargetFrameworkPossibilities.IsVcxOrNativeProj)' != 'true') was evaluated as ('' != '' and '.NETCoreApp,Version=v8.0' != ''
                                                               And 'true' == 'true' and '' != 'true').
   3:8>Done building target "GetTargetFrameworksWithPlatformForSingleTargetFramework" in project "TourManagement.Infrastructure.csproj".
   5:8>_GetProjectReferenceTargetFrameworkProperties:
       Task "GetReferenceNearestTargetFrameworkTask" skipped, due to false condition; ('@(_ProjectReferenceTargetFrameworkPossibilities)' != '' and '$(ReferringTargetFrameworkForProjectReferences)' != ''
                                                               And '$(GetReferenceNearestTargetFrameworkTaskSupportsTargetPlatformParameter)' != 'true' and '%(_ProjectReferenceTargetFrameworkPossibilities.IsVcxOrNativeProj)' != 'true') was evaluated as ('' != '' and '.NETCoreApp,Version=v8.0' != ''
                                                               And 'true' != 'true' and '' != 'true').
   3:8>Target "GetTargetFrameworks" in file "/usr/share/dotnet/sdk/8.0.417/Microsoft.Common.CurrentVersion.targets" from project "/modernize-data/studio-data/TNT1001/APP1166/transformed-code/344/studio-workspace/TMS22/src/TourManagement.Infrastructure/TourManagement.Infrastructure.csproj" (entry point):
   3:8>Task "Error" skipped, due to false condition; ('$(IsCrossTargetingBuild)' == 'true') was evaluated as ('' == 'true').
       Using "CombineXmlElements" task from assembly "Microsoft.Build.Tasks.Core, Version=15.1.0.0, Culture=neutral, PublicKeyToken=b03f5f7f11d50a3a".
       Task "CombineXmlElements"
   5:8>_GetProjectReferenceTargetFrameworkProperties:
       Using "SetRidAgnosticValueForProjects" task from assembly "Microsoft.Build.Tasks.Core, Version=15.1.0.0, Culture=neutral, PublicKeyToken=b03f5f7f11d50a3a".
       Task "SetRidAgnosticValueForProjects"
   3:8>Done executing task "CombineXmlElements".
   5:8>Done executing task "SetRidAgnosticValueForProjects".
   3:8>Done building target "GetTargetFrameworks" in project "TourManagement.Infrastructure.csproj".
   3:8>Done Building Project "/modernize-data/studio-data/TNT1001/APP1166/transformed-code/344/studio-workspace/TMS22/src/TourManagement.Infrastructure/TourManagement.Infrastructure.csproj" (GetTargetFrameworks target(s)).
   5:8>Done building target "_GetProjectReferenceTargetFrameworkProperties" in project "TourManagement.Domain.csproj".
   5:8>Target "ValidateExecutableReferences" in file "/usr/share/dotnet/sdk/8.0.417/Sdks/Microsoft.NET.Sdk/targets/Microsoft.NET.Sdk.targets" from project "/modernize-data/studio-data/TNT1001/APP1166/transformed-code/344/studio-workspace/TMS22/src/TourManagement.Domain/TourManagement.Domain.csproj" (target "PrepareProjectReferences" depends on it):
       Using "ValidateExecutableReferences" task from assembly "/usr/share/dotnet/sdk/8.0.417/Sdks/Microsoft.NET.Sdk/targets/../tools/net8.0/Microsoft.NET.Build.Tasks.dll".
       Task "ValidateExecutableReferences"
       Done executing task "ValidateExecutableReferences".
   5:8>Done building target "ValidateExecutableReferences" in project "TourManagement.Domain.csproj".
       Target "_GetProjectReferencePlatformProperties" skipped, due to false condition; ('$(EnableDynamicPlatformResolution)' == 'true'
                            and '@(_MSBuildProjectReferenceExistent)' != '') was evaluated as ('' == 'true'
                            and '' != '').
   5:8>Target "PrepareProjectReferences" in file "/usr/share/dotnet/sdk/8.0.417/Microsoft.Common.CurrentVersion.targets" from project "/modernize-data/studio-data/TNT1001/APP1166/transformed-code/344/studio-workspace/TMS22/src/TourManagement.Domain/TourManagement.Domain.csproj" (target "ResolveProjectReferences" depends on it):
   5:8>Done building target "PrepareProjectReferences" in project "TourManagement.Domain.csproj".
   5:8>Target "ResolveProjectReferences" in file "/usr/share/dotnet/sdk/8.0.417/Microsoft.Common.CurrentVersion.targets" from project "/modernize-data/studio-data/TNT1001/APP1166/transformed-code/344/studio-workspace/TMS22/src/TourManagement.Domain/TourManagement.Domain.csproj" (target "ResolveReferences" depends on it):
       Task "MSBuild" skipped, due to false condition; ('%(_MSBuildProjectReferenceExistent.BuildReference)' == 'true' and '@(ProjectReferenceWithConfiguration)' != '' and ('$(BuildingInsideVisualStudio)' == 'true' or '$(BuildProjectReferences)' != 'true') and '$(VisualStudioVersion)' != '10.0' and '@(_MSBuildProjectReferenceExistent)' != '') was evaluated as ('' == 'true' and '' != '' and ('' == 'true' or 'true' != 'true') and '17.0' != '10.0' and '' != '').
       Task "MSBuild" skipped, due to false condition; ('%(_MSBuildProjectReferenceExistent.BuildReference)' == 'true' and '@(ProjectReferenceWithConfiguration)' != '' and '$(BuildingInsideVisualStudio)' != 'true' and '$(BuildProjectReferences)' == 'true' and '@(_MSBuildProjectReferenceExistent)' != '') was evaluated as ('' == 'true' and '' != '' and '' != 'true' and 'true' == 'true' and '' != '').
       Task "MSBuild" skipped, due to false condition; ('%(_MSBuildProjectReferenceExistent.BuildReference)' == 'true' and '@(ProjectReferenceWithConfiguration)' != '' and '$(BuildingProject)' == 'true' and '@(_MSBuildProjectReferenceExistent)' != '') was evaluated as ('' == 'true' and '' != '' and 'true' == 'true' and '' != '').
       Task "Warning" skipped, due to false condition; ('@(ProjectReferenceWithConfiguration)' != '' and '@(_MSBuildProjectReferenceNonexistent)' != '') was evaluated as ('' != '' and '' != '').
   5:8>Done building target "ResolveProjectReferences" in project "TourManagement.Domain.csproj".
       Target "FindInvalidProjectReferences" skipped, due to false condition; ('$(FindInvalidProjectReferences)' == 'true') was evaluated as ('' == 'true').
       Target "ResolveNativeReferences" skipped, due to false condition; ('@(NativeReference)'!='') was evaluated as (''!='').
       Target "ResolveProjectReferences" skipped. Previously built successfully.
       Target "FindInvalidProjectReferences" skipped, due to false condition; ('$(FindInvalidProjectReferences)' == 'true') was evaluated as ('' == 'true').
       Target "GetFrameworkPaths" skipped. Previously built successfully.
       Target "GetReferenceAssemblyPaths" skipped. Previously built successfully.
       Target "PrepareForBuild" skipped. Previously built successfully.
       Target "GetInstalledSDKLocations" skipped, due to false condition; ('@(SDKReference)' != '') was evaluated as ('' != '').
   5:8>Target "ResolveSDKReferences" in file "/usr/share/dotnet/sdk/8.0.417/Microsoft.Common.CurrentVersion.targets" from project "/modernize-data/studio-data/TNT1001/APP1166/transformed-code/344/studio-workspace/TMS22/src/TourManagement.Domain/TourManagement.Domain.csproj" (target "ResolveAssemblyReferences" depends on it):
       Task "ResolveSDKReference" skipped, due to false condition; ('@(SDKReference)'!='') was evaluated as (''!='').
   5:8>Done building target "ResolveSDKReferences" in project "TourManagement.Domain.csproj".
       Target "ResolveSDKReferences" skipped. Previously built successfully.
   5:8>Target "ExpandSDKReferences" in file "/usr/share/dotnet/sdk/8.0.417/Microsoft.Common.CurrentVersion.targets" from project "/modernize-data/studio-data/TNT1001/APP1166/transformed-code/344/studio-workspace/TMS22/src/TourManagement.Domain/TourManagement.Domain.csproj" (target "ResolveAssemblyReferences" depends on it):
       Task "GetSDKReferenceFiles" skipped, due to false condition; ('@(ResolvedSDKReference)'!='') was evaluated as (''!='').
   5:8>Done building target "ExpandSDKReferences" in project "TourManagement.Domain.csproj".
       Target "ResolvePackageDependenciesForBuild" skipped. Previously built successfully.
       Target "GetFrameworkPaths" skipped. Previously built successfully.
       Target "GetReferenceAssemblyPaths" skipped. Previously built successfully.
       Target "ProcessFrameworkReferences" skipped. Previously built successfully.
       Target "ResolvePackageAssets" skipped. Previously built successfully.
   5:8>Target "ResolveFrameworkReferences" in file "/usr/share/dotnet/sdk/8.0.417/Sdks/Microsoft.NET.Sdk/targets/Microsoft.NET.Sdk.FrameworkReferenceResolution.targets" from project "/modernize-data/studio-data/TNT1001/APP1166/transformed-code/344/studio-workspace/TMS22/src/TourManagement.Domain/TourManagement.Domain.csproj" (target "ResolveTargetingPackAssets" depends on it):
       Using "GetPackageDirectory" task from assembly "/usr/share/dotnet/sdk/8.0.417/Sdks/Microsoft.NET.Sdk/targets/../tools/net8.0/Microsoft.NET.Build.Tasks.dll".
       Task "GetPackageDirectory"
       Done executing task "GetPackageDirectory".
       Task "GetPackageDirectory"
       Done executing task "GetPackageDirectory".
       Task "GetPackageDirectory"
       Done executing task "GetPackageDirectory".
       Task "GetPackageDirectory"
       Done executing task "GetPackageDirectory".
       Task "GetPackageDirectory"
       Done executing task "GetPackageDirectory".
       Task "GetPackageDirectory"
       Done executing task "GetPackageDirectory".
       Task "GetPackageDirectory"
       Done executing task "GetPackageDirectory".
       Task "GetPackageDirectory"
       Done executing task "GetPackageDirectory".
       Task "GetPackageDirectory"
       Done executing task "GetPackageDirectory".
       Task "GetPackageDirectory"
       Done executing task "GetPackageDirectory".
       Using "ResolveFrameworkReferences" task from assembly "/usr/share/dotnet/sdk/8.0.417/Sdks/Microsoft.NET.Sdk/targets/../tools/net8.0/Microsoft.NET.Build.Tasks.dll".
       Task "ResolveFrameworkReferences"
       Done executing task "ResolveFrameworkReferences".
   5:8>Done building target "ResolveFrameworkReferences" in project "TourManagement.Domain.csproj".
   5:8>Target "ResolveTargetingPackAssets" in file "/usr/share/dotnet/sdk/8.0.417/Sdks/Microsoft.NET.Sdk/targets/Microsoft.NET.Sdk.FrameworkReferenceResolution.targets" from project "/modernize-data/studio-data/TNT1001/APP1166/transformed-code/344/studio-workspace/TMS22/src/TourManagement.Domain/TourManagement.Domain.csproj" (target "_HandlePackageFileConflicts" depends on it):
       Using "ResolveTargetingPackAssets" task from assembly "/usr/share/dotnet/sdk/8.0.417/Sdks/Microsoft.NET.Sdk/targets/../tools/net8.0/Microsoft.NET.Build.Tasks.dll".
       Task "ResolveTargetingPackAssets"
       Done executing task "ResolveTargetingPackAssets".
   5:8>Done building target "ResolveTargetingPackAssets" in project "TourManagement.Domain.csproj".
   5:8>Target "ResolveOffByDefaultAnalyzers" in file "/usr/share/dotnet/sdk/8.0.417/Sdks/Microsoft.NET.Sdk/targets/Microsoft.NET.Sdk.FrameworkReferenceResolution.targets" from project "/modernize-data/studio-data/TNT1001/APP1166/transformed-code/344/studio-workspace/TMS22/src/TourManagement.Domain/TourManagement.Domain.csproj" (target "_HandlePackageFileConflicts" depends on it):
   5:8>Done building target "ResolveOffByDefaultAnalyzers" in project "TourManagement.Domain.csproj".
   5:8>Target "_HandlePackageFileConflicts" in file "/usr/share/dotnet/sdk/8.0.417/Sdks/Microsoft.NET.Sdk/targets/Microsoft.NET.ConflictResolution.targets" from project "/modernize-data/studio-data/TNT1001/APP1166/transformed-code/344/studio-workspace/TMS22/src/TourManagement.Domain/TourManagement.Domain.csproj" (target "ResolveAssemblyReferences" depends on it):
       Using "ResolvePackageFileConflicts" task from assembly "/usr/share/dotnet/sdk/8.0.417/Sdks/Microsoft.NET.Sdk/targets/../tools/net8.0/Microsoft.NET.Build.Tasks.dll".
       Task "ResolvePackageFileConflicts"
         Encountered conflict between 'Platform:mscorlib.dll' and 'Platform:mscorlib.dll'. Could not determine winner due to equal file and assembly versions.
         Encountered conflict between 'Platform:Microsoft.VisualBasic.dll' and 'Platform:Microsoft.VisualBasic.dll'. Could not determine winner due to equal file and assembly versions.
         Encountered conflict between 'Platform:System.dll' and 'Platform:System.dll'. Could not determine winner due to equal file and assembly versions.
         Encountered conflict between 'Platform:System.ComponentModel.DataAnnotations.dll' and 'Platform:System.ComponentModel.DataAnnotations.dll'. Could not determine winner due to equal file and assembly versions.
         Encountered conflict between 'Platform:System.Configuration.dll' and 'Platform:System.Configuration.dll'. Could not determine winner due to equal file and assembly versions.
         Encountered conflict between 'Platform:System.Core.dll' and 'Platform:System.Core.dll'. Could not determine winner due to equal file and assembly versions.
         Encountered conflict between 'Platform:System.Data.dll' and 'Platform:System.Data.dll'. Could not determine winner due to equal file and assembly versions.
         Encountered conflict between 'Platform:System.Drawing.dll' and 'Platform:System.Drawing.dll'. Could not determine winner due to equal file and assembly versions.
         Encountered conflict between 'Platform:System.IO.Compression.FileSystem.dll' and 'Platform:System.IO.Compression.FileSystem.dll'. Could not determine winner due to equal file and assembly versions.
         Encountered conflict between 'Platform:System.Net.dll' and 'Platform:System.Net.dll'. Could not determine winner due to equal file and assembly versions.
         Encountered conflict between 'Platform:System.Numerics.dll' and 'Platform:System.Numerics.dll'. Could not determine winner due to equal file and assembly versions.
         Encountered conflict between 'Platform:System.Runtime.Serialization.dll' and 'Platform:System.Runtime.Serialization.dll'. Could not determine winner due to equal file and assembly versions.
         Encountered conflict between 'Platform:System.Security.dll' and 'Platform:System.Security.dll'. Could not determine winner due to equal file and assembly versions.
         Encountered conflict between 'Platform:System.ServiceProcess.dll' and 'Platform:System.ServiceProcess.dll'. Could not determine winner due to equal file and assembly versions.
         Encountered conflict between 'Platform:System.ServiceModel.Web.dll' and 'Platform:System.ServiceModel.Web.dll'. Could not determine winner due to equal file and assembly versions.
         Encountered conflict between 'Platform:System.Transactions.dll' and 'Platform:System.Transactions.dll'. Could not determine winner due to equal file and assembly versions.
         Encountered conflict between 'Platform:System.Web.dll' and 'Platform:System.Web.dll'. Could not determine winner due to equal file and assembly versions.
         Encountered conflict between 'Platform:System.Windows.dll' and 'Platform:System.Windows.dll'. Could not determine winner due to equal file and assembly versions.
         Encountered conflict between 'Platform:System.Xml.dll' and 'Platform:System.Xml.dll'. Could not determine winner due to equal file and assembly versions.
         Encountered conflict between 'Platform:System.Xml.Serialization.dll' and 'Platform:System.Xml.Serialization.dll'. Could not determine winner due to equal file and assembly versions.
         Encountered conflict between 'Platform:System.Xml.Linq.dll' and 'Platform:System.Xml.Linq.dll'. Could not determine winner due to equal file and assembly versions.
         Encountered conflict between 'Platform:WindowsBase.dll' and 'Platform:WindowsBase.dll'. Could not determine winner due to equal file and assembly versions.
         Encountered conflict between 'Platform:netstandard.dll' and 'Platform:netstandard.dll'. Could not determine winner due to equal file and assembly versions.
         Encountered conflict between 'Platform:System.Private.CoreLib.dll' and 'Platform:System.Private.CoreLib.dll'. Could not determine winner due to equal file and assembly versions.
         Encountered conflict between 'Platform:System.Private.DataContractSerialization.dll' and 'Platform:System.Private.DataContractSerialization.dll'. Could not determine winner due to equal file and assembly versions.
         Encountered conflict between 'Platform:System.Private.Uri.dll' and 'Platform:System.Private.Uri.dll'. Could not determine winner due to equal file and assembly versions.
         Encountered conflict between 'Platform:System.Private.Xml.dll' and 'Platform:System.Private.Xml.dll'. Could not determine winner due to equal file and assembly versions.
         Encountered conflict between 'Platform:System.Private.Xml.Linq.dll' and 'Platform:System.Private.Xml.Linq.dll'. Could not determine winner due to equal file and assembly versions.
         Encountered conflict between 'Platform:mscordaccore_amd64_amd64_8.0.2325.60607.dll' and 'Platform:mscordaccore_amd64_amd64_8.0.2325.60607.dll'. Could not determine winner due to equal file and assembly versions.
       Done executing task "ResolvePackageFileConflicts".
   5:8>Done building target "_HandlePackageFileConflicts" in project "TourManagement.Domain.csproj".
       Target "ResolveTargetingPackAssets" skipped. Previously built successfully.
   5:8>Target "ResolveAssemblyReferences" in file "/usr/share/dotnet/sdk/8.0.417/Microsoft.Common.CurrentVersion.targets" from project "/modernize-data/studio-data/TNT1001/APP1166/transformed-code/344/studio-workspace/TMS22/src/TourManagement.Domain/TourManagement.Domain.csproj" (target "ResolveReferences" depends on it):
       Using "ResolveAssemblyReference" task from assembly "Microsoft.Build.Tasks.Core, Version=15.1.0.0, Culture=neutral, PublicKeyToken=b03f5f7f11d50a3a".
       Task "ResolveAssemblyReference"
         TargetFrameworkMoniker:
             .NETCoreApp,Version=v8.0
         TargetFrameworkMonikerDisplayName:
             .NET 8.0
         TargetedRuntimeVersion:
             
         Assemblies:
             /usr/share/dotnet/packs/Microsoft.NETCore.App.Ref/8.0.23/ref/net8.0/Microsoft.CSharp.dll
                 Private = 'false'
             /usr/share/dotnet/packs/Microsoft.NETCore.App.Ref/8.0.23/ref/net8.0/Microsoft.VisualBasic.Core.dll
                 Private = 'false'
             /usr/share/dotnet/packs/Microsoft.NETCore.App.Ref/8.0.23/ref/net8.0/Microsoft.VisualBasic.dll
                 Private = 'false'
             /usr/share/dotnet/packs/Microsoft.NETCore.App.Ref/8.0.23/ref/net8.0/Microsoft.Win32.Primitives.dll
                 Private = 'false'
             /usr/share/dotnet/packs/Microsoft.NETCore.App.Ref/8.0.23/ref/net8.0/Microsoft.Win32.Registry.dll
                 Private = 'false'
             /usr/share/dotnet/packs/Microsoft.NETCore.App.Ref/8.0.23/ref/net8.0/System.AppContext.dll
                 Private = 'false'
             /usr/share/dotnet/packs/Microsoft.NETCore.App.Ref/8.0.23/ref/net8.0/System.Buffers.dll
                 Private = 'false'
             /usr/share/dotnet/packs/Microsoft.NETCore.App.Ref/8.0.23/ref/net8.0/System.Collections.Concurrent.dll
                 Private = 'false'
             /usr/share/dotnet/packs/Microsoft.NETCore.App.Ref/8.0.23/ref/net8.0/System.Collections.Immutable.dll
                 Private = 'false'
             /usr/share/dotnet/packs/Microsoft.NETCore.App.Ref/8.0.23/ref/net8.0/System.Collections.NonGeneric.dll
                 Private = 'false'
             /usr/share/dotnet/packs/Microsoft.NETCore.App.Ref/8.0.23/ref/net8.0/System.Collections.Specialized.dll
                 Private = 'false'
             /usr/share/dotnet/packs/Microsoft.NETCore.App.Ref/8.0.23/ref/net8.0/System.Collections.dll
                 Private = 'false'
             /usr/share/dotnet/packs/Microsoft.NETCore.App.Ref/8.0.23/ref/net8.0/System.ComponentModel.Annotations.dll
                 Private = 'false'
             /usr/share/dotnet/packs/Microsoft.NETCore.App.Ref/8.0.23/ref/net8.0/System.ComponentModel.DataAnnotations.dll
                 Private = 'false'
             /usr/share/dotnet/packs/Microsoft.NETCore.App.Ref/8.0.23/ref/net8.0/System.ComponentModel.EventBasedAsync.dll
                 Private = 'false'
             /usr/share/dotnet/packs/Microsoft.NETCore.App.Ref/8.0.23/ref/net8.0/System.ComponentModel.Primitives.dll
                 Private = 'false'
             /usr/share/dotnet/packs/Microsoft.NETCore.App.Ref/8.0.23/ref/net8.0/System.ComponentModel.TypeConverter.dll
                 Private = 'false'
             /usr/share/dotnet/packs/Microsoft.NETCore.App.Ref/8.0.23/ref/net8.0/System.ComponentModel.dll
                 Private = 'false'
             /usr/share/dotnet/packs/Microsoft.NETCore.App.Ref/8.0.23/ref/net8.0/System.Configuration.dll
                 Private = 'false'
             /usr/share/dotnet/packs/Microsoft.NETCore.App.Ref/8.0.23/ref/net8.0/System.Console.dll
                 Private = 'false'
             /usr/share/dotnet/packs/Microsoft.NETCore.App.Ref/8.0.23/ref/net8.0/System.Core.dll
                 Private = 'false'
             /usr/share/dotnet/packs/Microsoft.NETCore.App.Ref/8.0.23/ref/net8.0/System.Data.Common.dll
                 Private = 'false'
             /usr/share/dotnet/packs/Microsoft.NETCore.App.Ref/8.0.23/ref/net8.0/System.Data.DataSetExtensions.dll
                 Private = 'false'
             /usr/share/dotnet/packs/Microsoft.NETCore.App.Ref/8.0.23/ref/net8.0/System.Data.dll
                 Private = 'false'
             /usr/share/dotnet/packs/Microsoft.NETCore.App.Ref/8.0.23/ref/net8.0/System.Diagnostics.Contracts.dll
                 Private = 'false'
             /usr/share/dotnet/packs/Microsoft.NETCore.App.Ref/8.0.23/ref/net8.0/System.Diagnostics.Debug.dll
                 Private = 'false'
             /usr/share/dotnet/packs/Microsoft.NETCore.App.Ref/8.0.23/ref/net8.0/System.Diagnostics.DiagnosticSource.dll
                 Private = 'false'
             /usr/share/dotnet/packs/Microsoft.NETCore.App.Ref/8.0.23/ref/net8.0/System.Diagnostics.FileVersionInfo.dll
                 Private = 'false'
             /usr/share/dotnet/packs/Microsoft.NETCore.App.Ref/8.0.23/ref/net8.0/System.Diagnostics.Process.dll
                 Private = 'false'
             /usr/share/dotnet/packs/Microsoft.NETCore.App.Ref/8.0.23/ref/net8.0/System.Diagnostics.StackTrace.dll
                 Private = 'false'
             /usr/share/dotnet/packs/Microsoft.NETCore.App.Ref/8.0.23/ref/net8.0/System.Diagnostics.TextWriterTraceListener.dll
                 Private = 'false'
             /usr/share/dotnet/packs/Microsoft.NETCore.App.Ref/8.0.23/ref/net8.0/System.Diagnostics.Tools.dll
                 Private = 'false'
             /usr/share/dotnet/packs/Microsoft.NETCore.App.Ref/8.0.23/ref/net8.0/System.Diagnostics.TraceSource.dll
                 Private = 'false'
             /usr/share/dotnet/packs/Microsoft.NETCore.App.Ref/8.0.23/ref/net8.0/System.Diagnostics.Tracing.dll
                 Private = 'false'
             /usr/share/dotnet/packs/Microsoft.NETCore.App.Ref/8.0.23/ref/net8.0/System.Drawing.Primitives.dll
                 Private = 'false'
             /usr/share/dotnet/packs/Microsoft.NETCore.App.Ref/8.0.23/ref/net8.0/System.Drawing.dll
                 Private = 'false'
             /usr/share/dotnet/packs/Microsoft.NETCore.App.Ref/8.0.23/ref/net8.0/System.Dynamic.Runtime.dll
                 Private = 'false'
             /usr/share/dotnet/packs/Microsoft.NETCore.App.Ref/8.0.23/ref/net8.0/System.Formats.Asn1.dll
                 Private = 'false'
             /usr/share/dotnet/packs/Microsoft.NETCore.App.Ref/8.0.23/ref/net8.0/System.Formats.Tar.dll
                 Private = 'false'
             /usr/share/dotnet/packs/Microsoft.NETCore.App.Ref/8.0.23/ref/net8.0/System.Globalization.Calendars.dll
                 Private = 'false'
             /usr/share/dotnet/packs/Microsoft.NETCore.App.Ref/8.0.23/ref/net8.0/System.Globalization.Extensions.dll
                 Private = 'false'
             /usr/share/dotnet/packs/Microsoft.NETCore.App.Ref/8.0.23/ref/net8.0/System.Globalization.dll
                 Private = 'false'
             /usr/share/dotnet/packs/Microsoft.NETCore.App.Ref/8.0.23/ref/net8.0/System.IO.Compression.Brotli.dll
                 Private = 'false'
             /usr/share/dotnet/packs/Microsoft.NETCore.App.Ref/8.0.23/ref/net8.0/System.IO.Compression.FileSystem.dll
                 Private = 'false'
             /usr/share/dotnet/packs/Microsoft.NETCore.App.Ref/8.0.23/ref/net8.0/System.IO.Compression.ZipFile.dll
                 Private = 'false'
             /usr/share/dotnet/packs/Microsoft.NETCore.App.Ref/8.0.23/ref/net8.0/System.IO.Compression.dll
                 Private = 'false'
             /usr/share/dotnet/packs/Microsoft.NETCore.App.Ref/8.0.23/ref/net8.0/System.IO.FileSystem.AccessControl.dll
                 Private = 'false'
             /usr/share/dotnet/packs/Microsoft.NETCore.App.Ref/8.0.23/ref/net8.0/System.IO.FileSystem.DriveInfo.dll
                 Private = 'false'
             /usr/share/dotnet/packs/Microsoft.NETCore.App.Ref/8.0.23/ref/net8.0/System.IO.FileSystem.Primitives.dll
                 Private = 'false'
             /usr/share/dotnet/packs/Microsoft.NETCore.App.Ref/8.0.23/ref/net8.0/System.IO.FileSystem.Watcher.dll
                 Private = 'false'
             /usr/share/dotnet/packs/Microsoft.NETCore.App.Ref/8.0.23/ref/net8.0/System.IO.FileSystem.dll
                 Private = 'false'
             /usr/share/dotnet/packs/Microsoft.NETCore.App.Ref/8.0.23/ref/net8.0/System.IO.IsolatedStorage.dll
                 Private = 'false'
             /usr/share/dotnet/packs/Microsoft.NETCore.App.Ref/8.0.23/ref/net8.0/System.IO.MemoryMappedFiles.dll
                 Private = 'false'
             /usr/share/dotnet/packs/Microsoft.NETCore.App.Ref/8.0.23/ref/net8.0/System.IO.Pipes.AccessControl.dll
                 Private = 'false'
             /usr/share/dotnet/packs/Microsoft.NETCore.App.Ref/8.0.23/ref/net8.0/System.IO.Pipes.dll
                 Private = 'false'
             /usr/share/dotnet/packs/Microsoft.NETCore.App.Ref/8.0.23/ref/net8.0/System.IO.UnmanagedMemoryStream.dll
                 Private = 'false'
             /usr/share/dotnet/packs/Microsoft.NETCore.App.Ref/8.0.23/ref/net8.0/System.IO.dll
                 Private = 'false'
             /usr/share/dotnet/packs/Microsoft.NETCore.App.Ref/8.0.23/ref/net8.0/System.Linq.Expressions.dll
                 Private = 'false'
             /usr/share/dotnet/packs/Microsoft.NETCore.App.Ref/8.0.23/ref/net8.0/System.Linq.Parallel.dll
                 Private = 'false'
             /usr/share/dotnet/packs/Microsoft.NETCore.App.Ref/8.0.23/ref/net8.0/System.Linq.Queryable.dll
                 Private = 'false'
             /usr/share/dotnet/packs/Microsoft.NETCore.App.Ref/8.0.23/ref/net8.0/System.Linq.dll
                 Private = 'false'
             /usr/share/dotnet/packs/Microsoft.NETCore.App.Ref/8.0.23/ref/net8.0/System.Memory.dll
                 Private = 'false'
             /usr/share/dotnet/packs/Microsoft.NETCore.App.Ref/8.0.23/ref/net8.0/System.Net.Http.Json.dll
                 Private = 'false'
             /usr/share/dotnet/packs/Microsoft.NETCore.App.Ref/8.0.23/ref/net8.0/System.Net.Http.dll
                 Private = 'false'
             /usr/share/dotnet/packs/Microsoft.NETCore.App.Ref/8.0.23/ref/net8.0/System.Net.HttpListener.dll
                 Private = 'false'
             /usr/share/dotnet/packs/Microsoft.NETCore.App.Ref/8.0.23/ref/net8.0/System.Net.Mail.dll
                 Private = 'false'
             /usr/share/dotnet/packs/Microsoft.NETCore.App.Ref/8.0.23/ref/net8.0/System.Net.NameResolution.dll
                 Private = 'false'
             /usr/share/dotnet/packs/Microsoft.NETCore.App.Ref/8.0.23/ref/net8.0/System.Net.NetworkInformation.dll
                 Private = 'false'
             /usr/share/dotnet/packs/Microsoft.NETCore.App.Ref/8.0.23/ref/net8.0/System.Net.Ping.dll
                 Private = 'false'
             /usr/share/dotnet/packs/Microsoft.NETCore.App.Ref/8.0.23/ref/net8.0/System.Net.Primitives.dll
                 Private = 'false'
             /usr/share/dotnet/packs/Microsoft.NETCore.App.Ref/8.0.23/ref/net8.0/System.Net.Quic.dll
                 Private = 'false'
             /usr/share/dotnet/packs/Microsoft.NETCore.App.Ref/8.0.23/ref/net8.0/System.Net.Requests.dll
                 Private = 'false'
             /usr/share/dotnet/packs/Microsoft.NETCore.App.Ref/8.0.23/ref/net8.0/System.Net.Security.dll
                 Private = 'false'
             /usr/share/dotnet/packs/Microsoft.NETCore.App.Ref/8.0.23/ref/net8.0/System.Net.ServicePoint.dll
                 Private = 'false'
             /usr/share/dotnet/packs/Microsoft.NETCore.App.Ref/8.0.23/ref/net8.0/System.Net.Sockets.dll
                 Private = 'false'
             /usr/share/dotnet/packs/Microsoft.NETCore.App.Ref/8.0.23/ref/net8.0/System.Net.WebClient.dll
                 Private = 'false'
             /usr/share/dotnet/packs/Microsoft.NETCore.App.Ref/8.0.23/ref/net8.0/System.Net.WebHeaderCollection.dll
                 Private = 'false'
             /usr/share/dotnet/packs/Microsoft.NETCore.App.Ref/8.0.23/ref/net8.0/System.Net.WebProxy.dll
                 Private = 'false'
             /usr/share/dotnet/packs/Microsoft.NETCore.App.Ref/8.0.23/ref/net8.0/System.Net.WebSockets.Client.dll
                 Private = 'false'
             /usr/share/dotnet/packs/Microsoft.NETCore.App.Ref/8.0.23/ref/net8.0/System.Net.WebSockets.dll
                 Private = 'false'
             /usr/share/dotnet/packs/Microsoft.NETCore.App.Ref/8.0.23/ref/net8.0/System.Net.dll
                 Private = 'false'
             /usr/share/dotnet/packs/Microsoft.NETCore.App.Ref/8.0.23/ref/net8.0/System.Numerics.Vectors.dll
                 Private = 'false'
             /usr/share/dotnet/packs/Microsoft.NETCore.App.Ref/8.0.23/ref/net8.0/System.Numerics.dll
                 Private = 'false'
             /usr/share/dotnet/packs/Microsoft.NETCore.App.Ref/8.0.23/ref/net8.0/System.ObjectModel.dll
                 Private = 'false'
             /usr/share/dotnet/packs/Microsoft.NETCore.App.Ref/8.0.23/ref/net8.0/System.Reflection.DispatchProxy.dll
                 Private = 'false'
             /usr/share/dotnet/packs/Microsoft.NETCore.App.Ref/8.0.23/ref/net8.0/System.Reflection.Emit.ILGeneration.dll
                 Private = 'false'
             /usr/share/dotnet/packs/Microsoft.NETCore.App.Ref/8.0.23/ref/net8.0/System.Reflection.Emit.Lightweight.dll
                 Private = 'false'
             /usr/share/dotnet/packs/Microsoft.NETCore.App.Ref/8.0.23/ref/net8.0/System.Reflection.Emit.dll
                 Private = 'false'
             /usr/share/dotnet/packs/Microsoft.NETCore.App.Ref/8.0.23/ref/net8.0/System.Reflection.Extensions.dll
                 Private = 'false'
             /usr/share/dotnet/packs/Microsoft.NETCore.App.Ref/8.0.23/ref/net8.0/System.Reflection.Metadata.dll
                 Private = 'false'
             /usr/share/dotnet/packs/Microsoft.NETCore.App.Ref/8.0.23/ref/net8.0/System.Reflection.Primitives.dll
                 Private = 'false'
             /usr/share/dotnet/packs/Microsoft.NETCore.App.Ref/8.0.23/ref/net8.0/System.Reflection.TypeExtensions.dll
                 Private = 'false'
             /usr/share/dotnet/packs/Microsoft.NETCore.App.Ref/8.0.23/ref/net8.0/System.Reflection.dll
                 Private = 'false'
             /usr/share/dotnet/packs/Microsoft.NETCore.App.Ref/8.0.23/ref/net8.0/System.Resources.Reader.dll
                 Private = 'false'
             /usr/share/dotnet/packs/Microsoft.NETCore.App.Ref/8.0.23/ref/net8.0/System.Resources.ResourceManager.dll
                 Private = 'false'
             /usr/share/dotnet/packs/Microsoft.NETCore.App.Ref/8.0.23/ref/net8.0/System.Resources.Writer.dll
                 Private = 'false'
             /usr/share/dotnet/packs/Microsoft.NETCore.App.Ref/8.0.23/ref/net8.0/System.Runtime.CompilerServices.Unsafe.dll
                 Private = 'false'
             /usr/share/dotnet/packs/Microsoft.NETCore.App.Ref/8.0.23/ref/net8.0/System.Runtime.CompilerServices.VisualC.dll
                 Private = 'false'
             /usr/share/dotnet/packs/Microsoft.NETCore.App.Ref/8.0.23/ref/net8.0/System.Runtime.Extensions.dll
                 Private = 'false'
             /usr/share/dotnet/packs/Microsoft.NETCore.App.Ref/8.0.23/ref/net8.0/System.Runtime.Handles.dll
                 Private = 'false'
             /usr/share/dotnet/packs/Microsoft.NETCore.App.Ref/8.0.23/ref/net8.0/System.Runtime.InteropServices.JavaScript.dll
                 Private = 'false'
             /usr/share/dotnet/packs/Microsoft.NETCore.App.Ref/8.0.23/ref/net8.0/System.Runtime.InteropServices.RuntimeInformation.dll
                 Private = 'false'
             /usr/share/dotnet/packs/Microsoft.NETCore.App.Ref/8.0.23/ref/net8.0/System.Runtime.InteropServices.dll
                 Private = 'false'
             /usr/share/dotnet/packs/Microsoft.NETCore.App.Ref/8.0.23/ref/net8.0/System.Runtime.Intrinsics.dll
                 Private = 'false'
             /usr/share/dotnet/packs/Microsoft.NETCore.App.Ref/8.0.23/ref/net8.0/System.Runtime.Loader.dll
                 Private = 'false'
             /usr/share/dotnet/packs/Microsoft.NETCore.App.Ref/8.0.23/ref/net8.0/System.Runtime.Numerics.dll
                 Private = 'false'
             /usr/share/dotnet/packs/Microsoft.NETCore.App.Ref/8.0.23/ref/net8.0/System.Runtime.Serialization.Formatters.dll
                 Private = 'false'
             /usr/share/dotnet/packs/Microsoft.NETCore.App.Ref/8.0.23/ref/net8.0/System.Runtime.Serialization.Json.dll
                 Private = 'false'
             /usr/share/dotnet/packs/Microsoft.NETCore.App.Ref/8.0.23/ref/net8.0/System.Runtime.Serialization.Primitives.dll
                 Private = 'false'
             /usr/share/dotnet/packs/Microsoft.NETCore.App.Ref/8.0.23/ref/net8.0/System.Runtime.Serialization.Xml.dll
                 Private = 'false'
             /usr/share/dotnet/packs/Microsoft.NETCore.App.Ref/8.0.23/ref/net8.0/System.Runtime.Serialization.dll
                 Private = 'false'
             /usr/share/dotnet/packs/Microsoft.NETCore.App.Ref/8.0.23/ref/net8.0/System.Runtime.dll
                 Private = 'false'
             /usr/share/dotnet/packs/Microsoft.NETCore.App.Ref/8.0.23/ref/net8.0/System.Security.AccessControl.dll
                 Private = 'false'
             /usr/share/dotnet/packs/Microsoft.NETCore.App.Ref/8.0.23/ref/net8.0/System.Security.Claims.dll
                 Private = 'false'
             /usr/share/dotnet/packs/Microsoft.NETCore.App.Ref/8.0.23/ref/net8.0/System.Security.Cryptography.Algorithms.dll
                 Private = 'false'
             /usr/share/dotnet/packs/Microsoft.NETCore.App.Ref/8.0.23/ref/net8.0/System.Security.Cryptography.Cng.dll
                 Private = 'false'
             /usr/share/dotnet/packs/Microsoft.NETCore.App.Ref/8.0.23/ref/net8.0/System.Security.Cryptography.Csp.dll
                 Private = 'false'
             /usr/share/dotnet/packs/Microsoft.NETCore.App.Ref/8.0.23/ref/net8.0/System.Security.Cryptography.Encoding.dll
                 Private = 'false'
             /usr/share/dotnet/packs/Microsoft.NETCore.App.Ref/8.0.23/ref/net8.0/System.Security.Cryptography.OpenSsl.dll
                 Private = 'false'
             /usr/share/dotnet/packs/Microsoft.NETCore.App.Ref/8.0.23/ref/net8.0/System.Security.Cryptography.Primitives.dll
                 Private = 'false'
             /usr/share/dotnet/packs/Microsoft.NETCore.App.Ref/8.0.23/ref/net8.0/System.Security.Cryptography.X509Certificates.dll
                 Private = 'false'
             /usr/share/dotnet/packs/Microsoft.NETCore.App.Ref/8.0.23/ref/net8.0/System.Security.Cryptography.dll
                 Private = 'false'
             /usr/share/dotnet/packs/Microsoft.NETCore.App.Ref/8.0.23/ref/net8.0/System.Security.Principal.Windows.dll
                 Private = 'false'
             /usr/share/dotnet/packs/Microsoft.NETCore.App.Ref/8.0.23/ref/net8.0/System.Security.Principal.dll
                 Private = 'false'
             /usr/share/dotnet/packs/Microsoft.NETCore.App.Ref/8.0.23/ref/net8.0/System.Security.SecureString.dll
                 Private = 'false'
             /usr/share/dotnet/packs/Microsoft.NETCore.App.Ref/8.0.23/ref/net8.0/System.Security.dll
                 Private = 'false'
             /usr/share/dotnet/packs/Microsoft.NETCore.App.Ref/8.0.23/ref/net8.0/System.ServiceModel.Web.dll
                 Private = 'false'
             /usr/share/dotnet/packs/Microsoft.NETCore.App.Ref/8.0.23/ref/net8.0/System.ServiceProcess.dll
                 Private = 'false'
             /usr/share/dotnet/packs/Microsoft.NETCore.App.Ref/8.0.23/ref/net8.0/System.Text.Encoding.CodePages.dll
                 Private = 'false'
             /usr/share/dotnet/packs/Microsoft.NETCore.App.Ref/8.0.23/ref/net8.0/System.Text.Encoding.Extensions.dll
                 Private = 'false'
             /usr/share/dotnet/packs/Microsoft.NETCore.App.Ref/8.0.23/ref/net8.0/System.Text.Encoding.dll
                 Private = 'false'
             /usr/share/dotnet/packs/Microsoft.NETCore.App.Ref/8.0.23/ref/net8.0/System.Text.Encodings.Web.dll
                 Private = 'false'
             /usr/share/dotnet/packs/Microsoft.NETCore.App.Ref/8.0.23/ref/net8.0/System.Text.Json.dll
                 Private = 'false'
             /usr/share/dotnet/packs/Microsoft.NETCore.App.Ref/8.0.23/ref/net8.0/System.Text.RegularExpressions.dll
                 Private = 'false'
             /usr/share/dotnet/packs/Microsoft.NETCore.App.Ref/8.0.23/ref/net8.0/System.Threading.Channels.dll
                 Private = 'false'
             /usr/share/dotnet/packs/Microsoft.NETCore.App.Ref/8.0.23/ref/net8.0/System.Threading.Overlapped.dll
                 Private = 'false'
             /usr/share/dotnet/packs/Microsoft.NETCore.App.Ref/8.0.23/ref/net8.0/System.Threading.Tasks.Dataflow.dll
                 Private = 'false'
             /usr/share/dotnet/packs/Microsoft.NETCore.App.Ref/8.0.23/ref/net8.0/System.Threading.Tasks.Extensions.dll
                 Private = 'false'
             /usr/share/dotnet/packs/Microsoft.NETCore.App.Ref/8.0.23/ref/net8.0/System.Threading.Tasks.Parallel.dll
                 Private = 'false'
             /usr/share/dotnet/packs/Microsoft.NETCore.App.Ref/8.0.23/ref/net8.0/System.Threading.Tasks.dll
                 Private = 'false'
             /usr/share/dotnet/packs/Microsoft.NETCore.App.Ref/8.0.23/ref/net8.0/System.Threading.Thread.dll
                 Private = 'false'
             /usr/share/dotnet/packs/Microsoft.NETCore.App.Ref/8.0.23/ref/net8.0/System.Threading.ThreadPool.dll
                 Private = 'false'
             /usr/share/dotnet/packs/Microsoft.NETCore.App.Ref/8.0.23/ref/net8.0/System.Threading.Timer.dll
                 Private = 'false'
             /usr/share/dotnet/packs/Microsoft.NETCore.App.Ref/8.0.23/ref/net8.0/System.Threading.dll
                 Private = 'false'
             /usr/share/dotnet/packs/Microsoft.NETCore.App.Ref/8.0.23/ref/net8.0/System.Transactions.Local.dll
                 Private = 'false'
             /usr/share/dotnet/packs/Microsoft.NETCore.App.Ref/8.0.23/ref/net8.0/System.Transactions.dll
                 Private = 'false'
             /usr/share/dotnet/packs/Microsoft.NETCore.App.Ref/8.0.23/ref/net8.0/System.ValueTuple.dll
                 Private = 'false'
             /usr/share/dotnet/packs/Microsoft.NETCore.App.Ref/8.0.23/ref/net8.0/System.Web.HttpUtility.dll
                 Private = 'false'
             /usr/share/dotnet/packs/Microsoft.NETCore.App.Ref/8.0.23/ref/net8.0/System.Web.dll
                 Private = 'false'
             /usr/share/dotnet/packs/Microsoft.NETCore.App.Ref/8.0.23/ref/net8.0/System.Windows.dll
                 Private = 'false'
             /usr/share/dotnet/packs/Microsoft.NETCore.App.Ref/8.0.23/ref/net8.0/System.Xml.Linq.dll
                 Private = 'false'
             /usr/share/dotnet/packs/Microsoft.NETCore.App.Ref/8.0.23/ref/net8.0/System.Xml.ReaderWriter.dll
                 Private = 'false'
             /usr/share/dotnet/packs/Microsoft.NETCore.App.Ref/8.0.23/ref/net8.0/System.Xml.Serialization.dll
                 Private = 'false'
             /usr/share/dotnet/packs/Microsoft.NETCore.App.Ref/8.0.23/ref/net8.0/System.Xml.XDocument.dll
                 Private = 'false'
             /usr/share/dotnet/packs/Microsoft.NETCore.App.Ref/8.0.23/ref/net8.0/System.Xml.XPath.XDocument.dll
                 Private = 'false'
             /usr/share/dotnet/packs/Microsoft.NETCore.App.Ref/8.0.23/ref/net8.0/System.Xml.XPath.dll
                 Private = 'false'
             /usr/share/dotnet/packs/Microsoft.NETCore.App.Ref/8.0.23/ref/net8.0/System.Xml.XmlDocument.dll
                 Private = 'false'
             /usr/share/dotnet/packs/Microsoft.NETCore.App.Ref/8.0.23/ref/net8.0/System.Xml.XmlSerializer.dll
                 Private = 'false'
             /usr/share/dotnet/packs/Microsoft.NETCore.App.Ref/8.0.23/ref/net8.0/System.Xml.dll
                 Private = 'false'
             /usr/share/dotnet/packs/Microsoft.NETCore.App.Ref/8.0.23/ref/net8.0/System.dll
                 Private = 'false'
             /usr/share/dotnet/packs/Microsoft.NETCore.App.Ref/8.0.23/ref/net8.0/WindowsBase.dll
                 Private = 'false'
             /usr/share/dotnet/packs/Microsoft.NETCore.App.Ref/8.0.23/ref/net8.0/mscorlib.dll
                 Private = 'false'
             /usr/share/dotnet/packs/Microsoft.NETCore.App.Ref/8.0.23/ref/net8.0/netstandard.dll
                 Private = 'false'
         AssemblyFiles:
         CandidateAssemblyFiles:
         TargetFrameworkDirectories:
             
         InstalledAssemblyTables:
         IgnoreInstalledAssemblyTable:
             False
         SearchPaths:
             {CandidateAssemblyFiles}
             {HintPathFromItem}
             {TargetFrameworkDirectory}
             {RawFileName}
         AllowedAssemblyExtensions:
             .winmd
             .dll
             .exe
         AllowedRelatedFileExtensions:
             .pdb
             .xml
             .pri
             .dll.config
             .exe.config
         AppConfigFile:
             
         AutoUnify:
             True
         CopyLocalDependenciesWhenParentReferenceInGac:
             True
         FindDependencies:
             True
         TargetProcessorArchitecture:
             msil
         StateFile:
             obj/Debug/net8.0/TourManagement.Domain.csproj.AssemblyReference.cache
         InstalledAssemblySubsetTables:
         IgnoreInstalledAssemblySubsetTable:
             False
         TargetFrameworkSubsets:
         FullTargetFrameworkSubsetNames:
             Full
         ProfileName:
             
         FullFrameworkFolders:
         LatestTargetFrameworkDirectories:
         ProfileTablesLocation:
         Primary reference "Microsoft.CSharp, Version=8.0.0.0, Culture=neutral, PublicKeyToken=b03f5f7f11d50a3a".
             Resolved file path is "/usr/share/dotnet/packs/Microsoft.NETCore.App.Ref/8.0.23/ref/net8.0/Microsoft.CSharp.dll".
             Reference found at search path location "{RawFileName}".
             This reference is not "CopyLocal" because at least one source item had "Private" set to "false" and no source items had "Private" set to "true".
             The ImageRuntimeVersion for this reference is "".
         Primary reference "Microsoft.VisualBasic.Core, Version=13.0.0.0, Culture=neutral, PublicKeyToken=b03f5f7f11d50a3a".
             Resolved file path is "/usr/share/dotnet/packs/Microsoft.NETCore.App.Ref/8.0.23/ref/net8.0/Microsoft.VisualBasic.Core.dll".
             Reference found at search path location "{RawFileName}".
             This reference is not "CopyLocal" because at least one source item had "Private" set to "false" and no source items had "Private" set to "true".
             The ImageRuntimeVersion for this reference is "".
         Primary reference "Microsoft.VisualBasic, Version=10.0.0.0, Culture=neutral, PublicKeyToken=b03f5f7f11d50a3a".
             Resolved file path is "/usr/share/dotnet/packs/Microsoft.NETCore.App.Ref/8.0.23/ref/net8.0/Microsoft.VisualBasic.dll".
             Reference found at search path location "{RawFileName}".
             This reference is not "CopyLocal" because at least one source item had "Private" set to "false" and no source items had "Private" set to "true".
             The ImageRuntimeVersion for this reference is "".
         Primary reference "Microsoft.Win32.Primitives, Version=8.0.0.0, Culture=neutral, PublicKeyToken=b03f5f7f11d50a3a".
             Resolved file path is "/usr/share/dotnet/packs/Microsoft.NETCore.App.Ref/8.0.23/ref/net8.0/Microsoft.Win32.Primitives.dll".
             Reference found at search path location "{RawFileName}".
             This reference is not "CopyLocal" because at least one source item had "Private" set to "false" and no source items had "Private" set to "true".
             The ImageRuntimeVersion for this reference is "".
         Primary reference "Microsoft.Win32.Registry, Version=8.0.0.0, Culture=neutral, PublicKeyToken=b03f5f7f11d50a3a".
             Resolved file path is "/usr/share/dotnet/packs/Microsoft.NETCore.App.Ref/8.0.23/ref/net8.0/Microsoft.Win32.Registry.dll".
             Reference found at search path location "{RawFileName}".
             This reference is not "CopyLocal" because at least one source item had "Private" set to "false" and no source items had "Private" set to "true".
             The ImageRuntimeVersion for this reference is "".
         Primary reference "System.AppContext, Version=8.0.0.0, Culture=neutral, PublicKeyToken=b03f5f7f11d50a3a".
             Resolved file path is "/usr/share/dotnet/packs/Microsoft.NETCore.App.Ref/8.0.23/ref/net8.0/System.AppContext.dll".
             Reference found at search path location "{RawFileName}".
             This reference is not "CopyLocal" because at least one source item had "Private" set to "false" and no source items had "Private" set to "true".
             The ImageRuntimeVersion for this reference is "".
         Primary reference "System.Buffers, Version=8.0.0.0, Culture=neutral, PublicKeyToken=cc7b13ffcd2ddd51".
             Resolved file path is "/usr/share/dotnet/packs/Microsoft.NETCore.App.Ref/8.0.23/ref/net8.0/System.Buffers.dll".
             Reference found at search path location "{RawFileName}".
             This reference is not "CopyLocal" because at least one source item had "Private" set to "false" and no source items had "Private" set to "true".
             The ImageRuntimeVersion for this reference is "".
         Primary reference "System.Collections.Concurrent, Version=8.0.0.0, Culture=neutral, PublicKeyToken=b03f5f7f11d50a3a".
             Resolved file path is "/usr/share/dotnet/packs/Microsoft.NETCore.App.Ref/8.0.23/ref/net8.0/System.Collections.Concurrent.dll".
             Reference found at search path location "{RawFileName}".
             This reference is not "CopyLocal" because at least one source item had "Private" set to "false" and no source items had "Private" set to "true".
             The ImageRuntimeVersion for this reference is "".
         Primary reference "System.Collections.Immutable, Version=8.0.0.0, Culture=neutral, PublicKeyToken=b03f5f7f11d50a3a".
             Resolved file path is "/usr/share/dotnet/packs/Microsoft.NETCore.App.Ref/8.0.23/ref/net8.0/System.Collections.Immutable.dll".
             Reference found at search path location "{RawFileName}".
             This reference is not "CopyLocal" because at least one source item had "Private" set to "false" and no source items had "Private" set to "true".
             The ImageRuntimeVersion for this reference is "".
         Primary reference "System.Collections.NonGeneric, Version=8.0.0.0, Culture=neutral, PublicKeyToken=b03f5f7f11d50a3a".
             Resolved file path is "/usr/share/dotnet/packs/Microsoft.NETCore.App.Ref/8.0.23/ref/net8.0/System.Collections.NonGeneric.dll".
             Reference found at search path location "{RawFileName}".
             This reference is not "CopyLocal" because at least one source item had "Private" set to "false" and no source items had "Private" set to "true".
             The ImageRuntimeVersion for this reference is "".
         Primary reference "System.Collections.Specialized, Version=8.0.0.0, Culture=neutral, PublicKeyToken=b03f5f7f11d50a3a".
             Resolved file path is "/usr/share/dotnet/packs/Microsoft.NETCore.App.Ref/8.0.23/ref/net8.0/System.Collections.Specialized.dll".
             Reference found at search path location "{RawFileName}".
             This reference is not "CopyLocal" because at least one source item had "Private" set to "false" and no source items had "Private" set to "true".
             The ImageRuntimeVersion for this reference is "".
         Primary reference "System.Collections, Version=8.0.0.0, Culture=neutral, PublicKeyToken=b03f5f7f11d50a3a".
             Resolved file path is "/usr/share/dotnet/packs/Microsoft.NETCore.App.Ref/8.0.23/ref/net8.0/System.Collections.dll".
             Reference found at search path location "{RawFileName}".
             This reference is not "CopyLocal" because at least one source item had "Private" set to "false" and no source items had "Private" set to "true".
             The ImageRuntimeVersion for this reference is "".
         Primary reference "System.ComponentModel.Annotations, Version=8.0.0.0, Culture=neutral, PublicKeyToken=b03f5f7f11d50a3a".
             Resolved file path is "/usr/share/dotnet/packs/Microsoft.NETCore.App.Ref/8.0.23/ref/net8.0/System.ComponentModel.Annotations.dll".
             Reference found at search path location "{RawFileName}".
             This reference is not "CopyLocal" because at least one source item had "Private" set to "false" and no source items had "Private" set to "true".
             The ImageRuntimeVersion for this reference is "".
         Primary reference "System.ComponentModel.DataAnnotations, Version=4.0.0.0, Culture=neutral, PublicKeyToken=31bf3856ad364e35".
             Resolved file path is "/usr/share/dotnet/packs/Microsoft.NETCore.App.Ref/8.0.23/ref/net8.0/System.ComponentModel.DataAnnotations.dll".
             Reference found at search path location "{RawFileName}".
             This reference is not "CopyLocal" because at least one source item had "Private" set to "false" and no source items had "Private" set to "true".
             The ImageRuntimeVersion for this reference is "".
         Primary reference "System.ComponentModel.EventBasedAsync, Version=8.0.0.0, Culture=neutral, PublicKeyToken=b03f5f7f11d50a3a".
             Resolved file path is "/usr/share/dotnet/packs/Microsoft.NETCore.App.Ref/8.0.23/ref/net8.0/System.ComponentModel.EventBasedAsync.dll".
             Reference found at search path location "{RawFileName}".
             This reference is not "CopyLocal" because at least one source item had "Private" set to "false" and no source items had "Private" set to "true".
             The ImageRuntimeVersion for this reference is "".
         Primary reference "System.ComponentModel.Primitives, Version=8.0.0.0, Culture=neutral, PublicKeyToken=b03f5f7f11d50a3a".
             Resolved file path is "/usr/share/dotnet/packs/Microsoft.NETCore.App.Ref/8.0.23/ref/net8.0/System.ComponentModel.Primitives.dll".
             Reference found at search path location "{RawFileName}".
             This reference is not "CopyLocal" because at least one source item had "Private" set to "false" and no source items had "Private" set to "true".
             The ImageRuntimeVersion for this reference is "".
         Primary reference "System.ComponentModel.TypeConverter, Version=8.0.0.0, Culture=neutral, PublicKeyToken=b03f5f7f11d50a3a".
             Resolved file path is "/usr/share/dotnet/packs/Microsoft.NETCore.App.Ref/8.0.23/ref/net8.0/System.ComponentModel.TypeConverter.dll".
             Reference found at search path location "{RawFileName}".
             This reference is not "CopyLocal" because at least one source item had "Private" set to "false" and no source items had "Private" set to "true".
             The ImageRuntimeVersion for this reference is "".
         Primary reference "System.ComponentModel, Version=8.0.0.0, Culture=neutral, PublicKeyToken=b03f5f7f11d50a3a".
             Resolved file path is "/usr/share/dotnet/packs/Microsoft.NETCore.App.Ref/8.0.23/ref/net8.0/System.ComponentModel.dll".
             Reference found at search path location "{RawFileName}".
             This reference is not "CopyLocal" because at least one source item had "Private" set to "false" and no source items had "Private" set to "true".
             The ImageRuntimeVersion for this reference is "".
         Primary reference "System.Configuration, Version=4.0.0.0, Culture=neutral, PublicKeyToken=b03f5f7f11d50a3a".
             Resolved file path is "/usr/share/dotnet/packs/Microsoft.NETCore.App.Ref/8.0.23/ref/net8.0/System.Configuration.dll".
             Reference found at search path location "{RawFileName}".
             This reference is not "CopyLocal" because at least one source item had "Private" set to "false" and no source items had "Private" set to "true".
             The ImageRuntimeVersion for this reference is "".
         Primary reference "System.Console, Version=8.0.0.0, Culture=neutral, PublicKeyToken=b03f5f7f11d50a3a".
             Resolved file path is "/usr/share/dotnet/packs/Microsoft.NETCore.App.Ref/8.0.23/ref/net8.0/System.Console.dll".
             Reference found at search path location "{RawFileName}".
             This reference is not "CopyLocal" because at least one source item had "Private" set to "false" and no source items had "Private" set to "true".
             The ImageRuntimeVersion for this reference is "".
         Primary reference "System.Core, Version=4.0.0.0, Culture=neutral, PublicKeyToken=b77a5c561934e089".
             Resolved file path is "/usr/share/dotnet/packs/Microsoft.NETCore.App.Ref/8.0.23/ref/net8.0/System.Core.dll".
             Reference found at search path location "{RawFileName}".
             This reference is not "CopyLocal" because at least one source item had "Private" set to "false" and no source items had "Private" set to "true".
             The ImageRuntimeVersion for this reference is "".
         Primary reference "System.Data.Common, Version=8.0.0.0, Culture=neutral, PublicKeyToken=b03f5f7f11d50a3a".
             Resolved file path is "/usr/share/dotnet/packs/Microsoft.NETCore.App.Ref/8.0.23/ref/net8.0/System.Data.Common.dll".
             Reference found at search path location "{RawFileName}".
             This reference is not "CopyLocal" because at least one source item had "Private" set to "false" and no source items had "Private" set to "true".
             The ImageRuntimeVersion for this reference is "".
         Primary reference "System.Data.DataSetExtensions, Version=8.0.0.0, Culture=neutral, PublicKeyToken=b77a5c561934e089".
             Resolved file path is "/usr/share/dotnet/packs/Microsoft.NETCore.App.Ref/8.0.23/ref/net8.0/System.Data.DataSetExtensions.dll".
             Reference found at search path location "{RawFileName}".
             This reference is not "CopyLocal" because at least one source item had "Private" set to "false" and no source items had "Private" set to "true".
             The ImageRuntimeVersion for this reference is "".
         Primary reference "System.Data, Version=4.0.0.0, Culture=neutral, PublicKeyToken=b77a5c561934e089".
             Resolved file path is "/usr/share/dotnet/packs/Microsoft.NETCore.App.Ref/8.0.23/ref/net8.0/System.Data.dll".
             Reference found at search path location "{RawFileName}".
             This reference is not "CopyLocal" because at least one source item had "Private" set to "false" and no source items had "Private" set to "true".
             The ImageRuntimeVersion for this reference is "".
         Primary reference "System.Diagnostics.Contracts, Version=8.0.0.0, Culture=neutral, PublicKeyToken=b03f5f7f11d50a3a".
             Resolved file path is "/usr/share/dotnet/packs/Microsoft.NETCore.App.Ref/8.0.23/ref/net8.0/System.Diagnostics.Contracts.dll".
             Reference found at search path location "{RawFileName}".
             This reference is not "CopyLocal" because at least one source item had "Private" set to "false" and no source items had "Private" set to "true".
             The ImageRuntimeVersion for this reference is "".
         Primary reference "System.Diagnostics.Debug, Version=8.0.0.0, Culture=neutral, PublicKeyToken=b03f5f7f11d50a3a".
             Resolved file path is "/usr/share/dotnet/packs/Microsoft.NETCore.App.Ref/8.0.23/ref/net8.0/System.Diagnostics.Debug.dll".
             Reference found at search path location "{RawFileName}".
             This reference is not "CopyLocal" because at least one source item had "Private" set to "false" and no source items had "Private" set to "true".
             The ImageRuntimeVersion for this reference is "".
         Primary reference "System.Diagnostics.DiagnosticSource, Version=8.0.0.0, Culture=neutral, PublicKeyToken=cc7b13ffcd2ddd51".
             Resolved file path is "/usr/share/dotnet/packs/Microsoft.NETCore.App.Ref/8.0.23/ref/net8.0/System.Diagnostics.DiagnosticSource.dll".
             Reference found at search path location "{RawFileName}".
             This reference is not "CopyLocal" because at least one source item had "Private" set to "false" and no source items had "Private" set to "true".
             The ImageRuntimeVersion for this reference is "".
         Primary reference "System.Diagnostics.FileVersionInfo, Version=8.0.0.0, Culture=neutral, PublicKeyToken=b03f5f7f11d50a3a".
             Resolved file path is "/usr/share/dotnet/packs/Microsoft.NETCore.App.Ref/8.0.23/ref/net8.0/System.Diagnostics.FileVersionInfo.dll".
             Reference found at search path location "{RawFileName}".
             This reference is not "CopyLocal" because at least one source item had "Private" set to "false" and no source items had "Private" set to "true".
             The ImageRuntimeVersion for this reference is "".
         Primary reference "System.Diagnostics.Process, Version=8.0.0.0, Culture=neutral, PublicKeyToken=b03f5f7f11d50a3a".
             Resolved file path is "/usr/share/dotnet/packs/Microsoft.NETCore.App.Ref/8.0.23/ref/net8.0/System.Diagnostics.Process.dll".
             Reference found at search path location "{RawFileName}".
             This reference is not "CopyLocal" because at least one source item had "Private" set to "false" and no source items had "Private" set to "true".
             The ImageRuntimeVersion for this reference is "".
         Primary reference "System.Diagnostics.StackTrace, Version=8.0.0.0, Culture=neutral, PublicKeyToken=b03f5f7f11d50a3a".
             Resolved file path is "/usr/share/dotnet/packs/Microsoft.NETCore.App.Ref/8.0.23/ref/net8.0/System.Diagnostics.StackTrace.dll".
             Reference found at search path location "{RawFileName}".
             This reference is not "CopyLocal" because at least one source item had "Private" set to "false" and no source items had "Private" set to "true".
             The ImageRuntimeVersion for this reference is "".
         Primary reference "System.Diagnostics.TextWriterTraceListener, Version=8.0.0.0, Culture=neutral, PublicKeyToken=b03f5f7f11d50a3a".
             Resolved file path is "/usr/share/dotnet/packs/Microsoft.NETCore.App.Ref/8.0.23/ref/net8.0/System.Diagnostics.TextWriterTraceListener.dll".
             Reference found at search path location "{RawFileName}".
             This reference is not "CopyLocal" because at least one source item had "Private" set to "false" and no source items had "Private" set to "true".
             The ImageRuntimeVersion for this reference is "".
         Primary reference "System.Diagnostics.Tools, Version=8.0.0.0, Culture=neutral, PublicKeyToken=b03f5f7f11d50a3a".
             Resolved file path is "/usr/share/dotnet/packs/Microsoft.NETCore.App.Ref/8.0.23/ref/net8.0/System.Diagnostics.Tools.dll".
             Reference found at search path location "{RawFileName}".
             This reference is not "CopyLocal" because at least one source item had "Private" set to "false" and no source items had "Private" set to "true".
             The ImageRuntimeVersion for this reference is "".
         Primary reference "System.Diagnostics.TraceSource, Version=8.0.0.0, Culture=neutral, PublicKeyToken=b03f5f7f11d50a3a".
             Resolved file path is "/usr/share/dotnet/packs/Microsoft.NETCore.App.Ref/8.0.23/ref/net8.0/System.Diagnostics.TraceSource.dll".
             Reference found at search path location "{RawFileName}".
             This reference is not "CopyLocal" because at least one source item had "Private" set to "false" and no source items had "Private" set to "true".
             The ImageRuntimeVersion for this reference is "".
         Primary reference "System.Diagnostics.Tracing, Version=8.0.0.0, Culture=neutral, PublicKeyToken=b03f5f7f11d50a3a".
             Resolved file path is "/usr/share/dotnet/packs/Microsoft.NETCore.App.Ref/8.0.23/ref/net8.0/System.Diagnostics.Tracing.dll".
             Reference found at search path location "{RawFileName}".
             This reference is not "CopyLocal" because at least one source item had "Private" set to "false" and no source items had "Private" set to "true".
             The ImageRuntimeVersion for this reference is "".
         Primary reference "System.Drawing.Primitives, Version=8.0.0.0, Culture=neutral, PublicKeyToken=b03f5f7f11d50a3a".
             Resolved file path is "/usr/share/dotnet/packs/Microsoft.NETCore.App.Ref/8.0.23/ref/net8.0/System.Drawing.Primitives.dll".
             Reference found at search path location "{RawFileName}".
             This reference is not "CopyLocal" because at least one source item had "Private" set to "false" and no source items had "Private" set to "true".
             The ImageRuntimeVersion for this reference is "".
         Primary reference "System.Drawing, Version=4.0.0.0, Culture=neutral, PublicKeyToken=b03f5f7f11d50a3a".
             Resolved file path is "/usr/share/dotnet/packs/Microsoft.NETCore.App.Ref/8.0.23/ref/net8.0/System.Drawing.dll".
             Reference found at search path location "{RawFileName}".
             This reference is not "CopyLocal" because at least one source item had "Private" set to "false" and no source items had "Private" set to "true".
             The ImageRuntimeVersion for this reference is "".
         Primary reference "System.Dynamic.Runtime, Version=8.0.0.0, Culture=neutral, PublicKeyToken=b03f5f7f11d50a3a".
             Resolved file path is "/usr/share/dotnet/packs/Microsoft.NETCore.App.Ref/8.0.23/ref/net8.0/System.Dynamic.Runtime.dll".
             Reference found at search path location "{RawFileName}".
             This reference is not "CopyLocal" because at least one source item had "Private" set to "false" and no source items had "Private" set to "true".
             The ImageRuntimeVersion for this reference is "".
         Primary reference "System.Formats.Asn1, Version=8.0.0.0, Culture=neutral, PublicKeyToken=cc7b13ffcd2ddd51".
             Resolved file path is "/usr/share/dotnet/packs/Microsoft.NETCore.App.Ref/8.0.23/ref/net8.0/System.Formats.Asn1.dll".
             Reference found at search path location "{RawFileName}".
             This reference is not "CopyLocal" because at least one source item had "Private" set to "false" and no source items had "Private" set to "true".
             The ImageRuntimeVersion for this reference is "".
         Primary reference "System.Formats.Tar, Version=8.0.0.0, Culture=neutral, PublicKeyToken=cc7b13ffcd2ddd51".
             Resolved file path is "/usr/share/dotnet/packs/Microsoft.NETCore.App.Ref/8.0.23/ref/net8.0/System.Formats.Tar.dll".
             Reference found at search path location "{RawFileName}".
             This reference is not "CopyLocal" because at least one source item had "Private" set to "false" and no source items had "Private" set to "true".
             The ImageRuntimeVersion for this reference is "".
         Primary reference "System.Globalization.Calendars, Version=8.0.0.0, Culture=neutral, PublicKeyToken=b03f5f7f11d50a3a".
             Resolved file path is "/usr/share/dotnet/packs/Microsoft.NETCore.App.Ref/8.0.23/ref/net8.0/System.Globalization.Calendars.dll".
             Reference found at search path location "{RawFileName}".
             This reference is not "CopyLocal" because at least one source item had "Private" set to "false" and no source items had "Private" set to "true".
             The ImageRuntimeVersion for this reference is "".
         Primary reference "System.Globalization.Extensions, Version=8.0.0.0, Culture=neutral, PublicKeyToken=b03f5f7f11d50a3a".
             Resolved file path is "/usr/share/dotnet/packs/Microsoft.NETCore.App.Ref/8.0.23/ref/net8.0/System.Globalization.Extensions.dll".
             Reference found at search path location "{RawFileName}".
             This reference is not "CopyLocal" because at least one source item had "Private" set to "false" and no source items had "Private" set to "true".
             The ImageRuntimeVersion for this reference is "".
         Primary reference "System.Globalization, Version=8.0.0.0, Culture=neutral, PublicKeyToken=b03f5f7f11d50a3a".
             Resolved file path is "/usr/share/dotnet/packs/Microsoft.NETCore.App.Ref/8.0.23/ref/net8.0/System.Globalization.dll".
             Reference found at search path location "{RawFileName}".
             This reference is not "CopyLocal" because at least one source item had "Private" set to "false" and no source items had "Private" set to "true".
             The ImageRuntimeVersion for this reference is "".
         Primary reference "System.IO.Compression.Brotli, Version=8.0.0.0, Culture=neutral, PublicKeyToken=b77a5c561934e089".
             Resolved file path is "/usr/share/dotnet/packs/Microsoft.NETCore.App.Ref/8.0.23/ref/net8.0/System.IO.Compression.Brotli.dll".
             Reference found at search path location "{RawFileName}".
             This reference is not "CopyLocal" because at least one source item had "Private" set to "false" and no source items had "Private" set to "true".
             The ImageRuntimeVersion for this reference is "".
         Primary reference "System.IO.Compression.FileSystem, Version=4.0.0.0, Culture=neutral, PublicKeyToken=b77a5c561934e089".
             Resolved file path is "/usr/share/dotnet/packs/Microsoft.NETCore.App.Ref/8.0.23/ref/net8.0/System.IO.Compression.FileSystem.dll".
             Reference found at search path location "{RawFileName}".
             This reference is not "CopyLocal" because at least one source item had "Private" set to "false" and no source items had "Private" set to "true".
             The ImageRuntimeVersion for this reference is "".
         Primary reference "System.IO.Compression.ZipFile, Version=8.0.0.0, Culture=neutral, PublicKeyToken=b77a5c561934e089".
             Resolved file path is "/usr/share/dotnet/packs/Microsoft.NETCore.App.Ref/8.0.23/ref/net8.0/System.IO.Compression.ZipFile.dll".
             Reference found at search path location "{RawFileName}".
             This reference is not "CopyLocal" because at least one source item had "Private" set to "false" and no source items had "Private" set to "true".
             The ImageRuntimeVersion for this reference is "".
         Primary reference "System.IO.Compression, Version=8.0.0.0, Culture=neutral, PublicKeyToken=b77a5c561934e089".
             Resolved file path is "/usr/share/dotnet/packs/Microsoft.NETCore.App.Ref/8.0.23/ref/net8.0/System.IO.Compression.dll".
             Reference found at search path location "{RawFileName}".
             This reference is not "CopyLocal" because at least one source item had "Private" set to "false" and no source items had "Private" set to "true".
             The ImageRuntimeVersion for this reference is "".
         Primary reference "System.IO.FileSystem.AccessControl, Version=8.0.0.0, Culture=neutral, PublicKeyToken=b03f5f7f11d50a3a".
             Resolved file path is "/usr/share/dotnet/packs/Microsoft.NETCore.App.Ref/8.0.23/ref/net8.0/System.IO.FileSystem.AccessControl.dll".
             Reference found at search path location "{RawFileName}".
             This reference is not "CopyLocal" because at least one source item had "Private" set to "false" and no source items had "Private" set to "true".
             The ImageRuntimeVersion for this reference is "".
         Primary reference "System.IO.FileSystem.DriveInfo, Version=8.0.0.0, Culture=neutral, PublicKeyToken=b03f5f7f11d50a3a".
             Resolved file path is "/usr/share/dotnet/packs/Microsoft.NETCore.App.Ref/8.0.23/ref/net8.0/System.IO.FileSystem.DriveInfo.dll".
             Reference found at search path location "{RawFileName}".
             This reference is not "CopyLocal" because at least one source item had "Private" set to "false" and no source items had "Private" set to "true".
             The ImageRuntimeVersion for this reference is "".
         Primary reference "System.IO.FileSystem.Primitives, Version=8.0.0.0, Culture=neutral, PublicKeyToken=b03f5f7f11d50a3a".
             Resolved file path is "/usr/share/dotnet/packs/Microsoft.NETCore.App.Ref/8.0.23/ref/net8.0/System.IO.FileSystem.Primitives.dll".
             Reference found at search path location "{RawFileName}".
             This reference is not "CopyLocal" because at least one source item had "Private" set to "false" and no source items had "Private" set to "true".
             The ImageRuntimeVersion for this reference is "".
         Primary reference "System.IO.FileSystem.Watcher, Version=8.0.0.0, Culture=neutral, PublicKeyToken=b03f5f7f11d50a3a".
             Resolved file path is "/usr/share/dotnet/packs/Microsoft.NETCore.App.Ref/8.0.23/ref/net8.0/System.IO.FileSystem.Watcher.dll".
             Reference found at search path location "{RawFileName}".
             This reference is not "CopyLocal" because at least one source item had "Private" set to "false" and no source items had "Private" set to "true".
             The ImageRuntimeVersion for this reference is "".
         Primary reference "System.IO.FileSystem, Version=8.0.0.0, Culture=neutral, PublicKeyToken=b03f5f7f11d50a3a".
             Resolved file path is "/usr/share/dotnet/packs/Microsoft.NETCore.App.Ref/8.0.23/ref/net8.0/System.IO.FileSystem.dll".
             Reference found at search path location "{RawFileName}".
             This reference is not "CopyLocal" because at least one source item had "Private" set to "false" and no source items had "Private" set to "true".
             The ImageRuntimeVersion for this reference is "".
         Primary reference "System.IO.IsolatedStorage, Version=8.0.0.0, Culture=neutral, PublicKeyToken=b03f5f7f11d50a3a".
             Resolved file path is "/usr/share/dotnet/packs/Microsoft.NETCore.App.Ref/8.0.23/ref/net8.0/System.IO.IsolatedStorage.dll".
             Reference found at search path location "{RawFileName}".
             This reference is not "CopyLocal" because at least one source item had "Private" set to "false" and no source items had "Private" set to "true".
             The ImageRuntimeVersion for this reference is "".
         Primary reference "System.IO.MemoryMappedFiles, Version=8.0.0.0, Culture=neutral, PublicKeyToken=b03f5f7f11d50a3a".
             Resolved file path is "/usr/share/dotnet/packs/Microsoft.NETCore.App.Ref/8.0.23/ref/net8.0/System.IO.MemoryMappedFiles.dll".
             Reference found at search path location "{RawFileName}".
             This reference is not "CopyLocal" because at least one source item had "Private" set to "false" and no source items had "Private" set to "true".
             The ImageRuntimeVersion for this reference is "".
         Primary reference "System.IO.Pipes.AccessControl, Version=8.0.0.0, Culture=neutral, PublicKeyToken=b03f5f7f11d50a3a".
             Resolved file path is "/usr/share/dotnet/packs/Microsoft.NETCore.App.Ref/8.0.23/ref/net8.0/System.IO.Pipes.AccessControl.dll".
             Reference found at search path location "{RawFileName}".
             This reference is not "CopyLocal" because at least one source item had "Private" set to "false" and no source items had "Private" set to "true".
             The ImageRuntimeVersion for this reference is "".
         Primary reference "System.IO.Pipes, Version=8.0.0.0, Culture=neutral, PublicKeyToken=b03f5f7f11d50a3a".
             Resolved file path is "/usr/share/dotnet/packs/Microsoft.NETCore.App.Ref/8.0.23/ref/net8.0/System.IO.Pipes.dll".
             Reference found at search path location "{RawFileName}".
             This reference is not "CopyLocal" because at least one source item had "Private" set to "false" and no source items had "Private" set to "true".
             The ImageRuntimeVersion for this reference is "".
         Primary reference "System.IO.UnmanagedMemoryStream, Version=8.0.0.0, Culture=neutral, PublicKeyToken=b03f5f7f11d50a3a".
             Resolved file path is "/usr/share/dotnet/packs/Microsoft.NETCore.App.Ref/8.0.23/ref/net8.0/System.IO.UnmanagedMemoryStream.dll".
             Reference found at search path location "{RawFileName}".
             This reference is not "CopyLocal" because at least one source item had "Private" set to "false" and no source items had "Private" set to "true".
             The ImageRuntimeVersion for this reference is "".
         Primary reference "System.IO, Version=8.0.0.0, Culture=neutral, PublicKeyToken=b03f5f7f11d50a3a".
             Resolved file path is "/usr/share/dotnet/packs/Microsoft.NETCore.App.Ref/8.0.23/ref/net8.0/System.IO.dll".
             Reference found at search path location "{RawFileName}".
             This reference is not "CopyLocal" because at least one source item had "Private" set to "false" and no source items had "Private" set to "true".
             The ImageRuntimeVersion for this reference is "".
         Primary reference "System.Linq.Expressions, Version=8.0.0.0, Culture=neutral, PublicKeyToken=b03f5f7f11d50a3a".
             Resolved file path is "/usr/share/dotnet/packs/Microsoft.NETCore.App.Ref/8.0.23/ref/net8.0/System.Linq.Expressions.dll".
             Reference found at search path location "{RawFileName}".
             This reference is not "CopyLocal" because at least one source item had "Private" set to "false" and no source items had "Private" set to "true".
             The ImageRuntimeVersion for this reference is "".
         Primary reference "System.Linq.Parallel, Version=8.0.0.0, Culture=neutral, PublicKeyToken=b03f5f7f11d50a3a".
             Resolved file path is "/usr/share/dotnet/packs/Microsoft.NETCore.App.Ref/8.0.23/ref/net8.0/System.Linq.Parallel.dll".
             Reference found at search path location "{RawFileName}".
             This reference is not "CopyLocal" because at least one source item had "Private" set to "false" and no source items had "Private" set to "true".
             The ImageRuntimeVersion for this reference is "".
         Primary reference "System.Linq.Queryable, Version=8.0.0.0, Culture=neutral, PublicKeyToken=b03f5f7f11d50a3a".
             Resolved file path is "/usr/share/dotnet/packs/Microsoft.NETCore.App.Ref/8.0.23/ref/net8.0/System.Linq.Queryable.dll".
             Reference found at search path location "{RawFileName}".
             This reference is not "CopyLocal" because at least one source item had "Private" set to "false" and no source items had "Private" set to "true".
             The ImageRuntimeVersion for this reference is "".
         Primary reference "System.Linq, Version=8.0.0.0, Culture=neutral, PublicKeyToken=b03f5f7f11d50a3a".
             Resolved file path is "/usr/share/dotnet/packs/Microsoft.NETCore.App.Ref/8.0.23/ref/net8.0/System.Linq.dll".
             Reference found at search path location "{RawFileName}".
             This reference is not "CopyLocal" because at least one source item had "Private" set to "false" and no source items had "Private" set to "true".
             The ImageRuntimeVersion for this reference is "".
         Primary reference "System.Memory, Version=8.0.0.0, Culture=neutral, PublicKeyToken=cc7b13ffcd2ddd51".
             Resolved file path is "/usr/share/dotnet/packs/Microsoft.NETCore.App.Ref/8.0.23/ref/net8.0/System.Memory.dll".
             Reference found at search path location "{RawFileName}".
             This reference is not "CopyLocal" because at least one source item had "Private" set to "false" and no source items had "Private" set to "true".
             The ImageRuntimeVersion for this reference is "".
         Primary reference "System.Net.Http.Json, Version=8.0.0.0, Culture=neutral, PublicKeyToken=cc7b13ffcd2ddd51".
             Resolved file path is "/usr/share/dotnet/packs/Microsoft.NETCore.App.Ref/8.0.23/ref/net8.0/System.Net.Http.Json.dll".
             Reference found at search path location "{RawFileName}".
             This reference is not "CopyLocal" because at least one source item had "Private" set to "false" and no source items had "Private" set to "true".
             The ImageRuntimeVersion for this reference is "".
         Primary reference "System.Net.Http, Version=8.0.0.0, Culture=neutral, PublicKeyToken=b03f5f7f11d50a3a".
             Resolved file path is "/usr/share/dotnet/packs/Microsoft.NETCore.App.Ref/8.0.23/ref/net8.0/System.Net.Http.dll".
             Reference found at search path location "{RawFileName}".
             This reference is not "CopyLocal" because at least one source item had "Private" set to "false" and no source items had "Private" set to "true".
             The ImageRuntimeVersion for this reference is "".
         Primary reference "System.Net.HttpListener, Version=8.0.0.0, Culture=neutral, PublicKeyToken=cc7b13ffcd2ddd51".
             Resolved file path is "/usr/share/dotnet/packs/Microsoft.NETCore.App.Ref/8.0.23/ref/net8.0/System.Net.HttpListener.dll".
             Reference found at search path location "{RawFileName}".
             This reference is not "CopyLocal" because at least one source item had "Private" set to "false" and no source items had "Private" set to "true".
             The ImageRuntimeVersion for this reference is "".
         Primary reference "System.Net.Mail, Version=8.0.0.0, Culture=neutral, PublicKeyToken=cc7b13ffcd2ddd51".
             Resolved file path is "/usr/share/dotnet/packs/Microsoft.NETCore.App.Ref/8.0.23/ref/net8.0/System.Net.Mail.dll".
             Reference found at search path location "{RawFileName}".
             This reference is not "CopyLocal" because at least one source item had "Private" set to "false" and no source items had "Private" set to "true".
             The ImageRuntimeVersion for this reference is "".
         Primary reference "System.Net.NameResolution, Version=8.0.0.0, Culture=neutral, PublicKeyToken=b03f5f7f11d50a3a".
             Resolved file path is "/usr/share/dotnet/packs/Microsoft.NETCore.App.Ref/8.0.23/ref/net8.0/System.Net.NameResolution.dll".
             Reference found at search path location "{RawFileName}".
             This reference is not "CopyLocal" because at least one source item had "Private" set to "false" and no source items had "Private" set to "true".
             The ImageRuntimeVersion for this reference is "".
         Primary reference "System.Net.NetworkInformation, Version=8.0.0.0, Culture=neutral, PublicKeyToken=b03f5f7f11d50a3a".
             Resolved file path is "/usr/share/dotnet/packs/Microsoft.NETCore.App.Ref/8.0.23/ref/net8.0/System.Net.NetworkInformation.dll".
             Reference found at search path location "{RawFileName}".
             This reference is not "CopyLocal" because at least one source item had "Private" set to "false" and no source items had "Private" set to "true".
             The ImageRuntimeVersion for this reference is "".
         Primary reference "System.Net.Ping, Version=8.0.0.0, Culture=neutral, PublicKeyToken=b03f5f7f11d50a3a".
             Resolved file path is "/usr/share/dotnet/packs/Microsoft.NETCore.App.Ref/8.0.23/ref/net8.0/System.Net.Ping.dll".
             Reference found at search path location "{RawFileName}".
             This reference is not "CopyLocal" because at least one source item had "Private" set to "false" and no source items had "Private" set to "true".
             The ImageRuntimeVersion for this reference is "".
         Primary reference "System.Net.Primitives, Version=8.0.0.0, Culture=neutral, PublicKeyToken=b03f5f7f11d50a3a".
             Resolved file path is "/usr/share/dotnet/packs/Microsoft.NETCore.App.Ref/8.0.23/ref/net8.0/System.Net.Primitives.dll".
             Reference found at search path location "{RawFileName}".
             This reference is not "CopyLocal" because at least one source item had "Private" set to "false" and no source items had "Private" set to "true".
             The ImageRuntimeVersion for this reference is "".
         Primary reference "System.Net.Quic, Version=8.0.0.0, Culture=neutral, PublicKeyToken=b03f5f7f11d50a3a".
             Resolved file path is "/usr/share/dotnet/packs/Microsoft.NETCore.App.Ref/8.0.23/ref/net8.0/System.Net.Quic.dll".
             Reference found at search path location "{RawFileName}".
             This reference is not "CopyLocal" because at least one source item had "Private" set to "false" and no source items had "Private" set to "true".
             The ImageRuntimeVersion for this reference is "".
         Primary reference "System.Net.Requests, Version=8.0.0.0, Culture=neutral, PublicKeyToken=b03f5f7f11d50a3a".
             Resolved file path is "/usr/share/dotnet/packs/Microsoft.NETCore.App.Ref/8.0.23/ref/net8.0/System.Net.Requests.dll".
             Reference found at search path location "{RawFileName}".
             This reference is not "CopyLocal" because at least one source item had "Private" set to "false" and no source items had "Private" set to "true".
             The ImageRuntimeVersion for this reference is "".
         Primary reference "System.Net.Security, Version=8.0.0.0, Culture=neutral, PublicKeyToken=b03f5f7f11d50a3a".
             Resolved file path is "/usr/share/dotnet/packs/Microsoft.NETCore.App.Ref/8.0.23/ref/net8.0/System.Net.Security.dll".
             Reference found at search path location "{RawFileName}".
             This reference is not "CopyLocal" because at least one source item had "Private" set to "false" and no source items had "Private" set to "true".
             The ImageRuntimeVersion for this reference is "".
         Primary reference "System.Net.ServicePoint, Version=8.0.0.0, Culture=neutral, PublicKeyToken=cc7b13ffcd2ddd51".
             Resolved file path is "/usr/share/dotnet/packs/Microsoft.NETCore.App.Ref/8.0.23/ref/net8.0/System.Net.ServicePoint.dll".
             Reference found at search path location "{RawFileName}".
             This reference is not "CopyLocal" because at least one source item had "Private" set to "false" and no source items had "Private" set to "true".
             The ImageRuntimeVersion for this reference is "".
         Primary reference "System.Net.Sockets, Version=8.0.0.0, Culture=neutral, PublicKeyToken=b03f5f7f11d50a3a".
             Resolved file path is "/usr/share/dotnet/packs/Microsoft.NETCore.App.Ref/8.0.23/ref/net8.0/System.Net.Sockets.dll".
             Reference found at search path location "{RawFileName}".
             This reference is not "CopyLocal" because at least one source item had "Private" set to "false" and no source items had "Private" set to "true".
             The ImageRuntimeVersion for this reference is "".
         Primary reference "System.Net.WebClient, Version=8.0.0.0, Culture=neutral, PublicKeyToken=cc7b13ffcd2ddd51".
             Resolved file path is "/usr/share/dotnet/packs/Microsoft.NETCore.App.Ref/8.0.23/ref/net8.0/System.Net.WebClient.dll".
             Reference found at search path location "{RawFileName}".
             This reference is not "CopyLocal" because at least one source item had "Private" set to "false" and no source items had "Private" set to "true".
             The ImageRuntimeVersion for this reference is "".
         Primary reference "System.Net.WebHeaderCollection, Version=8.0.0.0, Culture=neutral, PublicKeyToken=b03f5f7f11d50a3a".
             Resolved file path is "/usr/share/dotnet/packs/Microsoft.NETCore.App.Ref/8.0.23/ref/net8.0/System.Net.WebHeaderCollection.dll".
             Reference found at search path location "{RawFileName}".
             This reference is not "CopyLocal" because at least one source item had "Private" set to "false" and no source items had "Private" set to "true".
             The ImageRuntimeVersion for this reference is "".
         Primary reference "System.Net.WebProxy, Version=8.0.0.0, Culture=neutral, PublicKeyToken=cc7b13ffcd2ddd51".
             Resolved file path is "/usr/share/dotnet/packs/Microsoft.NETCore.App.Ref/8.0.23/ref/net8.0/System.Net.WebProxy.dll".
             Reference found at search path location "{RawFileName}".
             This reference is not "CopyLocal" because at least one source item had "Private" set to "false" and no source items had "Private" set to "true".
             The ImageRuntimeVersion for this reference is "".
         Primary reference "System.Net.WebSockets.Client, Version=8.0.0.0, Culture=neutral, PublicKeyToken=b03f5f7f11d50a3a".
             Resolved file path is "/usr/share/dotnet/packs/Microsoft.NETCore.App.Ref/8.0.23/ref/net8.0/System.Net.WebSockets.Client.dll".
             Reference found at search path location "{RawFileName}".
             This reference is not "CopyLocal" because at least one source item had "Private" set to "false" and no source items had "Private" set to "true".
             The ImageRuntimeVersion for this reference is "".
         Primary reference "System.Net.WebSockets, Version=8.0.0.0, Culture=neutral, PublicKeyToken=b03f5f7f11d50a3a".
             Resolved file path is "/usr/share/dotnet/packs/Microsoft.NETCore.App.Ref/8.0.23/ref/net8.0/System.Net.WebSockets.dll".
             Reference found at search path location "{RawFileName}".
             This reference is not "CopyLocal" because at least one source item had "Private" set to "false" and no source items had "Private" set to "true".
             The ImageRuntimeVersion for this reference is "".
         Primary reference "System.Net, Version=4.0.0.0, Culture=neutral, PublicKeyToken=b03f5f7f11d50a3a".
             Resolved file path is "/usr/share/dotnet/packs/Microsoft.NETCore.App.Ref/8.0.23/ref/net8.0/System.Net.dll".
             Reference found at search path location "{RawFileName}".
             This reference is not "CopyLocal" because at least one source item had "Private" set to "false" and no source items had "Private" set to "true".
             The ImageRuntimeVersion for this reference is "".
         Primary reference "System.Numerics.Vectors, Version=8.0.0.0, Culture=neutral, PublicKeyToken=b03f5f7f11d50a3a".
             Resolved file path is "/usr/share/dotnet/packs/Microsoft.NETCore.App.Ref/8.0.23/ref/net8.0/System.Numerics.Vectors.dll".
             Reference found at search path location "{RawFileName}".
             This reference is not "CopyLocal" because at least one source item had "Private" set to "false" and no source items had "Private" set to "true".
             The ImageRuntimeVersion for this reference is "".
         Primary reference "System.Numerics, Version=4.0.0.0, Culture=neutral, PublicKeyToken=b77a5c561934e089".
             Resolved file path is "/usr/share/dotnet/packs/Microsoft.NETCore.App.Ref/8.0.23/ref/net8.0/System.Numerics.dll".
             Reference found at search path location "{RawFileName}".
             This reference is not "CopyLocal" because at least one source item had "Private" set to "false" and no source items had "Private" set to "true".
             The ImageRuntimeVersion for this reference is "".
         Primary reference "System.ObjectModel, Version=8.0.0.0, Culture=neutral, PublicKeyToken=b03f5f7f11d50a3a".
             Resolved file path is "/usr/share/dotnet/packs/Microsoft.NETCore.App.Ref/8.0.23/ref/net8.0/System.ObjectModel.dll".
             Reference found at search path location "{RawFileName}".
             This reference is not "CopyLocal" because at least one source item had "Private" set to "false" and no source items had "Private" set to "true".
             The ImageRuntimeVersion for this reference is "".
         Primary reference "System.Reflection.DispatchProxy, Version=8.0.0.0, Culture=neutral, PublicKeyToken=b03f5f7f11d50a3a".
             Resolved file path is "/usr/share/dotnet/packs/Microsoft.NETCore.App.Ref/8.0.23/ref/net8.0/System.Reflection.DispatchProxy.dll".
             Reference found at search path location "{RawFileName}".
             This reference is not "CopyLocal" because at least one source item had "Private" set to "false" and no source items had "Private" set to "true".
             The ImageRuntimeVersion for this reference is "".
         Primary reference "System.Reflection.Emit.ILGeneration, Version=8.0.0.0, Culture=neutral, PublicKeyToken=b03f5f7f11d50a3a".
             Resolved file path is "/usr/share/dotnet/packs/Microsoft.NETCore.App.Ref/8.0.23/ref/net8.0/System.Reflection.Emit.ILGeneration.dll".
             Reference found at search path location "{RawFileName}".
             This reference is not "CopyLocal" because at least one source item had "Private" set to "false" and no source items had "Private" set to "true".
             The ImageRuntimeVersion for this reference is "".
         Primary reference "System.Reflection.Emit.Lightweight, Version=8.0.0.0, Culture=neutral, PublicKeyToken=b03f5f7f11d50a3a".
             Resolved file path is "/usr/share/dotnet/packs/Microsoft.NETCore.App.Ref/8.0.23/ref/net8.0/System.Reflection.Emit.Lightweight.dll".
             Reference found at search path location "{RawFileName}".
             This reference is not "CopyLocal" because at least one source item had "Private" set to "false" and no source items had "Private" set to "true".
             The ImageRuntimeVersion for this reference is "".
         Primary reference "System.Reflection.Emit, Version=8.0.0.0, Culture=neutral, PublicKeyToken=b03f5f7f11d50a3a".
             Resolved file path is "/usr/share/dotnet/packs/Microsoft.NETCore.App.Ref/8.0.23/ref/net8.0/System.Reflection.Emit.dll".
             Reference found at search path location "{RawFileName}".
             This reference is not "CopyLocal" because at least one source item had "Private" set to "false" and no source items had "Private" set to "true".
             The ImageRuntimeVersion for this reference is "".
         Primary reference "System.Reflection.Extensions, Version=8.0.0.0, Culture=neutral, PublicKeyToken=b03f5f7f11d50a3a".
             Resolved file path is "/usr/share/dotnet/packs/Microsoft.NETCore.App.Ref/8.0.23/ref/net8.0/System.Reflection.Extensions.dll".
             Reference found at search path location "{RawFileName}".
             This reference is not "CopyLocal" because at least one source item had "Private" set to "false" and no source items had "Private" set to "true".
             The ImageRuntimeVersion for this reference is "".
         Primary reference "System.Reflection.Metadata, Version=8.0.0.0, Culture=neutral, PublicKeyToken=b03f5f7f11d50a3a".
             Resolved file path is "/usr/share/dotnet/packs/Microsoft.NETCore.App.Ref/8.0.23/ref/net8.0/System.Reflection.Metadata.dll".
             Reference found at search path location "{RawFileName}".
             This reference is not "CopyLocal" because at least one source item had "Private" set to "false" and no source items had "Private" set to "true".
             The ImageRuntimeVersion for this reference is "".
         Primary reference "System.Reflection.Primitives, Version=8.0.0.0, Culture=neutral, PublicKeyToken=b03f5f7f11d50a3a".
             Resolved file path is "/usr/share/dotnet/packs/Microsoft.NETCore.App.Ref/8.0.23/ref/net8.0/System.Reflection.Primitives.dll".
             Reference found at search path location "{RawFileName}".
             This reference is not "CopyLocal" because at least one source item had "Private" set to "false" and no source items had "Private" set to "true".
             The ImageRuntimeVersion for this reference is "".
         Primary reference "System.Reflection.TypeExtensions, Version=8.0.0.0, Culture=neutral, PublicKeyToken=b03f5f7f11d50a3a".
             Resolved file path is "/usr/share/dotnet/packs/Microsoft.NETCore.App.Ref/8.0.23/ref/net8.0/System.Reflection.TypeExtensions.dll".
             Reference found at search path location "{RawFileName}".
             This reference is not "CopyLocal" because at least one source item had "Private" set to "false" and no source items had "Private" set to "true".
             The ImageRuntimeVersion for this reference is "".
         Primary reference "System.Reflection, Version=8.0.0.0, Culture=neutral, PublicKeyToken=b03f5f7f11d50a3a".
             Resolved file path is "/usr/share/dotnet/packs/Microsoft.NETCore.App.Ref/8.0.23/ref/net8.0/System.Reflection.dll".
             Reference found at search path location "{RawFileName}".
             This reference is not "CopyLocal" because at least one source item had "Private" set to "false" and no source items had "Private" set to "true".
             The ImageRuntimeVersion for this reference is "".
         Primary reference "System.Resources.Reader, Version=8.0.0.0, Culture=neutral, PublicKeyToken=b03f5f7f11d50a3a".
             Resolved file path is "/usr/share/dotnet/packs/Microsoft.NETCore.App.Ref/8.0.23/ref/net8.0/System.Resources.Reader.dll".
             Reference found at search path location "{RawFileName}".
             This reference is not "CopyLocal" because at least one source item had "Private" set to "false" and no source items had "Private" set to "true".
             The ImageRuntimeVersion for this reference is "".
         Primary reference "System.Resources.ResourceManager, Version=8.0.0.0, Culture=neutral, PublicKeyToken=b03f5f7f11d50a3a".
             Resolved file path is "/usr/share/dotnet/packs/Microsoft.NETCore.App.Ref/8.0.23/ref/net8.0/System.Resources.ResourceManager.dll".
             Reference found at search path location "{RawFileName}".
             This reference is not "CopyLocal" because at least one source item had "Private" set to "false" and no source items had "Private" set to "true".
             The ImageRuntimeVersion for this reference is "".
         Primary reference "System.Resources.Writer, Version=8.0.0.0, Culture=neutral, PublicKeyToken=b03f5f7f11d50a3a".
             Resolved file path is "/usr/share/dotnet/packs/Microsoft.NETCore.App.Ref/8.0.23/ref/net8.0/System.Resources.Writer.dll".
             Reference found at search path location "{RawFileName}".
             This reference is not "CopyLocal" because at least one source item had "Private" set to "false" and no source items had "Private" set to "true".
             The ImageRuntimeVersion for this reference is "".
         Primary reference "System.Runtime.CompilerServices.Unsafe, Version=8.0.0.0, Culture=neutral, PublicKeyToken=b03f5f7f11d50a3a".
             Resolved file path is "/usr/share/dotnet/packs/Microsoft.NETCore.App.Ref/8.0.23/ref/net8.0/System.Runtime.CompilerServices.Unsafe.dll".
             Reference found at search path location "{RawFileName}".
             This reference is not "CopyLocal" because at least one source item had "Private" set to "false" and no source items had "Private" set to "true".
             The ImageRuntimeVersion for this reference is "".
         Primary reference "System.Runtime.CompilerServices.VisualC, Version=8.0.0.0, Culture=neutral, PublicKeyToken=b03f5f7f11d50a3a".
             Resolved file path is "/usr/share/dotnet/packs/Microsoft.NETCore.App.Ref/8.0.23/ref/net8.0/System.Runtime.CompilerServices.VisualC.dll".
             Reference found at search path location "{RawFileName}".
             This reference is not "CopyLocal" because at least one source item had "Private" set to "false" and no source items had "Private" set to "true".
             The ImageRuntimeVersion for this reference is "".
         Primary reference "System.Runtime.Extensions, Version=8.0.0.0, Culture=neutral, PublicKeyToken=b03f5f7f11d50a3a".
             Resolved file path is "/usr/share/dotnet/packs/Microsoft.NETCore.App.Ref/8.0.23/ref/net8.0/System.Runtime.Extensions.dll".
             Reference found at search path location "{RawFileName}".
             This reference is not "CopyLocal" because at least one source item had "Private" set to "false" and no source items had "Private" set to "true".
             The ImageRuntimeVersion for this reference is "".
         Primary reference "System.Runtime.Handles, Version=8.0.0.0, Culture=neutral, PublicKeyToken=b03f5f7f11d50a3a".
             Resolved file path is "/usr/share/dotnet/packs/Microsoft.NETCore.App.Ref/8.0.23/ref/net8.0/System.Runtime.Handles.dll".
             Reference found at search path location "{RawFileName}".
             This reference is not "CopyLocal" because at least one source item had "Private" set to "false" and no source items had "Private" set to "true".
             The ImageRuntimeVersion for this reference is "".
         Primary reference "System.Runtime.InteropServices.JavaScript, Version=8.0.0.0, Culture=neutral, PublicKeyToken=b03f5f7f11d50a3a".
             Resolved file path is "/usr/share/dotnet/packs/Microsoft.NETCore.App.Ref/8.0.23/ref/net8.0/System.Runtime.InteropServices.JavaScript.dll".
             Reference found at search path location "{RawFileName}".
             This reference is not "CopyLocal" because at least one source item had "Private" set to "false" and no source items had "Private" set to "true".
             The ImageRuntimeVersion for this reference is "".
         Primary reference "System.Runtime.InteropServices.RuntimeInformation, Version=8.0.0.0, Culture=neutral, PublicKeyToken=b03f5f7f11d50a3a".
             Resolved file path is "/usr/share/dotnet/packs/Microsoft.NETCore.App.Ref/8.0.23/ref/net8.0/System.Runtime.InteropServices.RuntimeInformation.dll".
             Reference found at search path location "{RawFileName}".
             This reference is not "CopyLocal" because at least one source item had "Private" set to "false" and no source items had "Private" set to "true".
             The ImageRuntimeVersion for this reference is "".
         Primary reference "System.Runtime.InteropServices, Version=8.0.0.0, Culture=neutral, PublicKeyToken=b03f5f7f11d50a3a".
             Resolved file path is "/usr/share/dotnet/packs/Microsoft.NETCore.App.Ref/8.0.23/ref/net8.0/System.Runtime.InteropServices.dll".
             Reference found at search path location "{RawFileName}".
             This reference is not "CopyLocal" because at least one source item had "Private" set to "false" and no source items had "Private" set to "true".
             The ImageRuntimeVersion for this reference is "".
         Primary reference "System.Runtime.Intrinsics, Version=8.0.0.0, Culture=neutral, PublicKeyToken=cc7b13ffcd2ddd51".
             Resolved file path is "/usr/share/dotnet/packs/Microsoft.NETCore.App.Ref/8.0.23/ref/net8.0/System.Runtime.Intrinsics.dll".
             Reference found at search path location "{RawFileName}".
             This reference is not "CopyLocal" because at least one source item had "Private" set to "false" and no source items had "Private" set to "true".
             The ImageRuntimeVersion for this reference is "".
         Primary reference "System.Runtime.Loader, Version=8.0.0.0, Culture=neutral, PublicKeyToken=b03f5f7f11d50a3a".
             Resolved file path is "/usr/share/dotnet/packs/Microsoft.NETCore.App.Ref/8.0.23/ref/net8.0/System.Runtime.Loader.dll".
             Reference found at search path location "{RawFileName}".
             This reference is not "CopyLocal" because at least one source item had "Private" set to "false" and no source items had "Private" set to "true".
             The ImageRuntimeVersion for this reference is "".
         Primary reference "System.Runtime.Numerics, Version=8.0.0.0, Culture=neutral, PublicKeyToken=b03f5f7f11d50a3a".
             Resolved file path is "/usr/share/dotnet/packs/Microsoft.NETCore.App.Ref/8.0.23/ref/net8.0/System.Runtime.Numerics.dll".
             Reference found at search path location "{RawFileName}".
             This reference is not "CopyLocal" because at least one source item had "Private" set to "false" and no source items had "Private" set to "true".
             The ImageRuntimeVersion for this reference is "".
         Primary reference "System.Runtime.Serialization.Formatters, Version=8.0.0.0, Culture=neutral, PublicKeyToken=b03f5f7f11d50a3a".
             Resolved file path is "/usr/share/dotnet/packs/Microsoft.NETCore.App.Ref/8.0.23/ref/net8.0/System.Runtime.Serialization.Formatters.dll".
             Reference found at search path location "{RawFileName}".
             This reference is not "CopyLocal" because at least one source item had "Private" set to "false" and no source items had "Private" set to "true".
             The ImageRuntimeVersion for this reference is "".
         Primary reference "System.Runtime.Serialization.Json, Version=8.0.0.0, Culture=neutral, PublicKeyToken=b03f5f7f11d50a3a".
             Resolved file path is "/usr/share/dotnet/packs/Microsoft.NETCore.App.Ref/8.0.23/ref/net8.0/System.Runtime.Serialization.Json.dll".
             Reference found at search path location "{RawFileName}".
             This reference is not "CopyLocal" because at least one source item had "Private" set to "false" and no source items had "Private" set to "true".
             The ImageRuntimeVersion for this reference is "".
         Primary reference "System.Runtime.Serialization.Primitives, Version=8.0.0.0, Culture=neutral, PublicKeyToken=b03f5f7f11d50a3a".
             Resolved file path is "/usr/share/dotnet/packs/Microsoft.NETCore.App.Ref/8.0.23/ref/net8.0/System.Runtime.Serialization.Primitives.dll".
             Reference found at search path location "{RawFileName}".
             This reference is not "CopyLocal" because at least one source item had "Private" set to "false" and no source items had "Private" set to "true".
             The ImageRuntimeVersion for this reference is "".
         Primary reference "System.Runtime.Serialization.Xml, Version=8.0.0.0, Culture=neutral, PublicKeyToken=b03f5f7f11d50a3a".
             Resolved file path is "/usr/share/dotnet/packs/Microsoft.NETCore.App.Ref/8.0.23/ref/net8.0/System.Runtime.Serialization.Xml.dll".
             Reference found at search path location "{RawFileName}".
             This reference is not "CopyLocal" because at least one source item had "Private" set to "false" and no source items had "Private" set to "true".
             The ImageRuntimeVersion for this reference is "".
         Primary reference "System.Runtime.Serialization, Version=4.0.0.0, Culture=neutral, PublicKeyToken=b77a5c561934e089".
             Resolved file path is "/usr/share/dotnet/packs/Microsoft.NETCore.App.Ref/8.0.23/ref/net8.0/System.Runtime.Serialization.dll".
             Reference found at search path location "{RawFileName}".
             This reference is not "CopyLocal" because at least one source item had "Private" set to "false" and no source items had "Private" set to "true".
             The ImageRuntimeVersion for this reference is "".
         Primary reference "System.Runtime, Version=8.0.0.0, Culture=neutral, PublicKeyToken=b03f5f7f11d50a3a".
             Resolved file path is "/usr/share/dotnet/packs/Microsoft.NETCore.App.Ref/8.0.23/ref/net8.0/System.Runtime.dll".
             Reference found at search path location "{RawFileName}".
             This reference is not "CopyLocal" because at least one source item had "Private" set to "false" and no source items had "Private" set to "true".
             The ImageRuntimeVersion for this reference is "".
         Primary reference "System.Security.AccessControl, Version=8.0.0.0, Culture=neutral, PublicKeyToken=b03f5f7f11d50a3a".
             Resolved file path is "/usr/share/dotnet/packs/Microsoft.NETCore.App.Ref/8.0.23/ref/net8.0/System.Security.AccessControl.dll".
             Reference found at search path location "{RawFileName}".
             This reference is not "CopyLocal" because at least one source item had "Private" set to "false" and no source items had "Private" set to "true".
             The ImageRuntimeVersion for this reference is "".
         Primary reference "System.Security.Claims, Version=8.0.0.0, Culture=neutral, PublicKeyToken=b03f5f7f11d50a3a".
             Resolved file path is "/usr/share/dotnet/packs/Microsoft.NETCore.App.Ref/8.0.23/ref/net8.0/System.Security.Claims.dll".
             Reference found at search path location "{RawFileName}".
             This reference is not "CopyLocal" because at least one source item had "Private" set to "false" and no source items had "Private" set to "true".
             The ImageRuntimeVersion for this reference is "".
         Primary reference "System.Security.Cryptography.Algorithms, Version=8.0.0.0, Culture=neutral, PublicKeyToken=b03f5f7f11d50a3a".
             Resolved file path is "/usr/share/dotnet/packs/Microsoft.NETCore.App.Ref/8.0.23/ref/net8.0/System.Security.Cryptography.Algorithms.dll".
             Reference found at search path location "{RawFileName}".
             This reference is not "CopyLocal" because at least one source item had "Private" set to "false" and no source items had "Private" set to "true".
             The ImageRuntimeVersion for this reference is "".
         Primary reference "System.Security.Cryptography.Cng, Version=8.0.0.0, Culture=neutral, PublicKeyToken=b03f5f7f11d50a3a".
             Resolved file path is "/usr/share/dotnet/packs/Microsoft.NETCore.App.Ref/8.0.23/ref/net8.0/System.Security.Cryptography.Cng.dll".
             Reference found at search path location "{RawFileName}".
             This reference is not "CopyLocal" because at least one source item had "Private" set to "false" and no source items had "Private" set to "true".
             The ImageRuntimeVersion for this reference is "".
         Primary reference "System.Security.Cryptography.Csp, Version=8.0.0.0, Culture=neutral, PublicKeyToken=b03f5f7f11d50a3a".
             Resolved file path is "/usr/share/dotnet/packs/Microsoft.NETCore.App.Ref/8.0.23/ref/net8.0/System.Security.Cryptography.Csp.dll".
             Reference found at search path location "{RawFileName}".
             This reference is not "CopyLocal" because at least one source item had "Private" set to "false" and no source items had "Private" set to "true".
             The ImageRuntimeVersion for this reference is "".
         Primary reference "System.Security.Cryptography.Encoding, Version=8.0.0.0, Culture=neutral, PublicKeyToken=b03f5f7f11d50a3a".
             Resolved file path is "/usr/share/dotnet/packs/Microsoft.NETCore.App.Ref/8.0.23/ref/net8.0/System.Security.Cryptography.Encoding.dll".
             Reference found at search path location "{RawFileName}".
             This reference is not "CopyLocal" because at least one source item had "Private" set to "false" and no source items had "Private" set to "true".
             The ImageRuntimeVersion for this reference is "".
         Primary reference "System.Security.Cryptography.OpenSsl, Version=8.0.0.0, Culture=neutral, PublicKeyToken=b03f5f7f11d50a3a".
             Resolved file path is "/usr/share/dotnet/packs/Microsoft.NETCore.App.Ref/8.0.23/ref/net8.0/System.Security.Cryptography.OpenSsl.dll".
             Reference found at search path location "{RawFileName}".
             This reference is not "CopyLocal" because at least one source item had "Private" set to "false" and no source items had "Private" set to "true".
             The ImageRuntimeVersion for this reference is "".
         Primary reference "System.Security.Cryptography.Primitives, Version=8.0.0.0, Culture=neutral, PublicKeyToken=b03f5f7f11d50a3a".
             Resolved file path is "/usr/share/dotnet/packs/Microsoft.NETCore.App.Ref/8.0.23/ref/net8.0/System.Security.Cryptography.Primitives.dll".
             Reference found at search path location "{RawFileName}".
             This reference is not "CopyLocal" because at least one source item had "Private" set to "false" and no source items had "Private" set to "true".
             The ImageRuntimeVersion for this reference is "".
         Primary reference "System.Security.Cryptography.X509Certificates, Version=8.0.0.0, Culture=neutral, PublicKeyToken=b03f5f7f11d50a3a".
             Resolved file path is "/usr/share/dotnet/packs/Microsoft.NETCore.App.Ref/8.0.23/ref/net8.0/System.Security.Cryptography.X509Certificates.dll".
             Reference found at search path location "{RawFileName}".
             This reference is not "CopyLocal" because at least one source item had "Private" set to "false" and no source items had "Private" set to "true".
             The ImageRuntimeVersion for this reference is "".
         Primary reference "System.Security.Cryptography, Version=8.0.0.0, Culture=neutral, PublicKeyToken=b03f5f7f11d50a3a".
             Resolved file path is "/usr/share/dotnet/packs/Microsoft.NETCore.App.Ref/8.0.23/ref/net8.0/System.Security.Cryptography.dll".
             Reference found at search path location "{RawFileName}".
             This reference is not "CopyLocal" because at least one source item had "Private" set to "false" and no source items had "Private" set to "true".
             The ImageRuntimeVersion for this reference is "".
         Primary reference "System.Security.Principal.Windows, Version=8.0.0.0, Culture=neutral, PublicKeyToken=b03f5f7f11d50a3a".
             Resolved file path is "/usr/share/dotnet/packs/Microsoft.NETCore.App.Ref/8.0.23/ref/net8.0/System.Security.Principal.Windows.dll".
             Reference found at search path location "{RawFileName}".
             This reference is not "CopyLocal" because at least one source item had "Private" set to "false" and no source items had "Private" set to "true".
             The ImageRuntimeVersion for this reference is "".
         Primary reference "System.Security.Principal, Version=8.0.0.0, Culture=neutral, PublicKeyToken=b03f5f7f11d50a3a".
             Resolved file path is "/usr/share/dotnet/packs/Microsoft.NETCore.App.Ref/8.0.23/ref/net8.0/System.Security.Principal.dll".
             Reference found at search path location "{RawFileName}".
             This reference is not "CopyLocal" because at least one source item had "Private" set to "false" and no source items had "Private" set to "true".
             The ImageRuntimeVersion for this reference is "".
         Primary reference "System.Security.SecureString, Version=8.0.0.0, Culture=neutral, PublicKeyToken=b03f5f7f11d50a3a".
             Resolved file path is "/usr/share/dotnet/packs/Microsoft.NETCore.App.Ref/8.0.23/ref/net8.0/System.Security.SecureString.dll".
             Reference found at search path location "{RawFileName}".
             This reference is not "CopyLocal" because at least one source item had "Private" set to "false" and no source items had "Private" set to "true".
             The ImageRuntimeVersion for this reference is "".
         Primary reference "System.Security, Version=4.0.0.0, Culture=neutral, PublicKeyToken=b03f5f7f11d50a3a".
             Resolved file path is "/usr/share/dotnet/packs/Microsoft.NETCore.App.Ref/8.0.23/ref/net8.0/System.Security.dll".
             Reference found at search path location "{RawFileName}".
             This reference is not "CopyLocal" because at least one source item had "Private" set to "false" and no source items had "Private" set to "true".
             The ImageRuntimeVersion for this reference is "".
         Primary reference "System.ServiceModel.Web, Version=4.0.0.0, Culture=neutral, PublicKeyToken=31bf3856ad364e35".
             Resolved file path is "/usr/share/dotnet/packs/Microsoft.NETCore.App.Ref/8.0.23/ref/net8.0/System.ServiceModel.Web.dll".
             Reference found at search path location "{RawFileName}".
             This reference is not "CopyLocal" because at least one source item had "Private" set to "false" and no source items had "Private" set to "true".
             The ImageRuntimeVersion for this reference is "".
         Primary reference "System.ServiceProcess, Version=4.0.0.0, Culture=neutral, PublicKeyToken=b03f5f7f11d50a3a".
             Resolved file path is "/usr/share/dotnet/packs/Microsoft.NETCore.App.Ref/8.0.23/ref/net8.0/System.ServiceProcess.dll".
             Reference found at search path location "{RawFileName}".
             This reference is not "CopyLocal" because at least one source item had "Private" set to "false" and no source items had "Private" set to "true".
             The ImageRuntimeVersion for this reference is "".
         Primary reference "System.Text.Encoding.CodePages, Version=8.0.0.0, Culture=neutral, PublicKeyToken=b03f5f7f11d50a3a".
             Resolved file path is "/usr/share/dotnet/packs/Microsoft.NETCore.App.Ref/8.0.23/ref/net8.0/System.Text.Encoding.CodePages.dll".
             Reference found at search path location "{RawFileName}".
             This reference is not "CopyLocal" because at least one source item had "Private" set to "false" and no source items had "Private" set to "true".
             The ImageRuntimeVersion for this reference is "".
         Primary reference "System.Text.Encoding.Extensions, Version=8.0.0.0, Culture=neutral, PublicKeyToken=b03f5f7f11d50a3a".
             Resolved file path is "/usr/share/dotnet/packs/Microsoft.NETCore.App.Ref/8.0.23/ref/net8.0/System.Text.Encoding.Extensions.dll".
             Reference found at search path location "{RawFileName}".
             This reference is not "CopyLocal" because at least one source item had "Private" set to "false" and no source items had "Private" set to "true".
             The ImageRuntimeVersion for this reference is "".
         Primary reference "System.Text.Encoding, Version=8.0.0.0, Culture=neutral, PublicKeyToken=b03f5f7f11d50a3a".
             Resolved file path is "/usr/share/dotnet/packs/Microsoft.NETCore.App.Ref/8.0.23/ref/net8.0/System.Text.Encoding.dll".
             Reference found at search path location "{RawFileName}".
             This reference is not "CopyLocal" because at least one source item had "Private" set to "false" and no source items had "Private" set to "true".
             The ImageRuntimeVersion for this reference is "".
         Primary reference "System.Text.Encodings.Web, Version=8.0.0.0, Culture=neutral, PublicKeyToken=cc7b13ffcd2ddd51".
             Resolved file path is "/usr/share/dotnet/packs/Microsoft.NETCore.App.Ref/8.0.23/ref/net8.0/System.Text.Encodings.Web.dll".
             Reference found at search path location "{RawFileName}".
             This reference is not "CopyLocal" because at least one source item had "Private" set to "false" and no source items had "Private" set to "true".
             The ImageRuntimeVersion for this reference is "".
         Primary reference "System.Text.Json, Version=8.0.0.0, Culture=neutral, PublicKeyToken=cc7b13ffcd2ddd51".
             Resolved file path is "/usr/share/dotnet/packs/Microsoft.NETCore.App.Ref/8.0.23/ref/net8.0/System.Text.Json.dll".
             Reference found at search path location "{RawFileName}".
             This reference is not "CopyLocal" because at least one source item had "Private" set to "false" and no source items had "Private" set to "true".
             The ImageRuntimeVersion for this reference is "".
         Primary reference "System.Text.RegularExpressions, Version=8.0.0.0, Culture=neutral, PublicKeyToken=b03f5f7f11d50a3a".
             Resolved file path is "/usr/share/dotnet/packs/Microsoft.NETCore.App.Ref/8.0.23/ref/net8.0/System.Text.RegularExpressions.dll".
             Reference found at search path location "{RawFileName}".
             This reference is not "CopyLocal" because at least one source item had "Private" set to "false" and no source items had "Private" set to "true".
             The ImageRuntimeVersion for this reference is "".
         Primary reference "System.Threading.Channels, Version=8.0.0.0, Culture=neutral, PublicKeyToken=cc7b13ffcd2ddd51".
             Resolved file path is "/usr/share/dotnet/packs/Microsoft.NETCore.App.Ref/8.0.23/ref/net8.0/System.Threading.Channels.dll".
             Reference found at search path location "{RawFileName}".
             This reference is not "CopyLocal" because at least one source item had "Private" set to "false" and no source items had "Private" set to "true".
             The ImageRuntimeVersion for this reference is "".
         Primary reference "System.Threading.Overlapped, Version=8.0.0.0, Culture=neutral, PublicKeyToken=b03f5f7f11d50a3a".
             Resolved file path is "/usr/share/dotnet/packs/Microsoft.NETCore.App.Ref/8.0.23/ref/net8.0/System.Threading.Overlapped.dll".
             Reference found at search path location "{RawFileName}".
             This reference is not "CopyLocal" because at least one source item had "Private" set to "false" and no source items had "Private" set to "true".
             The ImageRuntimeVersion for this reference is "".
         Primary reference "System.Threading.Tasks.Dataflow, Version=8.0.0.0, Culture=neutral, PublicKeyToken=b03f5f7f11d50a3a".
             Resolved file path is "/usr/share/dotnet/packs/Microsoft.NETCore.App.Ref/8.0.23/ref/net8.0/System.Threading.Tasks.Dataflow.dll".
             Reference found at search path location "{RawFileName}".
             This reference is not "CopyLocal" because at least one source item had "Private" set to "false" and no source items had "Private" set to "true".
             The ImageRuntimeVersion for this reference is "".
         Primary reference "System.Threading.Tasks.Extensions, Version=8.0.0.0, Culture=neutral, PublicKeyToken=cc7b13ffcd2ddd51".
             Resolved file path is "/usr/share/dotnet/packs/Microsoft.NETCore.App.Ref/8.0.23/ref/net8.0/System.Threading.Tasks.Extensions.dll".
             Reference found at search path location "{RawFileName}".
             This reference is not "CopyLocal" because at least one source item had "Private" set to "false" and no source items had "Private" set to "true".
             The ImageRuntimeVersion for this reference is "".
         Primary reference "System.Threading.Tasks.Parallel, Version=8.0.0.0, Culture=neutral, PublicKeyToken=b03f5f7f11d50a3a".
             Resolved file path is "/usr/share/dotnet/packs/Microsoft.NETCore.App.Ref/8.0.23/ref/net8.0/System.Threading.Tasks.Parallel.dll".
             Reference found at search path location "{RawFileName}".
             This reference is not "CopyLocal" because at least one source item had "Private" set to "false" and no source items had "Private" set to "true".
             The ImageRuntimeVersion for this reference is "".
         Primary reference "System.Threading.Tasks, Version=8.0.0.0, Culture=neutral, PublicKeyToken=b03f5f7f11d50a3a".
             Resolved file path is "/usr/share/dotnet/packs/Microsoft.NETCore.App.Ref/8.0.23/ref/net8.0/System.Threading.Tasks.dll".
             Reference found at search path location "{RawFileName}".
             This reference is not "CopyLocal" because at least one source item had "Private" set to "false" and no source items had "Private" set to "true".
             The ImageRuntimeVersion for this reference is "".
         Primary reference "System.Threading.Thread, Version=8.0.0.0, Culture=neutral, PublicKeyToken=b03f5f7f11d50a3a".
             Resolved file path is "/usr/share/dotnet/packs/Microsoft.NETCore.App.Ref/8.0.23/ref/net8.0/System.Threading.Thread.dll".
             Reference found at search path location "{RawFileName}".
             This reference is not "CopyLocal" because at least one source item had "Private" set to "false" and no source items had "Private" set to "true".
             The ImageRuntimeVersion for this reference is "".
         Primary reference "System.Threading.ThreadPool, Version=8.0.0.0, Culture=neutral, PublicKeyToken=b03f5f7f11d50a3a".
             Resolved file path is "/usr/share/dotnet/packs/Microsoft.NETCore.App.Ref/8.0.23/ref/net8.0/System.Threading.ThreadPool.dll".
             Reference found at search path location "{RawFileName}".
             This reference is not "CopyLocal" because at least one source item had "Private" set to "false" and no source items had "Private" set to "true".
             The ImageRuntimeVersion for this reference is "".
         Primary reference "System.Threading.Timer, Version=8.0.0.0, Culture=neutral, PublicKeyToken=b03f5f7f11d50a3a".
             Resolved file path is "/usr/share/dotnet/packs/Microsoft.NETCore.App.Ref/8.0.23/ref/net8.0/System.Threading.Timer.dll".
             Reference found at search path location "{RawFileName}".
             This reference is not "CopyLocal" because at least one source item had "Private" set to "false" and no source items had "Private" set to "true".
             The ImageRuntimeVersion for this reference is "".
         Primary reference "System.Threading, Version=8.0.0.0, Culture=neutral, PublicKeyToken=b03f5f7f11d50a3a".
             Resolved file path is "/usr/share/dotnet/packs/Microsoft.NETCore.App.Ref/8.0.23/ref/net8.0/System.Threading.dll".
             Reference found at search path location "{RawFileName}".
             This reference is not "CopyLocal" because at least one source item had "Private" set to "false" and no source items had "Private" set to "true".
             The ImageRuntimeVersion for this reference is "".
         Primary reference "System.Transactions.Local, Version=8.0.0.0, Culture=neutral, PublicKeyToken=cc7b13ffcd2ddd51".
             Resolved file path is "/usr/share/dotnet/packs/Microsoft.NETCore.App.Ref/8.0.23/ref/net8.0/System.Transactions.Local.dll".
             Reference found at search path location "{RawFileName}".
             This reference is not "CopyLocal" because at least one source item had "Private" set to "false" and no source items had "Private" set to "true".
             The ImageRuntimeVersion for this reference is "".
         Primary reference "System.Transactions, Version=4.0.0.0, Culture=neutral, PublicKeyToken=b77a5c561934e089".
             Resolved file path is "/usr/share/dotnet/packs/Microsoft.NETCore.App.Ref/8.0.23/ref/net8.0/System.Transactions.dll".
             Reference found at search path location "{RawFileName}".
             This reference is not "CopyLocal" because at least one source item had "Private" set to "false" and no source items had "Private" set to "true".
             The ImageRuntimeVersion for this reference is "".
         Primary reference "System.ValueTuple, Version=8.0.0.0, Culture=neutral, PublicKeyToken=cc7b13ffcd2ddd51".
             Resolved file path is "/usr/share/dotnet/packs/Microsoft.NETCore.App.Ref/8.0.23/ref/net8.0/System.ValueTuple.dll".
             Reference found at search path location "{RawFileName}".
             This reference is not "CopyLocal" because at least one source item had "Private" set to "false" and no source items had "Private" set to "true".
             The ImageRuntimeVersion for this reference is "".
         Primary reference "System.Web.HttpUtility, Version=8.0.0.0, Culture=neutral, PublicKeyToken=cc7b13ffcd2ddd51".
             Resolved file path is "/usr/share/dotnet/packs/Microsoft.NETCore.App.Ref/8.0.23/ref/net8.0/System.Web.HttpUtility.dll".
             Reference found at search path location "{RawFileName}".
             This reference is not "CopyLocal" because at least one source item had "Private" set to "false" and no source items had "Private" set to "true".
             The ImageRuntimeVersion for this reference is "".
         Primary reference "System.Web, Version=4.0.0.0, Culture=neutral, PublicKeyToken=b03f5f7f11d50a3a".
             Resolved file path is "/usr/share/dotnet/packs/Microsoft.NETCore.App.Ref/8.0.23/ref/net8.0/System.Web.dll".
             Reference found at search path location "{RawFileName}".
             This reference is not "CopyLocal" because at least one source item had "Private" set to "false" and no source items had "Private" set to "true".
             The ImageRuntimeVersion for this reference is "".
         Primary reference "System.Windows, Version=4.0.0.0, Culture=neutral, PublicKeyToken=b03f5f7f11d50a3a".
             Resolved file path is "/usr/share/dotnet/packs/Microsoft.NETCore.App.Ref/8.0.23/ref/net8.0/System.Windows.dll".
             Reference found at search path location "{RawFileName}".
             This reference is not "CopyLocal" because at least one source item had "Private" set to "false" and no source items had "Private" set to "true".
             The ImageRuntimeVersion for this reference is "".
         Primary reference "System.Xml.Linq, Version=4.0.0.0, Culture=neutral, PublicKeyToken=b77a5c561934e089".
             Resolved file path is "/usr/share/dotnet/packs/Microsoft.NETCore.App.Ref/8.0.23/ref/net8.0/System.Xml.Linq.dll".
             Reference found at search path location "{RawFileName}".
             This reference is not "CopyLocal" because at least one source item had "Private" set to "false" and no source items had "Private" set to "true".
             The ImageRuntimeVersion for this reference is "".
         Primary reference "System.Xml.ReaderWriter, Version=8.0.0.0, Culture=neutral, PublicKeyToken=b03f5f7f11d50a3a".
             Resolved file path is "/usr/share/dotnet/packs/Microsoft.NETCore.App.Ref/8.0.23/ref/net8.0/System.Xml.ReaderWriter.dll".
             Reference found at search path location "{RawFileName}".
             This reference is not "CopyLocal" because at least one source item had "Private" set to "false" and no source items had "Private" set to "true".
             The ImageRuntimeVersion for this reference is "".
         Primary reference "System.Xml.Serialization, Version=4.0.0.0, Culture=neutral, PublicKeyToken=b77a5c561934e089".
             Resolved file path is "/usr/share/dotnet/packs/Microsoft.NETCore.App.Ref/8.0.23/ref/net8.0/System.Xml.Serialization.dll".
             Reference found at search path location "{RawFileName}".
             This reference is not "CopyLocal" because at least one source item had "Private" set to "false" and no source items had "Private" set to "true".
             The ImageRuntimeVersion for this reference is "".
         Primary reference "System.Xml.XDocument, Version=8.0.0.0, Culture=neutral, PublicKeyToken=b03f5f7f11d50a3a".
             Resolved file path is "/usr/share/dotnet/packs/Microsoft.NETCore.App.Ref/8.0.23/ref/net8.0/System.Xml.XDocument.dll".
             Reference found at search path location "{RawFileName}".
             This reference is not "CopyLocal" because at least one source item had "Private" set to "false" and no source items had "Private" set to "true".
             The ImageRuntimeVersion for this reference is "".
         Primary reference "System.Xml.XPath.XDocument, Version=8.0.0.0, Culture=neutral, PublicKeyToken=b03f5f7f11d50a3a".
             Resolved file path is "/usr/share/dotnet/packs/Microsoft.NETCore.App.Ref/8.0.23/ref/net8.0/System.Xml.XPath.XDocument.dll".
             Reference found at search path location "{RawFileName}".
             This reference is not "CopyLocal" because at least one source item had "Private" set to "false" and no source items had "Private" set to "true".
             The ImageRuntimeVersion for this reference is "".
         Primary reference "System.Xml.XPath, Version=8.0.0.0, Culture=neutral, PublicKeyToken=b03f5f7f11d50a3a".
             Resolved file path is "/usr/share/dotnet/packs/Microsoft.NETCore.App.Ref/8.0.23/ref/net8.0/System.Xml.XPath.dll".
             Reference found at search path location "{RawFileName}".
             This reference is not "CopyLocal" because at least one source item had "Private" set to "false" and no source items had "Private" set to "true".
             The ImageRuntimeVersion for this reference is "".
         Primary reference "System.Xml.XmlDocument, Version=8.0.0.0, Culture=neutral, PublicKeyToken=b03f5f7f11d50a3a".
             Resolved file path is "/usr/share/dotnet/packs/Microsoft.NETCore.App.Ref/8.0.23/ref/net8.0/System.Xml.XmlDocument.dll".
             Reference found at search path location "{RawFileName}".
             This reference is not "CopyLocal" because at least one source item had "Private" set to "false" and no source items had "Private" set to "true".
             The ImageRuntimeVersion for this reference is "".
         Primary reference "System.Xml.XmlSerializer, Version=8.0.0.0, Culture=neutral, PublicKeyToken=b03f5f7f11d50a3a".
             Resolved file path is "/usr/share/dotnet/packs/Microsoft.NETCore.App.Ref/8.0.23/ref/net8.0/System.Xml.XmlSerializer.dll".
             Reference found at search path location "{RawFileName}".
             This reference is not "CopyLocal" because at least one source item had "Private" set to "false" and no source items had "Private" set to "true".
             The ImageRuntimeVersion for this reference is "".
         Primary reference "System.Xml, Version=4.0.0.0, Culture=neutral, PublicKeyToken=b77a5c561934e089".
             Resolved file path is "/usr/share/dotnet/packs/Microsoft.NETCore.App.Ref/8.0.23/ref/net8.0/System.Xml.dll".
             Reference found at search path location "{RawFileName}".
             This reference is not "CopyLocal" because at least one source item had "Private" set to "false" and no source items had "Private" set to "true".
             The ImageRuntimeVersion for this reference is "".
         Primary reference "System, Version=4.0.0.0, Culture=neutral, PublicKeyToken=b77a5c561934e089".
             Resolved file path is "/usr/share/dotnet/packs/Microsoft.NETCore.App.Ref/8.0.23/ref/net8.0/System.dll".
             Reference found at search path location "{RawFileName}".
             This reference is not "CopyLocal" because at least one source item had "Private" set to "false" and no source items had "Private" set to "true".
             The ImageRuntimeVersion for this reference is "".
         Primary reference "WindowsBase, Version=4.0.0.0, Culture=neutral, PublicKeyToken=31bf3856ad364e35".
             Resolved file path is "/usr/share/dotnet/packs/Microsoft.NETCore.App.Ref/8.0.23/ref/net8.0/WindowsBase.dll".
             Reference found at search path location "{RawFileName}".
             This reference is not "CopyLocal" because at least one source item had "Private" set to "false" and no source items had "Private" set to "true".
             The ImageRuntimeVersion for this reference is "".
         Primary reference "mscorlib, Version=4.0.0.0, Culture=neutral, PublicKeyToken=b77a5c561934e089".
             Resolved file path is "/usr/share/dotnet/packs/Microsoft.NETCore.App.Ref/8.0.23/ref/net8.0/mscorlib.dll".
             Reference found at search path location "{RawFileName}".
             This reference is not "CopyLocal" because at least one source item had "Private" set to "false" and no source items had "Private" set to "true".
             The ImageRuntimeVersion for this reference is "".
         Primary reference "netstandard, Version=2.1.0.0, Culture=neutral, PublicKeyToken=cc7b13ffcd2ddd51".
             Resolved file path is "/usr/share/dotnet/packs/Microsoft.NETCore.App.Ref/8.0.23/ref/net8.0/netstandard.dll".
             Reference found at search path location "{RawFileName}".
             This reference is not "CopyLocal" because at least one source item had "Private" set to "false" and no source items had "Private" set to "true".
             The ImageRuntimeVersion for this reference is "".
       Done executing task "ResolveAssemblyReference".
   5:8>Done building target "ResolveAssemblyReferences" in project "TourManagement.Domain.csproj".
       Target "GenerateBindingRedirects" skipped, due to false condition; ('$(AutoGenerateBindingRedirects)' == 'true' and '$(GenerateBindingRedirectsOutputType)' == 'true' and '@(SuggestedBindingRedirects)' != '' and '$(DesignTimeBuild)' != 'true' and '$(BuildingProject)' == 'true') was evaluated as ('' == 'true' and '' == 'true' and '' != '' and '' != 'true' and 'true' == 'true').
       Target "GenerateSupportedRuntime" skipped, due to false condition; ('$(GenerateSupportedRuntime)' != 'false' and '$(TargetFrameworkIdentifier)' == '.NETFramework' and '$(HasRuntimeOutput)' == 'true') was evaluated as ('' != 'false' and '.NETCoreApp' == '.NETFramework' and '' == 'true').
       Target "GenerateBindingRedirectsUpdateAppConfig" skipped, due to false condition; ('$(AutoGenerateBindingRedirects)' == 'true' and '$(GenerateBindingRedirectsOutputType)' == 'true') was evaluated as ('' == 'true' and '' == 'true').
       Target "ResolveComReferences" skipped, due to false condition; ('@(COMReference)'!='' or '@(COMFileReference)'!='') was evaluated as (''!='' or ''!='').
   5:8>Target "AfterResolveReferences" in file "/usr/share/dotnet/sdk/8.0.417/Microsoft.Common.CurrentVersion.targets" from project "/modernize-data/studio-data/TNT1001/APP1166/transformed-code/344/studio-workspace/TMS22/src/TourManagement.Domain/TourManagement.Domain.csproj" (target "ResolveReferences" depends on it):
   5:8>Done building target "AfterResolveReferences" in project "TourManagement.Domain.csproj".
   5:8>Target "ResolveReferences" in file "/usr/share/dotnet/sdk/8.0.417/Microsoft.Common.CurrentVersion.targets" from project "/modernize-data/studio-data/TNT1001/APP1166/transformed-code/344/studio-workspace/TMS22/src/TourManagement.Domain/TourManagement.Domain.csproj" (target "_BlockWinMDsOnUnsupportedTFMs" depends on it):
   5:8>Done building target "ResolveReferences" in project "TourManagement.Domain.csproj".
   5:8>Target "_BlockWinMDsOnUnsupportedTFMs" in file "/usr/share/dotnet/sdk/8.0.417/Sdks/Microsoft.NET.Sdk/targets/Microsoft.NET.Sdk.targets" from project "/modernize-data/studio-data/TNT1001/APP1166/transformed-code/344/studio-workspace/TMS22/src/TourManagement.Domain/TourManagement.Domain.csproj" (target "CoreBuild" depends on it):
       Using "CheckForUnsupportedWinMDReferences" task from assembly "/usr/share/dotnet/sdk/8.0.417/Sdks/Microsoft.NET.Sdk/targets/../tools/net8.0/Microsoft.NET.Build.Tasks.dll".
       Task "CheckForUnsupportedWinMDReferences"
       Done executing task "CheckForUnsupportedWinMDReferences".
       Task "NETSdkError" skipped, due to false condition; ('$(OutputType)' == 'winmdobj') was evaluated as ('Library' == 'winmdobj').
   5:8>Done building target "_BlockWinMDsOnUnsupportedTFMs" in project "TourManagement.Domain.csproj".
       Target "ResolveReferences" skipped. Previously built successfully.
       Target "ResolvePackageDependenciesForBuild" skipped. Previously built successfully.
       Target "_HandlePackageFileConflicts" skipped. Previously built successfully.
   5:8>Target "CopyAdditionalFiles" in file "/usr/share/dotnet/sdk/8.0.417/Roslyn/Microsoft.Managed.Core.targets" from project "/modernize-data/studio-data/TNT1001/APP1166/transformed-code/344/studio-workspace/TMS22/src/TourManagement.Domain/TourManagement.Domain.csproj" (target "AssignTargetPaths" depends on it):
   5:8>Done building target "CopyAdditionalFiles" in project "TourManagement.Domain.csproj".
       Target "_ChooseAppHost" skipped, due to false condition; ('$(UseAppHost)' == 'true' and '$(_IsExecutable)' == 'true') was evaluated as ('' == 'true' and '' == 'true').
       Target "_GetComHostPaths" skipped, due to false condition; ('$(EnableComHosting)' == 'true' and '$(_IsExecutable)' != 'true') was evaluated as ('' == 'true' and '' != 'true').
       Target "_GetIjwHostPaths" skipped, due to false condition; ('$(UseIJWHost)' == 'true') was evaluated as ('' == 'true').
   5:8>Target "_ComputeNETCoreBuildOutputFiles" in file "/usr/share/dotnet/sdk/8.0.417/Sdks/Microsoft.NET.Sdk/targets/Microsoft.NET.Sdk.targets" from project "/modernize-data/studio-data/TNT1001/APP1166/transformed-code/344/studio-workspace/TMS22/src/TourManagement.Domain/TourManagement.Domain.csproj" (target "AssignTargetPaths" depends on it):
   5:8>Done building target "_ComputeNETCoreBuildOutputFiles" in project "TourManagement.Domain.csproj".
   5:8>Target "AssignTargetPaths" in file "/usr/share/dotnet/sdk/8.0.417/Microsoft.Common.CurrentVersion.targets" from project "/modernize-data/studio-data/TNT1001/APP1166/transformed-code/344/studio-workspace/TMS22/src/TourManagement.Domain/TourManagement.Domain.csproj" (target "PrepareResourceNames" depends on it):
       Using "AssignTargetPath" task from assembly "Microsoft.Build.Tasks.Core, Version=15.1.0.0, Culture=neutral, PublicKeyToken=b03f5f7f11d50a3a".
       Task "AssignTargetPath"
       Done executing task "AssignTargetPath".
       Task "AssignTargetPath"
       Done executing task "AssignTargetPath".
       Task "AssignTargetPath"
       Done executing task "AssignTargetPath".
       Task "AssignTargetPath"
       Done executing task "AssignTargetPath".
       Task "AssignTargetPath" skipped, due to false condition; ('@(_DeploymentBaseManifestWithTargetPath)'=='' and '%(None.Extension)'=='.manifest') was evaluated as (''=='' and ''=='.manifest').
   5:8>Done building target "AssignTargetPaths" in project "TourManagement.Domain.csproj".
       Target "AssignTargetPaths" skipped. Previously built successfully.
   5:8>Target "SplitResourcesByCulture" in file "/usr/share/dotnet/sdk/8.0.417/Microsoft.Common.CurrentVersion.targets" from project "/modernize-data/studio-data/TNT1001/APP1166/transformed-code/344/studio-workspace/TMS22/src/TourManagement.Domain/TourManagement.Domain.csproj" (target "PrepareResourceNames" depends on it):
       Task "Warning" skipped, due to false condition; ('@(ResxWithNoCulture)'!='') was evaluated as (''!='').
       Task "Warning" skipped, due to false condition; ('@(ResxWithCulture)'!='') was evaluated as (''!='').
       Task "Warning" skipped, due to false condition; ('@(NonResxWithCulture)'!='') was evaluated as (''!='').
       Task "Warning" skipped, due to false condition; ('@(NonResxWithNoCulture)'!='') was evaluated as (''!='').
       Using "AssignCulture" task from assembly "Microsoft.Build.Tasks.Core, Version=15.1.0.0, Culture=neutral, PublicKeyToken=b03f5f7f11d50a3a".
       Task "AssignCulture"
       Done executing task "AssignCulture".
   5:8>Done building target "SplitResourcesByCulture" in project "TourManagement.Domain.csproj".
       Target "CreateManifestResourceNames" skipped, due to false condition; ('@(EmbeddedResource)' != '') was evaluated as ('' != '').
   5:8>Target "CreateCustomManifestResourceNames" in file "/usr/share/dotnet/sdk/8.0.417/Microsoft.Common.CurrentVersion.targets" from project "/modernize-data/studio-data/TNT1001/APP1166/transformed-code/344/studio-workspace/TMS22/src/TourManagement.Domain/TourManagement.Domain.csproj" (target "PrepareResourceNames" depends on it):
   5:8>Done building target "CreateCustomManifestResourceNames" in project "TourManagement.Domain.csproj".
   5:8>Target "PrepareResourceNames" in file "/usr/share/dotnet/sdk/8.0.417/Microsoft.Common.CurrentVersion.targets" from project "/modernize-data/studio-data/TNT1001/APP1166/transformed-code/344/studio-workspace/TMS22/src/TourManagement.Domain/TourManagement.Domain.csproj" (target "PrepareResources" depends on it):
   5:8>Done building target "PrepareResourceNames" in project "TourManagement.Domain.csproj".
       Target "ResolveAssemblyReferences" skipped. Previously built successfully.
       Target "SplitResourcesByCulture" skipped. Previously built successfully.
   5:8>Target "BeforeResGen" in file "/usr/share/dotnet/sdk/8.0.417/Microsoft.Common.CurrentVersion.targets" from project "/modernize-data/studio-data/TNT1001/APP1166/transformed-code/344/studio-workspace/TMS22/src/TourManagement.Domain/TourManagement.Domain.csproj" (target "ResGen" depends on it):
   5:8>Done building target "BeforeResGen" in project "TourManagement.Domain.csproj".
       Target "ResolveReferences" skipped. Previously built successfully.
   5:8>Target "FindReferenceAssembliesForReferences" in file "/usr/share/dotnet/sdk/8.0.417/Microsoft.Common.CurrentVersion.targets" from project "/modernize-data/studio-data/TNT1001/APP1166/transformed-code/344/studio-workspace/TMS22/src/TourManagement.Domain/TourManagement.Domain.csproj" (target "CoreResGen" depends on it):
   5:8>Done building target "FindReferenceAssembliesForReferences" in project "TourManagement.Domain.csproj".
   5:8>Target "CoreResGen" in file "/usr/share/dotnet/sdk/8.0.417/Microsoft.Common.CurrentVersion.targets" from project "/modernize-data/studio-data/TNT1001/APP1166/transformed-code/344/studio-workspace/TMS22/src/TourManagement.Domain/TourManagement.Domain.csproj" (target "ResGen" depends on it):
       Task "GenerateResource" skipped, due to false condition; ('%(EmbeddedResource.Type)' == 'Resx' and '%(EmbeddedResource.GenerateResource)' != 'false' and '$(GenerateResourceMSBuildRuntime)' != 'CLR2') was evaluated as ('' == 'Resx' and '' != 'false' and 'CurrentRuntime' != 'CLR2').
       Task "GenerateResource" skipped, due to false condition; ('%(EmbeddedResource.Type)' == 'Resx' and '%(EmbeddedResource.GenerateResource)' != 'false' and '$(GenerateResourceMSBuildRuntime)' == 'CLR2') was evaluated as ('' == 'Resx' and '' != 'false' and 'CurrentRuntime' == 'CLR2').
   5:8>Done building target "CoreResGen" in project "TourManagement.Domain.csproj".
   5:8>Target "AfterResGen" in file "/usr/share/dotnet/sdk/8.0.417/Microsoft.Common.CurrentVersion.targets" from project "/modernize-data/studio-data/TNT1001/APP1166/transformed-code/344/studio-workspace/TMS22/src/TourManagement.Domain/TourManagement.Domain.csproj" (target "ResGen" depends on it):
   5:8>Done building target "AfterResGen" in project "TourManagement.Domain.csproj".
   5:8>Target "ResGen" in file "/usr/share/dotnet/sdk/8.0.417/Microsoft.Common.CurrentVersion.targets" from project "/modernize-data/studio-data/TNT1001/APP1166/transformed-code/344/studio-workspace/TMS22/src/TourManagement.Domain/TourManagement.Domain.csproj" (target "PrepareResources" depends on it):
   5:8>Done building target "ResGen" in project "TourManagement.Domain.csproj".
       Target "CompileLicxFiles" skipped, due to false condition; ('@(_LicxFile)'!='') was evaluated as (''!='').
   5:8>Target "PrepareResources" in file "/usr/share/dotnet/sdk/8.0.417/Microsoft.Common.CurrentVersion.targets" from project "/modernize-data/studio-data/TNT1001/APP1166/transformed-code/344/studio-workspace/TMS22/src/TourManagement.Domain/TourManagement.Domain.csproj" (target "CoreBuild" depends on it):
   5:8>Done building target "PrepareResources" in project "TourManagement.Domain.csproj".
       Target "ResolveKeySource" skipped, due to false condition; ($(SignManifests) == 'true' or $(SignAssembly) == 'true') was evaluated as ( == 'true' or false == 'true').
       Target "ResolveReferences" skipped. Previously built successfully.
       Target "ResolveKeySource" skipped, due to false condition; ($(SignManifests) == 'true' or $(SignAssembly) == 'true') was evaluated as ( == 'true' or false == 'true').
       Target "ResolveComReferences" skipped, due to false condition; ('@(COMReference)'!='' or '@(COMFileReference)'!='') was evaluated as (''!='' or ''!='').
       Target "ResolveNativeReferences" skipped, due to false condition; ('@(NativeReference)'!='') was evaluated as (''!='').
       Target "_SetExternalWin32ManifestProperties" skipped, due to false condition; ('$(GenerateClickOnceManifests)'=='true' or '@(NativeReference)'!='' or '@(ResolvedIsolatedComModules)'!='') was evaluated as (''=='true' or ''!='' or ''!='').
   5:8>Target "_SetEmbeddedWin32ManifestProperties" in file "/usr/share/dotnet/sdk/8.0.417/Microsoft.Common.CurrentVersion.targets" from project "/modernize-data/studio-data/TNT1001/APP1166/transformed-code/344/studio-workspace/TMS22/src/TourManagement.Domain/TourManagement.Domain.csproj" (target "SetWin32ManifestProperties" depends on it):
       Using "GetFrameworkPath" task from assembly "Microsoft.Build.Tasks.Core, Version=15.1.0.0, Culture=neutral, PublicKeyToken=b03f5f7f11d50a3a".
       Task "GetFrameworkPath"
       Done executing task "GetFrameworkPath".
   5:8>Done building target "_SetEmbeddedWin32ManifestProperties" in project "TourManagement.Domain.csproj".
   5:8>Target "SetWin32ManifestProperties" in file "/usr/share/dotnet/sdk/8.0.417/Microsoft.Common.CurrentVersion.targets" from project "/modernize-data/studio-data/TNT1001/APP1166/transformed-code/344/studio-workspace/TMS22/src/TourManagement.Domain/TourManagement.Domain.csproj" (target "Compile" depends on it):
   5:8>Done building target "SetWin32ManifestProperties" in project "TourManagement.Domain.csproj".
       Target "_SetPreferNativeArm64Win32ManifestProperties" skipped, due to false condition; ( '$(PreferNativeArm64)'=='true' and '$(NoWin32Manifest)'!='true') was evaluated as ( ''=='true' and ''!='true').
       Target "FindReferenceAssembliesForReferences" skipped. Previously built successfully.
   5:8>Target "_GenerateCompileInputs" in file "/usr/share/dotnet/sdk/8.0.417/Microsoft.Common.CurrentVersion.targets" from project "/modernize-data/studio-data/TNT1001/APP1166/transformed-code/344/studio-workspace/TMS22/src/TourManagement.Domain/TourManagement.Domain.csproj" (target "Compile" depends on it):
       Task "Warning" skipped, due to false condition; ('@(ManifestResourceWithNoCulture)'!='' and '%(ManifestResourceWithNoCulture.EmittedForCompatibilityOnly)'=='') was evaluated as (''!='' and ''=='').
       Task "Warning" skipped, due to false condition; ('@(ManifestNonResxWithNoCultureOnDisk)'!='' and '%(ManifestNonResxWithNoCultureOnDisk.EmittedForCompatibilityOnly)'=='') was evaluated as (''!='' and ''=='').
   5:8>Done building target "_GenerateCompileInputs" in project "TourManagement.Domain.csproj".
       Target "PrepareForBuild" skipped. Previously built successfully.
   5:8>Target "GenerateMSBuildEditorConfigFileShouldRun" in file "/usr/share/dotnet/sdk/8.0.417/Roslyn/Microsoft.Managed.Core.targets" from project "/modernize-data/studio-data/TNT1001/APP1166/transformed-code/344/studio-workspace/TMS22/src/TourManagement.Domain/TourManagement.Domain.csproj" (target "GenerateMSBuildEditorConfigFile" depends on it):
   5:8>Done building target "GenerateMSBuildEditorConfigFileShouldRun" in project "TourManagement.Domain.csproj".
   5:8>Target "GenerateMSBuildEditorConfigFileCore" in file "/usr/share/dotnet/sdk/8.0.417/Roslyn/Microsoft.Managed.Core.targets" from project "/modernize-data/studio-data/TNT1001/APP1166/transformed-code/344/studio-workspace/TMS22/src/TourManagement.Domain/TourManagement.Domain.csproj" (target "GenerateMSBuildEditorConfigFile" depends on it):
       Building target "GenerateMSBuildEditorConfigFileCore" completely.
       No input files were specified.
       Using "GenerateMSBuildEditorConfig" task from assembly "/usr/share/dotnet/sdk/8.0.417/Roslyn/Microsoft.Build.Tasks.CodeAnalysis.dll".
       Task "GenerateMSBuildEditorConfig"
       Done executing task "GenerateMSBuildEditorConfig".
   5:8>Done building target "GenerateMSBuildEditorConfigFileCore" in project "TourManagement.Domain.csproj".
   5:8>Target "GenerateMSBuildEditorConfigFile" in file "/usr/share/dotnet/sdk/8.0.417/Roslyn/Microsoft.Managed.Core.targets" from project "/modernize-data/studio-data/TNT1001/APP1166/transformed-code/344/studio-workspace/TMS22/src/TourManagement.Domain/TourManagement.Domain.csproj" (target "BeforeCompile" depends on it):
   5:8>Done building target "GenerateMSBuildEditorConfigFile" in project "TourManagement.Domain.csproj".
       Target "PrepareForBuild" skipped. Previously built successfully.
       Target "GetReferenceAssemblyPaths" skipped. Previously built successfully.
   5:8>Target "_SetTargetFrameworkMonikerAttribute" in file "/usr/share/dotnet/sdk/8.0.417/Microsoft.CSharp.CurrentVersion.targets" from project "/modernize-data/studio-data/TNT1001/APP1166/transformed-code/344/studio-workspace/TMS22/src/TourManagement.Domain/TourManagement.Domain.csproj" (target "GenerateTargetFrameworkMonikerAttribute" depends on it):
   5:8>Done building target "_SetTargetFrameworkMonikerAttribute" in project "TourManagement.Domain.csproj".
   5:8>Target "GenerateTargetFrameworkMonikerAttribute" in file "/usr/share/dotnet/sdk/8.0.417/Microsoft.Common.CurrentVersion.targets" from project "/modernize-data/studio-data/TNT1001/APP1166/transformed-code/344/studio-workspace/TMS22/src/TourManagement.Domain/TourManagement.Domain.csproj" (target "BeforeCompile" depends on it):
       Skipping target "GenerateTargetFrameworkMonikerAttribute" because all output files are up-to-date with respect to the input files.
       Input files: /usr/share/dotnet/sdk/8.0.417/Microsoft.Common.targets
       Output files: obj/Debug/net8.0/.NETCoreApp,Version=v8.0.AssemblyAttributes.cs
   5:8>Done building target "GenerateTargetFrameworkMonikerAttribute" in project "TourManagement.Domain.csproj".
       Target "GenerateAdditionalSources" skipped, due to false condition; ('@(AssemblyAttributes)' != '' and '$(GenerateAdditionalSources)' == 'true') was evaluated as ('' != '' and '' == 'true').
       Target "PrepareForBuild" skipped. Previously built successfully.
   5:8>Target "GetAssemblyVersion" in file "/usr/share/dotnet/sdk/8.0.417/Sdks/Microsoft.NET.Sdk/targets/Microsoft.NET.GenerateAssemblyInfo.targets" from project "/modernize-data/studio-data/TNT1001/APP1166/transformed-code/344/studio-workspace/TMS22/src/TourManagement.Domain/TourManagement.Domain.csproj" (target "GetAssemblyAttributes" depends on it):
       Using "GetAssemblyVersion" task from assembly "/usr/share/dotnet/sdk/8.0.417/Sdks/Microsoft.NET.Sdk/targets/../tools/net8.0/Microsoft.NET.Build.Tasks.dll".
       Task "GetAssemblyVersion"
       Done executing task "GetAssemblyVersion".
   5:8>Done building target "GetAssemblyVersion" in project "TourManagement.Domain.csproj".
       Target "GetAssemblyVersion" skipped. Previously built successfully.
   5:8>Target "InitializeSourceControlInformationFromSourceControlManager" in file "/usr/share/dotnet/sdk/8.0.417/Sdks/Microsoft.Build.Tasks.Git/build/Microsoft.Build.Tasks.Git.targets" from project "/modernize-data/studio-data/TNT1001/APP1166/transformed-code/344/studio-workspace/TMS22/src/TourManagement.Domain/TourManagement.Domain.csproj" (target "_InitializeSourceControlInformationFromSourceControlManager" depends on it):
       Using "Microsoft.Build.Tasks.Git.LocateRepository" task from assembly "/usr/share/dotnet/sdk/8.0.417/Sdks/Microsoft.Build.Tasks.Git/build/../tools/core/Microsoft.Build.Tasks.Git.dll".
       Task "Microsoft.Build.Tasks.Git.LocateRepository"
         SourceLink: Repository instance not found in cache: '*:/modernize-data/studio-data/TNT1001/APP1166/transformed-code/344/studio-workspace/TMS22/.git'
       Done executing task "Microsoft.Build.Tasks.Git.LocateRepository".
   5:8>Done building target "InitializeSourceControlInformationFromSourceControlManager" in project "TourManagement.Domain.csproj".
   5:8>Target "_SourceLinkHasSingleProvider" in file "/usr/share/dotnet/sdk/8.0.417/Sdks/Microsoft.SourceLink.Common/build/InitializeSourceControlInformation.targets" from project "/modernize-data/studio-data/TNT1001/APP1166/transformed-code/344/studio-workspace/TMS22/src/TourManagement.Domain/TourManagement.Domain.csproj" (target "_InitializeSourceControlInformationFromSourceControlManager" depends on it):
       Assembly loaded during TaskRun: Microsoft.SourceLink.Common, Version=8.0.9.11501, Culture=neutral, PublicKeyToken=31bf3856ad364e35 (location: /usr/share/dotnet/sdk/8.0.417/Sdks/Microsoft.SourceLink.Common/tools/core/Microsoft.SourceLink.Common.dll, MVID: d5b96578-81ec-438f-8487-2f5405206516, AssemblyLoadContext: MSBuild plugin /usr/share/dotnet/sdk/8.0.417/Sdks/Microsoft.SourceLink.Common/tools/core/Microsoft.SourceLink.Common.dll)
       Using "Microsoft.SourceLink.Common.SourceLinkHasSingleProvider" task from assembly "/usr/share/dotnet/sdk/8.0.417/Sdks/Microsoft.SourceLink.Common/build/../tools/core/Microsoft.SourceLink.Common.dll".
       Task "Microsoft.SourceLink.Common.SourceLinkHasSingleProvider"
       Done executing task "Microsoft.SourceLink.Common.SourceLinkHasSingleProvider".
   5:8>Done building target "_SourceLinkHasSingleProvider" in project "TourManagement.Domain.csproj".
   5:8>Target "TranslateGitHubUrlsInSourceControlInformation" in file "/usr/share/dotnet/sdk/8.0.417/Sdks/Microsoft.SourceLink.GitHub/build/Microsoft.SourceLink.GitHub.targets" from project "/modernize-data/studio-data/TNT1001/APP1166/transformed-code/344/studio-workspace/TMS22/src/TourManagement.Domain/TourManagement.Domain.csproj" (target "_InitializeSourceControlInformationFromSourceControlManager" depends on it):
       Assembly loaded during TaskRun: Microsoft.SourceLink.GitHub, Version=8.0.9.11501, Culture=neutral, PublicKeyToken=31bf3856ad364e35 (location: /usr/share/dotnet/sdk/8.0.417/Sdks/Microsoft.SourceLink.GitHub/tools/core/Microsoft.SourceLink.GitHub.dll, MVID: 1fbac130-3a2a-4cf4-9c60-b0ae73333681, AssemblyLoadContext: MSBuild plugin /usr/share/dotnet/sdk/8.0.417/Sdks/Microsoft.SourceLink.GitHub/tools/core/Microsoft.SourceLink.GitHub.dll)
       Using "Microsoft.SourceLink.GitHub.TranslateRepositoryUrls" task from assembly "/usr/share/dotnet/sdk/8.0.417/Sdks/Microsoft.SourceLink.GitHub/build/../tools/core/Microsoft.SourceLink.GitHub.dll".
       Task "Microsoft.SourceLink.GitHub.TranslateRepositoryUrls"
       Done executing task "Microsoft.SourceLink.GitHub.TranslateRepositoryUrls".
   5:8>Done building target "TranslateGitHubUrlsInSourceControlInformation" in project "TourManagement.Domain.csproj".
   5:8>Target "TranslateGitLabUrlsInSourceControlInformation" in file "/usr/share/dotnet/sdk/8.0.417/Sdks/Microsoft.SourceLink.GitLab/build/Microsoft.SourceLink.GitLab.targets" from project "/modernize-data/studio-data/TNT1001/APP1166/transformed-code/344/studio-workspace/TMS22/src/TourManagement.Domain/TourManagement.Domain.csproj" (target "_InitializeSourceControlInformationFromSourceControlManager" depends on it):
       Assembly loaded during TaskRun: Microsoft.SourceLink.GitLab, Version=8.0.9.11501, Culture=neutral, PublicKeyToken=31bf3856ad364e35 (location: /usr/share/dotnet/sdk/8.0.417/Sdks/Microsoft.SourceLink.GitLab/tools/core/Microsoft.SourceLink.GitLab.dll, MVID: 6b003cb9-36ef-4a5a-83ae-cc8fa7fbcb67, AssemblyLoadContext: MSBuild plugin /usr/share/dotnet/sdk/8.0.417/Sdks/Microsoft.SourceLink.GitLab/tools/core/Microsoft.SourceLink.GitLab.dll)
       Using "Microsoft.SourceLink.GitLab.TranslateRepositoryUrls" task from assembly "/usr/share/dotnet/sdk/8.0.417/Sdks/Microsoft.SourceLink.GitLab/build/../tools/core/Microsoft.SourceLink.GitLab.dll".
       Task "Microsoft.SourceLink.GitLab.TranslateRepositoryUrls"
       Done executing task "Microsoft.SourceLink.GitLab.TranslateRepositoryUrls".
   5:8>Done building target "TranslateGitLabUrlsInSourceControlInformation" in project "TourManagement.Domain.csproj".
   5:8>Target "TranslateAzureReposGitUrlsInSourceControlInformation" in file "/usr/share/dotnet/sdk/8.0.417/Sdks/Microsoft.SourceLink.AzureRepos.Git/build/Microsoft.SourceLink.AzureRepos.Git.targets" from project "/modernize-data/studio-data/TNT1001/APP1166/transformed-code/344/studio-workspace/TMS22/src/TourManagement.Domain/TourManagement.Domain.csproj" (target "_InitializeSourceControlInformationFromSourceControlManager" depends on it):
       Assembly loaded during TaskRun: Microsoft.SourceLink.AzureRepos.Git, Version=8.0.9.11501, Culture=neutral, PublicKeyToken=31bf3856ad364e35 (location: /usr/share/dotnet/sdk/8.0.417/Sdks/Microsoft.SourceLink.AzureRepos.Git/tools/core/Microsoft.SourceLink.AzureRepos.Git.dll, MVID: 3a082d27-0e6b-4d51-92ea-8eaf3fc3120f, AssemblyLoadContext: MSBuild plugin /usr/share/dotnet/sdk/8.0.417/Sdks/Microsoft.SourceLink.AzureRepos.Git/tools/core/Microsoft.SourceLink.AzureRepos.Git.dll)
       Using "Microsoft.SourceLink.AzureRepos.Git.TranslateRepositoryUrls" task from assembly "/usr/share/dotnet/sdk/8.0.417/Sdks/Microsoft.SourceLink.AzureRepos.Git/build/../tools/core/Microsoft.SourceLink.AzureRepos.Git.dll".
       Task "Microsoft.SourceLink.AzureRepos.Git.TranslateRepositoryUrls"
       Done executing task "Microsoft.SourceLink.AzureRepos.Git.TranslateRepositoryUrls".
   5:8>Done building target "TranslateAzureReposGitUrlsInSourceControlInformation" in project "TourManagement.Domain.csproj".
   5:8>Target "TranslateBitbucketGitUrlsInSourceControlInformation" in file "/usr/share/dotnet/sdk/8.0.417/Sdks/Microsoft.SourceLink.Bitbucket.Git/build/Microsoft.SourceLink.Bitbucket.Git.targets" from project "/modernize-data/studio-data/TNT1001/APP1166/transformed-code/344/studio-workspace/TMS22/src/TourManagement.Domain/TourManagement.Domain.csproj" (target "_InitializeSourceControlInformationFromSourceControlManager" depends on it):
       Assembly loaded during TaskRun: Microsoft.SourceLink.Bitbucket.Git, Version=8.0.9.11501, Culture=neutral, PublicKeyToken=31bf3856ad364e35 (location: /usr/share/dotnet/sdk/8.0.417/Sdks/Microsoft.SourceLink.Bitbucket.Git/tools/core/Microsoft.SourceLink.Bitbucket.Git.dll, MVID: 3994e8b0-7ae9-409e-bc2b-53baef289161, AssemblyLoadContext: MSBuild plugin /usr/share/dotnet/sdk/8.0.417/Sdks/Microsoft.SourceLink.Bitbucket.Git/tools/core/Microsoft.SourceLink.Bitbucket.Git.dll)
       Using "Microsoft.SourceLink.Bitbucket.Git.TranslateRepositoryUrls" task from assembly "/usr/share/dotnet/sdk/8.0.417/Sdks/Microsoft.SourceLink.Bitbucket.Git/build/../tools/core/Microsoft.SourceLink.Bitbucket.Git.dll".
       Task "Microsoft.SourceLink.Bitbucket.Git.TranslateRepositoryUrls"
       Done executing task "Microsoft.SourceLink.Bitbucket.Git.TranslateRepositoryUrls".
   5:8>Done building target "TranslateBitbucketGitUrlsInSourceControlInformation" in project "TourManagement.Domain.csproj".
   5:8>Target "SourceControlManagerPublishTranslatedUrls" in file "/usr/share/dotnet/sdk/8.0.417/Sdks/Microsoft.SourceLink.Common/build/InitializeSourceControlInformation.targets" from project "/modernize-data/studio-data/TNT1001/APP1166/transformed-code/344/studio-workspace/TMS22/src/TourManagement.Domain/TourManagement.Domain.csproj" (target "_InitializeSourceControlInformationFromSourceControlManager" depends on it):
   5:8>Done building target "SourceControlManagerPublishTranslatedUrls" in project "TourManagement.Domain.csproj".
   5:8>Target "_InitializeSourceControlInformationFromSourceControlManager" in file "/usr/share/dotnet/sdk/8.0.417/Sdks/Microsoft.SourceLink.Common/build/InitializeSourceControlInformation.targets" from project "/modernize-data/studio-data/TNT1001/APP1166/transformed-code/344/studio-workspace/TMS22/src/TourManagement.Domain/TourManagement.Domain.csproj" (target "InitializeSourceControlInformation" depends on it):
   5:8>Done building target "_InitializeSourceControlInformationFromSourceControlManager" in project "TourManagement.Domain.csproj".
   5:8>Target "InitializeSourceControlInformation" in file "/usr/share/dotnet/sdk/8.0.417/Microsoft.Common.CurrentVersion.targets" from project "/modernize-data/studio-data/TNT1001/APP1166/transformed-code/344/studio-workspace/TMS22/src/TourManagement.Domain/TourManagement.Domain.csproj" (target "AddSourceRevisionToInformationalVersion" depends on it):
   5:8>Done building target "InitializeSourceControlInformation" in project "TourManagement.Domain.csproj".
   5:8>Target "AddSourceRevisionToInformationalVersion" in file "/usr/share/dotnet/sdk/8.0.417/Sdks/Microsoft.NET.Sdk/targets/Microsoft.NET.GenerateAssemblyInfo.targets" from project "/modernize-data/studio-data/TNT1001/APP1166/transformed-code/344/studio-workspace/TMS22/src/TourManagement.Domain/TourManagement.Domain.csproj" (target "GetAssemblyAttributes" depends on it):
   5:8>Done building target "AddSourceRevisionToInformationalVersion" in project "TourManagement.Domain.csproj".
       Target "_GetUserSecretsAssemblyAttribute" skipped, due to false condition; ( '$(UserSecretsId)' != '' AND '$(GenerateUserSecretsAttribute)' != 'false' AND '$(GeneratedUserSecretsAttributeFile)' == '' ) was evaluated as ( '' != '' AND '' != 'false' AND '' == '' ).
   5:8>Target "GetAssemblyAttributes" in file "/usr/share/dotnet/sdk/8.0.417/Sdks/Microsoft.NET.Sdk/targets/Microsoft.NET.GenerateAssemblyInfo.targets" from project "/modernize-data/studio-data/TNT1001/APP1166/transformed-code/344/studio-workspace/TMS22/src/TourManagement.Domain/TourManagement.Domain.csproj" (target "CreateGeneratedAssemblyInfoInputsCacheFile" depends on it):
   5:8>Done building target "GetAssemblyAttributes" in project "TourManagement.Domain.csproj".
   5:8>Target "CreateGeneratedAssemblyInfoInputsCacheFile" in file "/usr/share/dotnet/sdk/8.0.417/Sdks/Microsoft.NET.Sdk/targets/Microsoft.NET.GenerateAssemblyInfo.targets" from project "/modernize-data/studio-data/TNT1001/APP1166/transformed-code/344/studio-workspace/TMS22/src/TourManagement.Domain/TourManagement.Domain.csproj" (target "CoreGenerateAssemblyInfo" depends on it):
       Using "Hash" task from assembly "Microsoft.Build.Tasks.Core, Version=15.1.0.0, Culture=neutral, PublicKeyToken=b03f5f7f11d50a3a".
       Task "Hash"
       Done executing task "Hash".
       Task "WriteLinesToFile"
       Done executing task "WriteLinesToFile".
   5:8>Done building target "CreateGeneratedAssemblyInfoInputsCacheFile" in project "TourManagement.Domain.csproj".
   5:8>Target "CoreGenerateAssemblyInfo" in file "/usr/share/dotnet/sdk/8.0.417/Sdks/Microsoft.NET.Sdk/targets/Microsoft.NET.GenerateAssemblyInfo.targets" from project "/modernize-data/studio-data/TNT1001/APP1166/transformed-code/344/studio-workspace/TMS22/src/TourManagement.Domain/TourManagement.Domain.csproj" (target "GenerateAssemblyInfo" depends on it):
       Building target "CoreGenerateAssemblyInfo" completely.
       Output file "obj/Debug/net8.0/TourManagement.Domain.AssemblyInfo.cs" does not exist.
       Using "WriteCodeFragment" task from assembly "Microsoft.Build.Tasks.Core, Version=15.1.0.0, Culture=neutral, PublicKeyToken=b03f5f7f11d50a3a".
       Task "WriteCodeFragment"
         Emitted specified code into "obj/Debug/net8.0/TourManagement.Domain.AssemblyInfo.cs".
       Done executing task "WriteCodeFragment".
   5:8>Done building target "CoreGenerateAssemblyInfo" in project "TourManagement.Domain.csproj".
   5:8>Target "GenerateAssemblyInfo" in file "/usr/share/dotnet/sdk/8.0.417/Sdks/Microsoft.NET.Sdk/targets/Microsoft.NET.GenerateAssemblyInfo.targets" from project "/modernize-data/studio-data/TNT1001/APP1166/transformed-code/344/studio-workspace/TMS22/src/TourManagement.Domain/TourManagement.Domain.csproj" (target "BeforeCompile" depends on it):
   5:8>Done building target "GenerateAssemblyInfo" in project "TourManagement.Domain.csproj".
   5:8>Target "BeforeCompile" in file "/usr/share/dotnet/sdk/8.0.417/Microsoft.Common.CurrentVersion.targets" from project "/modernize-data/studio-data/TNT1001/APP1166/transformed-code/344/studio-workspace/TMS22/src/TourManagement.Domain/TourManagement.Domain.csproj" (target "Compile" depends on it):
   5:8>Done building target "BeforeCompile" in project "TourManagement.Domain.csproj".
       Target "_TimeStampBeforeCompile" skipped, due to false condition; ('$(RunPostBuildEvent)'=='OnOutputUpdated' or ('$(RegisterForComInterop)'=='true' and '$(OutputType)'=='library')) was evaluated as (''=='OnOutputUpdated' or (''=='true' and 'Library'=='library')).
       Target "ResolveAssemblyReferences" skipped. Previously built successfully.
   5:8>Target "_GenerateCompileDependencyCache" in file "/usr/share/dotnet/sdk/8.0.417/Microsoft.Common.CurrentVersion.targets" from project "/modernize-data/studio-data/TNT1001/APP1166/transformed-code/344/studio-workspace/TMS22/src/TourManagement.Domain/TourManagement.Domain.csproj" (target "Compile" depends on it):
       Task "Hash"
       Done executing task "Hash".
       Task "WriteLinesToFile"
       Done executing task "WriteLinesToFile".
   5:8>Done building target "_GenerateCompileDependencyCache" in project "TourManagement.Domain.csproj".
       Target "_ComputeNonExistentFileProperty" skipped, due to false condition; (('$(BuildingInsideVisualStudio)' == 'true') and ('$(BuildingOutOfProcess)' != 'true') and (('$(BuildingProject)' == 'false') or ('$(UseHostCompilerIfAvailable)' == 'true'))) was evaluated as (('' == 'true') and ('' != 'true') and (('true' == 'false') or ('true' == 'true'))).
       Target "ResolveCodeAnalysisRuleSet" skipped, due to false condition; ('$(CodeAnalysisRuleSet)' != '') was evaluated as ('' != '').
       Target "ShimReferencePathsWhenCommonTargetsDoesNotUnderstandReferenceAssemblies" skipped, due to false condition; ('@(ReferencePathWithRefAssemblies)' == '') was evaluated as ('/usr/share/dotnet/packs/Microsoft.NETCore.App.Ref/8.0.23/ref/net8.0/Microsoft.CSharp.dll;/usr/share/dotnet/packs/Microsoft.NETCore.App.Ref/8.0.23/ref/net8.0/Microsoft.VisualBasic.Core.dll;/usr/share/dotnet/packs/Microsoft.NETCore.App.Ref/8.0.23/ref/net8.0/Microsoft.VisualBasic.dll;...' == '').
   5:8>Target "_BeforeVBCSCoreCompile" in file "/usr/share/dotnet/sdk/8.0.417/Roslyn/Microsoft.Managed.Core.targets" from project "/modernize-data/studio-data/TNT1001/APP1166/transformed-code/344/studio-workspace/TMS22/src/TourManagement.Domain/TourManagement.Domain.csproj" (target "CoreCompile" depends on it):
   5:8>Done building target "_BeforeVBCSCoreCompile" in project "TourManagement.Domain.csproj".
       Target "AdjustDefaultPlatformTargetForNetFrameworkExeWithNoNativeCopyLocalItems" skipped, due to false condition; ('$(_UsingDefaultPlatformTarget)' == 'true' and
                            '$(_UsingDefaultRuntimeIdentifier)' == 'true') was evaluated as ('true' == 'true' and
                            '' == 'true').
       Target "_DisableDiagnosticTracing" skipped, due to false condition; ('$(DisableDiagnosticTracing)' == 'true') was evaluated as ('' == 'true').
       Target "GenerateTargetPlatformDefineConstants" skipped, due to false condition; ( '$(DisableImplicitFrameworkDefines)' != 'true' and '$(TargetPlatformIdentifier)' != '' and '$(TargetFrameworkIdentifier)' == '.NETCoreApp' and $([MSBuild]::VersionGreaterThanOrEquals($(TargetFrameworkVersion), 5.0)) ) was evaluated as ( '' != 'true' and '' != '' and '.NETCoreApp' == '.NETCoreApp' and True ).
   5:8>Target "GenerateNETCompatibleDefineConstants" in file "/usr/share/dotnet/sdk/8.0.417/Sdks/Microsoft.NET.Sdk/targets/Microsoft.NET.Sdk.BeforeCommon.targets" from project "/modernize-data/studio-data/TNT1001/APP1166/transformed-code/344/studio-workspace/TMS22/src/TourManagement.Domain/TourManagement.Domain.csproj" (target "AddImplicitDefineConstants" depends on it):
   5:8>Done building target "GenerateNETCompatibleDefineConstants" in project "TourManagement.Domain.csproj".
       Target "GeneratePlatformCompatibleDefineConstants" skipped, due to false condition; ( '$(DisableImplicitFrameworkDefines)' != 'true' and '$(TargetPlatformIdentifier)' != '' and '$(TargetFrameworkIdentifier)' == '.NETCoreApp' and $([MSBuild]::VersionGreaterThanOrEquals($(TargetFrameworkVersion), 5.0)) ) was evaluated as ( '' != 'true' and '' != '' and '.NETCoreApp' == '.NETCoreApp' and True ).
       Target "_DisableDiagnosticTracing" skipped, due to false condition; ('$(DisableDiagnosticTracing)' == 'true') was evaluated as ('' == 'true').
   5:8>Target "AddImplicitDefineConstants" in file "/usr/share/dotnet/sdk/8.0.417/Sdks/Microsoft.NET.Sdk/targets/Microsoft.NET.Sdk.BeforeCommon.targets" from project "/modernize-data/studio-data/TNT1001/APP1166/transformed-code/344/studio-workspace/TMS22/src/TourManagement.Domain/TourManagement.Domain.csproj" (target "CoreCompile" depends on it):
   5:8>Done building target "AddImplicitDefineConstants" in project "TourManagement.Domain.csproj".
       Target "ShimReferencePathsWhenCommonTargetsDoesNotUnderstandReferenceAssemblies" skipped, due to false condition; ('@(ReferencePathWithRefAssemblies)' == '') was evaluated as ('/usr/share/dotnet/packs/Microsoft.NETCore.App.Ref/8.0.23/ref/net8.0/Microsoft.CSharp.dll;/usr/share/dotnet/packs/Microsoft.NETCore.App.Ref/8.0.23/ref/net8.0/Microsoft.VisualBasic.Core.dll;/usr/share/dotnet/packs/Microsoft.NETCore.App.Ref/8.0.23/ref/net8.0/Microsoft.VisualBasic.dll;...' == '').
   5:8>Target "_ComputeSkipAnalyzers" in file "/usr/share/dotnet/sdk/8.0.417/Roslyn/Microsoft.Managed.Core.targets" from project "/modernize-data/studio-data/TNT1001/APP1166/transformed-code/344/studio-workspace/TMS22/src/TourManagement.Domain/TourManagement.Domain.csproj" (target "CoreCompile" depends on it):
       Task "ShowMessageForImplicitlySkipAnalyzers" skipped, due to false condition; ('$(_ImplicitlySkipAnalyzers)' == 'true') was evaluated as ('' == 'true').
   5:8>Done building target "_ComputeSkipAnalyzers" in project "TourManagement.Domain.csproj".
       Target "_SetPathMapFromSourceRoots" skipped, due to false condition; ('$(DeterministicSourcePaths)' == 'true') was evaluated as ('' == 'true').
       Target "CreateCompilerGeneratedFilesOutputPath" skipped, due to false condition; ('$(EmitCompilerGeneratedFiles)' == 'true' and !('$(DesignTimeBuild)' == 'true' OR '$(BuildingProject)' != 'true')) was evaluated as ('false' == 'true' and !('' == 'true' OR 'true' != 'true')).
       Target "BeforeCompile" skipped. Previously built successfully.
       Target "InitializeSourceControlInformationFromSourceControlManager" skipped. Previously built successfully.
   5:8>Target "SetEmbeddedFilesFromSourceControlManagerUntrackedFiles" in file "/usr/share/dotnet/sdk/8.0.417/Sdks/Microsoft.Build.Tasks.Git/build/Microsoft.Build.Tasks.Git.targets" from project "/modernize-data/studio-data/TNT1001/APP1166/transformed-code/344/studio-workspace/TMS22/src/TourManagement.Domain/TourManagement.Domain.csproj" (target "_SetEmbeddedFilesFromSourceControlManagerUntrackedFiles" depends on it):
       Using "Microsoft.Build.Tasks.Git.GetUntrackedFiles" task from assembly "/usr/share/dotnet/sdk/8.0.417/Sdks/Microsoft.Build.Tasks.Git/build/../tools/core/Microsoft.Build.Tasks.Git.dll".
       Task "Microsoft.Build.Tasks.Git.GetUntrackedFiles"
         SourceLink: Reusing cached git repository information.
       Done executing task "Microsoft.Build.Tasks.Git.GetUntrackedFiles".
   5:8>Done building target "SetEmbeddedFilesFromSourceControlManagerUntrackedFiles" in project "TourManagement.Domain.csproj".
   5:8>Target "_SetEmbeddedFilesFromSourceControlManagerUntrackedFiles" in file "/usr/share/dotnet/sdk/8.0.417/Sdks/Microsoft.SourceLink.Common/build/Microsoft.SourceLink.Common.targets" from project "/modernize-data/studio-data/TNT1001/APP1166/transformed-code/344/studio-workspace/TMS22/src/TourManagement.Domain/TourManagement.Domain.csproj" (target "CoreCompile" depends on it):
   5:8>Done building target "_SetEmbeddedFilesFromSourceControlManagerUntrackedFiles" in project "TourManagement.Domain.csproj".
       Target "InitializeSourceControlInformation" skipped. Previously built successfully.
   5:8>Target "_SetSourceLinkFilePath" in file "/usr/share/dotnet/sdk/8.0.417/Sdks/Microsoft.SourceLink.Common/build/Microsoft.SourceLink.Common.targets" from project "/modernize-data/studio-data/TNT1001/APP1166/transformed-code/344/studio-workspace/TMS22/src/TourManagement.Domain/TourManagement.Domain.csproj" (target "_GenerateSourceLinkFile" depends on it):
   5:8>Done building target "_SetSourceLinkFilePath" in project "TourManagement.Domain.csproj".
       Target "InitializeSourceControlInformation" skipped. Previously built successfully.
   5:8>Target "_InitializeSourceRootMappedPathsFromSourceControl" in file "/usr/share/dotnet/sdk/8.0.417/Roslyn/Microsoft.Managed.Core.targets" from project "/modernize-data/studio-data/TNT1001/APP1166/transformed-code/344/studio-workspace/TMS22/src/TourManagement.Domain/TourManagement.Domain.csproj" (target "InitializeSourceRootMappedPaths" depends on it):
   5:8>Done building target "_InitializeSourceRootMappedPathsFromSourceControl" in project "TourManagement.Domain.csproj".
   5:8>Target "InitializeSourceRootMappedPaths" in file "/usr/share/dotnet/sdk/8.0.417/Roslyn/Microsoft.Managed.Core.targets" from project "/modernize-data/studio-data/TNT1001/APP1166/transformed-code/344/studio-workspace/TMS22/src/TourManagement.Domain/TourManagement.Domain.csproj" (target "_InitializeSourceRootMappedPathsOpt" depends on it):
       Using "Microsoft.CodeAnalysis.BuildTasks.MapSourceRoots" task from assembly "/usr/share/dotnet/sdk/8.0.417/Roslyn/Microsoft.Build.Tasks.CodeAnalysis.dll".
       Task "Microsoft.CodeAnalysis.BuildTasks.MapSourceRoots"
       Done executing task "Microsoft.CodeAnalysis.BuildTasks.MapSourceRoots".
   5:8>Done building target "InitializeSourceRootMappedPaths" in project "TourManagement.Domain.csproj".
   5:8>Target "_InitializeSourceRootMappedPathsOpt" in file "/usr/share/dotnet/sdk/8.0.417/Sdks/Microsoft.SourceLink.Common/build/Microsoft.SourceLink.Common.targets" from project "/modernize-data/studio-data/TNT1001/APP1166/transformed-code/344/studio-workspace/TMS22/src/TourManagement.Domain/TourManagement.Domain.csproj" (target "_GenerateSourceLinkFile" depends on it):
   5:8>Done building target "_InitializeSourceRootMappedPathsOpt" in project "TourManagement.Domain.csproj".
   5:8>Target "_InitializeGitHubSourceLinkUrl" in file "/usr/share/dotnet/sdk/8.0.417/Sdks/Microsoft.SourceLink.GitHub/build/Microsoft.SourceLink.GitHub.targets" from project "/modernize-data/studio-data/TNT1001/APP1166/transformed-code/344/studio-workspace/TMS22/src/TourManagement.Domain/TourManagement.Domain.csproj" (target "_GenerateSourceLinkFile" depends on it):
       Building target "_InitializeGitHubSourceLinkUrl" completely.
       No input files were specified.
       Using "Microsoft.SourceLink.GitHub.GetSourceLinkUrl" task from assembly "/usr/share/dotnet/sdk/8.0.417/Sdks/Microsoft.SourceLink.GitHub/build/../tools/core/Microsoft.SourceLink.GitHub.dll".
       Task "Microsoft.SourceLink.GitHub.GetSourceLinkUrl"
       Done executing task "Microsoft.SourceLink.GitHub.GetSourceLinkUrl".
   5:8>Done building target "_InitializeGitHubSourceLinkUrl" in project "TourManagement.Domain.csproj".
   5:8>Target "_InitializeGitHubSourceLinkUrl" in file "/usr/share/dotnet/sdk/8.0.417/Sdks/Microsoft.SourceLink.GitHub/build/Microsoft.SourceLink.GitHub.targets" from project "/modernize-data/studio-data/TNT1001/APP1166/transformed-code/344/studio-workspace/TMS22/src/TourManagement.Domain/TourManagement.Domain.csproj" (target "_GenerateSourceLinkFile" depends on it):
       Building target "_InitializeGitHubSourceLinkUrl" completely.
       No input files were specified.
       Task "Microsoft.SourceLink.GitHub.GetSourceLinkUrl"
       Done executing task "Microsoft.SourceLink.GitHub.GetSourceLinkUrl".
   5:8>Done building target "_InitializeGitHubSourceLinkUrl" in project "TourManagement.Domain.csproj".
   5:8>Target "_InitializeGitLabSourceLinkUrl" in file "/usr/share/dotnet/sdk/8.0.417/Sdks/Microsoft.SourceLink.GitLab/build/Microsoft.SourceLink.GitLab.targets" from project "/modernize-data/studio-data/TNT1001/APP1166/transformed-code/344/studio-workspace/TMS22/src/TourManagement.Domain/TourManagement.Domain.csproj" (target "_GenerateSourceLinkFile" depends on it):
       Building target "_InitializeGitLabSourceLinkUrl" completely.
       No input files were specified.
       Using "Microsoft.SourceLink.GitLab.GetSourceLinkUrl" task from assembly "/usr/share/dotnet/sdk/8.0.417/Sdks/Microsoft.SourceLink.GitLab/build/../tools/core/Microsoft.SourceLink.GitLab.dll".
       Task "Microsoft.SourceLink.GitLab.GetSourceLinkUrl"
       Done executing task "Microsoft.SourceLink.GitLab.GetSourceLinkUrl".
   5:8>Done building target "_InitializeGitLabSourceLinkUrl" in project "TourManagement.Domain.csproj".
   5:8>Target "_InitializeGitLabSourceLinkUrl" in file "/usr/share/dotnet/sdk/8.0.417/Sdks/Microsoft.SourceLink.GitLab/build/Microsoft.SourceLink.GitLab.targets" from project "/modernize-data/studio-data/TNT1001/APP1166/transformed-code/344/studio-workspace/TMS22/src/TourManagement.Domain/TourManagement.Domain.csproj" (target "_GenerateSourceLinkFile" depends on it):
       Building target "_InitializeGitLabSourceLinkUrl" completely.
       No input files were specified.
       Task "Microsoft.SourceLink.GitLab.GetSourceLinkUrl"
       Done executing task "Microsoft.SourceLink.GitLab.GetSourceLinkUrl".
   5:8>Done building target "_InitializeGitLabSourceLinkUrl" in project "TourManagement.Domain.csproj".
   5:8>Target "_InitializeAzureReposGitSourceLinkUrl" in file "/usr/share/dotnet/sdk/8.0.417/Sdks/Microsoft.SourceLink.AzureRepos.Git/build/Microsoft.SourceLink.AzureRepos.Git.targets" from project "/modernize-data/studio-data/TNT1001/APP1166/transformed-code/344/studio-workspace/TMS22/src/TourManagement.Domain/TourManagement.Domain.csproj" (target "_GenerateSourceLinkFile" depends on it):
       Building target "_InitializeAzureReposGitSourceLinkUrl" completely.
       No input files were specified.
       Using "Microsoft.SourceLink.AzureRepos.Git.GetSourceLinkUrl" task from assembly "/usr/share/dotnet/sdk/8.0.417/Sdks/Microsoft.SourceLink.AzureRepos.Git/build/../tools/core/Microsoft.SourceLink.AzureRepos.Git.dll".
       Task "Microsoft.SourceLink.AzureRepos.Git.GetSourceLinkUrl"
       Done executing task "Microsoft.SourceLink.AzureRepos.Git.GetSourceLinkUrl".
   5:8>Done building target "_InitializeAzureReposGitSourceLinkUrl" in project "TourManagement.Domain.csproj".
   5:8>Target "_InitializeAzureReposGitSourceLinkUrl" in file "/usr/share/dotnet/sdk/8.0.417/Sdks/Microsoft.SourceLink.AzureRepos.Git/build/Microsoft.SourceLink.AzureRepos.Git.targets" from project "/modernize-data/studio-data/TNT1001/APP1166/transformed-code/344/studio-workspace/TMS22/src/TourManagement.Domain/TourManagement.Domain.csproj" (target "_GenerateSourceLinkFile" depends on it):
       Building target "_InitializeAzureReposGitSourceLinkUrl" completely.
       No input files were specified.
       Task "Microsoft.SourceLink.AzureRepos.Git.GetSourceLinkUrl"
       Done executing task "Microsoft.SourceLink.AzureRepos.Git.GetSourceLinkUrl".
   5:8>Done building target "_InitializeAzureReposGitSourceLinkUrl" in project "TourManagement.Domain.csproj".
   5:8>Target "_InitializeBitbucketGitSourceLinkUrl" in file "/usr/share/dotnet/sdk/8.0.417/Sdks/Microsoft.SourceLink.Bitbucket.Git/build/Microsoft.SourceLink.Bitbucket.Git.targets" from project "/modernize-data/studio-data/TNT1001/APP1166/transformed-code/344/studio-workspace/TMS22/src/TourManagement.Domain/TourManagement.Domain.csproj" (target "_GenerateSourceLinkFile" depends on it):
       Building target "_InitializeBitbucketGitSourceLinkUrl" completely.
       No input files were specified.
       Using "Microsoft.SourceLink.Bitbucket.Git.GetSourceLinkUrl" task from assembly "/usr/share/dotnet/sdk/8.0.417/Sdks/Microsoft.SourceLink.Bitbucket.Git/build/../tools/core/Microsoft.SourceLink.Bitbucket.Git.dll".
       Task "Microsoft.SourceLink.Bitbucket.Git.GetSourceLinkUrl"
       Done executing task "Microsoft.SourceLink.Bitbucket.Git.GetSourceLinkUrl".
   5:8>Done building target "_InitializeBitbucketGitSourceLinkUrl" in project "TourManagement.Domain.csproj".
   5:8>Target "_InitializeBitbucketGitSourceLinkUrl" in file "/usr/share/dotnet/sdk/8.0.417/Sdks/Microsoft.SourceLink.Bitbucket.Git/build/Microsoft.SourceLink.Bitbucket.Git.targets" from project "/modernize-data/studio-data/TNT1001/APP1166/transformed-code/344/studio-workspace/TMS22/src/TourManagement.Domain/TourManagement.Domain.csproj" (target "_GenerateSourceLinkFile" depends on it):
       Building target "_InitializeBitbucketGitSourceLinkUrl" completely.
       No input files were specified.
       Task "Microsoft.SourceLink.Bitbucket.Git.GetSourceLinkUrl"
       Done executing task "Microsoft.SourceLink.Bitbucket.Git.GetSourceLinkUrl".
   5:8>Done building target "_InitializeBitbucketGitSourceLinkUrl" in project "TourManagement.Domain.csproj".
   5:8>Target "_GenerateSourceLinkFile" in file "/usr/share/dotnet/sdk/8.0.417/Sdks/Microsoft.SourceLink.Common/build/Microsoft.SourceLink.Common.targets" from project "/modernize-data/studio-data/TNT1001/APP1166/transformed-code/344/studio-workspace/TMS22/src/TourManagement.Domain/TourManagement.Domain.csproj" (target "GenerateSourceLinkFile" depends on it):
       Building target "_GenerateSourceLinkFile" completely.
       No input files were specified.
       Using "Microsoft.SourceLink.Common.GenerateSourceLinkFile" task from assembly "/usr/share/dotnet/sdk/8.0.417/Sdks/Microsoft.SourceLink.Common/build/../tools/core/Microsoft.SourceLink.Common.dll".
       Task "Microsoft.SourceLink.Common.GenerateSourceLinkFile"
         Updating Source Link file 'obj/Debug/net8.0/TourManagement.Domain.sourcelink.json'.
       Done executing task "Microsoft.SourceLink.Common.GenerateSourceLinkFile".
   5:8>Done building target "_GenerateSourceLinkFile" in project "TourManagement.Domain.csproj".
   5:8>Target "GenerateSourceLinkFile" in file "/usr/share/dotnet/sdk/8.0.417/Sdks/Microsoft.SourceLink.Common/build/Microsoft.SourceLink.Common.targets" from project "/modernize-data/studio-data/TNT1001/APP1166/transformed-code/344/studio-workspace/TMS22/src/TourManagement.Domain/TourManagement.Domain.csproj" (target "CoreCompile" depends on it):
   5:8>Done building target "GenerateSourceLinkFile" in project "TourManagement.Domain.csproj".
   5:8>Target "AddGlobalAnalyzerConfigForPackage_MicrosoftCodeAnalysisNetAnalyzers" in file "/usr/share/dotnet/sdk/8.0.417/Sdks/Microsoft.NET.Sdk/analyzers/build/Microsoft.CodeAnalysis.NetAnalyzers.targets" from project "/modernize-data/studio-data/TNT1001/APP1166/transformed-code/344/studio-workspace/TMS22/src/TourManagement.Domain/TourManagement.Domain.csproj" (target "CoreCompile" depends on it):
   5:8>Done building target "AddGlobalAnalyzerConfigForPackage_MicrosoftCodeAnalysisNetAnalyzers" in project "TourManagement.Domain.csproj".
       Target "AddGlobalAnalyzerConfigForPackage_MicrosoftCodeAnalysisNetAnalyzersDesign" skipped, due to false condition; ('$(SkipGlobalAnalyzerConfigForPackage)' != 'true' and ('$(AnalysisLevelDesign)' != '' or '$(AnalysisModeDesign)' != '')) was evaluated as ('' != 'true' and ('' != '' or '' != '')).
       Target "AddGlobalAnalyzerConfigForPackage_MicrosoftCodeAnalysisNetAnalyzersDocumentation" skipped, due to false condition; ('$(SkipGlobalAnalyzerConfigForPackage)' != 'true' and ('$(AnalysisLevelDocumentation)' != '' or '$(AnalysisModeDocumentation)' != '')) was evaluated as ('' != 'true' and ('' != '' or '' != '')).
       Target "AddGlobalAnalyzerConfigForPackage_MicrosoftCodeAnalysisNetAnalyzersGlobalization" skipped, due to false condition; ('$(SkipGlobalAnalyzerConfigForPackage)' != 'true' and ('$(AnalysisLevelGlobalization)' != '' or '$(AnalysisModeGlobalization)' != '')) was evaluated as ('' != 'true' and ('' != '' or '' != '')).
       Target "AddGlobalAnalyzerConfigForPackage_MicrosoftCodeAnalysisNetAnalyzersInteroperability" skipped, due to false condition; ('$(SkipGlobalAnalyzerConfigForPackage)' != 'true' and ('$(AnalysisLevelInteroperability)' != '' or '$(AnalysisModeInteroperability)' != '')) was evaluated as ('' != 'true' and ('' != '' or '' != '')).
       Target "AddGlobalAnalyzerConfigForPackage_MicrosoftCodeAnalysisNetAnalyzersMaintainability" skipped, due to false condition; ('$(SkipGlobalAnalyzerConfigForPackage)' != 'true' and ('$(AnalysisLevelMaintainability)' != '' or '$(AnalysisModeMaintainability)' != '')) was evaluated as ('' != 'true' and ('' != '' or '' != '')).
       Target "AddGlobalAnalyzerConfigForPackage_MicrosoftCodeAnalysisNetAnalyzersNaming" skipped, due to false condition; ('$(SkipGlobalAnalyzerConfigForPackage)' != 'true' and ('$(AnalysisLevelNaming)' != '' or '$(AnalysisModeNaming)' != '')) was evaluated as ('' != 'true' and ('' != '' or '' != '')).
       Target "AddGlobalAnalyzerConfigForPackage_MicrosoftCodeAnalysisNetAnalyzersPerformance" skipped, due to false condition; ('$(SkipGlobalAnalyzerConfigForPackage)' != 'true' and ('$(AnalysisLevelPerformance)' != '' or '$(AnalysisModePerformance)' != '')) was evaluated as ('' != 'true' and ('' != '' or '' != '')).
       Target "AddGlobalAnalyzerConfigForPackage_MicrosoftCodeAnalysisNetAnalyzersReliability" skipped, due to false condition; ('$(SkipGlobalAnalyzerConfigForPackage)' != 'true' and ('$(AnalysisLevelReliability)' != '' or '$(AnalysisModeReliability)' != '')) was evaluated as ('' != 'true' and ('' != '' or '' != '')).
       Target "AddGlobalAnalyzerConfigForPackage_MicrosoftCodeAnalysisNetAnalyzersSecurity" skipped, due to false condition; ('$(SkipGlobalAnalyzerConfigForPackage)' != 'true' and ('$(AnalysisLevelSecurity)' != '' or '$(AnalysisModeSecurity)' != '')) was evaluated as ('' != 'true' and ('' != '' or '' != '')).
       Target "AddGlobalAnalyzerConfigForPackage_MicrosoftCodeAnalysisNetAnalyzersUsage" skipped, due to false condition; ('$(SkipGlobalAnalyzerConfigForPackage)' != 'true' and ('$(AnalysisLevelUsage)' != '' or '$(AnalysisModeUsage)' != '')) was evaluated as ('' != 'true' and ('' != '' or '' != '')).
       Target "_CodeAnalysisTreatWarningsAsErrors" skipped, due to false condition; ('$(DesignTimeBuild)' == 'true' OR '$(BuildingProject)' != 'true') was evaluated as ('' == 'true' OR 'true' != 'true').
   5:8>Target "_ReportUpgradeNetAnalyzersNuGetWarning" in file "/usr/share/dotnet/sdk/8.0.417/Sdks/Microsoft.NET.Sdk/analyzers/build/Microsoft.CodeAnalysis.NetAnalyzers.targets" from project "/modernize-data/studio-data/TNT1001/APP1166/transformed-code/344/studio-workspace/TMS22/src/TourManagement.Domain/TourManagement.Domain.csproj" (target "CoreCompile" depends on it):
       Task "Warning" skipped, due to false condition; ('$(_NETAnalyzersNuGetAssemblyVersion)' != '' AND
                                '$(_NETAnalyzersSDKAssemblyVersion)' != '' AND
                                 $(_NETAnalyzersNuGetAssemblyVersion) < $(_NETAnalyzersSDKAssemblyVersion)) was evaluated as ('' != '' AND
                                '8.0.0' != '' AND
                                  < 8.0.0).
   5:8>Done building target "_ReportUpgradeNetAnalyzersNuGetWarning" in project "TourManagement.Domain.csproj".
   5:8>Target "CoreCompile" in file "/usr/share/dotnet/sdk/8.0.417/Roslyn/Microsoft.CSharp.Core.targets" from project "/modernize-data/studio-data/TNT1001/APP1166/transformed-code/344/studio-workspace/TMS22/src/TourManagement.Domain/TourManagement.Domain.csproj" (target "Compile" depends on it):
       Building target "CoreCompile" completely.
       Output file "obj/Debug/net8.0/TourManagement.Domain.dll" does not exist.
       Using "Csc" task from assembly "/usr/share/dotnet/sdk/8.0.417/Roslyn/Microsoft.Build.Tasks.CodeAnalysis.dll".
       Task "Csc"
         /usr/share/dotnet/dotnet exec "/usr/share/dotnet/sdk/8.0.417/Roslyn/bincore/csc.dll" /noconfig /unsafe- /checked- /nowarn:1701,1702,1701,1702 /fullpaths /nostdlib+ /errorreport:prompt /warn:8 /define:TRACE;DEBUG;NET;NET8_0;NETCOREAPP;NET5_0_OR_GREATER;NET6_0_OR_GREATER;NET7_0_OR_GREATER;NET8_0_OR_GREATER;NETCOREAPP1_0_OR_GREATER;NETCOREAPP1_1_OR_GREATER;NETCOREAPP2_0_OR_GREATER;NETCOREAPP2_1_OR_GREATER;NETCOREAPP2_2_OR_GREATER;NETCOREAPP3_0_OR_GREATER;NETCOREAPP3_1_OR_GREATER /highentropyva+ /nullable:enable /reference:/usr/share/dotnet/packs/Microsoft.NETCore.App.Ref/8.0.23/ref/net8.0/Microsoft.CSharp.dll /reference:/usr/share/dotnet/packs/Microsoft.NETCore.App.Ref/8.0.23/ref/net8.0/Microsoft.VisualBasic.Core.dll /reference:/usr/share/dotnet/packs/Microsoft.NETCore.App.Ref/8.0.23/ref/net8.0/Microsoft.VisualBasic.dll /reference:/usr/share/dotnet/packs/Microsoft.NETCore.App.Ref/8.0.23/ref/net8.0/Microsoft.Win32.Primitives.dll /reference:/usr/share/dotnet/packs/Microsoft.NETCore.App.Ref/8.0.23/ref/net8.0/Microsoft.Win32.Registry.dll /reference:/usr/share/dotnet/packs/Microsoft.NETCore.App.Ref/8.0.23/ref/net8.0/mscorlib.dll /reference:/usr/share/dotnet/packs/Microsoft.NETCore.App.Ref/8.0.23/ref/net8.0/netstandard.dll /reference:/usr/share/dotnet/packs/Microsoft.NETCore.App.Ref/8.0.23/ref/net8.0/System.AppContext.dll /reference:/usr/share/dotnet/packs/Microsoft.NETCore.App.Ref/8.0.23/ref/net8.0/System.Buffers.dll /reference:/usr/share/dotnet/packs/Microsoft.NETCore.App.Ref/8.0.23/ref/net8.0/System.Collections.Concurrent.dll /reference:/usr/share/dotnet/packs/Microsoft.NETCore.App.Ref/8.0.23/ref/net8.0/System.Collections.dll /reference:/usr/share/dotnet/packs/Microsoft.NETCore.App.Ref/8.0.23/ref/net8.0/System.Collections.Immutable.dll /reference:/usr/share/dotnet/packs/Microsoft.NETCore.App.Ref/8.0.23/ref/net8.0/System.Collections.NonGeneric.dll /reference:/usr/share/dotnet/packs/Microsoft.NETCore.App.Ref/8.0.23/ref/net8.0/System.Collections.Specialized.dll /reference:/usr/share/dotnet/packs/Microsoft.NETCore.App.Ref/8.0.23/ref/net8.0/System.ComponentModel.Annotations.dll /reference:/usr/share/dotnet/packs/Microsoft.NETCore.App.Ref/8.0.23/ref/net8.0/System.ComponentModel.DataAnnotations.dll /reference:/usr/share/dotnet/packs/Microsoft.NETCore.App.Ref/8.0.23/ref/net8.0/System.ComponentModel.dll /reference:/usr/share/dotnet/packs/Microsoft.NETCore.App.Ref/8.0.23/ref/net8.0/System.ComponentModel.EventBasedAsync.dll /reference:/usr/share/dotnet/packs/Microsoft.NETCore.App.Ref/8.0.23/ref/net8.0/System.ComponentModel.Primitives.dll /reference:/usr/share/dotnet/packs/Microsoft.NETCore.App.Ref/8.0.23/ref/net8.0/System.ComponentModel.TypeConverter.dll /reference:/usr/share/dotnet/packs/Microsoft.NETCore.App.Ref/8.0.23/ref/net8.0/System.Configuration.dll /reference:/usr/share/dotnet/packs/Microsoft.NETCore.App.Ref/8.0.23/ref/net8.0/System.Console.dll /reference:/usr/share/dotnet/packs/Microsoft.NETCore.App.Ref/8.0.23/ref/net8.0/System.Core.dll /reference:/usr/share/dotnet/packs/Microsoft.NETCore.App.Ref/8.0.23/ref/net8.0/System.Data.Common.dll /reference:/usr/share/dotnet/packs/Microsoft.NETCore.App.Ref/8.0.23/ref/net8.0/System.Data.DataSetExtensions.dll /reference:/usr/share/dotnet/packs/Microsoft.NETCore.App.Ref/8.0.23/ref/net8.0/System.Data.dll /reference:/usr/share/dotnet/packs/Microsoft.NETCore.App.Ref/8.0.23/ref/net8.0/System.Diagnostics.Contracts.dll /reference:/usr/share/dotnet/packs/Microsoft.NETCore.App.Ref/8.0.23/ref/net8.0/System.Diagnostics.Debug.dll /reference:/usr/share/dotnet/packs/Microsoft.NETCore.App.Ref/8.0.23/ref/net8.0/System.Diagnostics.DiagnosticSource.dll /reference:/usr/share/dotnet/packs/Microsoft.NETCore.App.Ref/8.0.23/ref/net8.0/System.Diagnostics.FileVersionInfo.dll /reference:/usr/share/dotnet/packs/Microsoft.NETCore.App.Ref/8.0.23/ref/net8.0/System.Diagnostics.Process.dll /reference:/usr/share/dotnet/packs/Microsoft.NETCore.App.Ref/8.0.23/ref/net8.0/System.Diagnostics.StackTrace.dll /reference:/usr/share/dotnet/packs/Microsoft.NETCore.App.Ref/8.0.23/ref/net8.0/System.Diagnostics.TextWriterTraceListener.dll /reference:/usr/share/dotnet/packs/Microsoft.NETCore.App.Ref/8.0.23/ref/net8.0/System.Diagnostics.Tools.dll /reference:/usr/share/dotnet/packs/Microsoft.NETCore.App.Ref/8.0.23/ref/net8.0/System.Diagnostics.TraceSource.dll /reference:/usr/share/dotnet/packs/Microsoft.NETCore.App.Ref/8.0.23/ref/net8.0/System.Diagnostics.Tracing.dll /reference:/usr/share/dotnet/packs/Microsoft.NETCore.App.Ref/8.0.23/ref/net8.0/System.dll /reference:/usr/share/dotnet/packs/Microsoft.NETCore.App.Ref/8.0.23/ref/net8.0/System.Drawing.dll /reference:/usr/share/dotnet/packs/Microsoft.NETCore.App.Ref/8.0.23/ref/net8.0/System.Drawing.Primitives.dll /reference:/usr/share/dotnet/packs/Microsoft.NETCore.App.Ref/8.0.23/ref/net8.0/System.Dynamic.Runtime.dll /reference:/usr/share/dotnet/packs/Microsoft.NETCore.App.Ref/8.0.23/ref/net8.0/System.Formats.Asn1.dll /reference:/usr/share/dotnet/packs/Microsoft.NETCore.App.Ref/8.0.23/ref/net8.0/System.Formats.Tar.dll /reference:/usr/share/dotnet/packs/Microsoft.NETCore.App.Ref/8.0.23/ref/net8.0/System.Globalization.Calendars.dll /reference:/usr/share/dotnet/packs/Microsoft.NETCore.App.Ref/8.0.23/ref/net8.0/System.Globalization.dll /reference:/usr/share/dotnet/packs/Microsoft.NETCore.App.Ref/8.0.23/ref/net8.0/System.Globalization.Extensions.dll /reference:/usr/share/dotnet/packs/Microsoft.NETCore.App.Ref/8.0.23/ref/net8.0/System.IO.Compression.Brotli.dll /reference:/usr/share/dotnet/packs/Microsoft.NETCore.App.Ref/8.0.23/ref/net8.0/System.IO.Compression.dll /reference:/usr/share/dotnet/packs/Microsoft.NETCore.App.Ref/8.0.23/ref/net8.0/System.IO.Compression.FileSystem.dll /reference:/usr/share/dotnet/packs/Microsoft.NETCore.App.Ref/8.0.23/ref/net8.0/System.IO.Compression.ZipFile.dll /reference:/usr/share/dotnet/packs/Microsoft.NETCore.App.Ref/8.0.23/ref/net8.0/System.IO.dll /reference:/usr/share/dotnet/packs/Microsoft.NETCore.App.Ref/8.0.23/ref/net8.0/System.IO.FileSystem.AccessControl.dll /reference:/usr/share/dotnet/packs/Microsoft.NETCore.App.Ref/8.0.23/ref/net8.0/System.IO.FileSystem.dll /reference:/usr/share/dotnet/packs/Microsoft.NETCore.App.Ref/8.0.23/ref/net8.0/System.IO.FileSystem.DriveInfo.dll /reference:/usr/share/dotnet/packs/Microsoft.NETCore.App.Ref/8.0.23/ref/net8.0/System.IO.FileSystem.Primitives.dll /reference:/usr/share/dotnet/packs/Microsoft.NETCore.App.Ref/8.0.23/ref/net8.0/System.IO.FileSystem.Watcher.dll /reference:/usr/share/dotnet/packs/Microsoft.NETCore.App.Ref/8.0.23/ref/net8.0/System.IO.IsolatedStorage.dll /reference:/usr/share/dotnet/packs/Microsoft.NETCore.App.Ref/8.0.23/ref/net8.0/System.IO.MemoryMappedFiles.dll /reference:/usr/share/dotnet/packs/Microsoft.NETCore.App.Ref/8.0.23/ref/net8.0/System.IO.Pipes.AccessControl.dll /reference:/usr/share/dotnet/packs/Microsoft.NETCore.App.Ref/8.0.23/ref/net8.0/System.IO.Pipes.dll /reference:/usr/share/dotnet/packs/Microsoft.NETCore.App.Ref/8.0.23/ref/net8.0/System.IO.UnmanagedMemoryStream.dll /reference:/usr/share/dotnet/packs/Microsoft.NETCore.App.Ref/8.0.23/ref/net8.0/System.Linq.dll /reference:/usr/share/dotnet/packs/Microsoft.NETCore.App.Ref/8.0.23/ref/net8.0/System.Linq.Expressions.dll /reference:/usr/share/dotnet/packs/Microsoft.NETCore.App.Ref/8.0.23/ref/net8.0/System.Linq.Parallel.dll /reference:/usr/share/dotnet/packs/Microsoft.NETCore.App.Ref/8.0.23/ref/net8.0/System.Linq.Queryable.dll /reference:/usr/share/dotnet/packs/Microsoft.NETCore.App.Ref/8.0.23/ref/net8.0/System.Memory.dll /reference:/usr/share/dotnet/packs/Microsoft.NETCore.App.Ref/8.0.23/ref/net8.0/System.Net.dll /reference:/usr/share/dotnet/packs/Microsoft.NETCore.App.Ref/8.0.23/ref/net8.0/System.Net.Http.dll /reference:/usr/share/dotnet/packs/Microsoft.NETCore.App.Ref/8.0.23/ref/net8.0/System.Net.Http.Json.dll /reference:/usr/share/dotnet/packs/Microsoft.NETCore.App.Ref/8.0.23/ref/net8.0/System.Net.HttpListener.dll /reference:/usr/share/dotnet/packs/Microsoft.NETCore.App.Ref/8.0.23/ref/net8.0/System.Net.Mail.dll /reference:/usr/share/dotnet/packs/Microsoft.NETCore.App.Ref/8.0.23/ref/net8.0/System.Net.NameResolution.dll /reference:/usr/share/dotnet/packs/Microsoft.NETCore.App.Ref/8.0.23/ref/net8.0/System.Net.NetworkInformation.dll /reference:/usr/share/dotnet/packs/Microsoft.NETCore.App.Ref/8.0.23/ref/net8.0/System.Net.Ping.dll /reference:/usr/share/dotnet/packs/Microsoft.NETCore.App.Ref/8.0.23/ref/net8.0/System.Net.Primitives.dll /reference:/usr/share/dotnet/packs/Microsoft.NETCore.App.Ref/8.0.23/ref/net8.0/System.Net.Quic.dll /reference:/usr/share/dotnet/packs/Microsoft.NETCore.App.Ref/8.0.23/ref/net8.0/System.Net.Requests.dll /reference:/usr/share/dotnet/packs/Microsoft.NETCore.App.Ref/8.0.23/ref/net8.0/System.Net.Security.dll /reference:/usr/share/dotnet/packs/Microsoft.NETCore.App.Ref/8.0.23/ref/net8.0/System.Net.ServicePoint.dll /reference:/usr/share/dotnet/packs/Microsoft.NETCore.App.Ref/8.0.23/ref/net8.0/System.Net.Sockets.dll /reference:/usr/share/dotnet/packs/Microsoft.NETCore.App.Ref/8.0.23/ref/net8.0/System.Net.WebClient.dll /reference:/usr/share/dotnet/packs/Microsoft.NETCore.App.Ref/8.0.23/ref/net8.0/System.Net.WebHeaderCollection.dll /reference:/usr/share/dotnet/packs/Microsoft.NETCore.App.Ref/8.0.23/ref/net8.0/System.Net.WebProxy.dll /reference:/usr/share/dotnet/packs/Microsoft.NETCore.App.Ref/8.0.23/ref/net8.0/System.Net.WebSockets.Client.dll /reference:/usr/share/dotnet/packs/Microsoft.NETCore.App.Ref/8.0.23/ref/net8.0/System.Net.WebSockets.dll /reference:/usr/share/dotnet/packs/Microsoft.NETCore.App.Ref/8.0.23/ref/net8.0/System.Numerics.dll /reference:/usr/share/dotnet/packs/Microsoft.NETCore.App.Ref/8.0.23/ref/net8.0/System.Numerics.Vectors.dll /reference:/usr/share/dotnet/packs/Microsoft.NETCore.App.Ref/8.0.23/ref/net8.0/System.ObjectModel.dll /reference:/usr/share/dotnet/packs/Microsoft.NETCore.App.Ref/8.0.23/ref/net8.0/System.Reflection.DispatchProxy.dll /reference:/usr/share/dotnet/packs/Microsoft.NETCore.App.Ref/8.0.23/ref/net8.0/System.Reflection.dll /reference:/usr/share/dotnet/packs/Microsoft.NETCore.App.Ref/8.0.23/ref/net8.0/System.Reflection.Emit.dll /reference:/usr/share/dotnet/packs/Microsoft.NETCore.App.Ref/8.0.23/ref/net8.0/System.Reflection.Emit.ILGeneration.dll /reference:/usr/share/dotnet/packs/Microsoft.NETCore.App.Ref/8.0.23/ref/net8.0/System.Reflection.Emit.Lightweight.dll /reference:/usr/share/dotnet/packs/Microsoft.NETCore.App.Ref/8.0.23/ref/net8.0/System.Reflection.Extensions.dll /reference:/usr/share/dotnet/packs/Microsoft.NETCore.App.Ref/8.0.23/ref/net8.0/System.Reflection.Metadata.dll /reference:/usr/share/dotnet/packs/Microsoft.NETCore.App.Ref/8.0.23/ref/net8.0/System.Reflection.Primitives.dll /reference:/usr/share/dotnet/packs/Microsoft.NETCore.App.Ref/8.0.23/ref/net8.0/System.Reflection.TypeExtensions.dll /reference:/usr/share/dotnet/packs/Microsoft.NETCore.App.Ref/8.0.23/ref/net8.0/System.Resources.Reader.dll /reference:/usr/share/dotnet/packs/Microsoft.NETCore.App.Ref/8.0.23/ref/net8.0/System.Resources.ResourceManager.dll /reference:/usr/share/dotnet/packs/Microsoft.NETCore.App.Ref/8.0.23/ref/net8.0/System.Resources.Writer.dll /reference:/usr/share/dotnet/packs/Microsoft.NETCore.App.Ref/8.0.23/ref/net8.0/System.Runtime.CompilerServices.Unsafe.dll /reference:/usr/share/dotnet/packs/Microsoft.NETCore.App.Ref/8.0.23/ref/net8.0/System.Runtime.CompilerServices.VisualC.dll /reference:/usr/share/dotnet/packs/Microsoft.NETCore.App.Ref/8.0.23/ref/net8.0/System.Runtime.dll /reference:/usr/share/dotnet/packs/Microsoft.NETCore.App.Ref/8.0.23/ref/net8.0/System.Runtime.Extensions.dll /reference:/usr/share/dotnet/packs/Microsoft.NETCore.App.Ref/8.0.23/ref/net8.0/System.Runtime.Handles.dll /reference:/usr/share/dotnet/packs/Microsoft.NETCore.App.Ref/8.0.23/ref/net8.0/System.Runtime.InteropServices.dll /reference:/usr/share/dotnet/packs/Microsoft.NETCore.App.Ref/8.0.23/ref/net8.0/System.Runtime.InteropServices.JavaScript.dll /reference:/usr/share/dotnet/packs/Microsoft.NETCore.App.Ref/8.0.23/ref/net8.0/System.Runtime.InteropServices.RuntimeInformation.dll /reference:/usr/share/dotnet/packs/Microsoft.NETCore.App.Ref/8.0.23/ref/net8.0/System.Runtime.Intrinsics.dll /reference:/usr/share/dotnet/packs/Microsoft.NETCore.App.Ref/8.0.23/ref/net8.0/System.Runtime.Loader.dll /reference:/usr/share/dotnet/packs/Microsoft.NETCore.App.Ref/8.0.23/ref/net8.0/System.Runtime.Numerics.dll /reference:/usr/share/dotnet/packs/Microsoft.NETCore.App.Ref/8.0.23/ref/net8.0/System.Runtime.Serialization.dll /reference:/usr/share/dotnet/packs/Microsoft.NETCore.App.Ref/8.0.23/ref/net8.0/System.Runtime.Serialization.Formatters.dll /reference:/usr/share/dotnet/packs/Microsoft.NETCore.App.Ref/8.0.23/ref/net8.0/System.Runtime.Serialization.Json.dll /reference:/usr/share/dotnet/packs/Microsoft.NETCore.App.Ref/8.0.23/ref/net8.0/System.Runtime.Serialization.Primitives.dll /reference:/usr/share/dotnet/packs/Microsoft.NETCore.App.Ref/8.0.23/ref/net8.0/System.Runtime.Serialization.Xml.dll /reference:/usr/share/dotnet/packs/Microsoft.NETCore.App.Ref/8.0.23/ref/net8.0/System.Security.AccessControl.dll /reference:/usr/share/dotnet/packs/Microsoft.NETCore.App.Ref/8.0.23/ref/net8.0/System.Security.Claims.dll /reference:/usr/share/dotnet/packs/Microsoft.NETCore.App.Ref/8.0.23/ref/net8.0/System.Security.Cryptography.Algorithms.dll /reference:/usr/share/dotnet/packs/Microsoft.NETCore.App.Ref/8.0.23/ref/net8.0/System.Security.Cryptography.Cng.dll /reference:/usr/share/dotnet/packs/Microsoft.NETCore.App.Ref/8.0.23/ref/net8.0/System.Security.Cryptography.Csp.dll /reference:/usr/share/dotnet/packs/Microsoft.NETCore.App.Ref/8.0.23/ref/net8.0/System.Security.Cryptography.dll /reference:/usr/share/dotnet/packs/Microsoft.NETCore.App.Ref/8.0.23/ref/net8.0/System.Security.Cryptography.Encoding.dll /reference:/usr/share/dotnet/packs/Microsoft.NETCore.App.Ref/8.0.23/ref/net8.0/System.Security.Cryptography.OpenSsl.dll /reference:/usr/share/dotnet/packs/Microsoft.NETCore.App.Ref/8.0.23/ref/net8.0/System.Security.Cryptography.Primitives.dll /reference:/usr/share/dotnet/packs/Microsoft.NETCore.App.Ref/8.0.23/ref/net8.0/System.Security.Cryptography.X509Certificates.dll /reference:/usr/share/dotnet/packs/Microsoft.NETCore.App.Ref/8.0.23/ref/net8.0/System.Security.dll /reference:/usr/share/dotnet/packs/Microsoft.NETCore.App.Ref/8.0.23/ref/net8.0/System.Security.Principal.dll /reference:/usr/share/dotnet/packs/Microsoft.NETCore.App.Ref/8.0.23/ref/net8.0/System.Security.Principal.Windows.dll /reference:/usr/share/dotnet/packs/Microsoft.NETCore.App.Ref/8.0.23/ref/net8.0/System.Security.SecureString.dll /reference:/usr/share/dotnet/packs/Microsoft.NETCore.App.Ref/8.0.23/ref/net8.0/System.ServiceModel.Web.dll /reference:/usr/share/dotnet/packs/Microsoft.NETCore.App.Ref/8.0.23/ref/net8.0/System.ServiceProcess.dll /reference:/usr/share/dotnet/packs/Microsoft.NETCore.App.Ref/8.0.23/ref/net8.0/System.Text.Encoding.CodePages.dll /reference:/usr/share/dotnet/packs/Microsoft.NETCore.App.Ref/8.0.23/ref/net8.0/System.Text.Encoding.dll /reference:/usr/share/dotnet/packs/Microsoft.NETCore.App.Ref/8.0.23/ref/net8.0/System.Text.Encoding.Extensions.dll /reference:/usr/share/dotnet/packs/Microsoft.NETCore.App.Ref/8.0.23/ref/net8.0/System.Text.Encodings.Web.dll /reference:/usr/share/dotnet/packs/Microsoft.NETCore.App.Ref/8.0.23/ref/net8.0/System.Text.Json.dll /reference:/usr/share/dotnet/packs/Microsoft.NETCore.App.Ref/8.0.23/ref/net8.0/System.Text.RegularExpressions.dll /reference:/usr/share/dotnet/packs/Microsoft.NETCore.App.Ref/8.0.23/ref/net8.0/System.Threading.Channels.dll /reference:/usr/share/dotnet/packs/Microsoft.NETCore.App.Ref/8.0.23/ref/net8.0/System.Threading.dll /reference:/usr/share/dotnet/packs/Microsoft.NETCore.App.Ref/8.0.23/ref/net8.0/System.Threading.Overlapped.dll /reference:/usr/share/dotnet/packs/Microsoft.NETCore.App.Ref/8.0.23/ref/net8.0/System.Threading.Tasks.Dataflow.dll /reference:/usr/share/dotnet/packs/Microsoft.NETCore.App.Ref/8.0.23/ref/net8.0/System.Threading.Tasks.dll /reference:/usr/share/dotnet/packs/Microsoft.NETCore.App.Ref/8.0.23/ref/net8.0/System.Threading.Tasks.Extensions.dll /reference:/usr/share/dotnet/packs/Microsoft.NETCore.App.Ref/8.0.23/ref/net8.0/System.Threading.Tasks.Parallel.dll /reference:/usr/share/dotnet/packs/Microsoft.NETCore.App.Ref/8.0.23/ref/net8.0/System.Threading.Thread.dll /reference:/usr/share/dotnet/packs/Microsoft.NETCore.App.Ref/8.0.23/ref/net8.0/System.Threading.ThreadPool.dll /reference:/usr/share/dotnet/packs/Microsoft.NETCore.App.Ref/8.0.23/ref/net8.0/System.Threading.Timer.dll /reference:/usr/share/dotnet/packs/Microsoft.NETCore.App.Ref/8.0.23/ref/net8.0/System.Transactions.dll /reference:/usr/share/dotnet/packs/Microsoft.NETCore.App.Ref/8.0.23/ref/net8.0/System.Transactions.Local.dll /reference:/usr/share/dotnet/packs/Microsoft.NETCore.App.Ref/8.0.23/ref/net8.0/System.ValueTuple.dll /reference:/usr/share/dotnet/packs/Microsoft.NETCore.App.Ref/8.0.23/ref/net8.0/System.Web.dll /reference:/usr/share/dotnet/packs/Microsoft.NETCore.App.Ref/8.0.23/ref/net8.0/System.Web.HttpUtility.dll /reference:/usr/share/dotnet/packs/Microsoft.NETCore.App.Ref/8.0.23/ref/net8.0/System.Windows.dll /reference:/usr/share/dotnet/packs/Microsoft.NETCore.App.Ref/8.0.23/ref/net8.0/System.Xml.dll /reference:/usr/share/dotnet/packs/Microsoft.NETCore.App.Ref/8.0.23/ref/net8.0/System.Xml.Linq.dll /reference:/usr/share/dotnet/packs/Microsoft.NETCore.App.Ref/8.0.23/ref/net8.0/System.Xml.ReaderWriter.dll /reference:/usr/share/dotnet/packs/Microsoft.NETCore.App.Ref/8.0.23/ref/net8.0/System.Xml.Serialization.dll /reference:/usr/share/dotnet/packs/Microsoft.NETCore.App.Ref/8.0.23/ref/net8.0/System.Xml.XDocument.dll /reference:/usr/share/dotnet/packs/Microsoft.NETCore.App.Ref/8.0.23/ref/net8.0/System.Xml.XmlDocument.dll /reference:/usr/share/dotnet/packs/Microsoft.NETCore.App.Ref/8.0.23/ref/net8.0/System.Xml.XmlSerializer.dll /reference:/usr/share/dotnet/packs/Microsoft.NETCore.App.Ref/8.0.23/ref/net8.0/System.Xml.XPath.dll /reference:/usr/share/dotnet/packs/Microsoft.NETCore.App.Ref/8.0.23/ref/net8.0/System.Xml.XPath.XDocument.dll /reference:/usr/share/dotnet/packs/Microsoft.NETCore.App.Ref/8.0.23/ref/net8.0/WindowsBase.dll /debug+ /debug:portable /filealign:512 /optimize- /out:obj/Debug/net8.0/TourManagement.Domain.dll /refout:obj/Debug/net8.0/refint/TourManagement.Domain.dll /target:library /warnaserror- /utf8output /deterministic+ /sourcelink:obj/Debug/net8.0/TourManagement.Domain.sourcelink.json /langversion:12.0 /analyzerconfig:obj/Debug/net8.0/TourManagement.Domain.GeneratedMSBuildEditorConfig.editorconfig /analyzerconfig:/usr/share/dotnet/sdk/8.0.417/Sdks/Microsoft.NET.Sdk/analyzers/build/config/analysislevel_8_default.globalconfig /analyzer:/usr/share/dotnet/sdk/8.0.417/Sdks/Microsoft.NET.Sdk/targets/../analyzers/Microsoft.CodeAnalysis.CSharp.NetAnalyzers.dll /analyzer:/usr/share/dotnet/sdk/8.0.417/Sdks/Microsoft.NET.Sdk/targets/../analyzers/Microsoft.CodeAnalysis.NetAnalyzers.dll /analyzer:/usr/share/dotnet/packs/Microsoft.NETCore.App.Ref/8.0.23/analyzers/dotnet/cs/Microsoft.Interop.ComInterfaceGenerator.dll /analyzer:/usr/share/dotnet/packs/Microsoft.NETCore.App.Ref/8.0.23/analyzers/dotnet/cs/Microsoft.Interop.JavaScript.JSImportGenerator.dll /analyzer:/usr/share/dotnet/packs/Microsoft.NETCore.App.Ref/8.0.23/analyzers/dotnet/cs/Microsoft.Interop.LibraryImportGenerator.dll /analyzer:/usr/share/dotnet/packs/Microsoft.NETCore.App.Ref/8.0.23/analyzers/dotnet/cs/Microsoft.Interop.SourceGeneration.dll /analyzer:/usr/share/dotnet/packs/Microsoft.NETCore.App.Ref/8.0.23/analyzers/dotnet/cs/System.Text.Json.SourceGeneration.dll /analyzer:/usr/share/dotnet/packs/Microsoft.NETCore.App.Ref/8.0.23/analyzers/dotnet/cs/System.Text.RegularExpressions.Generator.dll Entities/Booking.cs Entities/Tour.cs Entities/User.cs Interfaces/Repositories/IBookingRepository.cs Interfaces/Repositories/ITourRepository.cs Interfaces/Repositories/IUserRepository.cs Interfaces/Services/IBookingService.cs Interfaces/Services/ITourService.cs Interfaces/Services/IUserService.cs obj/Debug/net8.0/TourManagement.Domain.GlobalUsings.g.cs "obj/Debug/net8.0/.NETCoreApp,Version=v8.0.AssemblyAttributes.cs" obj/Debug/net8.0/TourManagement.Domain.AssemblyInfo.cs /warnaserror+:NU1605,SYSLIB0011
         Assembly loaded during TaskRun (Microsoft.CodeAnalysis.BuildTasks.Csc): System.Security.Principal.Windows, Version=8.0.0.0, Culture=neutral, PublicKeyToken=b03f5f7f11d50a3a (location: /usr/share/dotnet/shared/Microsoft.NETCore.App/8.0.23/System.Security.Principal.Windows.dll, MVID: 75b0e04d-0acc-4dfd-a314-1dc64f8642cf, AssemblyLoadContext: Default)
         Assembly loaded during TaskRun (Microsoft.CodeAnalysis.BuildTasks.Csc): System.Security.Claims, Version=8.0.0.0, Culture=neutral, PublicKeyToken=b03f5f7f11d50a3a (location: /usr/share/dotnet/shared/Microsoft.NETCore.App/8.0.23/System.Security.Claims.dll, MVID: ef982aee-3a68-4bdd-a22b-13c25be6d1d0, AssemblyLoadContext: Default)
         Microsoft (R) Visual C# Compiler version 4.11.0-3.25569.22 (3fb752d4)
         Copyright (C) Microsoft Corporation. All rights reserved.
         CompilerServer: server - server processed compilation - TourManagement.Domain (net8.0)
       Done executing task "Csc".
       Task "CallTarget" skipped, due to false condition; ('$(TargetsTriggeredByCompilation)' != '') was evaluated as ('' != '').
   5:8>Done building target "CoreCompile" in project "TourManagement.Domain.csproj".
       Target "_TouchLastBuildWithSkipAnalyzers" skipped, due to false condition; ('$(_SkipAnalyzers)' == 'true') was evaluated as ('' == 'true').
       Target "_TimeStampAfterCompile" skipped, due to false condition; ('$(RunPostBuildEvent)'=='OnOutputUpdated' or ('$(RegisterForComInterop)'=='true' and '$(OutputType)'=='library')) was evaluated as (''=='OnOutputUpdated' or (''=='true' and 'Library'=='library')).
   5:8>Target "AfterCompile" in file "/usr/share/dotnet/sdk/8.0.417/Microsoft.Common.CurrentVersion.targets" from project "/modernize-data/studio-data/TNT1001/APP1166/transformed-code/344/studio-workspace/TMS22/src/TourManagement.Domain/TourManagement.Domain.csproj" (target "Compile" depends on it):
   5:8>Done building target "AfterCompile" in project "TourManagement.Domain.csproj".
       Target "_CreateAppHost" skipped, due to false condition; ('$(ComputeNETCoreBuildOutputFiles)' == 'true' and
                            '$(AppHostSourcePath)' != '' and
                            Exists('@(IntermediateAssembly)') and
                            Exists('$(AppHostSourcePath)')) was evaluated as ('true' == 'true' and
                            '' != '' and
                            Exists('obj/Debug/net8.0/TourManagement.Domain.dll') and
                            Exists('')).
       Target "_CreateComHost" skipped, due to false condition; ('$(ComputeNETCoreBuildOutputFiles)' == 'true' and
                            '$(ComHostIntermediatePath)' != '' and
                            Exists('@(IntermediateAssembly)') and
                            Exists('$(ComHostSourcePath)')) was evaluated as ('true' == 'true' and
                            '' != '' and
                            Exists('obj/Debug/net8.0/TourManagement.Domain.dll') and
                            Exists('')).
       Target "_GetIjwHostPaths" skipped, due to false condition; ('$(UseIJWHost)' == 'true') was evaluated as ('' == 'true').
   5:8>Target "Compile" in file "/usr/share/dotnet/sdk/8.0.417/Microsoft.Common.CurrentVersion.targets" from project "/modernize-data/studio-data/TNT1001/APP1166/transformed-code/344/studio-workspace/TMS22/src/TourManagement.Domain/TourManagement.Domain.csproj" (target "CoreBuild" depends on it):
   5:8>Done building target "Compile" in project "TourManagement.Domain.csproj".
       Target "ExportWindowsMDFile" skipped, due to false condition; ('$(ExportWinMDFile)' == 'true') was evaluated as ('' == 'true').
       Target "UnmanagedUnregistration" skipped, due to false condition; ((('$(_AssemblyTimestampBeforeCompile)' != '$(_AssemblyTimestampAfterCompile)' or '$(RegisterForComInterop)' != 'true' or '$(OutputType)' != 'library') or
                           ('$(_AssemblyTimestampBeforeCompile)' == '')) and
                          Exists('@(_UnmanagedRegistrationCache)')) was evaluated as ((('' != '' or '' != 'true' or 'Library' != 'library') or
                           ('' == '')) and
                          Exists('obj/TourManagement.Domain.csproj.UnmanagedRegistration.cache')).
       Target "GenerateSerializationAssemblies" skipped, due to false condition; ('$(_SGenGenerateSerializationAssembliesConfig)' == 'On' or ('@(WebReferenceUrl)'!='' and '$(_SGenGenerateSerializationAssembliesConfig)' == 'Auto')) was evaluated as ('Off' == 'On' or (''!='' and 'Off' == 'Auto')).
   5:8>Target "_GenerateSatelliteAssemblyInputs" in file "/usr/share/dotnet/sdk/8.0.417/Microsoft.Common.CurrentVersion.targets" from project "/modernize-data/studio-data/TNT1001/APP1166/transformed-code/344/studio-workspace/TMS22/src/TourManagement.Domain/TourManagement.Domain.csproj" (target "CreateSatelliteAssemblies" depends on it):
       Task "Warning" skipped, due to false condition; ('@(ManifestResourceWithCulture)'!='' and '%(ManifestResourceWithCulture.EmittedForCompatibilityOnly)'=='') was evaluated as (''!='' and ''=='').
       Task "Warning" skipped, due to false condition; ('@(ManifestNonResxWithCultureOnDisk)'!='' and '%(ManifestNonResxWithCultureOnDisk.EmittedForCompatibilityOnly)'=='') was evaluated as (''!='' and ''=='').
   5:8>Done building target "_GenerateSatelliteAssemblyInputs" in project "TourManagement.Domain.csproj".
       Target "ComputeIntermediateSatelliteAssemblies" skipped, due to false condition; (@(EmbeddedResource->'%(WithCulture)') != '') was evaluated as ( != '').
       Target "GenerateSatelliteAssemblies" skipped, due to false condition; ('@(_SatelliteAssemblyResourceInputs)' != '' and '$(GenerateSatelliteAssembliesForCore)' != 'true') was evaluated as ('' != '' and 'true' != 'true').
       Target "CoreGenerateSatelliteAssemblies" skipped, due to false condition; ('@(_SatelliteAssemblyResourceInputs)' != ''  and '$(GenerateSatelliteAssembliesForCore)' == 'true' ) was evaluated as ('' != ''  and 'true' == 'true' ).
   5:8>Target "CreateSatelliteAssemblies" in file "/usr/share/dotnet/sdk/8.0.417/Microsoft.Common.CurrentVersion.targets" from project "/modernize-data/studio-data/TNT1001/APP1166/transformed-code/344/studio-workspace/TMS22/src/TourManagement.Domain/TourManagement.Domain.csproj" (target "CoreBuild" depends on it):
   5:8>Done building target "CreateSatelliteAssemblies" in project "TourManagement.Domain.csproj".
       Target "GenerateManifests" skipped, due to false condition; ('$(GenerateClickOnceManifests)'=='true' or '@(NativeReference)'!='' or '@(ResolvedIsolatedComModules)'!='' or '$(GenerateAppxManifest)' == 'true') was evaluated as (''=='true' or ''!='' or ''!='' or '' == 'true').
   5:8>Target "GetTargetPathWithTargetPlatformMoniker" in file "/usr/share/dotnet/sdk/8.0.417/Microsoft.Common.CurrentVersion.targets" from project "/modernize-data/studio-data/TNT1001/APP1166/transformed-code/344/studio-workspace/TMS22/src/TourManagement.Domain/TourManagement.Domain.csproj" (target "GetTargetPath" depends on it):
   5:8>Done building target "GetTargetPathWithTargetPlatformMoniker" in project "TourManagement.Domain.csproj".
   5:8>Target "GetTargetPath" in file "/usr/share/dotnet/sdk/8.0.417/Microsoft.Common.CurrentVersion.targets" from project "/modernize-data/studio-data/TNT1001/APP1166/transformed-code/344/studio-workspace/TMS22/src/TourManagement.Domain/TourManagement.Domain.csproj" (target "CoreBuild" depends on it):
   5:8>Done building target "GetTargetPath" in project "TourManagement.Domain.csproj".
       Target "ComputeIntermediateSatelliteAssemblies" skipped, due to false condition; (@(EmbeddedResource->'%(WithCulture)') != '') was evaluated as ( != '').
       Target "_CopyFilesMarkedCopyLocal" skipped, due to false condition; ('@(ReferenceCopyLocalPaths)' != '') was evaluated as ('' != '').
       Target "AssignTargetPaths" skipped. Previously built successfully.
       Target "AssignProjectConfiguration" skipped. Previously built successfully.
       Target "_SplitProjectReferencesByFileExistence" skipped. Previously built successfully.
       Target "_GetProjectReferenceTargetFrameworkProperties" skipped. Previously built successfully.
   5:8>Target "_PopulateCommonStateForGetCopyToOutputDirectoryItems" in file "/usr/share/dotnet/sdk/8.0.417/Microsoft.Common.CurrentVersion.targets" from project "/modernize-data/studio-data/TNT1001/APP1166/transformed-code/344/studio-workspace/TMS22/src/TourManagement.Domain/TourManagement.Domain.csproj" (target "GetCopyToOutputDirectoryItems" depends on it):
   5:8>Done building target "_PopulateCommonStateForGetCopyToOutputDirectoryItems" in project "TourManagement.Domain.csproj".
       Target "AddDepsJsonAndRuntimeConfigToCopyItemsForReferencingProjects" skipped, due to false condition; ('$(HasRuntimeOutput)' == 'true') was evaluated as ('' == 'true').
   5:8>Target "GetCopyToOutputDirectoryItems" in file "/usr/share/dotnet/sdk/8.0.417/Microsoft.Common.CurrentVersion.targets" from project "/modernize-data/studio-data/TNT1001/APP1166/transformed-code/344/studio-workspace/TMS22/src/TourManagement.Domain/TourManagement.Domain.csproj" (target "_CopySourceItemsToOutputDirectory" depends on it):
       Using "CallTarget" task from assembly "Microsoft.Build.Tasks.Core, Version=15.1.0.0, Culture=neutral, PublicKeyToken=b03f5f7f11d50a3a".
       Task "CallTarget"
       Target "_PopulateCommonStateForGetCopyToOutputDirectoryItems" skipped. Previously built successfully.
       Target "_AddOutputPathToGlobalPropertiesToRemove" skipped. Previously built successfully.
   5:8>Target "_GetCopyToOutputDirectoryItemsFromTransitiveProjectReferences" in file "/usr/share/dotnet/sdk/8.0.417/Microsoft.Common.CurrentVersion.targets" from project "/modernize-data/studio-data/TNT1001/APP1166/transformed-code/344/studio-workspace/TMS22/src/TourManagement.Domain/TourManagement.Domain.csproj" (target "GetCopyToOutputDirectoryItems" depends on it):
       Task "MSBuild" skipped, due to false condition; ('@(_MSBuildProjectReferenceExistent)' != '' and '$(_GetChildProjectCopyToOutputDirectoryItems)' == 'true' and '%(_MSBuildProjectReferenceExistent.Private)' != 'false' and '$(UseCommonOutputDirectory)' != 'true') was evaluated as ('' != '' and 'true' == 'true' and '' != 'false' and 'false' != 'true').
       Task "AssignTargetPath"
       Done executing task "AssignTargetPath".
   5:8>Done building target "_GetCopyToOutputDirectoryItemsFromTransitiveProjectReferences" in project "TourManagement.Domain.csproj".
       Done executing task "CallTarget".
       Task "CallTarget"
       Target "AssignTargetPaths" skipped. Previously built successfully.
       Target "_PopulateCommonStateForGetCopyToOutputDirectoryItems" skipped. Previously built successfully.
       Target "AddDepsJsonAndRuntimeConfigToCopyItemsForReferencingProjects" skipped, due to false condition; ('$(HasRuntimeOutput)' == 'true') was evaluated as ('' == 'true').
   5:8>Target "_GetCopyToOutputDirectoryItemsFromThisProject" in file "/usr/share/dotnet/sdk/8.0.417/Microsoft.Common.CurrentVersion.targets" from project "/modernize-data/studio-data/TNT1001/APP1166/transformed-code/344/studio-workspace/TMS22/src/TourManagement.Domain/TourManagement.Domain.csproj" (target "GetCopyToOutputDirectoryItems" depends on it):
       Task "AssignTargetPath"
       Done executing task "AssignTargetPath".
   5:8>Done building target "_GetCopyToOutputDirectoryItemsFromThisProject" in project "TourManagement.Domain.csproj".
       Done executing task "CallTarget".
   5:8>Done building target "GetCopyToOutputDirectoryItems" in project "TourManagement.Domain.csproj".
       Target "_CopyOutOfDateSourceItemsToOutputDirectory" skipped, due to false condition; ( '@(_SourceItemsToCopyToOutputDirectory)' != '' ) was evaluated as ( '' != '' ).
       Target "_CopyOutOfDateSourceItemsToOutputDirectoryAlways" skipped, due to false condition; ( '@(_SourceItemsToCopyToOutputDirectoryAlways)' != '' ) was evaluated as ( '' != '' ).
   5:8>Target "_CopySourceItemsToOutputDirectory" in file "/usr/share/dotnet/sdk/8.0.417/Microsoft.Common.CurrentVersion.targets" from project "/modernize-data/studio-data/TNT1001/APP1166/transformed-code/344/studio-workspace/TMS22/src/TourManagement.Domain/TourManagement.Domain.csproj" (target "CopyFilesToOutputDirectory" depends on it):
   5:8>Done building target "_CopySourceItemsToOutputDirectory" in project "TourManagement.Domain.csproj".
       Target "_CopyAppConfigFile" skipped, due to false condition; ( '@(AppConfigWithTargetPath)' != '' ) was evaluated as ( '' != '' ).
       Target "_CopyManifestFiles" skipped, due to false condition; ( '$(_DeploymentCopyApplicationManifest)'=='true' or '$(GenerateClickOnceManifests)'=='true' ) was evaluated as ( ''=='true' or ''=='true' ).
   5:8>Target "_CheckForCompileOutputs" in file "/usr/share/dotnet/sdk/8.0.417/Microsoft.Common.CurrentVersion.targets" from project "/modernize-data/studio-data/TNT1001/APP1166/transformed-code/344/studio-workspace/TMS22/src/TourManagement.Domain/TourManagement.Domain.csproj" (target "CopyFilesToOutputDirectory" depends on it):
   5:8>Done building target "_CheckForCompileOutputs" in project "TourManagement.Domain.csproj".
       Target "_SGenCheckForOutputs" skipped, due to false condition; ('$(_SGenGenerateSerializationAssembliesConfig)' == 'On' or ('@(WebReferenceUrl)'!='' and '$(_SGenGenerateSerializationAssembliesConfig)' == 'Auto')) was evaluated as ('Off' == 'On' or (''!='' and 'Off' == 'Auto')).
       Target "_DefaultMicrosoftNETPlatformLibrary" skipped. Previously built successfully.
       Target "_HandlePackageFileConflicts" skipped. Previously built successfully.
       Target "ResolveAssemblyReferences" skipped. Previously built successfully.
   5:8>Target "_ComputeReferenceAssemblies" in file "/usr/share/dotnet/sdk/8.0.417/Sdks/Microsoft.NET.Sdk/targets/Microsoft.NET.Sdk.targets" from project "/modernize-data/studio-data/TNT1001/APP1166/transformed-code/344/studio-workspace/TMS22/src/TourManagement.Domain/TourManagement.Domain.csproj" (target "GenerateBuildDependencyFile" depends on it):
   5:8>Done building target "_ComputeReferenceAssemblies" in project "TourManagement.Domain.csproj".
   5:8>Target "_ComputeUserRuntimeAssemblies" in file "/usr/share/dotnet/sdk/8.0.417/Sdks/Microsoft.NET.Sdk/targets/Microsoft.NET.Sdk.targets" from project "/modernize-data/studio-data/TNT1001/APP1166/transformed-code/344/studio-workspace/TMS22/src/TourManagement.Domain/TourManagement.Domain.csproj" (target "GenerateBuildDependencyFile" depends on it):
   5:8>Done building target "_ComputeUserRuntimeAssemblies" in project "TourManagement.Domain.csproj".
       Target "ResolveRuntimePackAssets" skipped, due to false condition; ('@(RuntimePack)' != '') was evaluated as ('' != '').
       Target "_ComputePackageReferencePublish" skipped. Previously built successfully.
       Target "ComputeDependencyFileCompilerOptions" skipped, due to false condition; ('$(PreserveCompilationContext)' == 'true') was evaluated as ('' == 'true').
   5:8>Target "GenerateBuildDependencyFile" in file "/usr/share/dotnet/sdk/8.0.417/Sdks/Microsoft.NET.Sdk/targets/Microsoft.NET.Sdk.targets" from project "/modernize-data/studio-data/TNT1001/APP1166/transformed-code/344/studio-workspace/TMS22/src/TourManagement.Domain/TourManagement.Domain.csproj" (target "CopyFilesToOutputDirectory" depends on it):
       Building target "GenerateBuildDependencyFile" completely.
       Output file "/modernize-data/studio-data/TNT1001/APP1166/transformed-code/344/studio-workspace/TMS22/src/TourManagement.Domain/bin/Debug/net8.0/TourManagement.Domain.deps.json" does not exist.
       Using "GenerateDepsFile" task from assembly "/usr/share/dotnet/sdk/8.0.417/Sdks/Microsoft.NET.Sdk/targets/../tools/net8.0/Microsoft.NET.Build.Tasks.dll".
       Task "GenerateDepsFile"
       Done executing task "GenerateDepsFile".
   5:8>Done building target "GenerateBuildDependencyFile" in project "TourManagement.Domain.csproj".
       Target "GenerateBuildRuntimeConfigurationFiles" skipped, due to false condition; ( '$(GenerateRuntimeConfigurationFiles)' == 'true') was evaluated as ( '' == 'true').
       Target "GenerateShimsAssets" skipped, due to false condition; ('$(PackAsTool)' == 'true' and $(PackAsToolShimRuntimeIdentifiers) != '' ) was evaluated as ('' == 'true' and  != '' ).
   5:8>Target "CopyFilesToOutputDirectory" in file "/usr/share/dotnet/sdk/8.0.417/Microsoft.Common.CurrentVersion.targets" from project "/modernize-data/studio-data/TNT1001/APP1166/transformed-code/344/studio-workspace/TMS22/src/TourManagement.Domain/TourManagement.Domain.csproj" (target "PrepareForRun" depends on it):
       Using "Copy" task from assembly "Microsoft.Build.Tasks.Core, Version=15.1.0.0, Culture=neutral, PublicKeyToken=b03f5f7f11d50a3a".
       Task "Copy"
         Copying file from "/modernize-data/studio-data/TNT1001/APP1166/transformed-code/344/studio-workspace/TMS22/src/TourManagement.Domain/obj/Debug/net8.0/TourManagement.Domain.dll" to "/modernize-data/studio-data/TNT1001/APP1166/transformed-code/344/studio-workspace/TMS22/src/TourManagement.Domain/bin/Debug/net8.0/TourManagement.Domain.dll".
       Done executing task "Copy".
       Using "CopyRefAssembly" task from assembly "/usr/share/dotnet/sdk/8.0.417/Roslyn/Microsoft.Build.Tasks.CodeAnalysis.dll".
       Task "CopyRefAssembly"
         Copying reference assembly from "obj/Debug/net8.0/refint/TourManagement.Domain.dll" to "/modernize-data/studio-data/TNT1001/APP1166/transformed-code/344/studio-workspace/TMS22/src/TourManagement.Domain/obj/Debug/net8.0/ref/TourManagement.Domain.dll".
       Done executing task "CopyRefAssembly".
       Task "Message"
         TourManagement.Domain -> /modernize-data/studio-data/TNT1001/APP1166/transformed-code/344/studio-workspace/TMS22/src/TourManagement.Domain/bin/Debug/net8.0/TourManagement.Domain.dll
       Done executing task "Message".
       Task "Copy" skipped, due to false condition; ('@(AddModules)' != '') was evaluated as ('' != '').
       Task "Copy" skipped, due to false condition; ('$(_SGenDllCreated)'=='true') was evaluated as ('false'=='true').
       Task "Copy"
         Copying file from "/modernize-data/studio-data/TNT1001/APP1166/transformed-code/344/studio-workspace/TMS22/src/TourManagement.Domain/obj/Debug/net8.0/TourManagement.Domain.pdb" to "/modernize-data/studio-data/TNT1001/APP1166/transformed-code/344/studio-workspace/TMS22/src/TourManagement.Domain/bin/Debug/net8.0/TourManagement.Domain.pdb".
       Done executing task "Copy".
       Task "Copy" skipped, due to false condition; ('$(_DocumentationFileProduced)'=='true' and '$(CopyDocumentationFileToOutputDirectory)'=='true') was evaluated as ('false'=='true' and 'true'=='true').
       Task "Copy" skipped, due to false condition; ('@(IntermediateSatelliteAssembliesWithTargetPath)' != '') was evaluated as ('' != '').
       Task "Copy" skipped, due to false condition; ('@(ReferenceComWrappersToCopyLocal)' != '' or '@(ResolvedIsolatedComModules)' != '' or '@(_DeploymentLooseManifestFile)' != '' or '@(NativeReferenceFile)' != '' ) was evaluated as ('' != '' or '' != '' or '' != '' or '' != '' ).
       Task "Copy" skipped, due to false condition; ('$(SkipCopyWinMDArtifact)' != 'true' and '@(WinMDExpArtifacts)' != '') was evaluated as ('' != 'true' and '' != '').
       Task "Message" skipped, due to false condition; ('$(SkipCopyWinMDArtifact)' != 'true' and '$(_WindowsMetadataOutputPath)' != '') was evaluated as ('' != 'true' and '' != '').
   5:8>Done building target "CopyFilesToOutputDirectory" in project "TourManagement.Domain.csproj".
       Target "_CopyReferenceOnlyAssembliesForBuild" skipped, due to false condition; ('$(PreserveCompilationReferences)' == 'true') was evaluated as ('' == 'true').
   5:8>Target "PrepareForRun" in file "/usr/share/dotnet/sdk/8.0.417/Microsoft.Common.CurrentVersion.targets" from project "/modernize-data/studio-data/TNT1001/APP1166/transformed-code/344/studio-workspace/TMS22/src/TourManagement.Domain/TourManagement.Domain.csproj" (target "CoreBuild" depends on it):
   5:8>Done building target "PrepareForRun" in project "TourManagement.Domain.csproj".
       Target "UnmanagedRegistration" skipped, due to false condition; ('$(RegisterForComInterop)'=='true' and '$(OutputType)'=='library') was evaluated as (''=='true' and 'Library'=='library').
       Target "_CheckForCompileOutputs" skipped. Previously built successfully.
       Target "_SGenCheckForOutputs" skipped, due to false condition; ('$(_SGenGenerateSerializationAssembliesConfig)' == 'On' or ('@(WebReferenceUrl)'!='' and '$(_SGenGenerateSerializationAssembliesConfig)' == 'Auto')) was evaluated as ('Off' == 'On' or (''!='' and 'Off' == 'Auto')).
   5:8>Target "_CleanGetCurrentAndPriorFileWrites" in file "/usr/share/dotnet/sdk/8.0.417/Microsoft.Common.CurrentVersion.targets" from project "/modernize-data/studio-data/TNT1001/APP1166/transformed-code/344/studio-workspace/TMS22/src/TourManagement.Domain/TourManagement.Domain.csproj" (target "IncrementalClean" depends on it):
       Using "ReadLinesFromFile" task from assembly "Microsoft.Build.Tasks.Core, Version=15.1.0.0, Culture=neutral, PublicKeyToken=b03f5f7f11d50a3a".
       Task "ReadLinesFromFile"
       Done executing task "ReadLinesFromFile".
       Task "ConvertToAbsolutePath"
       Done executing task "ConvertToAbsolutePath".
       Using "FindUnderPath" task from assembly "Microsoft.Build.Tasks.Core, Version=15.1.0.0, Culture=neutral, PublicKeyToken=b03f5f7f11d50a3a".
       Task "FindUnderPath"
         Comparison path is "/modernize-data/studio-data/TNT1001/APP1166/transformed-code/344/studio-workspace/TMS22/src/TourManagement.Domain".
       Done executing task "FindUnderPath".
       Task "FindUnderPath"
         Comparison path is "bin/Debug/net8.0/".
       Done executing task "FindUnderPath".
       Task "FindUnderPath"
         Comparison path is "obj/Debug/net8.0/".
       Done executing task "FindUnderPath".
       Task "RemoveDuplicates"
       Done executing task "RemoveDuplicates".
   5:8>Done building target "_CleanGetCurrentAndPriorFileWrites" in project "TourManagement.Domain.csproj".
   5:8>Target "IncrementalClean" in file "/usr/share/dotnet/sdk/8.0.417/Microsoft.Common.CurrentVersion.targets" from project "/modernize-data/studio-data/TNT1001/APP1166/transformed-code/344/studio-workspace/TMS22/src/TourManagement.Domain/TourManagement.Domain.csproj" (target "CoreBuild" depends on it):
       Task "FindUnderPath"
         Comparison path is "bin/Debug/net8.0/".
       Done executing task "FindUnderPath".
       Task "FindUnderPath"
         Comparison path is "obj/Debug/net8.0/".
       Done executing task "FindUnderPath".
       Using "Delete" task from assembly "Microsoft.Build.Tasks.Core, Version=15.1.0.0, Culture=neutral, PublicKeyToken=b03f5f7f11d50a3a".
       Task "Delete"
       Done executing task "Delete".
       Task "RemoveDuplicates"
       Done executing task "RemoveDuplicates".
       Task "WriteLinesToFile"
       Done executing task "WriteLinesToFile".
   5:8>Done building target "IncrementalClean" in project "TourManagement.Domain.csproj".
       Target "PostBuildEvent" skipped, due to false condition; ('$(PostBuildEvent)' != '' and ('$(RunPostBuildEvent)' != 'OnOutputUpdated' or '$(_AssemblyTimestampBeforeCompile)' != '$(_AssemblyTimestampAfterCompile)')) was evaluated as ('' != '' and ('' != 'OnOutputUpdated' or '' != '')).
       Target "GenerateBuildDependencyFile" skipped. Previously built successfully.
       Target "GenerateBuildRuntimeConfigurationFiles" skipped, due to false condition; ( '$(GenerateRuntimeConfigurationFiles)' == 'true') was evaluated as ( '' == 'true').
   5:8>Target "CoreBuild" in file "/usr/share/dotnet/sdk/8.0.417/Microsoft.Common.CurrentVersion.targets" from project "/modernize-data/studio-data/TNT1001/APP1166/transformed-code/344/studio-workspace/TMS22/src/TourManagement.Domain/TourManagement.Domain.csproj" (target "Build" depends on it):
   5:8>Done building target "CoreBuild" in project "TourManagement.Domain.csproj".
   5:8>Target "AfterBuild" in file "/usr/share/dotnet/sdk/8.0.417/Microsoft.Common.CurrentVersion.targets" from project "/modernize-data/studio-data/TNT1001/APP1166/transformed-code/344/studio-workspace/TMS22/src/TourManagement.Domain/TourManagement.Domain.csproj" (target "Build" depends on it):
   5:8>Done building target "AfterBuild" in project "TourManagement.Domain.csproj".
       Target "_CheckBrowserWorkloadNeededButNotAvailable" skipped, due to false condition; ('$(RuntimeIdentifier)' == 'browser-wasm' and '$(_BrowserWorkloadDisabled)' != 'true' and '$(WasmNativeWorkloadAvailable)' != 'true') was evaluated as ('' == 'browser-wasm' and '' != 'true' and '' != 'true').
       Target "_ErrorWorkloadDisabledForTFMLessThan6" skipped, due to false condition; ('$(_BrowserWorkloadNotSupportedForTFM)' == 'true') was evaluated as ('' == 'true').
       Target "_ErrorDualWasmThreadPropsOn7" skipped, due to false condition; ('$(TargetsNet7)' == 'true' and '$(RuntimeIdentifier)' == 'browser-wasm' and
           '$(BrowserWorkloadDisabled)' != 'true' and '$(WasmEnableThreads)' == 'true' and '$(WasmEnablePerfTrace)' == 'true') was evaluated as ('' == 'true' and '' == 'browser-wasm' and
           '' != 'true' and '' == 'true' and '' == 'true').
       Target "_CheckForInvalidConfigurationAndPlatform" skipped. Previously built successfully.
       Target "_CheckForInvalidConfigurationAndPlatform" skipped. Previously built successfully.
   5:8>Target "Build" in file "/usr/share/dotnet/sdk/8.0.417/Microsoft.Common.CurrentVersion.targets" from project "/modernize-data/studio-data/TNT1001/APP1166/transformed-code/344/studio-workspace/TMS22/src/TourManagement.Domain/TourManagement.Domain.csproj" (entry point):
   5:8>Done building target "Build" in project "TourManagement.Domain.csproj".
       Target "_PackAsBuildAfterTarget" skipped, due to false condition; ('$(GeneratePackageOnBuild)' == 'true' AND '$(IsInnerBuild)' != 'true') was evaluated as ('false' == 'true' AND '' != 'true').
   5:8>Target "_CheckContainersPackage" in file "/usr/share/dotnet/sdk/8.0.417/Containers/build/Microsoft.NET.Build.Containers.targets" from project "/modernize-data/studio-data/TNT1001/APP1166/transformed-code/344/studio-workspace/TMS22/src/TourManagement.Domain/TourManagement.Domain.csproj" (entry point):
       Task "Warning" skipped, due to false condition; ($(_ContainerPackageIsPresent)
               and (
                 ($(_SdkCanPublishWeb) and $(_IsWebProject)) or
                 ($(_SdkCanPublishWorker) and $(_IsWorkerProject)) or
                 ($(_SdkCanPublishConsole) and '$(EnableSdkContainerSupport)' == 'true')
               )) was evaluated as (false
               and (
                 (True and false) or
                 (True and false) or
                 (True and '' == 'true')
               )).
   5:8>Done building target "_CheckContainersPackage" in project "TourManagement.Domain.csproj".
   5:8>Done Building Project "/modernize-data/studio-data/TNT1001/APP1166/transformed-code/344/studio-workspace/TMS22/src/TourManagement.Domain/TourManagement.Domain.csproj" (default targets).
   4:6>Project "/modernize-data/studio-data/TNT1001/APP1166/transformed-code/344/studio-workspace/TMS22/src/TourManagement.Web/TourManagement.Web.csproj" (4:6) is building "/modernize-data/studio-data/TNT1001/APP1166/transformed-code/344/studio-workspace/TMS22/src/TourManagement.Domain/TourManagement.Domain.csproj" (5:9) on node 1 (GetTargetFrameworks target(s)).
   5:9>Target "GetTargetFrameworksWithPlatformForSingleTargetFramework" in file "/usr/share/dotnet/sdk/8.0.417/Microsoft.Common.CurrentVersion.targets" from project "/modernize-data/studio-data/TNT1001/APP1166/transformed-code/344/studio-workspace/TMS22/src/TourManagement.Domain/TourManagement.Domain.csproj" (target "GetTargetFrameworks" depends on it):
   5:9>Using "CombineTargetFrameworkInfoProperties" task from assembly "Microsoft.Build.Tasks.Core, Version=15.1.0.0, Culture=neutral, PublicKeyToken=b03f5f7f11d50a3a".
       Task "CombineTargetFrameworkInfoProperties"
       Done executing task "CombineTargetFrameworkInfoProperties".
   5:9>Done building target "GetTargetFrameworksWithPlatformForSingleTargetFramework" in project "TourManagement.Domain.csproj".
   5:9>Target "GetTargetFrameworks" in file "/usr/share/dotnet/sdk/8.0.417/Microsoft.Common.CurrentVersion.targets" from project "/modernize-data/studio-data/TNT1001/APP1166/transformed-code/344/studio-workspace/TMS22/src/TourManagement.Domain/TourManagement.Domain.csproj" (entry point):
       Task "Error" skipped, due to false condition; ('$(IsCrossTargetingBuild)' == 'true') was evaluated as ('' == 'true').
       Using "CombineXmlElements" task from assembly "Microsoft.Build.Tasks.Core, Version=15.1.0.0, Culture=neutral, PublicKeyToken=b03f5f7f11d50a3a".
       Task "CombineXmlElements"
       Done executing task "CombineXmlElements".
   5:9>Done building target "GetTargetFrameworks" in project "TourManagement.Domain.csproj".
   5:9>Done Building Project "/modernize-data/studio-data/TNT1001/APP1166/transformed-code/344/studio-workspace/TMS22/src/TourManagement.Domain/TourManagement.Domain.csproj" (GetTargetFrameworks target(s)).
   2:8>Project "/modernize-data/studio-data/TNT1001/APP1166/transformed-code/344/studio-workspace/TMS22/src/TourManagement.Application/TourManagement.Application.csproj" (2:8) is building "/modernize-data/studio-data/TNT1001/APP1166/transformed-code/344/studio-workspace/TMS22/src/TourManagement.Domain/TourManagement.Domain.csproj" (5:10) on node 1 (GetTargetFrameworks target(s)).
  5:10>Target "GetTargetFrameworks" skipped. Previously built successfully.
  5:10>Done Building Project "/modernize-data/studio-data/TNT1001/APP1166/transformed-code/344/studio-workspace/TMS22/src/TourManagement.Domain/TourManagement.Domain.csproj" (GetTargetFrameworks target(s)).
   3:7>Project "/modernize-data/studio-data/TNT1001/APP1166/transformed-code/344/studio-workspace/TMS22/src/TourManagement.Infrastructure/TourManagement.Infrastructure.csproj" (3:7) is building "/modernize-data/studio-data/TNT1001/APP1166/transformed-code/344/studio-workspace/TMS22/src/TourManagement.Domain/TourManagement.Domain.csproj" (5:11) on node 1 (GetTargetFrameworks target(s)).
  5:11>Target "GetTargetFrameworks" skipped. Previously built successfully.
  5:11>Done Building Project "/modernize-data/studio-data/TNT1001/APP1166/transformed-code/344/studio-workspace/TMS22/src/TourManagement.Domain/TourManagement.Domain.csproj" (GetTargetFrameworks target(s)).
   3:7>Done executing task "MSBuild".
       Task "MSBuild" skipped, due to false condition; ('%(_MSBuildProjectReferenceExistent.SkipGetTargetFrameworkProperties)' != 'true' and '$(EnableDynamicPlatformResolution)' == 'true') was evaluated as ('' != 'true' and '' == 'true').
   4:6>Done executing task "MSBuild".
       Task "MSBuild" skipped, due to false condition; ('%(_MSBuildProjectReferenceExistent.SkipGetTargetFrameworkProperties)' != 'true' and '$(EnableDynamicPlatformResolution)' == 'true') was evaluated as ('' != 'true' and '' == 'true').
   2:8>Done executing task "MSBuild".
   3:7>_GetProjectReferenceTargetFrameworkProperties:
       Using "GetReferenceNearestTargetFrameworkTask" task from assembly "/usr/share/dotnet/sdk/8.0.417/NuGet.Build.Tasks.dll".
       Task "GetReferenceNearestTargetFrameworkTask"
   4:6>_GetProjectReferenceTargetFrameworkProperties:
       Using "GetReferenceNearestTargetFrameworkTask" task from assembly "/usr/share/dotnet/sdk/8.0.417/NuGet.Build.Tasks.dll".
   2:8>_GetProjectReferenceTargetFrameworkProperties:
       Task "MSBuild" skipped, due to false condition; ('%(_MSBuildProjectReferenceExistent.SkipGetTargetFrameworkProperties)' != 'true' and '$(EnableDynamicPlatformResolution)' == 'true') was evaluated as ('' != 'true' and '' == 'true').
   4:6>Task "GetReferenceNearestTargetFrameworkTask"
   3:7>Done executing task "GetReferenceNearestTargetFrameworkTask".
   4:6>Done executing task "GetReferenceNearestTargetFrameworkTask".
   3:7>_GetProjectReferenceTargetFrameworkProperties:
       Task "GetReferenceNearestTargetFrameworkTask" skipped, due to false condition; ('@(_ProjectReferenceTargetFrameworkPossibilities)' != '' and '$(ReferringTargetFrameworkForProjectReferences)' != ''
                                                               And '$(GetReferenceNearestTargetFrameworkTaskSupportsTargetPlatformParameter)' != 'true' and '%(_ProjectReferenceTargetFrameworkPossibilities.IsVcxOrNativeProj)' != 'true') was evaluated as ('../TourManagement.Domain/TourManagement.Domain.csproj;../TourManagement.Application/TourManagement.Application.csproj' != '' and '.NETCoreApp,Version=v8.0' != ''
                                                               And 'true' != 'true' and '' != 'true').
   2:8>_GetProjectReferenceTargetFrameworkProperties:
       Using "GetReferenceNearestTargetFrameworkTask" task from assembly "/usr/share/dotnet/sdk/8.0.417/NuGet.Build.Tasks.dll".
       Task "GetReferenceNearestTargetFrameworkTask"
   4:6>_GetProjectReferenceTargetFrameworkProperties:
       Task "GetReferenceNearestTargetFrameworkTask" skipped, due to false condition; ('@(_ProjectReferenceTargetFrameworkPossibilities)' != '' and '$(ReferringTargetFrameworkForProjectReferences)' != ''
                                                               And '$(GetReferenceNearestTargetFrameworkTaskSupportsTargetPlatformParameter)' != 'true' and '%(_ProjectReferenceTargetFrameworkPossibilities.IsVcxOrNativeProj)' != 'true') was evaluated as ('../TourManagement.Infrastructure/TourManagement.Infrastructure.csproj;../TourManagement.Application/TourManagement.Application.csproj;../TourManagement.Domain/TourManagement.Domain.csproj' != '' and '.NETCoreApp,Version=v8.0' != ''
                                                               And 'true' != 'true' and '' != 'true').
   3:7>_GetProjectReferenceTargetFrameworkProperties:
       Using "SetRidAgnosticValueForProjects" task from assembly "Microsoft.Build.Tasks.Core, Version=15.1.0.0, Culture=neutral, PublicKeyToken=b03f5f7f11d50a3a".
       Task "SetRidAgnosticValueForProjects"
   4:6>_GetProjectReferenceTargetFrameworkProperties:
       Using "SetRidAgnosticValueForProjects" task from assembly "Microsoft.Build.Tasks.Core, Version=15.1.0.0, Culture=neutral, PublicKeyToken=b03f5f7f11d50a3a".
       Task "SetRidAgnosticValueForProjects"
   2:8>_GetProjectReferenceTargetFrameworkProperties:
         Assembly loaded during TaskRun (NuGet.Build.Tasks.GetReferenceNearestTargetFrameworkTask): NuGet.Frameworks, Version=6.11.1.2, Culture=neutral, PublicKeyToken=31bf3856ad364e35 (location: /usr/share/dotnet/sdk/8.0.417/NuGet.Frameworks.dll, MVID: 36fa17a1-abb6-4cce-b85c-dd32a6dcc45f, AssemblyLoadContext: MSBuild plugin /usr/share/dotnet/sdk/8.0.417/NuGet.Build.Tasks.dll)
   3:7>Done executing task "SetRidAgnosticValueForProjects".
   4:6>Done executing task "SetRidAgnosticValueForProjects".
   3:7>Done building target "_GetProjectReferenceTargetFrameworkProperties" in project "TourManagement.Infrastructure.csproj".
   4:6>Done building target "_GetProjectReferenceTargetFrameworkProperties" in project "TourManagement.Web.csproj".
   4:6>Target "ValidateExecutableReferences" in file "/usr/share/dotnet/sdk/8.0.417/Sdks/Microsoft.NET.Sdk/targets/Microsoft.NET.Sdk.targets" from project "/modernize-data/studio-data/TNT1001/APP1166/transformed-code/344/studio-workspace/TMS22/src/TourManagement.Web/TourManagement.Web.csproj" (target "PrepareProjectReferences" depends on it):
       Using "ValidateExecutableReferences" task from assembly "/usr/share/dotnet/sdk/8.0.417/Sdks/Microsoft.NET.Sdk/targets/../tools/net8.0/Microsoft.NET.Build.Tasks.dll".
       Task "ValidateExecutableReferences"
   3:7>Target "ValidateExecutableReferences" in file "/usr/share/dotnet/sdk/8.0.417/Sdks/Microsoft.NET.Sdk/targets/Microsoft.NET.Sdk.targets" from project "/modernize-data/studio-data/TNT1001/APP1166/transformed-code/344/studio-workspace/TMS22/src/TourManagement.Infrastructure/TourManagement.Infrastructure.csproj" (target "PrepareProjectReferences" depends on it):
   3:7>Using "ValidateExecutableReferences" task from assembly "/usr/share/dotnet/sdk/8.0.417/Sdks/Microsoft.NET.Sdk/targets/../tools/net8.0/Microsoft.NET.Build.Tasks.dll".
       Task "ValidateExecutableReferences"
       Done executing task "ValidateExecutableReferences".
   3:7>Done building target "ValidateExecutableReferences" in project "TourManagement.Infrastructure.csproj".
       Target "_GetProjectReferencePlatformProperties" skipped, due to false condition; ('$(EnableDynamicPlatformResolution)' == 'true'
                            and '@(_MSBuildProjectReferenceExistent)' != '') was evaluated as ('' == 'true'
                            and '../TourManagement.Domain/TourManagement.Domain.csproj;../TourManagement.Application/TourManagement.Application.csproj' != '').
   3:7>Target "PrepareProjectReferences" in file "/usr/share/dotnet/sdk/8.0.417/Microsoft.Common.CurrentVersion.targets" from project "/modernize-data/studio-data/TNT1001/APP1166/transformed-code/344/studio-workspace/TMS22/src/TourManagement.Infrastructure/TourManagement.Infrastructure.csproj" (target "ResolveProjectReferences" depends on it):
   3:7>Done building target "PrepareProjectReferences" in project "TourManagement.Infrastructure.csproj".
   3:7>Target "ResolveProjectReferences" in file "/usr/share/dotnet/sdk/8.0.417/Microsoft.Common.CurrentVersion.targets" from project "/modernize-data/studio-data/TNT1001/APP1166/transformed-code/344/studio-workspace/TMS22/src/TourManagement.Infrastructure/TourManagement.Infrastructure.csproj" (target "ResolveReferences" depends on it):
       Task "MSBuild" skipped, due to false condition; ('%(_MSBuildProjectReferenceExistent.BuildReference)' == 'true' and '@(ProjectReferenceWithConfiguration)' != '' and ('$(BuildingInsideVisualStudio)' == 'true' or '$(BuildProjectReferences)' != 'true') and '$(VisualStudioVersion)' != '10.0' and '@(_MSBuildProjectReferenceExistent)' != '') was evaluated as ('true' == 'true' and '../TourManagement.Domain/TourManagement.Domain.csproj;../TourManagement.Application/TourManagement.Application.csproj' != '' and ('' == 'true' or 'true' != 'true') and '17.0' != '10.0' and '../TourManagement.Domain/TourManagement.Domain.csproj;../TourManagement.Application/TourManagement.Application.csproj' != '').
       Task "MSBuild"
   4:6>Done executing task "ValidateExecutableReferences".
   4:6>Done building target "ValidateExecutableReferences" in project "TourManagement.Web.csproj".
       Target "_GetProjectReferencePlatformProperties" skipped, due to false condition; ('$(EnableDynamicPlatformResolution)' == 'true'
                            and '@(_MSBuildProjectReferenceExistent)' != '') was evaluated as ('' == 'true'
                            and '../TourManagement.Infrastructure/TourManagement.Infrastructure.csproj;../TourManagement.Application/TourManagement.Application.csproj;../TourManagement.Domain/TourManagement.Domain.csproj' != '').
   3:7>ResolveProjectReferences:
         Global Properties:
           Configuration=Debug
   4:6>Target "PrepareProjectReferences" in file "/usr/share/dotnet/sdk/8.0.417/Microsoft.Common.CurrentVersion.targets" from project "/modernize-data/studio-data/TNT1001/APP1166/transformed-code/344/studio-workspace/TMS22/src/TourManagement.Web/TourManagement.Web.csproj" (target "ResolveProjectReferences" depends on it):
   4:6>Done building target "PrepareProjectReferences" in project "TourManagement.Web.csproj".
   3:7>ResolveProjectReferences:
           Platform=AnyCPU
         Removing Properties for project "../TourManagement.Domain/TourManagement.Domain.csproj":
           TargetFramework
           RuntimeIdentifier
           SelfContained
         Removing Properties for project "../TourManagement.Application/TourManagement.Application.csproj":
           TargetFramework
           RuntimeIdentifier
           SelfContained
   4:6>Target "ResolveProjectReferences" in file "/usr/share/dotnet/sdk/8.0.417/Microsoft.Common.CurrentVersion.targets" from project "/modernize-data/studio-data/TNT1001/APP1166/transformed-code/344/studio-workspace/TMS22/src/TourManagement.Web/TourManagement.Web.csproj" (target "ResolveReferences" depends on it):
   4:6>Task "MSBuild" skipped, due to false condition; ('%(_MSBuildProjectReferenceExistent.BuildReference)' == 'true' and '@(ProjectReferenceWithConfiguration)' != '' and ('$(BuildingInsideVisualStudio)' == 'true' or '$(BuildProjectReferences)' != 'true') and '$(VisualStudioVersion)' != '10.0' and '@(_MSBuildProjectReferenceExistent)' != '') was evaluated as ('true' == 'true' and '../TourManagement.Infrastructure/TourManagement.Infrastructure.csproj;../TourManagement.Application/TourManagement.Application.csproj;../TourManagement.Domain/TourManagement.Domain.csproj' != '' and ('' == 'true' or 'true' != 'true') and '17.0' != '10.0' and '../TourManagement.Infrastructure/TourManagement.Infrastructure.csproj;../TourManagement.Application/TourManagement.Application.csproj;../TourManagement.Domain/TourManagement.Domain.csproj' != '').
   3:7>Project "/modernize-data/studio-data/TNT1001/APP1166/transformed-code/344/studio-workspace/TMS22/src/TourManagement.Infrastructure/TourManagement.Infrastructure.csproj" (3:7) is building "/modernize-data/studio-data/TNT1001/APP1166/transformed-code/344/studio-workspace/TMS22/src/TourManagement.Domain/TourManagement.Domain.csproj" (5:12) on node 1 (default targets).
  5:12>Target "Build" skipped. Previously built successfully.
  5:12>Done Building Project "/modernize-data/studio-data/TNT1001/APP1166/transformed-code/344/studio-workspace/TMS22/src/TourManagement.Domain/TourManagement.Domain.csproj" (default targets).
   4:6>Task "MSBuild"
         Global Properties:
           Configuration=Debug
           Platform=AnyCPU
         Removing Properties:
           WebPublishProfileFile
         Removing Properties for project "../TourManagement.Infrastructure/TourManagement.Infrastructure.csproj":
           TargetFramework
           RuntimeIdentifier
           SelfContained
         Removing Properties for project "../TourManagement.Application/TourManagement.Application.csproj":
           TargetFramework
           RuntimeIdentifier
           SelfContained
         Removing Properties for project "../TourManagement.Domain/TourManagement.Domain.csproj":
           TargetFramework
           RuntimeIdentifier
           SelfContained
   4:6>Project "/modernize-data/studio-data/TNT1001/APP1166/transformed-code/344/studio-workspace/TMS22/src/TourManagement.Web/TourManagement.Web.csproj" (4:6) is building "/modernize-data/studio-data/TNT1001/APP1166/transformed-code/344/studio-workspace/TMS22/src/TourManagement.Domain/TourManagement.Domain.csproj" (5:13) on node 1 (default targets).
  5:13>Target "Build" skipped. Previously built successfully.
  5:13>Done Building Project "/modernize-data/studio-data/TNT1001/APP1166/transformed-code/344/studio-workspace/TMS22/src/TourManagement.Domain/TourManagement.Domain.csproj" (default targets).
   2:8>Done executing task "GetReferenceNearestTargetFrameworkTask".
       Task "GetReferenceNearestTargetFrameworkTask" skipped, due to false condition; ('@(_ProjectReferenceTargetFrameworkPossibilities)' != '' and '$(ReferringTargetFrameworkForProjectReferences)' != ''
                                                               And '$(GetReferenceNearestTargetFrameworkTaskSupportsTargetPlatformParameter)' != 'true' and '%(_ProjectReferenceTargetFrameworkPossibilities.IsVcxOrNativeProj)' != 'true') was evaluated as ('../TourManagement.Domain/TourManagement.Domain.csproj' != '' and '.NETCoreApp,Version=v8.0' != ''
                                                               And 'true' != 'true' and '' != 'true').
       Using "SetRidAgnosticValueForProjects" task from assembly "Microsoft.Build.Tasks.Core, Version=15.1.0.0, Culture=neutral, PublicKeyToken=b03f5f7f11d50a3a".
       Task "SetRidAgnosticValueForProjects"
       Done executing task "SetRidAgnosticValueForProjects".
   2:8>Done building target "_GetProjectReferenceTargetFrameworkProperties" in project "TourManagement.Application.csproj".
   2:8>Target "ValidateExecutableReferences" in file "/usr/share/dotnet/sdk/8.0.417/Sdks/Microsoft.NET.Sdk/targets/Microsoft.NET.Sdk.targets" from project "/modernize-data/studio-data/TNT1001/APP1166/transformed-code/344/studio-workspace/TMS22/src/TourManagement.Application/TourManagement.Application.csproj" (target "PrepareProjectReferences" depends on it):
       Using "ValidateExecutableReferences" task from assembly "/usr/share/dotnet/sdk/8.0.417/Sdks/Microsoft.NET.Sdk/targets/../tools/net8.0/Microsoft.NET.Build.Tasks.dll".
       Task "ValidateExecutableReferences"
       Done executing task "ValidateExecutableReferences".
   2:8>Done building target "ValidateExecutableReferences" in project "TourManagement.Application.csproj".
       Target "_GetProjectReferencePlatformProperties" skipped, due to false condition; ('$(EnableDynamicPlatformResolution)' == 'true'
                            and '@(_MSBuildProjectReferenceExistent)' != '') was evaluated as ('' == 'true'
                            and '../TourManagement.Domain/TourManagement.Domain.csproj' != '').
   2:8>Target "PrepareProjectReferences" in file "/usr/share/dotnet/sdk/8.0.417/Microsoft.Common.CurrentVersion.targets" from project "/modernize-data/studio-data/TNT1001/APP1166/transformed-code/344/studio-workspace/TMS22/src/TourManagement.Application/TourManagement.Application.csproj" (target "ResolveProjectReferences" depends on it):
   2:8>Done building target "PrepareProjectReferences" in project "TourManagement.Application.csproj".
   2:8>Target "ResolveProjectReferences" in file "/usr/share/dotnet/sdk/8.0.417/Microsoft.Common.CurrentVersion.targets" from project "/modernize-data/studio-data/TNT1001/APP1166/transformed-code/344/studio-workspace/TMS22/src/TourManagement.Application/TourManagement.Application.csproj" (target "ResolveReferences" depends on it):
       Task "MSBuild" skipped, due to false condition; ('%(_MSBuildProjectReferenceExistent.BuildReference)' == 'true' and '@(ProjectReferenceWithConfiguration)' != '' and ('$(BuildingInsideVisualStudio)' == 'true' or '$(BuildProjectReferences)' != 'true') and '$(VisualStudioVersion)' != '10.0' and '@(_MSBuildProjectReferenceExistent)' != '') was evaluated as ('true' == 'true' and '../TourManagement.Domain/TourManagement.Domain.csproj' != '' and ('' == 'true' or 'true' != 'true') and '17.0' != '10.0' and '../TourManagement.Domain/TourManagement.Domain.csproj' != '').
       Task "MSBuild"
         Global Properties:
           Configuration=Debug
           Platform=AnyCPU
         Removing Properties for project "../TourManagement.Domain/TourManagement.Domain.csproj":
           TargetFramework
           RuntimeIdentifier
           SelfContained
   2:8>Project "/modernize-data/studio-data/TNT1001/APP1166/transformed-code/344/studio-workspace/TMS22/src/TourManagement.Application/TourManagement.Application.csproj" (2:8) is building "/modernize-data/studio-data/TNT1001/APP1166/transformed-code/344/studio-workspace/TMS22/src/TourManagement.Domain/TourManagement.Domain.csproj" (5:14) on node 1 (default targets).
  5:14>Target "Build" skipped. Previously built successfully.
  5:14>Done Building Project "/modernize-data/studio-data/TNT1001/APP1166/transformed-code/344/studio-workspace/TMS22/src/TourManagement.Domain/TourManagement.Domain.csproj" (default targets).
   2:8>Done executing task "MSBuild".
       Task "MSBuild"
         Global Properties:
           Configuration=Debug
           Platform=AnyCPU
         Removing Properties for project "../TourManagement.Domain/TourManagement.Domain.csproj":
           TargetFramework
           RuntimeIdentifier
           SelfContained
   2:8>Project "/modernize-data/studio-data/TNT1001/APP1166/transformed-code/344/studio-workspace/TMS22/src/TourManagement.Application/TourManagement.Application.csproj" (2:8) is building "/modernize-data/studio-data/TNT1001/APP1166/transformed-code/344/studio-workspace/TMS22/src/TourManagement.Domain/TourManagement.Domain.csproj" (5:15) on node 1 (GetNativeManifest target(s)).
  5:15>Target "GetNativeManifest" in file "/usr/share/dotnet/sdk/8.0.417/Microsoft.Common.CurrentVersion.targets" from project "/modernize-data/studio-data/TNT1001/APP1166/transformed-code/344/studio-workspace/TMS22/src/TourManagement.Domain/TourManagement.Domain.csproj" (entry point):
  5:15>Done building target "GetNativeManifest" in project "TourManagement.Domain.csproj".
  5:15>Done Building Project "/modernize-data/studio-data/TNT1001/APP1166/transformed-code/344/studio-workspace/TMS22/src/TourManagement.Domain/TourManagement.Domain.csproj" (GetNativeManifest target(s)).
   2:8>Done executing task "MSBuild".
       Task "Warning" skipped, due to false condition; ('@(ProjectReferenceWithConfiguration)' != '' and '@(_MSBuildProjectReferenceNonexistent)' != '') was evaluated as ('../TourManagement.Domain/TourManagement.Domain.csproj' != '' and '' != '').
   2:8>Done building target "ResolveProjectReferences" in project "TourManagement.Application.csproj".
       Target "FindInvalidProjectReferences" skipped, due to false condition; ('$(FindInvalidProjectReferences)' == 'true') was evaluated as ('' == 'true').
       Target "ResolveNativeReferences" skipped, due to false condition; ('@(NativeReference)'!='') was evaluated as (''!='').
       Target "ResolveProjectReferences" skipped. Previously built successfully.
       Target "FindInvalidProjectReferences" skipped, due to false condition; ('$(FindInvalidProjectReferences)' == 'true') was evaluated as ('' == 'true').
       Target "GetFrameworkPaths" skipped. Previously built successfully.
       Target "GetReferenceAssemblyPaths" skipped. Previously built successfully.
       Target "PrepareForBuild" skipped. Previously built successfully.
       Target "GetInstalledSDKLocations" skipped, due to false condition; ('@(SDKReference)' != '') was evaluated as ('' != '').
   2:8>Target "ResolveSDKReferences" in file "/usr/share/dotnet/sdk/8.0.417/Microsoft.Common.CurrentVersion.targets" from project "/modernize-data/studio-data/TNT1001/APP1166/transformed-code/344/studio-workspace/TMS22/src/TourManagement.Application/TourManagement.Application.csproj" (target "ResolveAssemblyReferences" depends on it):
       Task "ResolveSDKReference" skipped, due to false condition; ('@(SDKReference)'!='') was evaluated as (''!='').
   2:8>Done building target "ResolveSDKReferences" in project "TourManagement.Application.csproj".
       Target "ResolveSDKReferences" skipped. Previously built successfully.
   2:8>Target "ExpandSDKReferences" in file "/usr/share/dotnet/sdk/8.0.417/Microsoft.Common.CurrentVersion.targets" from project "/modernize-data/studio-data/TNT1001/APP1166/transformed-code/344/studio-workspace/TMS22/src/TourManagement.Application/TourManagement.Application.csproj" (target "ResolveAssemblyReferences" depends on it):
       Task "GetSDKReferenceFiles" skipped, due to false condition; ('@(ResolvedSDKReference)'!='') was evaluated as (''!='').
   2:8>Done building target "ExpandSDKReferences" in project "TourManagement.Application.csproj".
       Target "ResolvePackageDependenciesForBuild" skipped. Previously built successfully.
       Target "GetFrameworkPaths" skipped. Previously built successfully.
       Target "GetReferenceAssemblyPaths" skipped. Previously built successfully.
       Target "ProcessFrameworkReferences" skipped. Previously built successfully.
       Target "ResolvePackageAssets" skipped. Previously built successfully.
   2:8>Target "ResolveFrameworkReferences" in file "/usr/share/dotnet/sdk/8.0.417/Sdks/Microsoft.NET.Sdk/targets/Microsoft.NET.Sdk.FrameworkReferenceResolution.targets" from project "/modernize-data/studio-data/TNT1001/APP1166/transformed-code/344/studio-workspace/TMS22/src/TourManagement.Application/TourManagement.Application.csproj" (target "ResolveTargetingPackAssets" depends on it):
       Using "GetPackageDirectory" task from assembly "/usr/share/dotnet/sdk/8.0.417/Sdks/Microsoft.NET.Sdk/targets/../tools/net8.0/Microsoft.NET.Build.Tasks.dll".
       Task "GetPackageDirectory"
       Done executing task "GetPackageDirectory".
       Task "GetPackageDirectory"
       Done executing task "GetPackageDirectory".
       Task "GetPackageDirectory"
       Done executing task "GetPackageDirectory".
       Task "GetPackageDirectory"
       Done executing task "GetPackageDirectory".
       Task "GetPackageDirectory"
       Done executing task "GetPackageDirectory".
       Task "GetPackageDirectory"
       Done executing task "GetPackageDirectory".
       Task "GetPackageDirectory"
       Done executing task "GetPackageDirectory".
       Task "GetPackageDirectory"
       Done executing task "GetPackageDirectory".
       Task "GetPackageDirectory"
       Done executing task "GetPackageDirectory".
       Task "GetPackageDirectory"
       Done executing task "GetPackageDirectory".
       Using "ResolveFrameworkReferences" task from assembly "/usr/share/dotnet/sdk/8.0.417/Sdks/Microsoft.NET.Sdk/targets/../tools/net8.0/Microsoft.NET.Build.Tasks.dll".
       Task "ResolveFrameworkReferences"
       Done executing task "ResolveFrameworkReferences".
   2:8>Done building target "ResolveFrameworkReferences" in project "TourManagement.Application.csproj".
   2:8>Target "ResolveTargetingPackAssets" in file "/usr/share/dotnet/sdk/8.0.417/Sdks/Microsoft.NET.Sdk/targets/Microsoft.NET.Sdk.FrameworkReferenceResolution.targets" from project "/modernize-data/studio-data/TNT1001/APP1166/transformed-code/344/studio-workspace/TMS22/src/TourManagement.Application/TourManagement.Application.csproj" (target "_HandlePackageFileConflicts" depends on it):
       Using "ResolveTargetingPackAssets" task from assembly "/usr/share/dotnet/sdk/8.0.417/Sdks/Microsoft.NET.Sdk/targets/../tools/net8.0/Microsoft.NET.Build.Tasks.dll".
       Task "ResolveTargetingPackAssets"
       Done executing task "ResolveTargetingPackAssets".
   2:8>Done building target "ResolveTargetingPackAssets" in project "TourManagement.Application.csproj".
   2:8>Target "ResolveOffByDefaultAnalyzers" in file "/usr/share/dotnet/sdk/8.0.417/Sdks/Microsoft.NET.Sdk/targets/Microsoft.NET.Sdk.FrameworkReferenceResolution.targets" from project "/modernize-data/studio-data/TNT1001/APP1166/transformed-code/344/studio-workspace/TMS22/src/TourManagement.Application/TourManagement.Application.csproj" (target "_HandlePackageFileConflicts" depends on it):
   2:8>Done building target "ResolveOffByDefaultAnalyzers" in project "TourManagement.Application.csproj".
   2:8>Target "_HandlePackageFileConflicts" in file "/usr/share/dotnet/sdk/8.0.417/Sdks/Microsoft.NET.Sdk/targets/Microsoft.NET.ConflictResolution.targets" from project "/modernize-data/studio-data/TNT1001/APP1166/transformed-code/344/studio-workspace/TMS22/src/TourManagement.Application/TourManagement.Application.csproj" (target "ResolveAssemblyReferences" depends on it):
       Using "ResolvePackageFileConflicts" task from assembly "/usr/share/dotnet/sdk/8.0.417/Sdks/Microsoft.NET.Sdk/targets/../tools/net8.0/Microsoft.NET.Build.Tasks.dll".
       Task "ResolvePackageFileConflicts"
         Encountered conflict between 'Platform:mscorlib.dll' and 'Platform:mscorlib.dll'. Could not determine winner due to equal file and assembly versions.
         Encountered conflict between 'Platform:Microsoft.VisualBasic.dll' and 'Platform:Microsoft.VisualBasic.dll'. Could not determine winner due to equal file and assembly versions.
         Encountered conflict between 'Platform:System.dll' and 'Platform:System.dll'. Could not determine winner due to equal file and assembly versions.
         Encountered conflict between 'Platform:System.ComponentModel.DataAnnotations.dll' and 'Platform:System.ComponentModel.DataAnnotations.dll'. Could not determine winner due to equal file and assembly versions.
         Encountered conflict between 'Platform:System.Configuration.dll' and 'Platform:System.Configuration.dll'. Could not determine winner due to equal file and assembly versions.
         Encountered conflict between 'Platform:System.Core.dll' and 'Platform:System.Core.dll'. Could not determine winner due to equal file and assembly versions.
         Encountered conflict between 'Platform:System.Data.dll' and 'Platform:System.Data.dll'. Could not determine winner due to equal file and assembly versions.
         Encountered conflict between 'Platform:System.Drawing.dll' and 'Platform:System.Drawing.dll'. Could not determine winner due to equal file and assembly versions.
         Encountered conflict between 'Platform:System.IO.Compression.FileSystem.dll' and 'Platform:System.IO.Compression.FileSystem.dll'. Could not determine winner due to equal file and assembly versions.
         Encountered conflict between 'Platform:System.Net.dll' and 'Platform:System.Net.dll'. Could not determine winner due to equal file and assembly versions.
         Encountered conflict between 'Platform:System.Numerics.dll' and 'Platform:System.Numerics.dll'. Could not determine winner due to equal file and assembly versions.
         Encountered conflict between 'Platform:System.Runtime.Serialization.dll' and 'Platform:System.Runtime.Serialization.dll'. Could not determine winner due to equal file and assembly versions.
         Encountered conflict between 'Platform:System.Security.dll' and 'Platform:System.Security.dll'. Could not determine winner due to equal file and assembly versions.
         Encountered conflict between 'Platform:System.ServiceProcess.dll' and 'Platform:System.ServiceProcess.dll'. Could not determine winner due to equal file and assembly versions.
         Encountered conflict between 'Platform:System.ServiceModel.Web.dll' and 'Platform:System.ServiceModel.Web.dll'. Could not determine winner due to equal file and assembly versions.
         Encountered conflict between 'Platform:System.Transactions.dll' and 'Platform:System.Transactions.dll'. Could not determine winner due to equal file and assembly versions.
         Encountered conflict between 'Platform:System.Web.dll' and 'Platform:System.Web.dll'. Could not determine winner due to equal file and assembly versions.
         Encountered conflict between 'Platform:System.Windows.dll' and 'Platform:System.Windows.dll'. Could not determine winner due to equal file and assembly versions.
         Encountered conflict between 'Platform:System.Xml.dll' and 'Platform:System.Xml.dll'. Could not determine winner due to equal file and assembly versions.
         Encountered conflict between 'Platform:System.Xml.Serialization.dll' and 'Platform:System.Xml.Serialization.dll'. Could not determine winner due to equal file and assembly versions.
         Encountered conflict between 'Platform:System.Xml.Linq.dll' and 'Platform:System.Xml.Linq.dll'. Could not determine winner due to equal file and assembly versions.
         Encountered conflict between 'Platform:WindowsBase.dll' and 'Platform:WindowsBase.dll'. Could not determine winner due to equal file and assembly versions.
         Encountered conflict between 'Platform:netstandard.dll' and 'Platform:netstandard.dll'. Could not determine winner due to equal file and assembly versions.
         Encountered conflict between 'Platform:System.Private.CoreLib.dll' and 'Platform:System.Private.CoreLib.dll'. Could not determine winner due to equal file and assembly versions.
         Encountered conflict between 'Platform:System.Private.DataContractSerialization.dll' and 'Platform:System.Private.DataContractSerialization.dll'. Could not determine winner due to equal file and assembly versions.
         Encountered conflict between 'Platform:System.Private.Uri.dll' and 'Platform:System.Private.Uri.dll'. Could not determine winner due to equal file and assembly versions.
         Encountered conflict between 'Platform:System.Private.Xml.dll' and 'Platform:System.Private.Xml.dll'. Could not determine winner due to equal file and assembly versions.
         Encountered conflict between 'Platform:System.Private.Xml.Linq.dll' and 'Platform:System.Private.Xml.Linq.dll'. Could not determine winner due to equal file and assembly versions.
         Encountered conflict between 'Platform:mscordaccore_amd64_amd64_8.0.2325.60607.dll' and 'Platform:mscordaccore_amd64_amd64_8.0.2325.60607.dll'. Could not determine winner due to equal file and assembly versions.
       Done executing task "ResolvePackageFileConflicts".
   2:8>Done building target "_HandlePackageFileConflicts" in project "TourManagement.Application.csproj".
       Target "ResolveTargetingPackAssets" skipped. Previously built successfully.
   2:8>Target "ResolveAssemblyReferences" in file "/usr/share/dotnet/sdk/8.0.417/Microsoft.Common.CurrentVersion.targets" from project "/modernize-data/studio-data/TNT1001/APP1166/transformed-code/344/studio-workspace/TMS22/src/TourManagement.Application/TourManagement.Application.csproj" (target "ResolveReferences" depends on it):
       Using "ResolveAssemblyReference" task from assembly "Microsoft.Build.Tasks.Core, Version=15.1.0.0, Culture=neutral, PublicKeyToken=b03f5f7f11d50a3a".
       Task "ResolveAssemblyReference"
         TargetFrameworkMoniker:
             .NETCoreApp,Version=v8.0
         TargetFrameworkMonikerDisplayName:
             .NET 8.0
         TargetedRuntimeVersion:
             
         Assemblies:
             /home/studioai/.nuget/packages/bcrypt.net-next/4.0.3/lib/net6.0/BCrypt.Net-Next.dll
                 Private = 'false'
                 HintPath = '/home/studioai/.nuget/packages/bcrypt.net-next/4.0.3/lib/net6.0/BCrypt.Net-Next.dll'
             /home/studioai/.nuget/packages/microsoft.extensions.dependencyinjection.abstractions/8.0.0/lib/net8.0/Microsoft.Extensions.DependencyInjection.Abstractions.dll
                 Private = 'false'
                 HintPath = '/home/studioai/.nuget/packages/microsoft.extensions.dependencyinjection.abstractions/8.0.0/lib/net8.0/Microsoft.Extensions.DependencyInjection.Abstractions.dll'
             /home/studioai/.nuget/packages/microsoft.extensions.logging.abstractions/8.0.0/lib/net8.0/Microsoft.Extensions.Logging.Abstractions.dll
                 Private = 'false'
                 HintPath = '/home/studioai/.nuget/packages/microsoft.extensions.logging.abstractions/8.0.0/lib/net8.0/Microsoft.Extensions.Logging.Abstractions.dll'
             /usr/share/dotnet/packs/Microsoft.NETCore.App.Ref/8.0.23/ref/net8.0/Microsoft.CSharp.dll
                 Private = 'false'
             /usr/share/dotnet/packs/Microsoft.NETCore.App.Ref/8.0.23/ref/net8.0/Microsoft.VisualBasic.Core.dll
                 Private = 'false'
             /usr/share/dotnet/packs/Microsoft.NETCore.App.Ref/8.0.23/ref/net8.0/Microsoft.VisualBasic.dll
                 Private = 'false'
             /usr/share/dotnet/packs/Microsoft.NETCore.App.Ref/8.0.23/ref/net8.0/Microsoft.Win32.Primitives.dll
                 Private = 'false'
             /usr/share/dotnet/packs/Microsoft.NETCore.App.Ref/8.0.23/ref/net8.0/Microsoft.Win32.Registry.dll
                 Private = 'false'
             /usr/share/dotnet/packs/Microsoft.NETCore.App.Ref/8.0.23/ref/net8.0/System.AppContext.dll
                 Private = 'false'
             /usr/share/dotnet/packs/Microsoft.NETCore.App.Ref/8.0.23/ref/net8.0/System.Buffers.dll
                 Private = 'false'
             /usr/share/dotnet/packs/Microsoft.NETCore.App.Ref/8.0.23/ref/net8.0/System.Collections.Concurrent.dll
                 Private = 'false'
             /usr/share/dotnet/packs/Microsoft.NETCore.App.Ref/8.0.23/ref/net8.0/System.Collections.Immutable.dll
                 Private = 'false'
             /usr/share/dotnet/packs/Microsoft.NETCore.App.Ref/8.0.23/ref/net8.0/System.Collections.NonGeneric.dll
                 Private = 'false'
             /usr/share/dotnet/packs/Microsoft.NETCore.App.Ref/8.0.23/ref/net8.0/System.Collections.Specialized.dll
                 Private = 'false'
             /usr/share/dotnet/packs/Microsoft.NETCore.App.Ref/8.0.23/ref/net8.0/System.Collections.dll
                 Private = 'false'
             /usr/share/dotnet/packs/Microsoft.NETCore.App.Ref/8.0.23/ref/net8.0/System.ComponentModel.Annotations.dll
                 Private = 'false'
             /usr/share/dotnet/packs/Microsoft.NETCore.App.Ref/8.0.23/ref/net8.0/System.ComponentModel.DataAnnotations.dll
                 Private = 'false'
             /usr/share/dotnet/packs/Microsoft.NETCore.App.Ref/8.0.23/ref/net8.0/System.ComponentModel.EventBasedAsync.dll
                 Private = 'false'
             /usr/share/dotnet/packs/Microsoft.NETCore.App.Ref/8.0.23/ref/net8.0/System.ComponentModel.Primitives.dll
                 Private = 'false'
             /usr/share/dotnet/packs/Microsoft.NETCore.App.Ref/8.0.23/ref/net8.0/System.ComponentModel.TypeConverter.dll
                 Private = 'false'
             /usr/share/dotnet/packs/Microsoft.NETCore.App.Ref/8.0.23/ref/net8.0/System.ComponentModel.dll
                 Private = 'false'
             /usr/share/dotnet/packs/Microsoft.NETCore.App.Ref/8.0.23/ref/net8.0/System.Configuration.dll
                 Private = 'false'
             /usr/share/dotnet/packs/Microsoft.NETCore.App.Ref/8.0.23/ref/net8.0/System.Console.dll
                 Private = 'false'
             /usr/share/dotnet/packs/Microsoft.NETCore.App.Ref/8.0.23/ref/net8.0/System.Core.dll
                 Private = 'false'
             /usr/share/dotnet/packs/Microsoft.NETCore.App.Ref/8.0.23/ref/net8.0/System.Data.Common.dll
                 Private = 'false'
             /usr/share/dotnet/packs/Microsoft.NETCore.App.Ref/8.0.23/ref/net8.0/System.Data.DataSetExtensions.dll
                 Private = 'false'
             /usr/share/dotnet/packs/Microsoft.NETCore.App.Ref/8.0.23/ref/net8.0/System.Data.dll
                 Private = 'false'
             /usr/share/dotnet/packs/Microsoft.NETCore.App.Ref/8.0.23/ref/net8.0/System.Diagnostics.Contracts.dll
                 Private = 'false'
             /usr/share/dotnet/packs/Microsoft.NETCore.App.Ref/8.0.23/ref/net8.0/System.Diagnostics.Debug.dll
                 Private = 'false'
             /usr/share/dotnet/packs/Microsoft.NETCore.App.Ref/8.0.23/ref/net8.0/System.Diagnostics.DiagnosticSource.dll
                 Private = 'false'
             /usr/share/dotnet/packs/Microsoft.NETCore.App.Ref/8.0.23/ref/net8.0/System.Diagnostics.FileVersionInfo.dll
                 Private = 'false'
             /usr/share/dotnet/packs/Microsoft.NETCore.App.Ref/8.0.23/ref/net8.0/System.Diagnostics.Process.dll
                 Private = 'false'
             /usr/share/dotnet/packs/Microsoft.NETCore.App.Ref/8.0.23/ref/net8.0/System.Diagnostics.StackTrace.dll
                 Private = 'false'
             /usr/share/dotnet/packs/Microsoft.NETCore.App.Ref/8.0.23/ref/net8.0/System.Diagnostics.TextWriterTraceListener.dll
                 Private = 'false'
             /usr/share/dotnet/packs/Microsoft.NETCore.App.Ref/8.0.23/ref/net8.0/System.Diagnostics.Tools.dll
                 Private = 'false'
             /usr/share/dotnet/packs/Microsoft.NETCore.App.Ref/8.0.23/ref/net8.0/System.Diagnostics.TraceSource.dll
                 Private = 'false'
             /usr/share/dotnet/packs/Microsoft.NETCore.App.Ref/8.0.23/ref/net8.0/System.Diagnostics.Tracing.dll
                 Private = 'false'
             /usr/share/dotnet/packs/Microsoft.NETCore.App.Ref/8.0.23/ref/net8.0/System.Drawing.Primitives.dll
                 Private = 'false'
             /usr/share/dotnet/packs/Microsoft.NETCore.App.Ref/8.0.23/ref/net8.0/System.Drawing.dll
                 Private = 'false'
             /usr/share/dotnet/packs/Microsoft.NETCore.App.Ref/8.0.23/ref/net8.0/System.Dynamic.Runtime.dll
                 Private = 'false'
             /usr/share/dotnet/packs/Microsoft.NETCore.App.Ref/8.0.23/ref/net8.0/System.Formats.Asn1.dll
                 Private = 'false'
             /usr/share/dotnet/packs/Microsoft.NETCore.App.Ref/8.0.23/ref/net8.0/System.Formats.Tar.dll
                 Private = 'false'
             /usr/share/dotnet/packs/Microsoft.NETCore.App.Ref/8.0.23/ref/net8.0/System.Globalization.Calendars.dll
                 Private = 'false'
             /usr/share/dotnet/packs/Microsoft.NETCore.App.Ref/8.0.23/ref/net8.0/System.Globalization.Extensions.dll
                 Private = 'false'
             /usr/share/dotnet/packs/Microsoft.NETCore.App.Ref/8.0.23/ref/net8.0/System.Globalization.dll
                 Private = 'false'
             /usr/share/dotnet/packs/Microsoft.NETCore.App.Ref/8.0.23/ref/net8.0/System.IO.Compression.Brotli.dll
                 Private = 'false'
             /usr/share/dotnet/packs/Microsoft.NETCore.App.Ref/8.0.23/ref/net8.0/System.IO.Compression.FileSystem.dll
                 Private = 'false'
             /usr/share/dotnet/packs/Microsoft.NETCore.App.Ref/8.0.23/ref/net8.0/System.IO.Compression.ZipFile.dll
                 Private = 'false'
             /usr/share/dotnet/packs/Microsoft.NETCore.App.Ref/8.0.23/ref/net8.0/System.IO.Compression.dll
                 Private = 'false'
             /usr/share/dotnet/packs/Microsoft.NETCore.App.Ref/8.0.23/ref/net8.0/System.IO.FileSystem.AccessControl.dll
                 Private = 'false'
             /usr/share/dotnet/packs/Microsoft.NETCore.App.Ref/8.0.23/ref/net8.0/System.IO.FileSystem.DriveInfo.dll
                 Private = 'false'
             /usr/share/dotnet/packs/Microsoft.NETCore.App.Ref/8.0.23/ref/net8.0/System.IO.FileSystem.Primitives.dll
                 Private = 'false'
             /usr/share/dotnet/packs/Microsoft.NETCore.App.Ref/8.0.23/ref/net8.0/System.IO.FileSystem.Watcher.dll
                 Private = 'false'
             /usr/share/dotnet/packs/Microsoft.NETCore.App.Ref/8.0.23/ref/net8.0/System.IO.FileSystem.dll
                 Private = 'false'
             /usr/share/dotnet/packs/Microsoft.NETCore.App.Ref/8.0.23/ref/net8.0/System.IO.IsolatedStorage.dll
                 Private = 'false'
             /usr/share/dotnet/packs/Microsoft.NETCore.App.Ref/8.0.23/ref/net8.0/System.IO.MemoryMappedFiles.dll
                 Private = 'false'
             /usr/share/dotnet/packs/Microsoft.NETCore.App.Ref/8.0.23/ref/net8.0/System.IO.Pipes.AccessControl.dll
                 Private = 'false'
             /usr/share/dotnet/packs/Microsoft.NETCore.App.Ref/8.0.23/ref/net8.0/System.IO.Pipes.dll
                 Private = 'false'
             /usr/share/dotnet/packs/Microsoft.NETCore.App.Ref/8.0.23/ref/net8.0/System.IO.UnmanagedMemoryStream.dll
                 Private = 'false'
             /usr/share/dotnet/packs/Microsoft.NETCore.App.Ref/8.0.23/ref/net8.0/System.IO.dll
                 Private = 'false'
             /usr/share/dotnet/packs/Microsoft.NETCore.App.Ref/8.0.23/ref/net8.0/System.Linq.Expressions.dll
                 Private = 'false'
             /usr/share/dotnet/packs/Microsoft.NETCore.App.Ref/8.0.23/ref/net8.0/System.Linq.Parallel.dll
                 Private = 'false'
             /usr/share/dotnet/packs/Microsoft.NETCore.App.Ref/8.0.23/ref/net8.0/System.Linq.Queryable.dll
                 Private = 'false'
             /usr/share/dotnet/packs/Microsoft.NETCore.App.Ref/8.0.23/ref/net8.0/System.Linq.dll
                 Private = 'false'
             /usr/share/dotnet/packs/Microsoft.NETCore.App.Ref/8.0.23/ref/net8.0/System.Memory.dll
                 Private = 'false'
             /usr/share/dotnet/packs/Microsoft.NETCore.App.Ref/8.0.23/ref/net8.0/System.Net.Http.Json.dll
                 Private = 'false'
             /usr/share/dotnet/packs/Microsoft.NETCore.App.Ref/8.0.23/ref/net8.0/System.Net.Http.dll
                 Private = 'false'
             /usr/share/dotnet/packs/Microsoft.NETCore.App.Ref/8.0.23/ref/net8.0/System.Net.HttpListener.dll
                 Private = 'false'
             /usr/share/dotnet/packs/Microsoft.NETCore.App.Ref/8.0.23/ref/net8.0/System.Net.Mail.dll
                 Private = 'false'
             /usr/share/dotnet/packs/Microsoft.NETCore.App.Ref/8.0.23/ref/net8.0/System.Net.NameResolution.dll
                 Private = 'false'
             /usr/share/dotnet/packs/Microsoft.NETCore.App.Ref/8.0.23/ref/net8.0/System.Net.NetworkInformation.dll
                 Private = 'false'
             /usr/share/dotnet/packs/Microsoft.NETCore.App.Ref/8.0.23/ref/net8.0/System.Net.Ping.dll
                 Private = 'false'
             /usr/share/dotnet/packs/Microsoft.NETCore.App.Ref/8.0.23/ref/net8.0/System.Net.Primitives.dll
                 Private = 'false'
             /usr/share/dotnet/packs/Microsoft.NETCore.App.Ref/8.0.23/ref/net8.0/System.Net.Quic.dll
                 Private = 'false'
             /usr/share/dotnet/packs/Microsoft.NETCore.App.Ref/8.0.23/ref/net8.0/System.Net.Requests.dll
                 Private = 'false'
             /usr/share/dotnet/packs/Microsoft.NETCore.App.Ref/8.0.23/ref/net8.0/System.Net.Security.dll
                 Private = 'false'
             /usr/share/dotnet/packs/Microsoft.NETCore.App.Ref/8.0.23/ref/net8.0/System.Net.ServicePoint.dll
                 Private = 'false'
             /usr/share/dotnet/packs/Microsoft.NETCore.App.Ref/8.0.23/ref/net8.0/System.Net.Sockets.dll
                 Private = 'false'
             /usr/share/dotnet/packs/Microsoft.NETCore.App.Ref/8.0.23/ref/net8.0/System.Net.WebClient.dll
                 Private = 'false'
             /usr/share/dotnet/packs/Microsoft.NETCore.App.Ref/8.0.23/ref/net8.0/System.Net.WebHeaderCollection.dll
                 Private = 'false'
             /usr/share/dotnet/packs/Microsoft.NETCore.App.Ref/8.0.23/ref/net8.0/System.Net.WebProxy.dll
                 Private = 'false'
             /usr/share/dotnet/packs/Microsoft.NETCore.App.Ref/8.0.23/ref/net8.0/System.Net.WebSockets.Client.dll
                 Private = 'false'
             /usr/share/dotnet/packs/Microsoft.NETCore.App.Ref/8.0.23/ref/net8.0/System.Net.WebSockets.dll
                 Private = 'false'
             /usr/share/dotnet/packs/Microsoft.NETCore.App.Ref/8.0.23/ref/net8.0/System.Net.dll
                 Private = 'false'
             /usr/share/dotnet/packs/Microsoft.NETCore.App.Ref/8.0.23/ref/net8.0/System.Numerics.Vectors.dll
                 Private = 'false'
             /usr/share/dotnet/packs/Microsoft.NETCore.App.Ref/8.0.23/ref/net8.0/System.Numerics.dll
                 Private = 'false'
             /usr/share/dotnet/packs/Microsoft.NETCore.App.Ref/8.0.23/ref/net8.0/System.ObjectModel.dll
                 Private = 'false'
             /usr/share/dotnet/packs/Microsoft.NETCore.App.Ref/8.0.23/ref/net8.0/System.Reflection.DispatchProxy.dll
                 Private = 'false'
             /usr/share/dotnet/packs/Microsoft.NETCore.App.Ref/8.0.23/ref/net8.0/System.Reflection.Emit.ILGeneration.dll
                 Private = 'false'
             /usr/share/dotnet/packs/Microsoft.NETCore.App.Ref/8.0.23/ref/net8.0/System.Reflection.Emit.Lightweight.dll
                 Private = 'false'
             /usr/share/dotnet/packs/Microsoft.NETCore.App.Ref/8.0.23/ref/net8.0/System.Reflection.Emit.dll
                 Private = 'false'
             /usr/share/dotnet/packs/Microsoft.NETCore.App.Ref/8.0.23/ref/net8.0/System.Reflection.Extensions.dll
                 Private = 'false'
             /usr/share/dotnet/packs/Microsoft.NETCore.App.Ref/8.0.23/ref/net8.0/System.Reflection.Metadata.dll
                 Private = 'false'
             /usr/share/dotnet/packs/Microsoft.NETCore.App.Ref/8.0.23/ref/net8.0/System.Reflection.Primitives.dll
                 Private = 'false'
             /usr/share/dotnet/packs/Microsoft.NETCore.App.Ref/8.0.23/ref/net8.0/System.Reflection.TypeExtensions.dll
                 Private = 'false'
             /usr/share/dotnet/packs/Microsoft.NETCore.App.Ref/8.0.23/ref/net8.0/System.Reflection.dll
                 Private = 'false'
             /usr/share/dotnet/packs/Microsoft.NETCore.App.Ref/8.0.23/ref/net8.0/System.Resources.Reader.dll
                 Private = 'false'
             /usr/share/dotnet/packs/Microsoft.NETCore.App.Ref/8.0.23/ref/net8.0/System.Resources.ResourceManager.dll
                 Private = 'false'
             /usr/share/dotnet/packs/Microsoft.NETCore.App.Ref/8.0.23/ref/net8.0/System.Resources.Writer.dll
                 Private = 'false'
             /usr/share/dotnet/packs/Microsoft.NETCore.App.Ref/8.0.23/ref/net8.0/System.Runtime.CompilerServices.Unsafe.dll
                 Private = 'false'
             /usr/share/dotnet/packs/Microsoft.NETCore.App.Ref/8.0.23/ref/net8.0/System.Runtime.CompilerServices.VisualC.dll
                 Private = 'false'
             /usr/share/dotnet/packs/Microsoft.NETCore.App.Ref/8.0.23/ref/net8.0/System.Runtime.Extensions.dll
                 Private = 'false'
             /usr/share/dotnet/packs/Microsoft.NETCore.App.Ref/8.0.23/ref/net8.0/System.Runtime.Handles.dll
                 Private = 'false'
             /usr/share/dotnet/packs/Microsoft.NETCore.App.Ref/8.0.23/ref/net8.0/System.Runtime.InteropServices.JavaScript.dll
                 Private = 'false'
             /usr/share/dotnet/packs/Microsoft.NETCore.App.Ref/8.0.23/ref/net8.0/System.Runtime.InteropServices.RuntimeInformation.dll
                 Private = 'false'
             /usr/share/dotnet/packs/Microsoft.NETCore.App.Ref/8.0.23/ref/net8.0/System.Runtime.InteropServices.dll
                 Private = 'false'
             /usr/share/dotnet/packs/Microsoft.NETCore.App.Ref/8.0.23/ref/net8.0/System.Runtime.Intrinsics.dll
                 Private = 'false'
             /usr/share/dotnet/packs/Microsoft.NETCore.App.Ref/8.0.23/ref/net8.0/System.Runtime.Loader.dll
                 Private = 'false'
             /usr/share/dotnet/packs/Microsoft.NETCore.App.Ref/8.0.23/ref/net8.0/System.Runtime.Numerics.dll
                 Private = 'false'
             /usr/share/dotnet/packs/Microsoft.NETCore.App.Ref/8.0.23/ref/net8.0/System.Runtime.Serialization.Formatters.dll
                 Private = 'false'
             /usr/share/dotnet/packs/Microsoft.NETCore.App.Ref/8.0.23/ref/net8.0/System.Runtime.Serialization.Json.dll
                 Private = 'false'
             /usr/share/dotnet/packs/Microsoft.NETCore.App.Ref/8.0.23/ref/net8.0/System.Runtime.Serialization.Primitives.dll
                 Private = 'false'
             /usr/share/dotnet/packs/Microsoft.NETCore.App.Ref/8.0.23/ref/net8.0/System.Runtime.Serialization.Xml.dll
                 Private = 'false'
             /usr/share/dotnet/packs/Microsoft.NETCore.App.Ref/8.0.23/ref/net8.0/System.Runtime.Serialization.dll
                 Private = 'false'
             /usr/share/dotnet/packs/Microsoft.NETCore.App.Ref/8.0.23/ref/net8.0/System.Runtime.dll
                 Private = 'false'
             /usr/share/dotnet/packs/Microsoft.NETCore.App.Ref/8.0.23/ref/net8.0/System.Security.AccessControl.dll
                 Private = 'false'
             /usr/share/dotnet/packs/Microsoft.NETCore.App.Ref/8.0.23/ref/net8.0/System.Security.Claims.dll
                 Private = 'false'
             /usr/share/dotnet/packs/Microsoft.NETCore.App.Ref/8.0.23/ref/net8.0/System.Security.Cryptography.Algorithms.dll
                 Private = 'false'
             /usr/share/dotnet/packs/Microsoft.NETCore.App.Ref/8.0.23/ref/net8.0/System.Security.Cryptography.Cng.dll
                 Private = 'false'
             /usr/share/dotnet/packs/Microsoft.NETCore.App.Ref/8.0.23/ref/net8.0/System.Security.Cryptography.Csp.dll
                 Private = 'false'
             /usr/share/dotnet/packs/Microsoft.NETCore.App.Ref/8.0.23/ref/net8.0/System.Security.Cryptography.Encoding.dll
                 Private = 'false'
             /usr/share/dotnet/packs/Microsoft.NETCore.App.Ref/8.0.23/ref/net8.0/System.Security.Cryptography.OpenSsl.dll
                 Private = 'false'
             /usr/share/dotnet/packs/Microsoft.NETCore.App.Ref/8.0.23/ref/net8.0/System.Security.Cryptography.Primitives.dll
                 Private = 'false'
             /usr/share/dotnet/packs/Microsoft.NETCore.App.Ref/8.0.23/ref/net8.0/System.Security.Cryptography.X509Certificates.dll
                 Private = 'false'
             /usr/share/dotnet/packs/Microsoft.NETCore.App.Ref/8.0.23/ref/net8.0/System.Security.Cryptography.dll
                 Private = 'false'
             /usr/share/dotnet/packs/Microsoft.NETCore.App.Ref/8.0.23/ref/net8.0/System.Security.Principal.Windows.dll
                 Private = 'false'
             /usr/share/dotnet/packs/Microsoft.NETCore.App.Ref/8.0.23/ref/net8.0/System.Security.Principal.dll
                 Private = 'false'
             /usr/share/dotnet/packs/Microsoft.NETCore.App.Ref/8.0.23/ref/net8.0/System.Security.SecureString.dll
                 Private = 'false'
             /usr/share/dotnet/packs/Microsoft.NETCore.App.Ref/8.0.23/ref/net8.0/System.Security.dll
                 Private = 'false'
             /usr/share/dotnet/packs/Microsoft.NETCore.App.Ref/8.0.23/ref/net8.0/System.ServiceModel.Web.dll
                 Private = 'false'
             /usr/share/dotnet/packs/Microsoft.NETCore.App.Ref/8.0.23/ref/net8.0/System.ServiceProcess.dll
                 Private = 'false'
             /usr/share/dotnet/packs/Microsoft.NETCore.App.Ref/8.0.23/ref/net8.0/System.Text.Encoding.CodePages.dll
                 Private = 'false'
             /usr/share/dotnet/packs/Microsoft.NETCore.App.Ref/8.0.23/ref/net8.0/System.Text.Encoding.Extensions.dll
                 Private = 'false'
             /usr/share/dotnet/packs/Microsoft.NETCore.App.Ref/8.0.23/ref/net8.0/System.Text.Encoding.dll
                 Private = 'false'
             /usr/share/dotnet/packs/Microsoft.NETCore.App.Ref/8.0.23/ref/net8.0/System.Text.Encodings.Web.dll
                 Private = 'false'
             /usr/share/dotnet/packs/Microsoft.NETCore.App.Ref/8.0.23/ref/net8.0/System.Text.Json.dll
                 Private = 'false'
             /usr/share/dotnet/packs/Microsoft.NETCore.App.Ref/8.0.23/ref/net8.0/System.Text.RegularExpressions.dll
                 Private = 'false'
             /usr/share/dotnet/packs/Microsoft.NETCore.App.Ref/8.0.23/ref/net8.0/System.Threading.Channels.dll
                 Private = 'false'
             /usr/share/dotnet/packs/Microsoft.NETCore.App.Ref/8.0.23/ref/net8.0/System.Threading.Overlapped.dll
                 Private = 'false'
             /usr/share/dotnet/packs/Microsoft.NETCore.App.Ref/8.0.23/ref/net8.0/System.Threading.Tasks.Dataflow.dll
                 Private = 'false'
             /usr/share/dotnet/packs/Microsoft.NETCore.App.Ref/8.0.23/ref/net8.0/System.Threading.Tasks.Extensions.dll
                 Private = 'false'
             /usr/share/dotnet/packs/Microsoft.NETCore.App.Ref/8.0.23/ref/net8.0/System.Threading.Tasks.Parallel.dll
                 Private = 'false'
             /usr/share/dotnet/packs/Microsoft.NETCore.App.Ref/8.0.23/ref/net8.0/System.Threading.Tasks.dll
                 Private = 'false'
             /usr/share/dotnet/packs/Microsoft.NETCore.App.Ref/8.0.23/ref/net8.0/System.Threading.Thread.dll
                 Private = 'false'
             /usr/share/dotnet/packs/Microsoft.NETCore.App.Ref/8.0.23/ref/net8.0/System.Threading.ThreadPool.dll
                 Private = 'false'
             /usr/share/dotnet/packs/Microsoft.NETCore.App.Ref/8.0.23/ref/net8.0/System.Threading.Timer.dll
                 Private = 'false'
             /usr/share/dotnet/packs/Microsoft.NETCore.App.Ref/8.0.23/ref/net8.0/System.Threading.dll
                 Private = 'false'
             /usr/share/dotnet/packs/Microsoft.NETCore.App.Ref/8.0.23/ref/net8.0/System.Transactions.Local.dll
                 Private = 'false'
             /usr/share/dotnet/packs/Microsoft.NETCore.App.Ref/8.0.23/ref/net8.0/System.Transactions.dll
                 Private = 'false'
             /usr/share/dotnet/packs/Microsoft.NETCore.App.Ref/8.0.23/ref/net8.0/System.ValueTuple.dll
                 Private = 'false'
             /usr/share/dotnet/packs/Microsoft.NETCore.App.Ref/8.0.23/ref/net8.0/System.Web.HttpUtility.dll
                 Private = 'false'
             /usr/share/dotnet/packs/Microsoft.NETCore.App.Ref/8.0.23/ref/net8.0/System.Web.dll
                 Private = 'false'
             /usr/share/dotnet/packs/Microsoft.NETCore.App.Ref/8.0.23/ref/net8.0/System.Windows.dll
                 Private = 'false'
             /usr/share/dotnet/packs/Microsoft.NETCore.App.Ref/8.0.23/ref/net8.0/System.Xml.Linq.dll
                 Private = 'false'
             /usr/share/dotnet/packs/Microsoft.NETCore.App.Ref/8.0.23/ref/net8.0/System.Xml.ReaderWriter.dll
                 Private = 'false'
             /usr/share/dotnet/packs/Microsoft.NETCore.App.Ref/8.0.23/ref/net8.0/System.Xml.Serialization.dll
                 Private = 'false'
             /usr/share/dotnet/packs/Microsoft.NETCore.App.Ref/8.0.23/ref/net8.0/System.Xml.XDocument.dll
                 Private = 'false'
             /usr/share/dotnet/packs/Microsoft.NETCore.App.Ref/8.0.23/ref/net8.0/System.Xml.XPath.XDocument.dll
                 Private = 'false'
             /usr/share/dotnet/packs/Microsoft.NETCore.App.Ref/8.0.23/ref/net8.0/System.Xml.XPath.dll
                 Private = 'false'
             /usr/share/dotnet/packs/Microsoft.NETCore.App.Ref/8.0.23/ref/net8.0/System.Xml.XmlDocument.dll
                 Private = 'false'
             /usr/share/dotnet/packs/Microsoft.NETCore.App.Ref/8.0.23/ref/net8.0/System.Xml.XmlSerializer.dll
                 Private = 'false'
             /usr/share/dotnet/packs/Microsoft.NETCore.App.Ref/8.0.23/ref/net8.0/System.Xml.dll
                 Private = 'false'
             /usr/share/dotnet/packs/Microsoft.NETCore.App.Ref/8.0.23/ref/net8.0/System.dll
                 Private = 'false'
             /usr/share/dotnet/packs/Microsoft.NETCore.App.Ref/8.0.23/ref/net8.0/WindowsBase.dll
                 Private = 'false'
             /usr/share/dotnet/packs/Microsoft.NETCore.App.Ref/8.0.23/ref/net8.0/mscorlib.dll
                 Private = 'false'
             /usr/share/dotnet/packs/Microsoft.NETCore.App.Ref/8.0.23/ref/net8.0/netstandard.dll
                 Private = 'false'
         AssemblyFiles:
             /modernize-data/studio-data/TNT1001/APP1166/transformed-code/344/studio-workspace/TMS22/src/TourManagement.Domain/bin/Debug/net8.0/TourManagement.Domain.dll
         CandidateAssemblyFiles:
         TargetFrameworkDirectories:
             
         InstalledAssemblyTables:
         IgnoreInstalledAssemblyTable:
             False
         SearchPaths:
             {CandidateAssemblyFiles}
             {HintPathFromItem}
             {TargetFrameworkDirectory}
             {RawFileName}
         AllowedAssemblyExtensions:
             .winmd
             .dll
             .exe
         AllowedRelatedFileExtensions:
             .pdb
             .xml
             .pri
             .dll.config
             .exe.config
         AppConfigFile:
             
         AutoUnify:
             True
         CopyLocalDependenciesWhenParentReferenceInGac:
             True
         FindDependencies:
             True
         TargetProcessorArchitecture:
             msil
         StateFile:
             obj/Debug/net8.0/TourManagement.Application.csproj.AssemblyReference.cache
         InstalledAssemblySubsetTables:
         IgnoreInstalledAssemblySubsetTable:
             False
         TargetFrameworkSubsets:
         FullTargetFrameworkSubsetNames:
             Full
         ProfileName:
             
         FullFrameworkFolders:
         LatestTargetFrameworkDirectories:
         ProfileTablesLocation:
         Primary reference "TourManagement.Domain, Version=1.0.0.0, Culture=neutral, PublicKeyToken=null".
             Resolved file path is "/modernize-data/studio-data/TNT1001/APP1166/transformed-code/344/studio-workspace/TMS22/src/TourManagement.Domain/bin/Debug/net8.0/TourManagement.Domain.dll".
             Reference found at search path location "/modernize-data/studio-data/TNT1001/APP1166/transformed-code/344/studio-workspace/TMS22/src/TourManagement.Domain/bin/Debug/net8.0/TourManagement.Domain.dll".
             Found related file "/modernize-data/studio-data/TNT1001/APP1166/transformed-code/344/studio-workspace/TMS22/src/TourManagement.Domain/bin/Debug/net8.0/TourManagement.Domain.pdb".
             The ImageRuntimeVersion for this reference is "".
         Primary reference "BCrypt.Net-Next, Version=4.0.3.0, Culture=neutral, PublicKeyToken=1e11be04b6288443".
             Resolved file path is "/home/studioai/.nuget/packages/bcrypt.net-next/4.0.3/lib/net6.0/BCrypt.Net-Next.dll".
             Reference found at search path location "{HintPathFromItem}".
             This reference is not "CopyLocal" because at least one source item had "Private" set to "false" and no source items had "Private" set to "true".
             The ImageRuntimeVersion for this reference is "".
         Primary reference "Microsoft.Extensions.DependencyInjection.Abstractions, Version=8.0.0.0, Culture=neutral, PublicKeyToken=adb9793829ddae60".
             Resolved file path is "/home/studioai/.nuget/packages/microsoft.extensions.dependencyinjection.abstractions/8.0.0/lib/net8.0/Microsoft.Extensions.DependencyInjection.Abstractions.dll".
             Reference found at search path location "{HintPathFromItem}".
             This reference is not "CopyLocal" because at least one source item had "Private" set to "false" and no source items had "Private" set to "true".
             The ImageRuntimeVersion for this reference is "".
         Primary reference "Microsoft.Extensions.Logging.Abstractions, Version=8.0.0.0, Culture=neutral, PublicKeyToken=adb9793829ddae60".
             Resolved file path is "/home/studioai/.nuget/packages/microsoft.extensions.logging.abstractions/8.0.0/lib/net8.0/Microsoft.Extensions.Logging.Abstractions.dll".
             Reference found at search path location "{HintPathFromItem}".
             This reference is not "CopyLocal" because at least one source item had "Private" set to "false" and no source items had "Private" set to "true".
             The ImageRuntimeVersion for this reference is "".
         Primary reference "Microsoft.CSharp, Version=8.0.0.0, Culture=neutral, PublicKeyToken=b03f5f7f11d50a3a".
             Resolved file path is "/usr/share/dotnet/packs/Microsoft.NETCore.App.Ref/8.0.23/ref/net8.0/Microsoft.CSharp.dll".
             Reference found at search path location "{RawFileName}".
             This reference is not "CopyLocal" because at least one source item had "Private" set to "false" and no source items had "Private" set to "true".
             The ImageRuntimeVersion for this reference is "".
         Primary reference "Microsoft.VisualBasic.Core, Version=13.0.0.0, Culture=neutral, PublicKeyToken=b03f5f7f11d50a3a".
             Resolved file path is "/usr/share/dotnet/packs/Microsoft.NETCore.App.Ref/8.0.23/ref/net8.0/Microsoft.VisualBasic.Core.dll".
             Reference found at search path location "{RawFileName}".
             This reference is not "CopyLocal" because at least one source item had "Private" set to "false" and no source items had "Private" set to "true".
             The ImageRuntimeVersion for this reference is "".
         Primary reference "Microsoft.VisualBasic, Version=10.0.0.0, Culture=neutral, PublicKeyToken=b03f5f7f11d50a3a".
             Resolved file path is "/usr/share/dotnet/packs/Microsoft.NETCore.App.Ref/8.0.23/ref/net8.0/Microsoft.VisualBasic.dll".
             Reference found at search path location "{RawFileName}".
             This reference is not "CopyLocal" because at least one source item had "Private" set to "false" and no source items had "Private" set to "true".
             The ImageRuntimeVersion for this reference is "".
         Primary reference "Microsoft.Win32.Primitives, Version=8.0.0.0, Culture=neutral, PublicKeyToken=b03f5f7f11d50a3a".
             Resolved file path is "/usr/share/dotnet/packs/Microsoft.NETCore.App.Ref/8.0.23/ref/net8.0/Microsoft.Win32.Primitives.dll".
             Reference found at search path location "{RawFileName}".
             This reference is not "CopyLocal" because at least one source item had "Private" set to "false" and no source items had "Private" set to "true".
             The ImageRuntimeVersion for this reference is "".
         Primary reference "Microsoft.Win32.Registry, Version=8.0.0.0, Culture=neutral, PublicKeyToken=b03f5f7f11d50a3a".
             Resolved file path is "/usr/share/dotnet/packs/Microsoft.NETCore.App.Ref/8.0.23/ref/net8.0/Microsoft.Win32.Registry.dll".
             Reference found at search path location "{RawFileName}".
             This reference is not "CopyLocal" because at least one source item had "Private" set to "false" and no source items had "Private" set to "true".
             The ImageRuntimeVersion for this reference is "".
         Primary reference "System.AppContext, Version=8.0.0.0, Culture=neutral, PublicKeyToken=b03f5f7f11d50a3a".
             Resolved file path is "/usr/share/dotnet/packs/Microsoft.NETCore.App.Ref/8.0.23/ref/net8.0/System.AppContext.dll".
             Reference found at search path location "{RawFileName}".
             This reference is not "CopyLocal" because at least one source item had "Private" set to "false" and no source items had "Private" set to "true".
             The ImageRuntimeVersion for this reference is "".
         Primary reference "System.Buffers, Version=8.0.0.0, Culture=neutral, PublicKeyToken=cc7b13ffcd2ddd51".
             Resolved file path is "/usr/share/dotnet/packs/Microsoft.NETCore.App.Ref/8.0.23/ref/net8.0/System.Buffers.dll".
             Reference found at search path location "{RawFileName}".
             This reference is not "CopyLocal" because at least one source item had "Private" set to "false" and no source items had "Private" set to "true".
             The ImageRuntimeVersion for this reference is "".
         Primary reference "System.Collections.Concurrent, Version=8.0.0.0, Culture=neutral, PublicKeyToken=b03f5f7f11d50a3a".
             Resolved file path is "/usr/share/dotnet/packs/Microsoft.NETCore.App.Ref/8.0.23/ref/net8.0/System.Collections.Concurrent.dll".
             Reference found at search path location "{RawFileName}".
             This reference is not "CopyLocal" because at least one source item had "Private" set to "false" and no source items had "Private" set to "true".
             The ImageRuntimeVersion for this reference is "".
         Primary reference "System.Collections.Immutable, Version=8.0.0.0, Culture=neutral, PublicKeyToken=b03f5f7f11d50a3a".
             Resolved file path is "/usr/share/dotnet/packs/Microsoft.NETCore.App.Ref/8.0.23/ref/net8.0/System.Collections.Immutable.dll".
             Reference found at search path location "{RawFileName}".
             This reference is not "CopyLocal" because at least one source item had "Private" set to "false" and no source items had "Private" set to "true".
             The ImageRuntimeVersion for this reference is "".
         Primary reference "System.Collections.NonGeneric, Version=8.0.0.0, Culture=neutral, PublicKeyToken=b03f5f7f11d50a3a".
             Resolved file path is "/usr/share/dotnet/packs/Microsoft.NETCore.App.Ref/8.0.23/ref/net8.0/System.Collections.NonGeneric.dll".
             Reference found at search path location "{RawFileName}".
             This reference is not "CopyLocal" because at least one source item had "Private" set to "false" and no source items had "Private" set to "true".
             The ImageRuntimeVersion for this reference is "".
         Primary reference "System.Collections.Specialized, Version=8.0.0.0, Culture=neutral, PublicKeyToken=b03f5f7f11d50a3a".
             Resolved file path is "/usr/share/dotnet/packs/Microsoft.NETCore.App.Ref/8.0.23/ref/net8.0/System.Collections.Specialized.dll".
             Reference found at search path location "{RawFileName}".
             This reference is not "CopyLocal" because at least one source item had "Private" set to "false" and no source items had "Private" set to "true".
             The ImageRuntimeVersion for this reference is "".
         Primary reference "System.Collections, Version=8.0.0.0, Culture=neutral, PublicKeyToken=b03f5f7f11d50a3a".
             Resolved file path is "/usr/share/dotnet/packs/Microsoft.NETCore.App.Ref/8.0.23/ref/net8.0/System.Collections.dll".
             Reference found at search path location "{RawFileName}".
             This reference is not "CopyLocal" because at least one source item had "Private" set to "false" and no source items had "Private" set to "true".
             The ImageRuntimeVersion for this reference is "".
         Primary reference "System.ComponentModel.Annotations, Version=8.0.0.0, Culture=neutral, PublicKeyToken=b03f5f7f11d50a3a".
             Resolved file path is "/usr/share/dotnet/packs/Microsoft.NETCore.App.Ref/8.0.23/ref/net8.0/System.ComponentModel.Annotations.dll".
             Reference found at search path location "{RawFileName}".
             This reference is not "CopyLocal" because at least one source item had "Private" set to "false" and no source items had "Private" set to "true".
             The ImageRuntimeVersion for this reference is "".
         Primary reference "System.ComponentModel.DataAnnotations, Version=4.0.0.0, Culture=neutral, PublicKeyToken=31bf3856ad364e35".
             Resolved file path is "/usr/share/dotnet/packs/Microsoft.NETCore.App.Ref/8.0.23/ref/net8.0/System.ComponentModel.DataAnnotations.dll".
             Reference found at search path location "{RawFileName}".
             This reference is not "CopyLocal" because at least one source item had "Private" set to "false" and no source items had "Private" set to "true".
             The ImageRuntimeVersion for this reference is "".
         Primary reference "System.ComponentModel.EventBasedAsync, Version=8.0.0.0, Culture=neutral, PublicKeyToken=b03f5f7f11d50a3a".
             Resolved file path is "/usr/share/dotnet/packs/Microsoft.NETCore.App.Ref/8.0.23/ref/net8.0/System.ComponentModel.EventBasedAsync.dll".
             Reference found at search path location "{RawFileName}".
             This reference is not "CopyLocal" because at least one source item had "Private" set to "false" and no source items had "Private" set to "true".
             The ImageRuntimeVersion for this reference is "".
         Primary reference "System.ComponentModel.Primitives, Version=8.0.0.0, Culture=neutral, PublicKeyToken=b03f5f7f11d50a3a".
             Resolved file path is "/usr/share/dotnet/packs/Microsoft.NETCore.App.Ref/8.0.23/ref/net8.0/System.ComponentModel.Primitives.dll".
             Reference found at search path location "{RawFileName}".
             This reference is not "CopyLocal" because at least one source item had "Private" set to "false" and no source items had "Private" set to "true".
             The ImageRuntimeVersion for this reference is "".
         Primary reference "System.ComponentModel.TypeConverter, Version=8.0.0.0, Culture=neutral, PublicKeyToken=b03f5f7f11d50a3a".
             Resolved file path is "/usr/share/dotnet/packs/Microsoft.NETCore.App.Ref/8.0.23/ref/net8.0/System.ComponentModel.TypeConverter.dll".
             Reference found at search path location "{RawFileName}".
             This reference is not "CopyLocal" because at least one source item had "Private" set to "false" and no source items had "Private" set to "true".
             The ImageRuntimeVersion for this reference is "".
         Primary reference "System.ComponentModel, Version=8.0.0.0, Culture=neutral, PublicKeyToken=b03f5f7f11d50a3a".
             Resolved file path is "/usr/share/dotnet/packs/Microsoft.NETCore.App.Ref/8.0.23/ref/net8.0/System.ComponentModel.dll".
             Reference found at search path location "{RawFileName}".
             This reference is not "CopyLocal" because at least one source item had "Private" set to "false" and no source items had "Private" set to "true".
             The ImageRuntimeVersion for this reference is "".
         Primary reference "System.Configuration, Version=4.0.0.0, Culture=neutral, PublicKeyToken=b03f5f7f11d50a3a".
             Resolved file path is "/usr/share/dotnet/packs/Microsoft.NETCore.App.Ref/8.0.23/ref/net8.0/System.Configuration.dll".
             Reference found at search path location "{RawFileName}".
             This reference is not "CopyLocal" because at least one source item had "Private" set to "false" and no source items had "Private" set to "true".
             The ImageRuntimeVersion for this reference is "".
         Primary reference "System.Console, Version=8.0.0.0, Culture=neutral, PublicKeyToken=b03f5f7f11d50a3a".
             Resolved file path is "/usr/share/dotnet/packs/Microsoft.NETCore.App.Ref/8.0.23/ref/net8.0/System.Console.dll".
             Reference found at search path location "{RawFileName}".
             This reference is not "CopyLocal" because at least one source item had "Private" set to "false" and no source items had "Private" set to "true".
             The ImageRuntimeVersion for this reference is "".
         Primary reference "System.Core, Version=4.0.0.0, Culture=neutral, PublicKeyToken=b77a5c561934e089".
             Resolved file path is "/usr/share/dotnet/packs/Microsoft.NETCore.App.Ref/8.0.23/ref/net8.0/System.Core.dll".
             Reference found at search path location "{RawFileName}".
             This reference is not "CopyLocal" because at least one source item had "Private" set to "false" and no source items had "Private" set to "true".
             The ImageRuntimeVersion for this reference is "".
         Primary reference "System.Data.Common, Version=8.0.0.0, Culture=neutral, PublicKeyToken=b03f5f7f11d50a3a".
             Resolved file path is "/usr/share/dotnet/packs/Microsoft.NETCore.App.Ref/8.0.23/ref/net8.0/System.Data.Common.dll".
             Reference found at search path location "{RawFileName}".
             This reference is not "CopyLocal" because at least one source item had "Private" set to "false" and no source items had "Private" set to "true".
             The ImageRuntimeVersion for this reference is "".
         Primary reference "System.Data.DataSetExtensions, Version=8.0.0.0, Culture=neutral, PublicKeyToken=b77a5c561934e089".
             Resolved file path is "/usr/share/dotnet/packs/Microsoft.NETCore.App.Ref/8.0.23/ref/net8.0/System.Data.DataSetExtensions.dll".
             Reference found at search path location "{RawFileName}".
             This reference is not "CopyLocal" because at least one source item had "Private" set to "false" and no source items had "Private" set to "true".
             The ImageRuntimeVersion for this reference is "".
         Primary reference "System.Data, Version=4.0.0.0, Culture=neutral, PublicKeyToken=b77a5c561934e089".
             Resolved file path is "/usr/share/dotnet/packs/Microsoft.NETCore.App.Ref/8.0.23/ref/net8.0/System.Data.dll".
             Reference found at search path location "{RawFileName}".
             This reference is not "CopyLocal" because at least one source item had "Private" set to "false" and no source items had "Private" set to "true".
             The ImageRuntimeVersion for this reference is "".
         Primary reference "System.Diagnostics.Contracts, Version=8.0.0.0, Culture=neutral, PublicKeyToken=b03f5f7f11d50a3a".
             Resolved file path is "/usr/share/dotnet/packs/Microsoft.NETCore.App.Ref/8.0.23/ref/net8.0/System.Diagnostics.Contracts.dll".
             Reference found at search path location "{RawFileName}".
             This reference is not "CopyLocal" because at least one source item had "Private" set to "false" and no source items had "Private" set to "true".
             The ImageRuntimeVersion for this reference is "".
         Primary reference "System.Diagnostics.Debug, Version=8.0.0.0, Culture=neutral, PublicKeyToken=b03f5f7f11d50a3a".
             Resolved file path is "/usr/share/dotnet/packs/Microsoft.NETCore.App.Ref/8.0.23/ref/net8.0/System.Diagnostics.Debug.dll".
             Reference found at search path location "{RawFileName}".
             This reference is not "CopyLocal" because at least one source item had "Private" set to "false" and no source items had "Private" set to "true".
             The ImageRuntimeVersion for this reference is "".
         Primary reference "System.Diagnostics.DiagnosticSource, Version=8.0.0.0, Culture=neutral, PublicKeyToken=cc7b13ffcd2ddd51".
             Resolved file path is "/usr/share/dotnet/packs/Microsoft.NETCore.App.Ref/8.0.23/ref/net8.0/System.Diagnostics.DiagnosticSource.dll".
             Reference found at search path location "{RawFileName}".
             This reference is not "CopyLocal" because at least one source item had "Private" set to "false" and no source items had "Private" set to "true".
             The ImageRuntimeVersion for this reference is "".
         Primary reference "System.Diagnostics.FileVersionInfo, Version=8.0.0.0, Culture=neutral, PublicKeyToken=b03f5f7f11d50a3a".
             Resolved file path is "/usr/share/dotnet/packs/Microsoft.NETCore.App.Ref/8.0.23/ref/net8.0/System.Diagnostics.FileVersionInfo.dll".
             Reference found at search path location "{RawFileName}".
             This reference is not "CopyLocal" because at least one source item had "Private" set to "false" and no source items had "Private" set to "true".
             The ImageRuntimeVersion for this reference is "".
         Primary reference "System.Diagnostics.Process, Version=8.0.0.0, Culture=neutral, PublicKeyToken=b03f5f7f11d50a3a".
             Resolved file path is "/usr/share/dotnet/packs/Microsoft.NETCore.App.Ref/8.0.23/ref/net8.0/System.Diagnostics.Process.dll".
             Reference found at search path location "{RawFileName}".
             This reference is not "CopyLocal" because at least one source item had "Private" set to "false" and no source items had "Private" set to "true".
             The ImageRuntimeVersion for this reference is "".
         Primary reference "System.Diagnostics.StackTrace, Version=8.0.0.0, Culture=neutral, PublicKeyToken=b03f5f7f11d50a3a".
             Resolved file path is "/usr/share/dotnet/packs/Microsoft.NETCore.App.Ref/8.0.23/ref/net8.0/System.Diagnostics.StackTrace.dll".
             Reference found at search path location "{RawFileName}".
             This reference is not "CopyLocal" because at least one source item had "Private" set to "false" and no source items had "Private" set to "true".
             The ImageRuntimeVersion for this reference is "".
         Primary reference "System.Diagnostics.TextWriterTraceListener, Version=8.0.0.0, Culture=neutral, PublicKeyToken=b03f5f7f11d50a3a".
             Resolved file path is "/usr/share/dotnet/packs/Microsoft.NETCore.App.Ref/8.0.23/ref/net8.0/System.Diagnostics.TextWriterTraceListener.dll".
             Reference found at search path location "{RawFileName}".
             This reference is not "CopyLocal" because at least one source item had "Private" set to "false" and no source items had "Private" set to "true".
             The ImageRuntimeVersion for this reference is "".
         Primary reference "System.Diagnostics.Tools, Version=8.0.0.0, Culture=neutral, PublicKeyToken=b03f5f7f11d50a3a".
             Resolved file path is "/usr/share/dotnet/packs/Microsoft.NETCore.App.Ref/8.0.23/ref/net8.0/System.Diagnostics.Tools.dll".
             Reference found at search path location "{RawFileName}".
             This reference is not "CopyLocal" because at least one source item had "Private" set to "false" and no source items had "Private" set to "true".
             The ImageRuntimeVersion for this reference is "".
         Primary reference "System.Diagnostics.TraceSource, Version=8.0.0.0, Culture=neutral, PublicKeyToken=b03f5f7f11d50a3a".
             Resolved file path is "/usr/share/dotnet/packs/Microsoft.NETCore.App.Ref/8.0.23/ref/net8.0/System.Diagnostics.TraceSource.dll".
             Reference found at search path location "{RawFileName}".
             This reference is not "CopyLocal" because at least one source item had "Private" set to "false" and no source items had "Private" set to "true".
             The ImageRuntimeVersion for this reference is "".
         Primary reference "System.Diagnostics.Tracing, Version=8.0.0.0, Culture=neutral, PublicKeyToken=b03f5f7f11d50a3a".
             Resolved file path is "/usr/share/dotnet/packs/Microsoft.NETCore.App.Ref/8.0.23/ref/net8.0/System.Diagnostics.Tracing.dll".
             Reference found at search path location "{RawFileName}".
             This reference is not "CopyLocal" because at least one source item had "Private" set to "false" and no source items had "Private" set to "true".
             The ImageRuntimeVersion for this reference is "".
         Primary reference "System.Drawing.Primitives, Version=8.0.0.0, Culture=neutral, PublicKeyToken=b03f5f7f11d50a3a".
             Resolved file path is "/usr/share/dotnet/packs/Microsoft.NETCore.App.Ref/8.0.23/ref/net8.0/System.Drawing.Primitives.dll".
             Reference found at search path location "{RawFileName}".
             This reference is not "CopyLocal" because at least one source item had "Private" set to "false" and no source items had "Private" set to "true".
             The ImageRuntimeVersion for this reference is "".
         Primary reference "System.Drawing, Version=4.0.0.0, Culture=neutral, PublicKeyToken=b03f5f7f11d50a3a".
             Resolved file path is "/usr/share/dotnet/packs/Microsoft.NETCore.App.Ref/8.0.23/ref/net8.0/System.Drawing.dll".
             Reference found at search path location "{RawFileName}".
             This reference is not "CopyLocal" because at least one source item had "Private" set to "false" and no source items had "Private" set to "true".
             The ImageRuntimeVersion for this reference is "".
         Primary reference "System.Dynamic.Runtime, Version=8.0.0.0, Culture=neutral, PublicKeyToken=b03f5f7f11d50a3a".
             Resolved file path is "/usr/share/dotnet/packs/Microsoft.NETCore.App.Ref/8.0.23/ref/net8.0/System.Dynamic.Runtime.dll".
             Reference found at search path location "{RawFileName}".
             This reference is not "CopyLocal" because at least one source item had "Private" set to "false" and no source items had "Private" set to "true".
             The ImageRuntimeVersion for this reference is "".
         Primary reference "System.Formats.Asn1, Version=8.0.0.0, Culture=neutral, PublicKeyToken=cc7b13ffcd2ddd51".
             Resolved file path is "/usr/share/dotnet/packs/Microsoft.NETCore.App.Ref/8.0.23/ref/net8.0/System.Formats.Asn1.dll".
             Reference found at search path location "{RawFileName}".
             This reference is not "CopyLocal" because at least one source item had "Private" set to "false" and no source items had "Private" set to "true".
             The ImageRuntimeVersion for this reference is "".
         Primary reference "System.Formats.Tar, Version=8.0.0.0, Culture=neutral, PublicKeyToken=cc7b13ffcd2ddd51".
             Resolved file path is "/usr/share/dotnet/packs/Microsoft.NETCore.App.Ref/8.0.23/ref/net8.0/System.Formats.Tar.dll".
             Reference found at search path location "{RawFileName}".
             This reference is not "CopyLocal" because at least one source item had "Private" set to "false" and no source items had "Private" set to "true".
             The ImageRuntimeVersion for this reference is "".
         Primary reference "System.Globalization.Calendars, Version=8.0.0.0, Culture=neutral, PublicKeyToken=b03f5f7f11d50a3a".
             Resolved file path is "/usr/share/dotnet/packs/Microsoft.NETCore.App.Ref/8.0.23/ref/net8.0/System.Globalization.Calendars.dll".
             Reference found at search path location "{RawFileName}".
             This reference is not "CopyLocal" because at least one source item had "Private" set to "false" and no source items had "Private" set to "true".
             The ImageRuntimeVersion for this reference is "".
         Primary reference "System.Globalization.Extensions, Version=8.0.0.0, Culture=neutral, PublicKeyToken=b03f5f7f11d50a3a".
             Resolved file path is "/usr/share/dotnet/packs/Microsoft.NETCore.App.Ref/8.0.23/ref/net8.0/System.Globalization.Extensions.dll".
             Reference found at search path location "{RawFileName}".
             This reference is not "CopyLocal" because at least one source item had "Private" set to "false" and no source items had "Private" set to "true".
             The ImageRuntimeVersion for this reference is "".
         Primary reference "System.Globalization, Version=8.0.0.0, Culture=neutral, PublicKeyToken=b03f5f7f11d50a3a".
             Resolved file path is "/usr/share/dotnet/packs/Microsoft.NETCore.App.Ref/8.0.23/ref/net8.0/System.Globalization.dll".
             Reference found at search path location "{RawFileName}".
             This reference is not "CopyLocal" because at least one source item had "Private" set to "false" and no source items had "Private" set to "true".
             The ImageRuntimeVersion for this reference is "".
         Primary reference "System.IO.Compression.Brotli, Version=8.0.0.0, Culture=neutral, PublicKeyToken=b77a5c561934e089".
             Resolved file path is "/usr/share/dotnet/packs/Microsoft.NETCore.App.Ref/8.0.23/ref/net8.0/System.IO.Compression.Brotli.dll".
             Reference found at search path location "{RawFileName}".
             This reference is not "CopyLocal" because at least one source item had "Private" set to "false" and no source items had "Private" set to "true".
             The ImageRuntimeVersion for this reference is "".
         Primary reference "System.IO.Compression.FileSystem, Version=4.0.0.0, Culture=neutral, PublicKeyToken=b77a5c561934e089".
             Resolved file path is "/usr/share/dotnet/packs/Microsoft.NETCore.App.Ref/8.0.23/ref/net8.0/System.IO.Compression.FileSystem.dll".
             Reference found at search path location "{RawFileName}".
             This reference is not "CopyLocal" because at least one source item had "Private" set to "false" and no source items had "Private" set to "true".
             The ImageRuntimeVersion for this reference is "".
         Primary reference "System.IO.Compression.ZipFile, Version=8.0.0.0, Culture=neutral, PublicKeyToken=b77a5c561934e089".
             Resolved file path is "/usr/share/dotnet/packs/Microsoft.NETCore.App.Ref/8.0.23/ref/net8.0/System.IO.Compression.ZipFile.dll".
             Reference found at search path location "{RawFileName}".
             This reference is not "CopyLocal" because at least one source item had "Private" set to "false" and no source items had "Private" set to "true".
             The ImageRuntimeVersion for this reference is "".
         Primary reference "System.IO.Compression, Version=8.0.0.0, Culture=neutral, PublicKeyToken=b77a5c561934e089".
             Resolved file path is "/usr/share/dotnet/packs/Microsoft.NETCore.App.Ref/8.0.23/ref/net8.0/System.IO.Compression.dll".
             Reference found at search path location "{RawFileName}".
             This reference is not "CopyLocal" because at least one source item had "Private" set to "false" and no source items had "Private" set to "true".
             The ImageRuntimeVersion for this reference is "".
         Primary reference "System.IO.FileSystem.AccessControl, Version=8.0.0.0, Culture=neutral, PublicKeyToken=b03f5f7f11d50a3a".
             Resolved file path is "/usr/share/dotnet/packs/Microsoft.NETCore.App.Ref/8.0.23/ref/net8.0/System.IO.FileSystem.AccessControl.dll".
             Reference found at search path location "{RawFileName}".
             This reference is not "CopyLocal" because at least one source item had "Private" set to "false" and no source items had "Private" set to "true".
             The ImageRuntimeVersion for this reference is "".
         Primary reference "System.IO.FileSystem.DriveInfo, Version=8.0.0.0, Culture=neutral, PublicKeyToken=b03f5f7f11d50a3a".
             Resolved file path is "/usr/share/dotnet/packs/Microsoft.NETCore.App.Ref/8.0.23/ref/net8.0/System.IO.FileSystem.DriveInfo.dll".
             Reference found at search path location "{RawFileName}".
             This reference is not "CopyLocal" because at least one source item had "Private" set to "false" and no source items had "Private" set to "true".
             The ImageRuntimeVersion for this reference is "".
         Primary reference "System.IO.FileSystem.Primitives, Version=8.0.0.0, Culture=neutral, PublicKeyToken=b03f5f7f11d50a3a".
             Resolved file path is "/usr/share/dotnet/packs/Microsoft.NETCore.App.Ref/8.0.23/ref/net8.0/System.IO.FileSystem.Primitives.dll".
             Reference found at search path location "{RawFileName}".
             This reference is not "CopyLocal" because at least one source item had "Private" set to "false" and no source items had "Private" set to "true".
             The ImageRuntimeVersion for this reference is "".
         Primary reference "System.IO.FileSystem.Watcher, Version=8.0.0.0, Culture=neutral, PublicKeyToken=b03f5f7f11d50a3a".
             Resolved file path is "/usr/share/dotnet/packs/Microsoft.NETCore.App.Ref/8.0.23/ref/net8.0/System.IO.FileSystem.Watcher.dll".
             Reference found at search path location "{RawFileName}".
             This reference is not "CopyLocal" because at least one source item had "Private" set to "false" and no source items had "Private" set to "true".
             The ImageRuntimeVersion for this reference is "".
         Primary reference "System.IO.FileSystem, Version=8.0.0.0, Culture=neutral, PublicKeyToken=b03f5f7f11d50a3a".
             Resolved file path is "/usr/share/dotnet/packs/Microsoft.NETCore.App.Ref/8.0.23/ref/net8.0/System.IO.FileSystem.dll".
             Reference found at search path location "{RawFileName}".
             This reference is not "CopyLocal" because at least one source item had "Private" set to "false" and no source items had "Private" set to "true".
             The ImageRuntimeVersion for this reference is "".
         Primary reference "System.IO.IsolatedStorage, Version=8.0.0.0, Culture=neutral, PublicKeyToken=b03f5f7f11d50a3a".
             Resolved file path is "/usr/share/dotnet/packs/Microsoft.NETCore.App.Ref/8.0.23/ref/net8.0/System.IO.IsolatedStorage.dll".
             Reference found at search path location "{RawFileName}".
             This reference is not "CopyLocal" because at least one source item had "Private" set to "false" and no source items had "Private" set to "true".
             The ImageRuntimeVersion for this reference is "".
         Primary reference "System.IO.MemoryMappedFiles, Version=8.0.0.0, Culture=neutral, PublicKeyToken=b03f5f7f11d50a3a".
             Resolved file path is "/usr/share/dotnet/packs/Microsoft.NETCore.App.Ref/8.0.23/ref/net8.0/System.IO.MemoryMappedFiles.dll".
             Reference found at search path location "{RawFileName}".
             This reference is not "CopyLocal" because at least one source item had "Private" set to "false" and no source items had "Private" set to "true".
             The ImageRuntimeVersion for this reference is "".
         Primary reference "System.IO.Pipes.AccessControl, Version=8.0.0.0, Culture=neutral, PublicKeyToken=b03f5f7f11d50a3a".
             Resolved file path is "/usr/share/dotnet/packs/Microsoft.NETCore.App.Ref/8.0.23/ref/net8.0/System.IO.Pipes.AccessControl.dll".
             Reference found at search path location "{RawFileName}".
             This reference is not "CopyLocal" because at least one source item had "Private" set to "false" and no source items had "Private" set to "true".
             The ImageRuntimeVersion for this reference is "".
         Primary reference "System.IO.Pipes, Version=8.0.0.0, Culture=neutral, PublicKeyToken=b03f5f7f11d50a3a".
             Resolved file path is "/usr/share/dotnet/packs/Microsoft.NETCore.App.Ref/8.0.23/ref/net8.0/System.IO.Pipes.dll".
             Reference found at search path location "{RawFileName}".
             This reference is not "CopyLocal" because at least one source item had "Private" set to "false" and no source items had "Private" set to "true".
             The ImageRuntimeVersion for this reference is "".
         Primary reference "System.IO.UnmanagedMemoryStream, Version=8.0.0.0, Culture=neutral, PublicKeyToken=b03f5f7f11d50a3a".
             Resolved file path is "/usr/share/dotnet/packs/Microsoft.NETCore.App.Ref/8.0.23/ref/net8.0/System.IO.UnmanagedMemoryStream.dll".
             Reference found at search path location "{RawFileName}".
             This reference is not "CopyLocal" because at least one source item had "Private" set to "false" and no source items had "Private" set to "true".
             The ImageRuntimeVersion for this reference is "".
         Primary reference "System.IO, Version=8.0.0.0, Culture=neutral, PublicKeyToken=b03f5f7f11d50a3a".
             Resolved file path is "/usr/share/dotnet/packs/Microsoft.NETCore.App.Ref/8.0.23/ref/net8.0/System.IO.dll".
             Reference found at search path location "{RawFileName}".
             This reference is not "CopyLocal" because at least one source item had "Private" set to "false" and no source items had "Private" set to "true".
             The ImageRuntimeVersion for this reference is "".
         Primary reference "System.Linq.Expressions, Version=8.0.0.0, Culture=neutral, PublicKeyToken=b03f5f7f11d50a3a".
             Resolved file path is "/usr/share/dotnet/packs/Microsoft.NETCore.App.Ref/8.0.23/ref/net8.0/System.Linq.Expressions.dll".
             Reference found at search path location "{RawFileName}".
             This reference is not "CopyLocal" because at least one source item had "Private" set to "false" and no source items had "Private" set to "true".
             The ImageRuntimeVersion for this reference is "".
         Primary reference "System.Linq.Parallel, Version=8.0.0.0, Culture=neutral, PublicKeyToken=b03f5f7f11d50a3a".
             Resolved file path is "/usr/share/dotnet/packs/Microsoft.NETCore.App.Ref/8.0.23/ref/net8.0/System.Linq.Parallel.dll".
             Reference found at search path location "{RawFileName}".
             This reference is not "CopyLocal" because at least one source item had "Private" set to "false" and no source items had "Private" set to "true".
             The ImageRuntimeVersion for this reference is "".
         Primary reference "System.Linq.Queryable, Version=8.0.0.0, Culture=neutral, PublicKeyToken=b03f5f7f11d50a3a".
             Resolved file path is "/usr/share/dotnet/packs/Microsoft.NETCore.App.Ref/8.0.23/ref/net8.0/System.Linq.Queryable.dll".
             Reference found at search path location "{RawFileName}".
             This reference is not "CopyLocal" because at least one source item had "Private" set to "false" and no source items had "Private" set to "true".
             The ImageRuntimeVersion for this reference is "".
         Primary reference "System.Linq, Version=8.0.0.0, Culture=neutral, PublicKeyToken=b03f5f7f11d50a3a".
             Resolved file path is "/usr/share/dotnet/packs/Microsoft.NETCore.App.Ref/8.0.23/ref/net8.0/System.Linq.dll".
             Reference found at search path location "{RawFileName}".
             This reference is not "CopyLocal" because at least one source item had "Private" set to "false" and no source items had "Private" set to "true".
             The ImageRuntimeVersion for this reference is "".
         Primary reference "System.Memory, Version=8.0.0.0, Culture=neutral, PublicKeyToken=cc7b13ffcd2ddd51".
             Resolved file path is "/usr/share/dotnet/packs/Microsoft.NETCore.App.Ref/8.0.23/ref/net8.0/System.Memory.dll".
             Reference found at search path location "{RawFileName}".
             This reference is not "CopyLocal" because at least one source item had "Private" set to "false" and no source items had "Private" set to "true".
             The ImageRuntimeVersion for this reference is "".
         Primary reference "System.Net.Http.Json, Version=8.0.0.0, Culture=neutral, PublicKeyToken=cc7b13ffcd2ddd51".
             Resolved file path is "/usr/share/dotnet/packs/Microsoft.NETCore.App.Ref/8.0.23/ref/net8.0/System.Net.Http.Json.dll".
             Reference found at search path location "{RawFileName}".
             This reference is not "CopyLocal" because at least one source item had "Private" set to "false" and no source items had "Private" set to "true".
             The ImageRuntimeVersion for this reference is "".
         Primary reference "System.Net.Http, Version=8.0.0.0, Culture=neutral, PublicKeyToken=b03f5f7f11d50a3a".
             Resolved file path is "/usr/share/dotnet/packs/Microsoft.NETCore.App.Ref/8.0.23/ref/net8.0/System.Net.Http.dll".
             Reference found at search path location "{RawFileName}".
             This reference is not "CopyLocal" because at least one source item had "Private" set to "false" and no source items had "Private" set to "true".
             The ImageRuntimeVersion for this reference is "".
         Primary reference "System.Net.HttpListener, Version=8.0.0.0, Culture=neutral, PublicKeyToken=cc7b13ffcd2ddd51".
             Resolved file path is "/usr/share/dotnet/packs/Microsoft.NETCore.App.Ref/8.0.23/ref/net8.0/System.Net.HttpListener.dll".
             Reference found at search path location "{RawFileName}".
             This reference is not "CopyLocal" because at least one source item had "Private" set to "false" and no source items had "Private" set to "true".
             The ImageRuntimeVersion for this reference is "".
         Primary reference "System.Net.Mail, Version=8.0.0.0, Culture=neutral, PublicKeyToken=cc7b13ffcd2ddd51".
             Resolved file path is "/usr/share/dotnet/packs/Microsoft.NETCore.App.Ref/8.0.23/ref/net8.0/System.Net.Mail.dll".
             Reference found at search path location "{RawFileName}".
             This reference is not "CopyLocal" because at least one source item had "Private" set to "false" and no source items had "Private" set to "true".
             The ImageRuntimeVersion for this reference is "".
         Primary reference "System.Net.NameResolution, Version=8.0.0.0, Culture=neutral, PublicKeyToken=b03f5f7f11d50a3a".
             Resolved file path is "/usr/share/dotnet/packs/Microsoft.NETCore.App.Ref/8.0.23/ref/net8.0/System.Net.NameResolution.dll".
             Reference found at search path location "{RawFileName}".
             This reference is not "CopyLocal" because at least one source item had "Private" set to "false" and no source items had "Private" set to "true".
             The ImageRuntimeVersion for this reference is "".
         Primary reference "System.Net.NetworkInformation, Version=8.0.0.0, Culture=neutral, PublicKeyToken=b03f5f7f11d50a3a".
             Resolved file path is "/usr/share/dotnet/packs/Microsoft.NETCore.App.Ref/8.0.23/ref/net8.0/System.Net.NetworkInformation.dll".
             Reference found at search path location "{RawFileName}".
             This reference is not "CopyLocal" because at least one source item had "Private" set to "false" and no source items had "Private" set to "true".
             The ImageRuntimeVersion for this reference is "".
         Primary reference "System.Net.Ping, Version=8.0.0.0, Culture=neutral, PublicKeyToken=b03f5f7f11d50a3a".
             Resolved file path is "/usr/share/dotnet/packs/Microsoft.NETCore.App.Ref/8.0.23/ref/net8.0/System.Net.Ping.dll".
             Reference found at search path location "{RawFileName}".
             This reference is not "CopyLocal" because at least one source item had "Private" set to "false" and no source items had "Private" set to "true".
             The ImageRuntimeVersion for this reference is "".
         Primary reference "System.Net.Primitives, Version=8.0.0.0, Culture=neutral, PublicKeyToken=b03f5f7f11d50a3a".
             Resolved file path is "/usr/share/dotnet/packs/Microsoft.NETCore.App.Ref/8.0.23/ref/net8.0/System.Net.Primitives.dll".
             Reference found at search path location "{RawFileName}".
             This reference is not "CopyLocal" because at least one source item had "Private" set to "false" and no source items had "Private" set to "true".
             The ImageRuntimeVersion for this reference is "".
         Primary reference "System.Net.Quic, Version=8.0.0.0, Culture=neutral, PublicKeyToken=b03f5f7f11d50a3a".
             Resolved file path is "/usr/share/dotnet/packs/Microsoft.NETCore.App.Ref/8.0.23/ref/net8.0/System.Net.Quic.dll".
             Reference found at search path location "{RawFileName}".
             This reference is not "CopyLocal" because at least one source item had "Private" set to "false" and no source items had "Private" set to "true".
             The ImageRuntimeVersion for this reference is "".
         Primary reference "System.Net.Requests, Version=8.0.0.0, Culture=neutral, PublicKeyToken=b03f5f7f11d50a3a".
             Resolved file path is "/usr/share/dotnet/packs/Microsoft.NETCore.App.Ref/8.0.23/ref/net8.0/System.Net.Requests.dll".
             Reference found at search path location "{RawFileName}".
             This reference is not "CopyLocal" because at least one source item had "Private" set to "false" and no source items had "Private" set to "true".
             The ImageRuntimeVersion for this reference is "".
         Primary reference "System.Net.Security, Version=8.0.0.0, Culture=neutral, PublicKeyToken=b03f5f7f11d50a3a".
             Resolved file path is "/usr/share/dotnet/packs/Microsoft.NETCore.App.Ref/8.0.23/ref/net8.0/System.Net.Security.dll".
             Reference found at search path location "{RawFileName}".
             This reference is not "CopyLocal" because at least one source item had "Private" set to "false" and no source items had "Private" set to "true".
             The ImageRuntimeVersion for this reference is "".
         Primary reference "System.Net.ServicePoint, Version=8.0.0.0, Culture=neutral, PublicKeyToken=cc7b13ffcd2ddd51".
             Resolved file path is "/usr/share/dotnet/packs/Microsoft.NETCore.App.Ref/8.0.23/ref/net8.0/System.Net.ServicePoint.dll".
             Reference found at search path location "{RawFileName}".
             This reference is not "CopyLocal" because at least one source item had "Private" set to "false" and no source items had "Private" set to "true".
             The ImageRuntimeVersion for this reference is "".
         Primary reference "System.Net.Sockets, Version=8.0.0.0, Culture=neutral, PublicKeyToken=b03f5f7f11d50a3a".
             Resolved file path is "/usr/share/dotnet/packs/Microsoft.NETCore.App.Ref/8.0.23/ref/net8.0/System.Net.Sockets.dll".
             Reference found at search path location "{RawFileName}".
             This reference is not "CopyLocal" because at least one source item had "Private" set to "false" and no source items had "Private" set to "true".
             The ImageRuntimeVersion for this reference is "".
         Primary reference "System.Net.WebClient, Version=8.0.0.0, Culture=neutral, PublicKeyToken=cc7b13ffcd2ddd51".
             Resolved file path is "/usr/share/dotnet/packs/Microsoft.NETCore.App.Ref/8.0.23/ref/net8.0/System.Net.WebClient.dll".
             Reference found at search path location "{RawFileName}".
             This reference is not "CopyLocal" because at least one source item had "Private" set to "false" and no source items had "Private" set to "true".
             The ImageRuntimeVersion for this reference is "".
         Primary reference "System.Net.WebHeaderCollection, Version=8.0.0.0, Culture=neutral, PublicKeyToken=b03f5f7f11d50a3a".
             Resolved file path is "/usr/share/dotnet/packs/Microsoft.NETCore.App.Ref/8.0.23/ref/net8.0/System.Net.WebHeaderCollection.dll".
             Reference found at search path location "{RawFileName}".
             This reference is not "CopyLocal" because at least one source item had "Private" set to "false" and no source items had "Private" set to "true".
             The ImageRuntimeVersion for this reference is "".
         Primary reference "System.Net.WebProxy, Version=8.0.0.0, Culture=neutral, PublicKeyToken=cc7b13ffcd2ddd51".
             Resolved file path is "/usr/share/dotnet/packs/Microsoft.NETCore.App.Ref/8.0.23/ref/net8.0/System.Net.WebProxy.dll".
             Reference found at search path location "{RawFileName}".
             This reference is not "CopyLocal" because at least one source item had "Private" set to "false" and no source items had "Private" set to "true".
             The ImageRuntimeVersion for this reference is "".
         Primary reference "System.Net.WebSockets.Client, Version=8.0.0.0, Culture=neutral, PublicKeyToken=b03f5f7f11d50a3a".
             Resolved file path is "/usr/share/dotnet/packs/Microsoft.NETCore.App.Ref/8.0.23/ref/net8.0/System.Net.WebSockets.Client.dll".
             Reference found at search path location "{RawFileName}".
             This reference is not "CopyLocal" because at least one source item had "Private" set to "false" and no source items had "Private" set to "true".
             The ImageRuntimeVersion for this reference is "".
         Primary reference "System.Net.WebSockets, Version=8.0.0.0, Culture=neutral, PublicKeyToken=b03f5f7f11d50a3a".
             Resolved file path is "/usr/share/dotnet/packs/Microsoft.NETCore.App.Ref/8.0.23/ref/net8.0/System.Net.WebSockets.dll".
             Reference found at search path location "{RawFileName}".
             This reference is not "CopyLocal" because at least one source item had "Private" set to "false" and no source items had "Private" set to "true".
             The ImageRuntimeVersion for this reference is "".
         Primary reference "System.Net, Version=4.0.0.0, Culture=neutral, PublicKeyToken=b03f5f7f11d50a3a".
             Resolved file path is "/usr/share/dotnet/packs/Microsoft.NETCore.App.Ref/8.0.23/ref/net8.0/System.Net.dll".
             Reference found at search path location "{RawFileName}".
             This reference is not "CopyLocal" because at least one source item had "Private" set to "false" and no source items had "Private" set to "true".
             The ImageRuntimeVersion for this reference is "".
         Primary reference "System.Numerics.Vectors, Version=8.0.0.0, Culture=neutral, PublicKeyToken=b03f5f7f11d50a3a".
             Resolved file path is "/usr/share/dotnet/packs/Microsoft.NETCore.App.Ref/8.0.23/ref/net8.0/System.Numerics.Vectors.dll".
             Reference found at search path location "{RawFileName}".
             This reference is not "CopyLocal" because at least one source item had "Private" set to "false" and no source items had "Private" set to "true".
             The ImageRuntimeVersion for this reference is "".
         Primary reference "System.Numerics, Version=4.0.0.0, Culture=neutral, PublicKeyToken=b77a5c561934e089".
             Resolved file path is "/usr/share/dotnet/packs/Microsoft.NETCore.App.Ref/8.0.23/ref/net8.0/System.Numerics.dll".
             Reference found at search path location "{RawFileName}".
             This reference is not "CopyLocal" because at least one source item had "Private" set to "false" and no source items had "Private" set to "true".
             The ImageRuntimeVersion for this reference is "".
         Primary reference "System.ObjectModel, Version=8.0.0.0, Culture=neutral, PublicKeyToken=b03f5f7f11d50a3a".
             Resolved file path is "/usr/share/dotnet/packs/Microsoft.NETCore.App.Ref/8.0.23/ref/net8.0/System.ObjectModel.dll".
             Reference found at search path location "{RawFileName}".
             This reference is not "CopyLocal" because at least one source item had "Private" set to "false" and no source items had "Private" set to "true".
             The ImageRuntimeVersion for this reference is "".
         Primary reference "System.Reflection.DispatchProxy, Version=8.0.0.0, Culture=neutral, PublicKeyToken=b03f5f7f11d50a3a".
             Resolved file path is "/usr/share/dotnet/packs/Microsoft.NETCore.App.Ref/8.0.23/ref/net8.0/System.Reflection.DispatchProxy.dll".
             Reference found at search path location "{RawFileName}".
             This reference is not "CopyLocal" because at least one source item had "Private" set to "false" and no source items had "Private" set to "true".
             The ImageRuntimeVersion for this reference is "".
         Primary reference "System.Reflection.Emit.ILGeneration, Version=8.0.0.0, Culture=neutral, PublicKeyToken=b03f5f7f11d50a3a".
             Resolved file path is "/usr/share/dotnet/packs/Microsoft.NETCore.App.Ref/8.0.23/ref/net8.0/System.Reflection.Emit.ILGeneration.dll".
             Reference found at search path location "{RawFileName}".
             This reference is not "CopyLocal" because at least one source item had "Private" set to "false" and no source items had "Private" set to "true".
             The ImageRuntimeVersion for this reference is "".
         Primary reference "System.Reflection.Emit.Lightweight, Version=8.0.0.0, Culture=neutral, PublicKeyToken=b03f5f7f11d50a3a".
             Resolved file path is "/usr/share/dotnet/packs/Microsoft.NETCore.App.Ref/8.0.23/ref/net8.0/System.Reflection.Emit.Lightweight.dll".
             Reference found at search path location "{RawFileName}".
             This reference is not "CopyLocal" because at least one source item had "Private" set to "false" and no source items had "Private" set to "true".
             The ImageRuntimeVersion for this reference is "".
         Primary reference "System.Reflection.Emit, Version=8.0.0.0, Culture=neutral, PublicKeyToken=b03f5f7f11d50a3a".
             Resolved file path is "/usr/share/dotnet/packs/Microsoft.NETCore.App.Ref/8.0.23/ref/net8.0/System.Reflection.Emit.dll".
             Reference found at search path location "{RawFileName}".
             This reference is not "CopyLocal" because at least one source item had "Private" set to "false" and no source items had "Private" set to "true".
             The ImageRuntimeVersion for this reference is "".
         Primary reference "System.Reflection.Extensions, Version=8.0.0.0, Culture=neutral, PublicKeyToken=b03f5f7f11d50a3a".
             Resolved file path is "/usr/share/dotnet/packs/Microsoft.NETCore.App.Ref/8.0.23/ref/net8.0/System.Reflection.Extensions.dll".
             Reference found at search path location "{RawFileName}".
             This reference is not "CopyLocal" because at least one source item had "Private" set to "false" and no source items had "Private" set to "true".
             The ImageRuntimeVersion for this reference is "".
         Primary reference "System.Reflection.Metadata, Version=8.0.0.0, Culture=neutral, PublicKeyToken=b03f5f7f11d50a3a".
             Resolved file path is "/usr/share/dotnet/packs/Microsoft.NETCore.App.Ref/8.0.23/ref/net8.0/System.Reflection.Metadata.dll".
             Reference found at search path location "{RawFileName}".
             This reference is not "CopyLocal" because at least one source item had "Private" set to "false" and no source items had "Private" set to "true".
             The ImageRuntimeVersion for this reference is "".
         Primary reference "System.Reflection.Primitives, Version=8.0.0.0, Culture=neutral, PublicKeyToken=b03f5f7f11d50a3a".
             Resolved file path is "/usr/share/dotnet/packs/Microsoft.NETCore.App.Ref/8.0.23/ref/net8.0/System.Reflection.Primitives.dll".
             Reference found at search path location "{RawFileName}".
             This reference is not "CopyLocal" because at least one source item had "Private" set to "false" and no source items had "Private" set to "true".
             The ImageRuntimeVersion for this reference is "".
         Primary reference "System.Reflection.TypeExtensions, Version=8.0.0.0, Culture=neutral, PublicKeyToken=b03f5f7f11d50a3a".
             Resolved file path is "/usr/share/dotnet/packs/Microsoft.NETCore.App.Ref/8.0.23/ref/net8.0/System.Reflection.TypeExtensions.dll".
             Reference found at search path location "{RawFileName}".
             This reference is not "CopyLocal" because at least one source item had "Private" set to "false" and no source items had "Private" set to "true".
             The ImageRuntimeVersion for this reference is "".
         Primary reference "System.Reflection, Version=8.0.0.0, Culture=neutral, PublicKeyToken=b03f5f7f11d50a3a".
             Resolved file path is "/usr/share/dotnet/packs/Microsoft.NETCore.App.Ref/8.0.23/ref/net8.0/System.Reflection.dll".
             Reference found at search path location "{RawFileName}".
             This reference is not "CopyLocal" because at least one source item had "Private" set to "false" and no source items had "Private" set to "true".
             The ImageRuntimeVersion for this reference is "".
         Primary reference "System.Resources.Reader, Version=8.0.0.0, Culture=neutral, PublicKeyToken=b03f5f7f11d50a3a".
             Resolved file path is "/usr/share/dotnet/packs/Microsoft.NETCore.App.Ref/8.0.23/ref/net8.0/System.Resources.Reader.dll".
             Reference found at search path location "{RawFileName}".
             This reference is not "CopyLocal" because at least one source item had "Private" set to "false" and no source items had "Private" set to "true".
             The ImageRuntimeVersion for this reference is "".
         Primary reference "System.Resources.ResourceManager, Version=8.0.0.0, Culture=neutral, PublicKeyToken=b03f5f7f11d50a3a".
             Resolved file path is "/usr/share/dotnet/packs/Microsoft.NETCore.App.Ref/8.0.23/ref/net8.0/System.Resources.ResourceManager.dll".
             Reference found at search path location "{RawFileName}".
             This reference is not "CopyLocal" because at least one source item had "Private" set to "false" and no source items had "Private" set to "true".
             The ImageRuntimeVersion for this reference is "".
         Primary reference "System.Resources.Writer, Version=8.0.0.0, Culture=neutral, PublicKeyToken=b03f5f7f11d50a3a".
             Resolved file path is "/usr/share/dotnet/packs/Microsoft.NETCore.App.Ref/8.0.23/ref/net8.0/System.Resources.Writer.dll".
             Reference found at search path location "{RawFileName}".
             This reference is not "CopyLocal" because at least one source item had "Private" set to "false" and no source items had "Private" set to "true".
             The ImageRuntimeVersion for this reference is "".
         Primary reference "System.Runtime.CompilerServices.Unsafe, Version=8.0.0.0, Culture=neutral, PublicKeyToken=b03f5f7f11d50a3a".
             Resolved file path is "/usr/share/dotnet/packs/Microsoft.NETCore.App.Ref/8.0.23/ref/net8.0/System.Runtime.CompilerServices.Unsafe.dll".
             Reference found at search path location "{RawFileName}".
             This reference is not "CopyLocal" because at least one source item had "Private" set to "false" and no source items had "Private" set to "true".
             The ImageRuntimeVersion for this reference is "".
         Primary reference "System.Runtime.CompilerServices.VisualC, Version=8.0.0.0, Culture=neutral, PublicKeyToken=b03f5f7f11d50a3a".
             Resolved file path is "/usr/share/dotnet/packs/Microsoft.NETCore.App.Ref/8.0.23/ref/net8.0/System.Runtime.CompilerServices.VisualC.dll".
             Reference found at search path location "{RawFileName}".
             This reference is not "CopyLocal" because at least one source item had "Private" set to "false" and no source items had "Private" set to "true".
             The ImageRuntimeVersion for this reference is "".
         Primary reference "System.Runtime.Extensions, Version=8.0.0.0, Culture=neutral, PublicKeyToken=b03f5f7f11d50a3a".
             Resolved file path is "/usr/share/dotnet/packs/Microsoft.NETCore.App.Ref/8.0.23/ref/net8.0/System.Runtime.Extensions.dll".
             Reference found at search path location "{RawFileName}".
             This reference is not "CopyLocal" because at least one source item had "Private" set to "false" and no source items had "Private" set to "true".
             The ImageRuntimeVersion for this reference is "".
         Primary reference "System.Runtime.Handles, Version=8.0.0.0, Culture=neutral, PublicKeyToken=b03f5f7f11d50a3a".
             Resolved file path is "/usr/share/dotnet/packs/Microsoft.NETCore.App.Ref/8.0.23/ref/net8.0/System.Runtime.Handles.dll".
             Reference found at search path location "{RawFileName}".
             This reference is not "CopyLocal" because at least one source item had "Private" set to "false" and no source items had "Private" set to "true".
             The ImageRuntimeVersion for this reference is "".
         Primary reference "System.Runtime.InteropServices.JavaScript, Version=8.0.0.0, Culture=neutral, PublicKeyToken=b03f5f7f11d50a3a".
             Resolved file path is "/usr/share/dotnet/packs/Microsoft.NETCore.App.Ref/8.0.23/ref/net8.0/System.Runtime.InteropServices.JavaScript.dll".
             Reference found at search path location "{RawFileName}".
             This reference is not "CopyLocal" because at least one source item had "Private" set to "false" and no source items had "Private" set to "true".
             The ImageRuntimeVersion for this reference is "".
         Primary reference "System.Runtime.InteropServices.RuntimeInformation, Version=8.0.0.0, Culture=neutral, PublicKeyToken=b03f5f7f11d50a3a".
             Resolved file path is "/usr/share/dotnet/packs/Microsoft.NETCore.App.Ref/8.0.23/ref/net8.0/System.Runtime.InteropServices.RuntimeInformation.dll".
             Reference found at search path location "{RawFileName}".
             This reference is not "CopyLocal" because at least one source item had "Private" set to "false" and no source items had "Private" set to "true".
             The ImageRuntimeVersion for this reference is "".
         Primary reference "System.Runtime.InteropServices, Version=8.0.0.0, Culture=neutral, PublicKeyToken=b03f5f7f11d50a3a".
             Resolved file path is "/usr/share/dotnet/packs/Microsoft.NETCore.App.Ref/8.0.23/ref/net8.0/System.Runtime.InteropServices.dll".
             Reference found at search path location "{RawFileName}".
             This reference is not "CopyLocal" because at least one source item had "Private" set to "false" and no source items had "Private" set to "true".
             The ImageRuntimeVersion for this reference is "".
         Primary reference "System.Runtime.Intrinsics, Version=8.0.0.0, Culture=neutral, PublicKeyToken=cc7b13ffcd2ddd51".
             Resolved file path is "/usr/share/dotnet/packs/Microsoft.NETCore.App.Ref/8.0.23/ref/net8.0/System.Runtime.Intrinsics.dll".
             Reference found at search path location "{RawFileName}".
             This reference is not "CopyLocal" because at least one source item had "Private" set to "false" and no source items had "Private" set to "true".
             The ImageRuntimeVersion for this reference is "".
         Primary reference "System.Runtime.Loader, Version=8.0.0.0, Culture=neutral, PublicKeyToken=b03f5f7f11d50a3a".
             Resolved file path is "/usr/share/dotnet/packs/Microsoft.NETCore.App.Ref/8.0.23/ref/net8.0/System.Runtime.Loader.dll".
             Reference found at search path location "{RawFileName}".
             This reference is not "CopyLocal" because at least one source item had "Private" set to "false" and no source items had "Private" set to "true".
             The ImageRuntimeVersion for this reference is "".
         Primary reference "System.Runtime.Numerics, Version=8.0.0.0, Culture=neutral, PublicKeyToken=b03f5f7f11d50a3a".
             Resolved file path is "/usr/share/dotnet/packs/Microsoft.NETCore.App.Ref/8.0.23/ref/net8.0/System.Runtime.Numerics.dll".
             Reference found at search path location "{RawFileName}".
             This reference is not "CopyLocal" because at least one source item had "Private" set to "false" and no source items had "Private" set to "true".
             The ImageRuntimeVersion for this reference is "".
         Primary reference "System.Runtime.Serialization.Formatters, Version=8.0.0.0, Culture=neutral, PublicKeyToken=b03f5f7f11d50a3a".
             Resolved file path is "/usr/share/dotnet/packs/Microsoft.NETCore.App.Ref/8.0.23/ref/net8.0/System.Runtime.Serialization.Formatters.dll".
             Reference found at search path location "{RawFileName}".
             This reference is not "CopyLocal" because at least one source item had "Private" set to "false" and no source items had "Private" set to "true".
             The ImageRuntimeVersion for this reference is "".
         Primary reference "System.Runtime.Serialization.Json, Version=8.0.0.0, Culture=neutral, PublicKeyToken=b03f5f7f11d50a3a".
             Resolved file path is "/usr/share/dotnet/packs/Microsoft.NETCore.App.Ref/8.0.23/ref/net8.0/System.Runtime.Serialization.Json.dll".
             Reference found at search path location "{RawFileName}".
             This reference is not "CopyLocal" because at least one source item had "Private" set to "false" and no source items had "Private" set to "true".
             The ImageRuntimeVersion for this reference is "".
         Primary reference "System.Runtime.Serialization.Primitives, Version=8.0.0.0, Culture=neutral, PublicKeyToken=b03f5f7f11d50a3a".
             Resolved file path is "/usr/share/dotnet/packs/Microsoft.NETCore.App.Ref/8.0.23/ref/net8.0/System.Runtime.Serialization.Primitives.dll".
             Reference found at search path location "{RawFileName}".
             This reference is not "CopyLocal" because at least one source item had "Private" set to "false" and no source items had "Private" set to "true".
             The ImageRuntimeVersion for this reference is "".
         Primary reference "System.Runtime.Serialization.Xml, Version=8.0.0.0, Culture=neutral, PublicKeyToken=b03f5f7f11d50a3a".
             Resolved file path is "/usr/share/dotnet/packs/Microsoft.NETCore.App.Ref/8.0.23/ref/net8.0/System.Runtime.Serialization.Xml.dll".
             Reference found at search path location "{RawFileName}".
             This reference is not "CopyLocal" because at least one source item had "Private" set to "false" and no source items had "Private" set to "true".
             The ImageRuntimeVersion for this reference is "".
         Primary reference "System.Runtime.Serialization, Version=4.0.0.0, Culture=neutral, PublicKeyToken=b77a5c561934e089".
             Resolved file path is "/usr/share/dotnet/packs/Microsoft.NETCore.App.Ref/8.0.23/ref/net8.0/System.Runtime.Serialization.dll".
             Reference found at search path location "{RawFileName}".
             This reference is not "CopyLocal" because at least one source item had "Private" set to "false" and no source items had "Private" set to "true".
             The ImageRuntimeVersion for this reference is "".
         Primary reference "System.Runtime, Version=8.0.0.0, Culture=neutral, PublicKeyToken=b03f5f7f11d50a3a".
             Resolved file path is "/usr/share/dotnet/packs/Microsoft.NETCore.App.Ref/8.0.23/ref/net8.0/System.Runtime.dll".
             Reference found at search path location "{RawFileName}".
             This reference is not "CopyLocal" because at least one source item had "Private" set to "false" and no source items had "Private" set to "true".
             The ImageRuntimeVersion for this reference is "".
         Primary reference "System.Security.AccessControl, Version=8.0.0.0, Culture=neutral, PublicKeyToken=b03f5f7f11d50a3a".
             Resolved file path is "/usr/share/dotnet/packs/Microsoft.NETCore.App.Ref/8.0.23/ref/net8.0/System.Security.AccessControl.dll".
             Reference found at search path location "{RawFileName}".
             This reference is not "CopyLocal" because at least one source item had "Private" set to "false" and no source items had "Private" set to "true".
             The ImageRuntimeVersion for this reference is "".
         Primary reference "System.Security.Claims, Version=8.0.0.0, Culture=neutral, PublicKeyToken=b03f5f7f11d50a3a".
             Resolved file path is "/usr/share/dotnet/packs/Microsoft.NETCore.App.Ref/8.0.23/ref/net8.0/System.Security.Claims.dll".
             Reference found at search path location "{RawFileName}".
             This reference is not "CopyLocal" because at least one source item had "Private" set to "false" and no source items had "Private" set to "true".
             The ImageRuntimeVersion for this reference is "".
         Primary reference "System.Security.Cryptography.Algorithms, Version=8.0.0.0, Culture=neutral, PublicKeyToken=b03f5f7f11d50a3a".
             Resolved file path is "/usr/share/dotnet/packs/Microsoft.NETCore.App.Ref/8.0.23/ref/net8.0/System.Security.Cryptography.Algorithms.dll".
             Reference found at search path location "{RawFileName}".
             This reference is not "CopyLocal" because at least one source item had "Private" set to "false" and no source items had "Private" set to "true".
             The ImageRuntimeVersion for this reference is "".
         Primary reference "System.Security.Cryptography.Cng, Version=8.0.0.0, Culture=neutral, PublicKeyToken=b03f5f7f11d50a3a".
             Resolved file path is "/usr/share/dotnet/packs/Microsoft.NETCore.App.Ref/8.0.23/ref/net8.0/System.Security.Cryptography.Cng.dll".
             Reference found at search path location "{RawFileName}".
             This reference is not "CopyLocal" because at least one source item had "Private" set to "false" and no source items had "Private" set to "true".
             The ImageRuntimeVersion for this reference is "".
         Primary reference "System.Security.Cryptography.Csp, Version=8.0.0.0, Culture=neutral, PublicKeyToken=b03f5f7f11d50a3a".
             Resolved file path is "/usr/share/dotnet/packs/Microsoft.NETCore.App.Ref/8.0.23/ref/net8.0/System.Security.Cryptography.Csp.dll".
             Reference found at search path location "{RawFileName}".
             This reference is not "CopyLocal" because at least one source item had "Private" set to "false" and no source items had "Private" set to "true".
             The ImageRuntimeVersion for this reference is "".
         Primary reference "System.Security.Cryptography.Encoding, Version=8.0.0.0, Culture=neutral, PublicKeyToken=b03f5f7f11d50a3a".
             Resolved file path is "/usr/share/dotnet/packs/Microsoft.NETCore.App.Ref/8.0.23/ref/net8.0/System.Security.Cryptography.Encoding.dll".
             Reference found at search path location "{RawFileName}".
             This reference is not "CopyLocal" because at least one source item had "Private" set to "false" and no source items had "Private" set to "true".
             The ImageRuntimeVersion for this reference is "".
         Primary reference "System.Security.Cryptography.OpenSsl, Version=8.0.0.0, Culture=neutral, PublicKeyToken=b03f5f7f11d50a3a".
             Resolved file path is "/usr/share/dotnet/packs/Microsoft.NETCore.App.Ref/8.0.23/ref/net8.0/System.Security.Cryptography.OpenSsl.dll".
             Reference found at search path location "{RawFileName}".
             This reference is not "CopyLocal" because at least one source item had "Private" set to "false" and no source items had "Private" set to "true".
             The ImageRuntimeVersion for this reference is "".
         Primary reference "System.Security.Cryptography.Primitives, Version=8.0.0.0, Culture=neutral, PublicKeyToken=b03f5f7f11d50a3a".
             Resolved file path is "/usr/share/dotnet/packs/Microsoft.NETCore.App.Ref/8.0.23/ref/net8.0/System.Security.Cryptography.Primitives.dll".
             Reference found at search path location "{RawFileName}".
             This reference is not "CopyLocal" because at least one source item had "Private" set to "false" and no source items had "Private" set to "true".
             The ImageRuntimeVersion for this reference is "".
         Primary reference "System.Security.Cryptography.X509Certificates, Version=8.0.0.0, Culture=neutral, PublicKeyToken=b03f5f7f11d50a3a".
             Resolved file path is "/usr/share/dotnet/packs/Microsoft.NETCore.App.Ref/8.0.23/ref/net8.0/System.Security.Cryptography.X509Certificates.dll".
             Reference found at search path location "{RawFileName}".
             This reference is not "CopyLocal" because at least one source item had "Private" set to "false" and no source items had "Private" set to "true".
             The ImageRuntimeVersion for this reference is "".
         Primary reference "System.Security.Cryptography, Version=8.0.0.0, Culture=neutral, PublicKeyToken=b03f5f7f11d50a3a".
             Resolved file path is "/usr/share/dotnet/packs/Microsoft.NETCore.App.Ref/8.0.23/ref/net8.0/System.Security.Cryptography.dll".
             Reference found at search path location "{RawFileName}".
             This reference is not "CopyLocal" because at least one source item had "Private" set to "false" and no source items had "Private" set to "true".
             The ImageRuntimeVersion for this reference is "".
         Primary reference "System.Security.Principal.Windows, Version=8.0.0.0, Culture=neutral, PublicKeyToken=b03f5f7f11d50a3a".
             Resolved file path is "/usr/share/dotnet/packs/Microsoft.NETCore.App.Ref/8.0.23/ref/net8.0/System.Security.Principal.Windows.dll".
             Reference found at search path location "{RawFileName}".
             This reference is not "CopyLocal" because at least one source item had "Private" set to "false" and no source items had "Private" set to "true".
             The ImageRuntimeVersion for this reference is "".
         Primary reference "System.Security.Principal, Version=8.0.0.0, Culture=neutral, PublicKeyToken=b03f5f7f11d50a3a".
             Resolved file path is "/usr/share/dotnet/packs/Microsoft.NETCore.App.Ref/8.0.23/ref/net8.0/System.Security.Principal.dll".
             Reference found at search path location "{RawFileName}".
             This reference is not "CopyLocal" because at least one source item had "Private" set to "false" and no source items had "Private" set to "true".
             The ImageRuntimeVersion for this reference is "".
         Primary reference "System.Security.SecureString, Version=8.0.0.0, Culture=neutral, PublicKeyToken=b03f5f7f11d50a3a".
             Resolved file path is "/usr/share/dotnet/packs/Microsoft.NETCore.App.Ref/8.0.23/ref/net8.0/System.Security.SecureString.dll".
             Reference found at search path location "{RawFileName}".
             This reference is not "CopyLocal" because at least one source item had "Private" set to "false" and no source items had "Private" set to "true".
             The ImageRuntimeVersion for this reference is "".
         Primary reference "System.Security, Version=4.0.0.0, Culture=neutral, PublicKeyToken=b03f5f7f11d50a3a".
             Resolved file path is "/usr/share/dotnet/packs/Microsoft.NETCore.App.Ref/8.0.23/ref/net8.0/System.Security.dll".
             Reference found at search path location "{RawFileName}".
             This reference is not "CopyLocal" because at least one source item had "Private" set to "false" and no source items had "Private" set to "true".
             The ImageRuntimeVersion for this reference is "".
         Primary reference "System.ServiceModel.Web, Version=4.0.0.0, Culture=neutral, PublicKeyToken=31bf3856ad364e35".
             Resolved file path is "/usr/share/dotnet/packs/Microsoft.NETCore.App.Ref/8.0.23/ref/net8.0/System.ServiceModel.Web.dll".
             Reference found at search path location "{RawFileName}".
             This reference is not "CopyLocal" because at least one source item had "Private" set to "false" and no source items had "Private" set to "true".
             The ImageRuntimeVersion for this reference is "".
         Primary reference "System.ServiceProcess, Version=4.0.0.0, Culture=neutral, PublicKeyToken=b03f5f7f11d50a3a".
             Resolved file path is "/usr/share/dotnet/packs/Microsoft.NETCore.App.Ref/8.0.23/ref/net8.0/System.ServiceProcess.dll".
             Reference found at search path location "{RawFileName}".
             This reference is not "CopyLocal" because at least one source item had "Private" set to "false" and no source items had "Private" set to "true".
             The ImageRuntimeVersion for this reference is "".
         Primary reference "System.Text.Encoding.CodePages, Version=8.0.0.0, Culture=neutral, PublicKeyToken=b03f5f7f11d50a3a".
             Resolved file path is "/usr/share/dotnet/packs/Microsoft.NETCore.App.Ref/8.0.23/ref/net8.0/System.Text.Encoding.CodePages.dll".
             Reference found at search path location "{RawFileName}".
             This reference is not "CopyLocal" because at least one source item had "Private" set to "false" and no source items had "Private" set to "true".
             The ImageRuntimeVersion for this reference is "".
         Primary reference "System.Text.Encoding.Extensions, Version=8.0.0.0, Culture=neutral, PublicKeyToken=b03f5f7f11d50a3a".
             Resolved file path is "/usr/share/dotnet/packs/Microsoft.NETCore.App.Ref/8.0.23/ref/net8.0/System.Text.Encoding.Extensions.dll".
             Reference found at search path location "{RawFileName}".
             This reference is not "CopyLocal" because at least one source item had "Private" set to "false" and no source items had "Private" set to "true".
             The ImageRuntimeVersion for this reference is "".
         Primary reference "System.Text.Encoding, Version=8.0.0.0, Culture=neutral, PublicKeyToken=b03f5f7f11d50a3a".
             Resolved file path is "/usr/share/dotnet/packs/Microsoft.NETCore.App.Ref/8.0.23/ref/net8.0/System.Text.Encoding.dll".
             Reference found at search path location "{RawFileName}".
             This reference is not "CopyLocal" because at least one source item had "Private" set to "false" and no source items had "Private" set to "true".
             The ImageRuntimeVersion for this reference is "".
         Primary reference "System.Text.Encodings.Web, Version=8.0.0.0, Culture=neutral, PublicKeyToken=cc7b13ffcd2ddd51".
             Resolved file path is "/usr/share/dotnet/packs/Microsoft.NETCore.App.Ref/8.0.23/ref/net8.0/System.Text.Encodings.Web.dll".
             Reference found at search path location "{RawFileName}".
             This reference is not "CopyLocal" because at least one source item had "Private" set to "false" and no source items had "Private" set to "true".
             The ImageRuntimeVersion for this reference is "".
         Primary reference "System.Text.Json, Version=8.0.0.0, Culture=neutral, PublicKeyToken=cc7b13ffcd2ddd51".
             Resolved file path is "/usr/share/dotnet/packs/Microsoft.NETCore.App.Ref/8.0.23/ref/net8.0/System.Text.Json.dll".
             Reference found at search path location "{RawFileName}".
             This reference is not "CopyLocal" because at least one source item had "Private" set to "false" and no source items had "Private" set to "true".
             The ImageRuntimeVersion for this reference is "".
         Primary reference "System.Text.RegularExpressions, Version=8.0.0.0, Culture=neutral, PublicKeyToken=b03f5f7f11d50a3a".
             Resolved file path is "/usr/share/dotnet/packs/Microsoft.NETCore.App.Ref/8.0.23/ref/net8.0/System.Text.RegularExpressions.dll".
             Reference found at search path location "{RawFileName}".
             This reference is not "CopyLocal" because at least one source item had "Private" set to "false" and no source items had "Private" set to "true".
             The ImageRuntimeVersion for this reference is "".
         Primary reference "System.Threading.Channels, Version=8.0.0.0, Culture=neutral, PublicKeyToken=cc7b13ffcd2ddd51".
             Resolved file path is "/usr/share/dotnet/packs/Microsoft.NETCore.App.Ref/8.0.23/ref/net8.0/System.Threading.Channels.dll".
             Reference found at search path location "{RawFileName}".
             This reference is not "CopyLocal" because at least one source item had "Private" set to "false" and no source items had "Private" set to "true".
             The ImageRuntimeVersion for this reference is "".
         Primary reference "System.Threading.Overlapped, Version=8.0.0.0, Culture=neutral, PublicKeyToken=b03f5f7f11d50a3a".
             Resolved file path is "/usr/share/dotnet/packs/Microsoft.NETCore.App.Ref/8.0.23/ref/net8.0/System.Threading.Overlapped.dll".
             Reference found at search path location "{RawFileName}".
             This reference is not "CopyLocal" because at least one source item had "Private" set to "false" and no source items had "Private" set to "true".
             The ImageRuntimeVersion for this reference is "".
         Primary reference "System.Threading.Tasks.Dataflow, Version=8.0.0.0, Culture=neutral, PublicKeyToken=b03f5f7f11d50a3a".
             Resolved file path is "/usr/share/dotnet/packs/Microsoft.NETCore.App.Ref/8.0.23/ref/net8.0/System.Threading.Tasks.Dataflow.dll".
             Reference found at search path location "{RawFileName}".
             This reference is not "CopyLocal" because at least one source item had "Private" set to "false" and no source items had "Private" set to "true".
             The ImageRuntimeVersion for this reference is "".
         Primary reference "System.Threading.Tasks.Extensions, Version=8.0.0.0, Culture=neutral, PublicKeyToken=cc7b13ffcd2ddd51".
             Resolved file path is "/usr/share/dotnet/packs/Microsoft.NETCore.App.Ref/8.0.23/ref/net8.0/System.Threading.Tasks.Extensions.dll".
             Reference found at search path location "{RawFileName}".
             This reference is not "CopyLocal" because at least one source item had "Private" set to "false" and no source items had "Private" set to "true".
             The ImageRuntimeVersion for this reference is "".
         Primary reference "System.Threading.Tasks.Parallel, Version=8.0.0.0, Culture=neutral, PublicKeyToken=b03f5f7f11d50a3a".
             Resolved file path is "/usr/share/dotnet/packs/Microsoft.NETCore.App.Ref/8.0.23/ref/net8.0/System.Threading.Tasks.Parallel.dll".
             Reference found at search path location "{RawFileName}".
             This reference is not "CopyLocal" because at least one source item had "Private" set to "false" and no source items had "Private" set to "true".
             The ImageRuntimeVersion for this reference is "".
         Primary reference "System.Threading.Tasks, Version=8.0.0.0, Culture=neutral, PublicKeyToken=b03f5f7f11d50a3a".
             Resolved file path is "/usr/share/dotnet/packs/Microsoft.NETCore.App.Ref/8.0.23/ref/net8.0/System.Threading.Tasks.dll".
             Reference found at search path location "{RawFileName}".
             This reference is not "CopyLocal" because at least one source item had "Private" set to "false" and no source items had "Private" set to "true".
             The ImageRuntimeVersion for this reference is "".
         Primary reference "System.Threading.Thread, Version=8.0.0.0, Culture=neutral, PublicKeyToken=b03f5f7f11d50a3a".
             Resolved file path is "/usr/share/dotnet/packs/Microsoft.NETCore.App.Ref/8.0.23/ref/net8.0/System.Threading.Thread.dll".
             Reference found at search path location "{RawFileName}".
             This reference is not "CopyLocal" because at least one source item had "Private" set to "false" and no source items had "Private" set to "true".
             The ImageRuntimeVersion for this reference is "".
         Primary reference "System.Threading.ThreadPool, Version=8.0.0.0, Culture=neutral, PublicKeyToken=b03f5f7f11d50a3a".
             Resolved file path is "/usr/share/dotnet/packs/Microsoft.NETCore.App.Ref/8.0.23/ref/net8.0/System.Threading.ThreadPool.dll".
             Reference found at search path location "{RawFileName}".
             This reference is not "CopyLocal" because at least one source item had "Private" set to "false" and no source items had "Private" set to "true".
             The ImageRuntimeVersion for this reference is "".
         Primary reference "System.Threading.Timer, Version=8.0.0.0, Culture=neutral, PublicKeyToken=b03f5f7f11d50a3a".
             Resolved file path is "/usr/share/dotnet/packs/Microsoft.NETCore.App.Ref/8.0.23/ref/net8.0/System.Threading.Timer.dll".
             Reference found at search path location "{RawFileName}".
             This reference is not "CopyLocal" because at least one source item had "Private" set to "false" and no source items had "Private" set to "true".
             The ImageRuntimeVersion for this reference is "".
         Primary reference "System.Threading, Version=8.0.0.0, Culture=neutral, PublicKeyToken=b03f5f7f11d50a3a".
             Resolved file path is "/usr/share/dotnet/packs/Microsoft.NETCore.App.Ref/8.0.23/ref/net8.0/System.Threading.dll".
             Reference found at search path location "{RawFileName}".
             This reference is not "CopyLocal" because at least one source item had "Private" set to "false" and no source items had "Private" set to "true".
             The ImageRuntimeVersion for this reference is "".
         Primary reference "System.Transactions.Local, Version=8.0.0.0, Culture=neutral, PublicKeyToken=cc7b13ffcd2ddd51".
             Resolved file path is "/usr/share/dotnet/packs/Microsoft.NETCore.App.Ref/8.0.23/ref/net8.0/System.Transactions.Local.dll".
             Reference found at search path location "{RawFileName}".
             This reference is not "CopyLocal" because at least one source item had "Private" set to "false" and no source items had "Private" set to "true".
             The ImageRuntimeVersion for this reference is "".
         Primary reference "System.Transactions, Version=4.0.0.0, Culture=neutral, PublicKeyToken=b77a5c561934e089".
             Resolved file path is "/usr/share/dotnet/packs/Microsoft.NETCore.App.Ref/8.0.23/ref/net8.0/System.Transactions.dll".
             Reference found at search path location "{RawFileName}".
             This reference is not "CopyLocal" because at least one source item had "Private" set to "false" and no source items had "Private" set to "true".
             The ImageRuntimeVersion for this reference is "".
         Primary reference "System.ValueTuple, Version=8.0.0.0, Culture=neutral, PublicKeyToken=cc7b13ffcd2ddd51".
             Resolved file path is "/usr/share/dotnet/packs/Microsoft.NETCore.App.Ref/8.0.23/ref/net8.0/System.ValueTuple.dll".
             Reference found at search path location "{RawFileName}".
             This reference is not "CopyLocal" because at least one source item had "Private" set to "false" and no source items had "Private" set to "true".
             The ImageRuntimeVersion for this reference is "".
         Primary reference "System.Web.HttpUtility, Version=8.0.0.0, Culture=neutral, PublicKeyToken=cc7b13ffcd2ddd51".
             Resolved file path is "/usr/share/dotnet/packs/Microsoft.NETCore.App.Ref/8.0.23/ref/net8.0/System.Web.HttpUtility.dll".
             Reference found at search path location "{RawFileName}".
             This reference is not "CopyLocal" because at least one source item had "Private" set to "false" and no source items had "Private" set to "true".
             The ImageRuntimeVersion for this reference is "".
         Primary reference "System.Web, Version=4.0.0.0, Culture=neutral, PublicKeyToken=b03f5f7f11d50a3a".
             Resolved file path is "/usr/share/dotnet/packs/Microsoft.NETCore.App.Ref/8.0.23/ref/net8.0/System.Web.dll".
             Reference found at search path location "{RawFileName}".
             This reference is not "CopyLocal" because at least one source item had "Private" set to "false" and no source items had "Private" set to "true".
             The ImageRuntimeVersion for this reference is "".
         Primary reference "System.Windows, Version=4.0.0.0, Culture=neutral, PublicKeyToken=b03f5f7f11d50a3a".
             Resolved file path is "/usr/share/dotnet/packs/Microsoft.NETCore.App.Ref/8.0.23/ref/net8.0/System.Windows.dll".
             Reference found at search path location "{RawFileName}".
             This reference is not "CopyLocal" because at least one source item had "Private" set to "false" and no source items had "Private" set to "true".
             The ImageRuntimeVersion for this reference is "".
         Primary reference "System.Xml.Linq, Version=4.0.0.0, Culture=neutral, PublicKeyToken=b77a5c561934e089".
             Resolved file path is "/usr/share/dotnet/packs/Microsoft.NETCore.App.Ref/8.0.23/ref/net8.0/System.Xml.Linq.dll".
             Reference found at search path location "{RawFileName}".
             This reference is not "CopyLocal" because at least one source item had "Private" set to "false" and no source items had "Private" set to "true".
             The ImageRuntimeVersion for this reference is "".
         Primary reference "System.Xml.ReaderWriter, Version=8.0.0.0, Culture=neutral, PublicKeyToken=b03f5f7f11d50a3a".
             Resolved file path is "/usr/share/dotnet/packs/Microsoft.NETCore.App.Ref/8.0.23/ref/net8.0/System.Xml.ReaderWriter.dll".
             Reference found at search path location "{RawFileName}".
             This reference is not "CopyLocal" because at least one source item had "Private" set to "false" and no source items had "Private" set to "true".
             The ImageRuntimeVersion for this reference is "".
         Primary reference "System.Xml.Serialization, Version=4.0.0.0, Culture=neutral, PublicKeyToken=b77a5c561934e089".
             Resolved file path is "/usr/share/dotnet/packs/Microsoft.NETCore.App.Ref/8.0.23/ref/net8.0/System.Xml.Serialization.dll".
             Reference found at search path location "{RawFileName}".
             This reference is not "CopyLocal" because at least one source item had "Private" set to "false" and no source items had "Private" set to "true".
             The ImageRuntimeVersion for this reference is "".
         Primary reference "System.Xml.XDocument, Version=8.0.0.0, Culture=neutral, PublicKeyToken=b03f5f7f11d50a3a".
             Resolved file path is "/usr/share/dotnet/packs/Microsoft.NETCore.App.Ref/8.0.23/ref/net8.0/System.Xml.XDocument.dll".
             Reference found at search path location "{RawFileName}".
             This reference is not "CopyLocal" because at least one source item had "Private" set to "false" and no source items had "Private" set to "true".
             The ImageRuntimeVersion for this reference is "".
         Primary reference "System.Xml.XPath.XDocument, Version=8.0.0.0, Culture=neutral, PublicKeyToken=b03f5f7f11d50a3a".
             Resolved file path is "/usr/share/dotnet/packs/Microsoft.NETCore.App.Ref/8.0.23/ref/net8.0/System.Xml.XPath.XDocument.dll".
             Reference found at search path location "{RawFileName}".
             This reference is not "CopyLocal" because at least one source item had "Private" set to "false" and no source items had "Private" set to "true".
             The ImageRuntimeVersion for this reference is "".
         Primary reference "System.Xml.XPath, Version=8.0.0.0, Culture=neutral, PublicKeyToken=b03f5f7f11d50a3a".
             Resolved file path is "/usr/share/dotnet/packs/Microsoft.NETCore.App.Ref/8.0.23/ref/net8.0/System.Xml.XPath.dll".
             Reference found at search path location "{RawFileName}".
             This reference is not "CopyLocal" because at least one source item had "Private" set to "false" and no source items had "Private" set to "true".
             The ImageRuntimeVersion for this reference is "".
         Primary reference "System.Xml.XmlDocument, Version=8.0.0.0, Culture=neutral, PublicKeyToken=b03f5f7f11d50a3a".
             Resolved file path is "/usr/share/dotnet/packs/Microsoft.NETCore.App.Ref/8.0.23/ref/net8.0/System.Xml.XmlDocument.dll".
             Reference found at search path location "{RawFileName}".
             This reference is not "CopyLocal" because at least one source item had "Private" set to "false" and no source items had "Private" set to "true".
             The ImageRuntimeVersion for this reference is "".
         Primary reference "System.Xml.XmlSerializer, Version=8.0.0.0, Culture=neutral, PublicKeyToken=b03f5f7f11d50a3a".
             Resolved file path is "/usr/share/dotnet/packs/Microsoft.NETCore.App.Ref/8.0.23/ref/net8.0/System.Xml.XmlSerializer.dll".
             Reference found at search path location "{RawFileName}".
             This reference is not "CopyLocal" because at least one source item had "Private" set to "false" and no source items had "Private" set to "true".
             The ImageRuntimeVersion for this reference is "".
         Primary reference "System.Xml, Version=4.0.0.0, Culture=neutral, PublicKeyToken=b77a5c561934e089".
             Resolved file path is "/usr/share/dotnet/packs/Microsoft.NETCore.App.Ref/8.0.23/ref/net8.0/System.Xml.dll".
             Reference found at search path location "{RawFileName}".
             This reference is not "CopyLocal" because at least one source item had "Private" set to "false" and no source items had "Private" set to "true".
             The ImageRuntimeVersion for this reference is "".
         Primary reference "System, Version=4.0.0.0, Culture=neutral, PublicKeyToken=b77a5c561934e089".
             Resolved file path is "/usr/share/dotnet/packs/Microsoft.NETCore.App.Ref/8.0.23/ref/net8.0/System.dll".
             Reference found at search path location "{RawFileName}".
             This reference is not "CopyLocal" because at least one source item had "Private" set to "false" and no source items had "Private" set to "true".
             The ImageRuntimeVersion for this reference is "".
         Primary reference "WindowsBase, Version=4.0.0.0, Culture=neutral, PublicKeyToken=31bf3856ad364e35".
             Resolved file path is "/usr/share/dotnet/packs/Microsoft.NETCore.App.Ref/8.0.23/ref/net8.0/WindowsBase.dll".
             Reference found at search path location "{RawFileName}".
             This reference is not "CopyLocal" because at least one source item had "Private" set to "false" and no source items had "Private" set to "true".
             The ImageRuntimeVersion for this reference is "".
         Primary reference "mscorlib, Version=4.0.0.0, Culture=neutral, PublicKeyToken=b77a5c561934e089".
             Resolved file path is "/usr/share/dotnet/packs/Microsoft.NETCore.App.Ref/8.0.23/ref/net8.0/mscorlib.dll".
             Reference found at search path location "{RawFileName}".
             This reference is not "CopyLocal" because at least one source item had "Private" set to "false" and no source items had "Private" set to "true".
             The ImageRuntimeVersion for this reference is "".
         Primary reference "netstandard, Version=2.1.0.0, Culture=neutral, PublicKeyToken=cc7b13ffcd2ddd51".
             Resolved file path is "/usr/share/dotnet/packs/Microsoft.NETCore.App.Ref/8.0.23/ref/net8.0/netstandard.dll".
             Reference found at search path location "{RawFileName}".
             This reference is not "CopyLocal" because at least one source item had "Private" set to "false" and no source items had "Private" set to "true".
             The ImageRuntimeVersion for this reference is "".
       Done executing task "ResolveAssemblyReference".
   2:8>Done building target "ResolveAssemblyReferences" in project "TourManagement.Application.csproj".
       Target "GenerateBindingRedirects" skipped, due to false condition; ('$(AutoGenerateBindingRedirects)' == 'true' and '$(GenerateBindingRedirectsOutputType)' == 'true' and '@(SuggestedBindingRedirects)' != '' and '$(DesignTimeBuild)' != 'true' and '$(BuildingProject)' == 'true') was evaluated as ('' == 'true' and '' == 'true' and '' != '' and '' != 'true' and 'true' == 'true').
       Target "GenerateSupportedRuntime" skipped, due to false condition; ('$(GenerateSupportedRuntime)' != 'false' and '$(TargetFrameworkIdentifier)' == '.NETFramework' and '$(HasRuntimeOutput)' == 'true') was evaluated as ('' != 'false' and '.NETCoreApp' == '.NETFramework' and '' == 'true').
       Target "GenerateBindingRedirectsUpdateAppConfig" skipped, due to false condition; ('$(AutoGenerateBindingRedirects)' == 'true' and '$(GenerateBindingRedirectsOutputType)' == 'true') was evaluated as ('' == 'true' and '' == 'true').
       Target "ResolveComReferences" skipped, due to false condition; ('@(COMReference)'!='' or '@(COMFileReference)'!='') was evaluated as (''!='' or ''!='').
   2:8>Target "AfterResolveReferences" in file "/usr/share/dotnet/sdk/8.0.417/Microsoft.Common.CurrentVersion.targets" from project "/modernize-data/studio-data/TNT1001/APP1166/transformed-code/344/studio-workspace/TMS22/src/TourManagement.Application/TourManagement.Application.csproj" (target "ResolveReferences" depends on it):
   2:8>Done building target "AfterResolveReferences" in project "TourManagement.Application.csproj".
   2:8>Target "ResolveReferences" in file "/usr/share/dotnet/sdk/8.0.417/Microsoft.Common.CurrentVersion.targets" from project "/modernize-data/studio-data/TNT1001/APP1166/transformed-code/344/studio-workspace/TMS22/src/TourManagement.Application/TourManagement.Application.csproj" (target "_BlockWinMDsOnUnsupportedTFMs" depends on it):
   2:8>Done building target "ResolveReferences" in project "TourManagement.Application.csproj".
   2:8>Target "_BlockWinMDsOnUnsupportedTFMs" in file "/usr/share/dotnet/sdk/8.0.417/Sdks/Microsoft.NET.Sdk/targets/Microsoft.NET.Sdk.targets" from project "/modernize-data/studio-data/TNT1001/APP1166/transformed-code/344/studio-workspace/TMS22/src/TourManagement.Application/TourManagement.Application.csproj" (target "CoreBuild" depends on it):
       Using "CheckForUnsupportedWinMDReferences" task from assembly "/usr/share/dotnet/sdk/8.0.417/Sdks/Microsoft.NET.Sdk/targets/../tools/net8.0/Microsoft.NET.Build.Tasks.dll".
       Task "CheckForUnsupportedWinMDReferences"
       Done executing task "CheckForUnsupportedWinMDReferences".
       Task "NETSdkError" skipped, due to false condition; ('$(OutputType)' == 'winmdobj') was evaluated as ('Library' == 'winmdobj').
   2:8>Done building target "_BlockWinMDsOnUnsupportedTFMs" in project "TourManagement.Application.csproj".
       Target "ResolveReferences" skipped. Previously built successfully.
       Target "ResolvePackageDependenciesForBuild" skipped. Previously built successfully.
       Target "_HandlePackageFileConflicts" skipped. Previously built successfully.
   2:8>Target "CopyAdditionalFiles" in file "/usr/share/dotnet/sdk/8.0.417/Roslyn/Microsoft.Managed.Core.targets" from project "/modernize-data/studio-data/TNT1001/APP1166/transformed-code/344/studio-workspace/TMS22/src/TourManagement.Application/TourManagement.Application.csproj" (target "AssignTargetPaths" depends on it):
   2:8>Done building target "CopyAdditionalFiles" in project "TourManagement.Application.csproj".
       Target "_ChooseAppHost" skipped, due to false condition; ('$(UseAppHost)' == 'true' and '$(_IsExecutable)' == 'true') was evaluated as ('' == 'true' and '' == 'true').
       Target "_GetComHostPaths" skipped, due to false condition; ('$(EnableComHosting)' == 'true' and '$(_IsExecutable)' != 'true') was evaluated as ('' == 'true' and '' != 'true').
       Target "_GetIjwHostPaths" skipped, due to false condition; ('$(UseIJWHost)' == 'true') was evaluated as ('' == 'true').
   2:8>Target "_ComputeNETCoreBuildOutputFiles" in file "/usr/share/dotnet/sdk/8.0.417/Sdks/Microsoft.NET.Sdk/targets/Microsoft.NET.Sdk.targets" from project "/modernize-data/studio-data/TNT1001/APP1166/transformed-code/344/studio-workspace/TMS22/src/TourManagement.Application/TourManagement.Application.csproj" (target "AssignTargetPaths" depends on it):
   2:8>Done building target "_ComputeNETCoreBuildOutputFiles" in project "TourManagement.Application.csproj".
   2:8>Target "AssignTargetPaths" in file "/usr/share/dotnet/sdk/8.0.417/Microsoft.Common.CurrentVersion.targets" from project "/modernize-data/studio-data/TNT1001/APP1166/transformed-code/344/studio-workspace/TMS22/src/TourManagement.Application/TourManagement.Application.csproj" (target "PrepareResourceNames" depends on it):
       Using "AssignTargetPath" task from assembly "Microsoft.Build.Tasks.Core, Version=15.1.0.0, Culture=neutral, PublicKeyToken=b03f5f7f11d50a3a".
       Task "AssignTargetPath"
       Done executing task "AssignTargetPath".
       Task "AssignTargetPath"
       Done executing task "AssignTargetPath".
       Task "AssignTargetPath"
       Done executing task "AssignTargetPath".
       Task "AssignTargetPath"
       Done executing task "AssignTargetPath".
       Task "AssignTargetPath" skipped, due to false condition; ('@(_DeploymentBaseManifestWithTargetPath)'=='' and '%(None.Extension)'=='.manifest') was evaluated as (''=='' and ''=='.manifest').
   2:8>Done building target "AssignTargetPaths" in project "TourManagement.Application.csproj".
       Target "AssignTargetPaths" skipped. Previously built successfully.
   2:8>Target "SplitResourcesByCulture" in file "/usr/share/dotnet/sdk/8.0.417/Microsoft.Common.CurrentVersion.targets" from project "/modernize-data/studio-data/TNT1001/APP1166/transformed-code/344/studio-workspace/TMS22/src/TourManagement.Application/TourManagement.Application.csproj" (target "PrepareResourceNames" depends on it):
       Task "Warning" skipped, due to false condition; ('@(ResxWithNoCulture)'!='') was evaluated as (''!='').
       Task "Warning" skipped, due to false condition; ('@(ResxWithCulture)'!='') was evaluated as (''!='').
       Task "Warning" skipped, due to false condition; ('@(NonResxWithCulture)'!='') was evaluated as (''!='').
       Task "Warning" skipped, due to false condition; ('@(NonResxWithNoCulture)'!='') was evaluated as (''!='').
       Using "AssignCulture" task from assembly "Microsoft.Build.Tasks.Core, Version=15.1.0.0, Culture=neutral, PublicKeyToken=b03f5f7f11d50a3a".
       Task "AssignCulture"
       Done executing task "AssignCulture".
   2:8>Done building target "SplitResourcesByCulture" in project "TourManagement.Application.csproj".
       Target "CreateManifestResourceNames" skipped, due to false condition; ('@(EmbeddedResource)' != '') was evaluated as ('' != '').
   2:8>Target "CreateCustomManifestResourceNames" in file "/usr/share/dotnet/sdk/8.0.417/Microsoft.Common.CurrentVersion.targets" from project "/modernize-data/studio-data/TNT1001/APP1166/transformed-code/344/studio-workspace/TMS22/src/TourManagement.Application/TourManagement.Application.csproj" (target "PrepareResourceNames" depends on it):
   2:8>Done building target "CreateCustomManifestResourceNames" in project "TourManagement.Application.csproj".
   2:8>Target "PrepareResourceNames" in file "/usr/share/dotnet/sdk/8.0.417/Microsoft.Common.CurrentVersion.targets" from project "/modernize-data/studio-data/TNT1001/APP1166/transformed-code/344/studio-workspace/TMS22/src/TourManagement.Application/TourManagement.Application.csproj" (target "PrepareResources" depends on it):
   2:8>Done building target "PrepareResourceNames" in project "TourManagement.Application.csproj".
       Target "ResolveAssemblyReferences" skipped. Previously built successfully.
       Target "SplitResourcesByCulture" skipped. Previously built successfully.
   2:8>Target "BeforeResGen" in file "/usr/share/dotnet/sdk/8.0.417/Microsoft.Common.CurrentVersion.targets" from project "/modernize-data/studio-data/TNT1001/APP1166/transformed-code/344/studio-workspace/TMS22/src/TourManagement.Application/TourManagement.Application.csproj" (target "ResGen" depends on it):
   2:8>Done building target "BeforeResGen" in project "TourManagement.Application.csproj".
       Target "ResolveReferences" skipped. Previously built successfully.
   2:8>Target "FindReferenceAssembliesForReferences" in file "/usr/share/dotnet/sdk/8.0.417/Microsoft.Common.CurrentVersion.targets" from project "/modernize-data/studio-data/TNT1001/APP1166/transformed-code/344/studio-workspace/TMS22/src/TourManagement.Application/TourManagement.Application.csproj" (target "CoreResGen" depends on it):
   2:8>Done building target "FindReferenceAssembliesForReferences" in project "TourManagement.Application.csproj".
   2:8>Target "CoreResGen" in file "/usr/share/dotnet/sdk/8.0.417/Microsoft.Common.CurrentVersion.targets" from project "/modernize-data/studio-data/TNT1001/APP1166/transformed-code/344/studio-workspace/TMS22/src/TourManagement.Application/TourManagement.Application.csproj" (target "ResGen" depends on it):
       Task "GenerateResource" skipped, due to false condition; ('%(EmbeddedResource.Type)' == 'Resx' and '%(EmbeddedResource.GenerateResource)' != 'false' and '$(GenerateResourceMSBuildRuntime)' != 'CLR2') was evaluated as ('' == 'Resx' and '' != 'false' and 'CurrentRuntime' != 'CLR2').
       Task "GenerateResource" skipped, due to false condition; ('%(EmbeddedResource.Type)' == 'Resx' and '%(EmbeddedResource.GenerateResource)' != 'false' and '$(GenerateResourceMSBuildRuntime)' == 'CLR2') was evaluated as ('' == 'Resx' and '' != 'false' and 'CurrentRuntime' == 'CLR2').
   2:8>Done building target "CoreResGen" in project "TourManagement.Application.csproj".
   2:8>Target "AfterResGen" in file "/usr/share/dotnet/sdk/8.0.417/Microsoft.Common.CurrentVersion.targets" from project "/modernize-data/studio-data/TNT1001/APP1166/transformed-code/344/studio-workspace/TMS22/src/TourManagement.Application/TourManagement.Application.csproj" (target "ResGen" depends on it):
   2:8>Done building target "AfterResGen" in project "TourManagement.Application.csproj".
   2:8>Target "ResGen" in file "/usr/share/dotnet/sdk/8.0.417/Microsoft.Common.CurrentVersion.targets" from project "/modernize-data/studio-data/TNT1001/APP1166/transformed-code/344/studio-workspace/TMS22/src/TourManagement.Application/TourManagement.Application.csproj" (target "PrepareResources" depends on it):
   2:8>Done building target "ResGen" in project "TourManagement.Application.csproj".
       Target "CompileLicxFiles" skipped, due to false condition; ('@(_LicxFile)'!='') was evaluated as (''!='').
   2:8>Target "PrepareResources" in file "/usr/share/dotnet/sdk/8.0.417/Microsoft.Common.CurrentVersion.targets" from project "/modernize-data/studio-data/TNT1001/APP1166/transformed-code/344/studio-workspace/TMS22/src/TourManagement.Application/TourManagement.Application.csproj" (target "CoreBuild" depends on it):
   2:8>Done building target "PrepareResources" in project "TourManagement.Application.csproj".
       Target "ResolveKeySource" skipped, due to false condition; ($(SignManifests) == 'true' or $(SignAssembly) == 'true') was evaluated as ( == 'true' or false == 'true').
       Target "ResolveReferences" skipped. Previously built successfully.
       Target "ResolveKeySource" skipped, due to false condition; ($(SignManifests) == 'true' or $(SignAssembly) == 'true') was evaluated as ( == 'true' or false == 'true').
       Target "ResolveComReferences" skipped, due to false condition; ('@(COMReference)'!='' or '@(COMFileReference)'!='') was evaluated as (''!='' or ''!='').
       Target "ResolveNativeReferences" skipped, due to false condition; ('@(NativeReference)'!='') was evaluated as (''!='').
       Target "_SetExternalWin32ManifestProperties" skipped, due to false condition; ('$(GenerateClickOnceManifests)'=='true' or '@(NativeReference)'!='' or '@(ResolvedIsolatedComModules)'!='') was evaluated as (''=='true' or ''!='' or ''!='').
   2:8>Target "_SetEmbeddedWin32ManifestProperties" in file "/usr/share/dotnet/sdk/8.0.417/Microsoft.Common.CurrentVersion.targets" from project "/modernize-data/studio-data/TNT1001/APP1166/transformed-code/344/studio-workspace/TMS22/src/TourManagement.Application/TourManagement.Application.csproj" (target "SetWin32ManifestProperties" depends on it):
       Using "GetFrameworkPath" task from assembly "Microsoft.Build.Tasks.Core, Version=15.1.0.0, Culture=neutral, PublicKeyToken=b03f5f7f11d50a3a".
       Task "GetFrameworkPath"
       Done executing task "GetFrameworkPath".
   2:8>Done building target "_SetEmbeddedWin32ManifestProperties" in project "TourManagement.Application.csproj".
   2:8>Target "SetWin32ManifestProperties" in file "/usr/share/dotnet/sdk/8.0.417/Microsoft.Common.CurrentVersion.targets" from project "/modernize-data/studio-data/TNT1001/APP1166/transformed-code/344/studio-workspace/TMS22/src/TourManagement.Application/TourManagement.Application.csproj" (target "Compile" depends on it):
   2:8>Done building target "SetWin32ManifestProperties" in project "TourManagement.Application.csproj".
       Target "_SetPreferNativeArm64Win32ManifestProperties" skipped, due to false condition; ( '$(PreferNativeArm64)'=='true' and '$(NoWin32Manifest)'!='true') was evaluated as ( ''=='true' and ''!='true').
       Target "FindReferenceAssembliesForReferences" skipped. Previously built successfully.
   2:8>Target "_GenerateCompileInputs" in file "/usr/share/dotnet/sdk/8.0.417/Microsoft.Common.CurrentVersion.targets" from project "/modernize-data/studio-data/TNT1001/APP1166/transformed-code/344/studio-workspace/TMS22/src/TourManagement.Application/TourManagement.Application.csproj" (target "Compile" depends on it):
       Task "Warning" skipped, due to false condition; ('@(ManifestResourceWithNoCulture)'!='' and '%(ManifestResourceWithNoCulture.EmittedForCompatibilityOnly)'=='') was evaluated as (''!='' and ''=='').
       Task "Warning" skipped, due to false condition; ('@(ManifestNonResxWithNoCultureOnDisk)'!='' and '%(ManifestNonResxWithNoCultureOnDisk.EmittedForCompatibilityOnly)'=='') was evaluated as (''!='' and ''=='').
   2:8>Done building target "_GenerateCompileInputs" in project "TourManagement.Application.csproj".
       Target "PrepareForBuild" skipped. Previously built successfully.
   2:8>Target "GenerateMSBuildEditorConfigFileShouldRun" in file "/usr/share/dotnet/sdk/8.0.417/Roslyn/Microsoft.Managed.Core.targets" from project "/modernize-data/studio-data/TNT1001/APP1166/transformed-code/344/studio-workspace/TMS22/src/TourManagement.Application/TourManagement.Application.csproj" (target "GenerateMSBuildEditorConfigFile" depends on it):
   2:8>Done building target "GenerateMSBuildEditorConfigFileShouldRun" in project "TourManagement.Application.csproj".
   2:8>Target "GenerateMSBuildEditorConfigFileCore" in file "/usr/share/dotnet/sdk/8.0.417/Roslyn/Microsoft.Managed.Core.targets" from project "/modernize-data/studio-data/TNT1001/APP1166/transformed-code/344/studio-workspace/TMS22/src/TourManagement.Application/TourManagement.Application.csproj" (target "GenerateMSBuildEditorConfigFile" depends on it):
       Building target "GenerateMSBuildEditorConfigFileCore" completely.
       No input files were specified.
       Using "GenerateMSBuildEditorConfig" task from assembly "/usr/share/dotnet/sdk/8.0.417/Roslyn/Microsoft.Build.Tasks.CodeAnalysis.dll".
       Task "GenerateMSBuildEditorConfig"
       Done executing task "GenerateMSBuildEditorConfig".
   2:8>Done building target "GenerateMSBuildEditorConfigFileCore" in project "TourManagement.Application.csproj".
   2:8>Target "GenerateMSBuildEditorConfigFile" in file "/usr/share/dotnet/sdk/8.0.417/Roslyn/Microsoft.Managed.Core.targets" from project "/modernize-data/studio-data/TNT1001/APP1166/transformed-code/344/studio-workspace/TMS22/src/TourManagement.Application/TourManagement.Application.csproj" (target "BeforeCompile" depends on it):
   2:8>Done building target "GenerateMSBuildEditorConfigFile" in project "TourManagement.Application.csproj".
       Target "PrepareForBuild" skipped. Previously built successfully.
       Target "GetReferenceAssemblyPaths" skipped. Previously built successfully.
   2:8>Target "_SetTargetFrameworkMonikerAttribute" in file "/usr/share/dotnet/sdk/8.0.417/Microsoft.CSharp.CurrentVersion.targets" from project "/modernize-data/studio-data/TNT1001/APP1166/transformed-code/344/studio-workspace/TMS22/src/TourManagement.Application/TourManagement.Application.csproj" (target "GenerateTargetFrameworkMonikerAttribute" depends on it):
   2:8>Done building target "_SetTargetFrameworkMonikerAttribute" in project "TourManagement.Application.csproj".
   2:8>Target "GenerateTargetFrameworkMonikerAttribute" in file "/usr/share/dotnet/sdk/8.0.417/Microsoft.Common.CurrentVersion.targets" from project "/modernize-data/studio-data/TNT1001/APP1166/transformed-code/344/studio-workspace/TMS22/src/TourManagement.Application/TourManagement.Application.csproj" (target "BeforeCompile" depends on it):
       Skipping target "GenerateTargetFrameworkMonikerAttribute" because all output files are up-to-date with respect to the input files.
       Input files: /usr/share/dotnet/sdk/8.0.417/Microsoft.Common.targets
       Output files: obj/Debug/net8.0/.NETCoreApp,Version=v8.0.AssemblyAttributes.cs
   2:8>Done building target "GenerateTargetFrameworkMonikerAttribute" in project "TourManagement.Application.csproj".
       Target "GenerateAdditionalSources" skipped, due to false condition; ('@(AssemblyAttributes)' != '' and '$(GenerateAdditionalSources)' == 'true') was evaluated as ('' != '' and '' == 'true').
       Target "PrepareForBuild" skipped. Previously built successfully.
   2:8>Target "GetAssemblyVersion" in file "/usr/share/dotnet/sdk/8.0.417/Sdks/Microsoft.NET.Sdk/targets/Microsoft.NET.GenerateAssemblyInfo.targets" from project "/modernize-data/studio-data/TNT1001/APP1166/transformed-code/344/studio-workspace/TMS22/src/TourManagement.Application/TourManagement.Application.csproj" (target "GetAssemblyAttributes" depends on it):
       Using "GetAssemblyVersion" task from assembly "/usr/share/dotnet/sdk/8.0.417/Sdks/Microsoft.NET.Sdk/targets/../tools/net8.0/Microsoft.NET.Build.Tasks.dll".
       Task "GetAssemblyVersion"
       Done executing task "GetAssemblyVersion".
   2:8>Done building target "GetAssemblyVersion" in project "TourManagement.Application.csproj".
       Target "GetAssemblyVersion" skipped. Previously built successfully.
   2:8>Target "InitializeSourceControlInformationFromSourceControlManager" in file "/usr/share/dotnet/sdk/8.0.417/Sdks/Microsoft.Build.Tasks.Git/build/Microsoft.Build.Tasks.Git.targets" from project "/modernize-data/studio-data/TNT1001/APP1166/transformed-code/344/studio-workspace/TMS22/src/TourManagement.Application/TourManagement.Application.csproj" (target "_InitializeSourceControlInformationFromSourceControlManager" depends on it):
       Using "Microsoft.Build.Tasks.Git.LocateRepository" task from assembly "/usr/share/dotnet/sdk/8.0.417/Sdks/Microsoft.Build.Tasks.Git/build/../tools/core/Microsoft.Build.Tasks.Git.dll".
       Task "Microsoft.Build.Tasks.Git.LocateRepository"
         SourceLink: Repository instance not found in cache: '*:/modernize-data/studio-data/TNT1001/APP1166/transformed-code/344/studio-workspace/TMS22/.git'
       Done executing task "Microsoft.Build.Tasks.Git.LocateRepository".
   2:8>Done building target "InitializeSourceControlInformationFromSourceControlManager" in project "TourManagement.Application.csproj".
   2:8>Target "_SourceLinkHasSingleProvider" in file "/usr/share/dotnet/sdk/8.0.417/Sdks/Microsoft.SourceLink.Common/build/InitializeSourceControlInformation.targets" from project "/modernize-data/studio-data/TNT1001/APP1166/transformed-code/344/studio-workspace/TMS22/src/TourManagement.Application/TourManagement.Application.csproj" (target "_InitializeSourceControlInformationFromSourceControlManager" depends on it):
       Assembly loaded during TaskRun: Microsoft.SourceLink.Common, Version=8.0.9.11501, Culture=neutral, PublicKeyToken=31bf3856ad364e35 (location: /usr/share/dotnet/sdk/8.0.417/Sdks/Microsoft.SourceLink.Common/tools/core/Microsoft.SourceLink.Common.dll, MVID: d5b96578-81ec-438f-8487-2f5405206516, AssemblyLoadContext: MSBuild plugin /usr/share/dotnet/sdk/8.0.417/Sdks/Microsoft.SourceLink.Common/tools/core/Microsoft.SourceLink.Common.dll)
       Using "Microsoft.SourceLink.Common.SourceLinkHasSingleProvider" task from assembly "/usr/share/dotnet/sdk/8.0.417/Sdks/Microsoft.SourceLink.Common/build/../tools/core/Microsoft.SourceLink.Common.dll".
       Task "Microsoft.SourceLink.Common.SourceLinkHasSingleProvider"
       Done executing task "Microsoft.SourceLink.Common.SourceLinkHasSingleProvider".
   2:8>Done building target "_SourceLinkHasSingleProvider" in project "TourManagement.Application.csproj".
   2:8>Target "TranslateGitHubUrlsInSourceControlInformation" in file "/usr/share/dotnet/sdk/8.0.417/Sdks/Microsoft.SourceLink.GitHub/build/Microsoft.SourceLink.GitHub.targets" from project "/modernize-data/studio-data/TNT1001/APP1166/transformed-code/344/studio-workspace/TMS22/src/TourManagement.Application/TourManagement.Application.csproj" (target "_InitializeSourceControlInformationFromSourceControlManager" depends on it):
       Assembly loaded during TaskRun: Microsoft.SourceLink.GitHub, Version=8.0.9.11501, Culture=neutral, PublicKeyToken=31bf3856ad364e35 (location: /usr/share/dotnet/sdk/8.0.417/Sdks/Microsoft.SourceLink.GitHub/tools/core/Microsoft.SourceLink.GitHub.dll, MVID: 1fbac130-3a2a-4cf4-9c60-b0ae73333681, AssemblyLoadContext: MSBuild plugin /usr/share/dotnet/sdk/8.0.417/Sdks/Microsoft.SourceLink.GitHub/tools/core/Microsoft.SourceLink.GitHub.dll)
       Using "Microsoft.SourceLink.GitHub.TranslateRepositoryUrls" task from assembly "/usr/share/dotnet/sdk/8.0.417/Sdks/Microsoft.SourceLink.GitHub/build/../tools/core/Microsoft.SourceLink.GitHub.dll".
       Task "Microsoft.SourceLink.GitHub.TranslateRepositoryUrls"
       Done executing task "Microsoft.SourceLink.GitHub.TranslateRepositoryUrls".
   2:8>Done building target "TranslateGitHubUrlsInSourceControlInformation" in project "TourManagement.Application.csproj".
   2:8>Target "TranslateGitLabUrlsInSourceControlInformation" in file "/usr/share/dotnet/sdk/8.0.417/Sdks/Microsoft.SourceLink.GitLab/build/Microsoft.SourceLink.GitLab.targets" from project "/modernize-data/studio-data/TNT1001/APP1166/transformed-code/344/studio-workspace/TMS22/src/TourManagement.Application/TourManagement.Application.csproj" (target "_InitializeSourceControlInformationFromSourceControlManager" depends on it):
       Assembly loaded during TaskRun: Microsoft.SourceLink.GitLab, Version=8.0.9.11501, Culture=neutral, PublicKeyToken=31bf3856ad364e35 (location: /usr/share/dotnet/sdk/8.0.417/Sdks/Microsoft.SourceLink.GitLab/tools/core/Microsoft.SourceLink.GitLab.dll, MVID: 6b003cb9-36ef-4a5a-83ae-cc8fa7fbcb67, AssemblyLoadContext: MSBuild plugin /usr/share/dotnet/sdk/8.0.417/Sdks/Microsoft.SourceLink.GitLab/tools/core/Microsoft.SourceLink.GitLab.dll)
       Using "Microsoft.SourceLink.GitLab.TranslateRepositoryUrls" task from assembly "/usr/share/dotnet/sdk/8.0.417/Sdks/Microsoft.SourceLink.GitLab/build/../tools/core/Microsoft.SourceLink.GitLab.dll".
       Task "Microsoft.SourceLink.GitLab.TranslateRepositoryUrls"
       Done executing task "Microsoft.SourceLink.GitLab.TranslateRepositoryUrls".
   2:8>Done building target "TranslateGitLabUrlsInSourceControlInformation" in project "TourManagement.Application.csproj".
   2:8>Target "TranslateAzureReposGitUrlsInSourceControlInformation" in file "/usr/share/dotnet/sdk/8.0.417/Sdks/Microsoft.SourceLink.AzureRepos.Git/build/Microsoft.SourceLink.AzureRepos.Git.targets" from project "/modernize-data/studio-data/TNT1001/APP1166/transformed-code/344/studio-workspace/TMS22/src/TourManagement.Application/TourManagement.Application.csproj" (target "_InitializeSourceControlInformationFromSourceControlManager" depends on it):
       Assembly loaded during TaskRun: Microsoft.SourceLink.AzureRepos.Git, Version=8.0.9.11501, Culture=neutral, PublicKeyToken=31bf3856ad364e35 (location: /usr/share/dotnet/sdk/8.0.417/Sdks/Microsoft.SourceLink.AzureRepos.Git/tools/core/Microsoft.SourceLink.AzureRepos.Git.dll, MVID: 3a082d27-0e6b-4d51-92ea-8eaf3fc3120f, AssemblyLoadContext: MSBuild plugin /usr/share/dotnet/sdk/8.0.417/Sdks/Microsoft.SourceLink.AzureRepos.Git/tools/core/Microsoft.SourceLink.AzureRepos.Git.dll)
       Using "Microsoft.SourceLink.AzureRepos.Git.TranslateRepositoryUrls" task from assembly "/usr/share/dotnet/sdk/8.0.417/Sdks/Microsoft.SourceLink.AzureRepos.Git/build/../tools/core/Microsoft.SourceLink.AzureRepos.Git.dll".
       Task "Microsoft.SourceLink.AzureRepos.Git.TranslateRepositoryUrls"
       Done executing task "Microsoft.SourceLink.AzureRepos.Git.TranslateRepositoryUrls".
   2:8>Done building target "TranslateAzureReposGitUrlsInSourceControlInformation" in project "TourManagement.Application.csproj".
   2:8>Target "TranslateBitbucketGitUrlsInSourceControlInformation" in file "/usr/share/dotnet/sdk/8.0.417/Sdks/Microsoft.SourceLink.Bitbucket.Git/build/Microsoft.SourceLink.Bitbucket.Git.targets" from project "/modernize-data/studio-data/TNT1001/APP1166/transformed-code/344/studio-workspace/TMS22/src/TourManagement.Application/TourManagement.Application.csproj" (target "_InitializeSourceControlInformationFromSourceControlManager" depends on it):
       Assembly loaded during TaskRun: Microsoft.SourceLink.Bitbucket.Git, Version=8.0.9.11501, Culture=neutral, PublicKeyToken=31bf3856ad364e35 (location: /usr/share/dotnet/sdk/8.0.417/Sdks/Microsoft.SourceLink.Bitbucket.Git/tools/core/Microsoft.SourceLink.Bitbucket.Git.dll, MVID: 3994e8b0-7ae9-409e-bc2b-53baef289161, AssemblyLoadContext: MSBuild plugin /usr/share/dotnet/sdk/8.0.417/Sdks/Microsoft.SourceLink.Bitbucket.Git/tools/core/Microsoft.SourceLink.Bitbucket.Git.dll)
       Using "Microsoft.SourceLink.Bitbucket.Git.TranslateRepositoryUrls" task from assembly "/usr/share/dotnet/sdk/8.0.417/Sdks/Microsoft.SourceLink.Bitbucket.Git/build/../tools/core/Microsoft.SourceLink.Bitbucket.Git.dll".
       Task "Microsoft.SourceLink.Bitbucket.Git.TranslateRepositoryUrls"
       Done executing task "Microsoft.SourceLink.Bitbucket.Git.TranslateRepositoryUrls".
   2:8>Done building target "TranslateBitbucketGitUrlsInSourceControlInformation" in project "TourManagement.Application.csproj".
   2:8>Target "SourceControlManagerPublishTranslatedUrls" in file "/usr/share/dotnet/sdk/8.0.417/Sdks/Microsoft.SourceLink.Common/build/InitializeSourceControlInformation.targets" from project "/modernize-data/studio-data/TNT1001/APP1166/transformed-code/344/studio-workspace/TMS22/src/TourManagement.Application/TourManagement.Application.csproj" (target "_InitializeSourceControlInformationFromSourceControlManager" depends on it):
   2:8>Done building target "SourceControlManagerPublishTranslatedUrls" in project "TourManagement.Application.csproj".
   2:8>Target "_InitializeSourceControlInformationFromSourceControlManager" in file "/usr/share/dotnet/sdk/8.0.417/Sdks/Microsoft.SourceLink.Common/build/InitializeSourceControlInformation.targets" from project "/modernize-data/studio-data/TNT1001/APP1166/transformed-code/344/studio-workspace/TMS22/src/TourManagement.Application/TourManagement.Application.csproj" (target "InitializeSourceControlInformation" depends on it):
   2:8>Done building target "_InitializeSourceControlInformationFromSourceControlManager" in project "TourManagement.Application.csproj".
   2:8>Target "InitializeSourceControlInformation" in file "/usr/share/dotnet/sdk/8.0.417/Microsoft.Common.CurrentVersion.targets" from project "/modernize-data/studio-data/TNT1001/APP1166/transformed-code/344/studio-workspace/TMS22/src/TourManagement.Application/TourManagement.Application.csproj" (target "AddSourceRevisionToInformationalVersion" depends on it):
   2:8>Done building target "InitializeSourceControlInformation" in project "TourManagement.Application.csproj".
   2:8>Target "AddSourceRevisionToInformationalVersion" in file "/usr/share/dotnet/sdk/8.0.417/Sdks/Microsoft.NET.Sdk/targets/Microsoft.NET.GenerateAssemblyInfo.targets" from project "/modernize-data/studio-data/TNT1001/APP1166/transformed-code/344/studio-workspace/TMS22/src/TourManagement.Application/TourManagement.Application.csproj" (target "GetAssemblyAttributes" depends on it):
   2:8>Done building target "AddSourceRevisionToInformationalVersion" in project "TourManagement.Application.csproj".
       Target "_GetUserSecretsAssemblyAttribute" skipped, due to false condition; ( '$(UserSecretsId)' != '' AND '$(GenerateUserSecretsAttribute)' != 'false' AND '$(GeneratedUserSecretsAttributeFile)' == '' ) was evaluated as ( '' != '' AND '' != 'false' AND '' == '' ).
   2:8>Target "GetAssemblyAttributes" in file "/usr/share/dotnet/sdk/8.0.417/Sdks/Microsoft.NET.Sdk/targets/Microsoft.NET.GenerateAssemblyInfo.targets" from project "/modernize-data/studio-data/TNT1001/APP1166/transformed-code/344/studio-workspace/TMS22/src/TourManagement.Application/TourManagement.Application.csproj" (target "CreateGeneratedAssemblyInfoInputsCacheFile" depends on it):
   2:8>Done building target "GetAssemblyAttributes" in project "TourManagement.Application.csproj".
   2:8>Target "CreateGeneratedAssemblyInfoInputsCacheFile" in file "/usr/share/dotnet/sdk/8.0.417/Sdks/Microsoft.NET.Sdk/targets/Microsoft.NET.GenerateAssemblyInfo.targets" from project "/modernize-data/studio-data/TNT1001/APP1166/transformed-code/344/studio-workspace/TMS22/src/TourManagement.Application/TourManagement.Application.csproj" (target "CoreGenerateAssemblyInfo" depends on it):
       Using "Hash" task from assembly "Microsoft.Build.Tasks.Core, Version=15.1.0.0, Culture=neutral, PublicKeyToken=b03f5f7f11d50a3a".
       Task "Hash"
       Done executing task "Hash".
       Task "WriteLinesToFile"
       Done executing task "WriteLinesToFile".
   2:8>Done building target "CreateGeneratedAssemblyInfoInputsCacheFile" in project "TourManagement.Application.csproj".
   2:8>Target "CoreGenerateAssemblyInfo" in file "/usr/share/dotnet/sdk/8.0.417/Sdks/Microsoft.NET.Sdk/targets/Microsoft.NET.GenerateAssemblyInfo.targets" from project "/modernize-data/studio-data/TNT1001/APP1166/transformed-code/344/studio-workspace/TMS22/src/TourManagement.Application/TourManagement.Application.csproj" (target "GenerateAssemblyInfo" depends on it):
       Building target "CoreGenerateAssemblyInfo" completely.
       Output file "obj/Debug/net8.0/TourManagement.Application.AssemblyInfo.cs" does not exist.
       Using "WriteCodeFragment" task from assembly "Microsoft.Build.Tasks.Core, Version=15.1.0.0, Culture=neutral, PublicKeyToken=b03f5f7f11d50a3a".
       Task "WriteCodeFragment"
         Emitted specified code into "obj/Debug/net8.0/TourManagement.Application.AssemblyInfo.cs".
       Done executing task "WriteCodeFragment".
   2:8>Done building target "CoreGenerateAssemblyInfo" in project "TourManagement.Application.csproj".
   2:8>Target "GenerateAssemblyInfo" in file "/usr/share/dotnet/sdk/8.0.417/Sdks/Microsoft.NET.Sdk/targets/Microsoft.NET.GenerateAssemblyInfo.targets" from project "/modernize-data/studio-data/TNT1001/APP1166/transformed-code/344/studio-workspace/TMS22/src/TourManagement.Application/TourManagement.Application.csproj" (target "BeforeCompile" depends on it):
   2:8>Done building target "GenerateAssemblyInfo" in project "TourManagement.Application.csproj".
   2:8>Target "BeforeCompile" in file "/usr/share/dotnet/sdk/8.0.417/Microsoft.Common.CurrentVersion.targets" from project "/modernize-data/studio-data/TNT1001/APP1166/transformed-code/344/studio-workspace/TMS22/src/TourManagement.Application/TourManagement.Application.csproj" (target "Compile" depends on it):
   2:8>Done building target "BeforeCompile" in project "TourManagement.Application.csproj".
       Target "_TimeStampBeforeCompile" skipped, due to false condition; ('$(RunPostBuildEvent)'=='OnOutputUpdated' or ('$(RegisterForComInterop)'=='true' and '$(OutputType)'=='library')) was evaluated as (''=='OnOutputUpdated' or (''=='true' and 'Library'=='library')).
       Target "ResolveAssemblyReferences" skipped. Previously built successfully.
   2:8>Target "_GenerateCompileDependencyCache" in file "/usr/share/dotnet/sdk/8.0.417/Microsoft.Common.CurrentVersion.targets" from project "/modernize-data/studio-data/TNT1001/APP1166/transformed-code/344/studio-workspace/TMS22/src/TourManagement.Application/TourManagement.Application.csproj" (target "Compile" depends on it):
       Task "Hash"
       Done executing task "Hash".
       Task "WriteLinesToFile"
       Done executing task "WriteLinesToFile".
   2:8>Done building target "_GenerateCompileDependencyCache" in project "TourManagement.Application.csproj".
       Target "_ComputeNonExistentFileProperty" skipped, due to false condition; (('$(BuildingInsideVisualStudio)' == 'true') and ('$(BuildingOutOfProcess)' != 'true') and (('$(BuildingProject)' == 'false') or ('$(UseHostCompilerIfAvailable)' == 'true'))) was evaluated as (('' == 'true') and ('' != 'true') and (('true' == 'false') or ('true' == 'true'))).
       Target "ResolveCodeAnalysisRuleSet" skipped, due to false condition; ('$(CodeAnalysisRuleSet)' != '') was evaluated as ('' != '').
       Target "ShimReferencePathsWhenCommonTargetsDoesNotUnderstandReferenceAssemblies" skipped, due to false condition; ('@(ReferencePathWithRefAssemblies)' == '') was evaluated as ('/home/studioai/.nuget/packages/bcrypt.net-next/4.0.3/lib/net6.0/BCrypt.Net-Next.dll;/usr/share/dotnet/packs/Microsoft.NETCore.App.Ref/8.0.23/ref/net8.0/Microsoft.CSharp.dll;/home/studioai/.nuget/packages/microsoft.extensions.dependencyinjection.abstractions/8.0.0/lib/net8.0/Microsoft.Extensions.DependencyInjection.Abstractions.dll;...' == '').
   2:8>Target "_BeforeVBCSCoreCompile" in file "/usr/share/dotnet/sdk/8.0.417/Roslyn/Microsoft.Managed.Core.targets" from project "/modernize-data/studio-data/TNT1001/APP1166/transformed-code/344/studio-workspace/TMS22/src/TourManagement.Application/TourManagement.Application.csproj" (target "CoreCompile" depends on it):
   2:8>Done building target "_BeforeVBCSCoreCompile" in project "TourManagement.Application.csproj".
       Target "AdjustDefaultPlatformTargetForNetFrameworkExeWithNoNativeCopyLocalItems" skipped, due to false condition; ('$(_UsingDefaultPlatformTarget)' == 'true' and
                            '$(_UsingDefaultRuntimeIdentifier)' == 'true') was evaluated as ('true' == 'true' and
                            '' == 'true').
       Target "_DisableDiagnosticTracing" skipped, due to false condition; ('$(DisableDiagnosticTracing)' == 'true') was evaluated as ('' == 'true').
       Target "GenerateTargetPlatformDefineConstants" skipped, due to false condition; ( '$(DisableImplicitFrameworkDefines)' != 'true' and '$(TargetPlatformIdentifier)' != '' and '$(TargetFrameworkIdentifier)' == '.NETCoreApp' and $([MSBuild]::VersionGreaterThanOrEquals($(TargetFrameworkVersion), 5.0)) ) was evaluated as ( '' != 'true' and '' != '' and '.NETCoreApp' == '.NETCoreApp' and True ).
   2:8>Target "GenerateNETCompatibleDefineConstants" in file "/usr/share/dotnet/sdk/8.0.417/Sdks/Microsoft.NET.Sdk/targets/Microsoft.NET.Sdk.BeforeCommon.targets" from project "/modernize-data/studio-data/TNT1001/APP1166/transformed-code/344/studio-workspace/TMS22/src/TourManagement.Application/TourManagement.Application.csproj" (target "AddImplicitDefineConstants" depends on it):
   2:8>Done building target "GenerateNETCompatibleDefineConstants" in project "TourManagement.Application.csproj".
       Target "GeneratePlatformCompatibleDefineConstants" skipped, due to false condition; ( '$(DisableImplicitFrameworkDefines)' != 'true' and '$(TargetPlatformIdentifier)' != '' and '$(TargetFrameworkIdentifier)' == '.NETCoreApp' and $([MSBuild]::VersionGreaterThanOrEquals($(TargetFrameworkVersion), 5.0)) ) was evaluated as ( '' != 'true' and '' != '' and '.NETCoreApp' == '.NETCoreApp' and True ).
       Target "_DisableDiagnosticTracing" skipped, due to false condition; ('$(DisableDiagnosticTracing)' == 'true') was evaluated as ('' == 'true').
   2:8>Target "AddImplicitDefineConstants" in file "/usr/share/dotnet/sdk/8.0.417/Sdks/Microsoft.NET.Sdk/targets/Microsoft.NET.Sdk.BeforeCommon.targets" from project "/modernize-data/studio-data/TNT1001/APP1166/transformed-code/344/studio-workspace/TMS22/src/TourManagement.Application/TourManagement.Application.csproj" (target "CoreCompile" depends on it):
   2:8>Done building target "AddImplicitDefineConstants" in project "TourManagement.Application.csproj".
       Target "ShimReferencePathsWhenCommonTargetsDoesNotUnderstandReferenceAssemblies" skipped, due to false condition; ('@(ReferencePathWithRefAssemblies)' == '') was evaluated as ('/home/studioai/.nuget/packages/bcrypt.net-next/4.0.3/lib/net6.0/BCrypt.Net-Next.dll;/usr/share/dotnet/packs/Microsoft.NETCore.App.Ref/8.0.23/ref/net8.0/Microsoft.CSharp.dll;/home/studioai/.nuget/packages/microsoft.extensions.dependencyinjection.abstractions/8.0.0/lib/net8.0/Microsoft.Extensions.DependencyInjection.Abstractions.dll;...' == '').
   2:8>Target "_ComputeSkipAnalyzers" in file "/usr/share/dotnet/sdk/8.0.417/Roslyn/Microsoft.Managed.Core.targets" from project "/modernize-data/studio-data/TNT1001/APP1166/transformed-code/344/studio-workspace/TMS22/src/TourManagement.Application/TourManagement.Application.csproj" (target "CoreCompile" depends on it):
       Task "ShowMessageForImplicitlySkipAnalyzers" skipped, due to false condition; ('$(_ImplicitlySkipAnalyzers)' == 'true') was evaluated as ('' == 'true').
   2:8>Done building target "_ComputeSkipAnalyzers" in project "TourManagement.Application.csproj".
       Target "_SetPathMapFromSourceRoots" skipped, due to false condition; ('$(DeterministicSourcePaths)' == 'true') was evaluated as ('' == 'true').
       Target "CreateCompilerGeneratedFilesOutputPath" skipped, due to false condition; ('$(EmitCompilerGeneratedFiles)' == 'true' and !('$(DesignTimeBuild)' == 'true' OR '$(BuildingProject)' != 'true')) was evaluated as ('false' == 'true' and !('' == 'true' OR 'true' != 'true')).
       Target "BeforeCompile" skipped. Previously built successfully.
       Target "InitializeSourceControlInformationFromSourceControlManager" skipped. Previously built successfully.
   2:8>Target "SetEmbeddedFilesFromSourceControlManagerUntrackedFiles" in file "/usr/share/dotnet/sdk/8.0.417/Sdks/Microsoft.Build.Tasks.Git/build/Microsoft.Build.Tasks.Git.targets" from project "/modernize-data/studio-data/TNT1001/APP1166/transformed-code/344/studio-workspace/TMS22/src/TourManagement.Application/TourManagement.Application.csproj" (target "_SetEmbeddedFilesFromSourceControlManagerUntrackedFiles" depends on it):
       Using "Microsoft.Build.Tasks.Git.GetUntrackedFiles" task from assembly "/usr/share/dotnet/sdk/8.0.417/Sdks/Microsoft.Build.Tasks.Git/build/../tools/core/Microsoft.Build.Tasks.Git.dll".
       Task "Microsoft.Build.Tasks.Git.GetUntrackedFiles"
         SourceLink: Reusing cached git repository information.
       Done executing task "Microsoft.Build.Tasks.Git.GetUntrackedFiles".
   2:8>Done building target "SetEmbeddedFilesFromSourceControlManagerUntrackedFiles" in project "TourManagement.Application.csproj".
   2:8>Target "_SetEmbeddedFilesFromSourceControlManagerUntrackedFiles" in file "/usr/share/dotnet/sdk/8.0.417/Sdks/Microsoft.SourceLink.Common/build/Microsoft.SourceLink.Common.targets" from project "/modernize-data/studio-data/TNT1001/APP1166/transformed-code/344/studio-workspace/TMS22/src/TourManagement.Application/TourManagement.Application.csproj" (target "CoreCompile" depends on it):
   2:8>Done building target "_SetEmbeddedFilesFromSourceControlManagerUntrackedFiles" in project "TourManagement.Application.csproj".
       Target "InitializeSourceControlInformation" skipped. Previously built successfully.
   2:8>Target "_SetSourceLinkFilePath" in file "/usr/share/dotnet/sdk/8.0.417/Sdks/Microsoft.SourceLink.Common/build/Microsoft.SourceLink.Common.targets" from project "/modernize-data/studio-data/TNT1001/APP1166/transformed-code/344/studio-workspace/TMS22/src/TourManagement.Application/TourManagement.Application.csproj" (target "_GenerateSourceLinkFile" depends on it):
   2:8>Done building target "_SetSourceLinkFilePath" in project "TourManagement.Application.csproj".
       Target "InitializeSourceControlInformation" skipped. Previously built successfully.
   2:8>Target "_InitializeSourceRootMappedPathsFromSourceControl" in file "/usr/share/dotnet/sdk/8.0.417/Roslyn/Microsoft.Managed.Core.targets" from project "/modernize-data/studio-data/TNT1001/APP1166/transformed-code/344/studio-workspace/TMS22/src/TourManagement.Application/TourManagement.Application.csproj" (target "InitializeSourceRootMappedPaths" depends on it):
   2:8>Done building target "_InitializeSourceRootMappedPathsFromSourceControl" in project "TourManagement.Application.csproj".
   2:8>Target "InitializeSourceRootMappedPaths" in file "/usr/share/dotnet/sdk/8.0.417/Roslyn/Microsoft.Managed.Core.targets" from project "/modernize-data/studio-data/TNT1001/APP1166/transformed-code/344/studio-workspace/TMS22/src/TourManagement.Application/TourManagement.Application.csproj" (target "_InitializeSourceRootMappedPathsOpt" depends on it):
       Using "Microsoft.CodeAnalysis.BuildTasks.MapSourceRoots" task from assembly "/usr/share/dotnet/sdk/8.0.417/Roslyn/Microsoft.Build.Tasks.CodeAnalysis.dll".
       Task "Microsoft.CodeAnalysis.BuildTasks.MapSourceRoots"
       Done executing task "Microsoft.CodeAnalysis.BuildTasks.MapSourceRoots".
   2:8>Done building target "InitializeSourceRootMappedPaths" in project "TourManagement.Application.csproj".
   2:8>Target "_InitializeSourceRootMappedPathsOpt" in file "/usr/share/dotnet/sdk/8.0.417/Sdks/Microsoft.SourceLink.Common/build/Microsoft.SourceLink.Common.targets" from project "/modernize-data/studio-data/TNT1001/APP1166/transformed-code/344/studio-workspace/TMS22/src/TourManagement.Application/TourManagement.Application.csproj" (target "_GenerateSourceLinkFile" depends on it):
   2:8>Done building target "_InitializeSourceRootMappedPathsOpt" in project "TourManagement.Application.csproj".
   2:8>Target "_InitializeGitHubSourceLinkUrl" in file "/usr/share/dotnet/sdk/8.0.417/Sdks/Microsoft.SourceLink.GitHub/build/Microsoft.SourceLink.GitHub.targets" from project "/modernize-data/studio-data/TNT1001/APP1166/transformed-code/344/studio-workspace/TMS22/src/TourManagement.Application/TourManagement.Application.csproj" (target "_GenerateSourceLinkFile" depends on it):
       Building target "_InitializeGitHubSourceLinkUrl" completely.
       No input files were specified.
       Using "Microsoft.SourceLink.GitHub.GetSourceLinkUrl" task from assembly "/usr/share/dotnet/sdk/8.0.417/Sdks/Microsoft.SourceLink.GitHub/build/../tools/core/Microsoft.SourceLink.GitHub.dll".
       Task "Microsoft.SourceLink.GitHub.GetSourceLinkUrl"
       Done executing task "Microsoft.SourceLink.GitHub.GetSourceLinkUrl".
   2:8>Done building target "_InitializeGitHubSourceLinkUrl" in project "TourManagement.Application.csproj".
   2:8>Target "_InitializeGitHubSourceLinkUrl" in file "/usr/share/dotnet/sdk/8.0.417/Sdks/Microsoft.SourceLink.GitHub/build/Microsoft.SourceLink.GitHub.targets" from project "/modernize-data/studio-data/TNT1001/APP1166/transformed-code/344/studio-workspace/TMS22/src/TourManagement.Application/TourManagement.Application.csproj" (target "_GenerateSourceLinkFile" depends on it):
       Building target "_InitializeGitHubSourceLinkUrl" completely.
       No input files were specified.
       Task "Microsoft.SourceLink.GitHub.GetSourceLinkUrl"
       Done executing task "Microsoft.SourceLink.GitHub.GetSourceLinkUrl".
   2:8>Done building target "_InitializeGitHubSourceLinkUrl" in project "TourManagement.Application.csproj".
   2:8>Target "_InitializeGitLabSourceLinkUrl" in file "/usr/share/dotnet/sdk/8.0.417/Sdks/Microsoft.SourceLink.GitLab/build/Microsoft.SourceLink.GitLab.targets" from project "/modernize-data/studio-data/TNT1001/APP1166/transformed-code/344/studio-workspace/TMS22/src/TourManagement.Application/TourManagement.Application.csproj" (target "_GenerateSourceLinkFile" depends on it):
       Building target "_InitializeGitLabSourceLinkUrl" completely.
       No input files were specified.
       Using "Microsoft.SourceLink.GitLab.GetSourceLinkUrl" task from assembly "/usr/share/dotnet/sdk/8.0.417/Sdks/Microsoft.SourceLink.GitLab/build/../tools/core/Microsoft.SourceLink.GitLab.dll".
       Task "Microsoft.SourceLink.GitLab.GetSourceLinkUrl"
       Done executing task "Microsoft.SourceLink.GitLab.GetSourceLinkUrl".
   2:8>Done building target "_InitializeGitLabSourceLinkUrl" in project "TourManagement.Application.csproj".
   2:8>Target "_InitializeGitLabSourceLinkUrl" in file "/usr/share/dotnet/sdk/8.0.417/Sdks/Microsoft.SourceLink.GitLab/build/Microsoft.SourceLink.GitLab.targets" from project "/modernize-data/studio-data/TNT1001/APP1166/transformed-code/344/studio-workspace/TMS22/src/TourManagement.Application/TourManagement.Application.csproj" (target "_GenerateSourceLinkFile" depends on it):
       Building target "_InitializeGitLabSourceLinkUrl" completely.
       No input files were specified.
       Task "Microsoft.SourceLink.GitLab.GetSourceLinkUrl"
       Done executing task "Microsoft.SourceLink.GitLab.GetSourceLinkUrl".
   2:8>Done building target "_InitializeGitLabSourceLinkUrl" in project "TourManagement.Application.csproj".
   2:8>Target "_InitializeAzureReposGitSourceLinkUrl" in file "/usr/share/dotnet/sdk/8.0.417/Sdks/Microsoft.SourceLink.AzureRepos.Git/build/Microsoft.SourceLink.AzureRepos.Git.targets" from project "/modernize-data/studio-data/TNT1001/APP1166/transformed-code/344/studio-workspace/TMS22/src/TourManagement.Application/TourManagement.Application.csproj" (target "_GenerateSourceLinkFile" depends on it):
       Building target "_InitializeAzureReposGitSourceLinkUrl" completely.
       No input files were specified.
       Using "Microsoft.SourceLink.AzureRepos.Git.GetSourceLinkUrl" task from assembly "/usr/share/dotnet/sdk/8.0.417/Sdks/Microsoft.SourceLink.AzureRepos.Git/build/../tools/core/Microsoft.SourceLink.AzureRepos.Git.dll".
       Task "Microsoft.SourceLink.AzureRepos.Git.GetSourceLinkUrl"
       Done executing task "Microsoft.SourceLink.AzureRepos.Git.GetSourceLinkUrl".
   2:8>Done building target "_InitializeAzureReposGitSourceLinkUrl" in project "TourManagement.Application.csproj".
   2:8>Target "_InitializeAzureReposGitSourceLinkUrl" in file "/usr/share/dotnet/sdk/8.0.417/Sdks/Microsoft.SourceLink.AzureRepos.Git/build/Microsoft.SourceLink.AzureRepos.Git.targets" from project "/modernize-data/studio-data/TNT1001/APP1166/transformed-code/344/studio-workspace/TMS22/src/TourManagement.Application/TourManagement.Application.csproj" (target "_GenerateSourceLinkFile" depends on it):
       Building target "_InitializeAzureReposGitSourceLinkUrl" completely.
       No input files were specified.
       Task "Microsoft.SourceLink.AzureRepos.Git.GetSourceLinkUrl"
       Done executing task "Microsoft.SourceLink.AzureRepos.Git.GetSourceLinkUrl".
   2:8>Done building target "_InitializeAzureReposGitSourceLinkUrl" in project "TourManagement.Application.csproj".
   2:8>Target "_InitializeBitbucketGitSourceLinkUrl" in file "/usr/share/dotnet/sdk/8.0.417/Sdks/Microsoft.SourceLink.Bitbucket.Git/build/Microsoft.SourceLink.Bitbucket.Git.targets" from project "/modernize-data/studio-data/TNT1001/APP1166/transformed-code/344/studio-workspace/TMS22/src/TourManagement.Application/TourManagement.Application.csproj" (target "_GenerateSourceLinkFile" depends on it):
       Building target "_InitializeBitbucketGitSourceLinkUrl" completely.
       No input files were specified.
       Using "Microsoft.SourceLink.Bitbucket.Git.GetSourceLinkUrl" task from assembly "/usr/share/dotnet/sdk/8.0.417/Sdks/Microsoft.SourceLink.Bitbucket.Git/build/../tools/core/Microsoft.SourceLink.Bitbucket.Git.dll".
       Task "Microsoft.SourceLink.Bitbucket.Git.GetSourceLinkUrl"
       Done executing task "Microsoft.SourceLink.Bitbucket.Git.GetSourceLinkUrl".
   2:8>Done building target "_InitializeBitbucketGitSourceLinkUrl" in project "TourManagement.Application.csproj".
   2:8>Target "_InitializeBitbucketGitSourceLinkUrl" in file "/usr/share/dotnet/sdk/8.0.417/Sdks/Microsoft.SourceLink.Bitbucket.Git/build/Microsoft.SourceLink.Bitbucket.Git.targets" from project "/modernize-data/studio-data/TNT1001/APP1166/transformed-code/344/studio-workspace/TMS22/src/TourManagement.Application/TourManagement.Application.csproj" (target "_GenerateSourceLinkFile" depends on it):
       Building target "_InitializeBitbucketGitSourceLinkUrl" completely.
       No input files were specified.
       Task "Microsoft.SourceLink.Bitbucket.Git.GetSourceLinkUrl"
       Done executing task "Microsoft.SourceLink.Bitbucket.Git.GetSourceLinkUrl".
   2:8>Done building target "_InitializeBitbucketGitSourceLinkUrl" in project "TourManagement.Application.csproj".
   2:8>Target "_GenerateSourceLinkFile" in file "/usr/share/dotnet/sdk/8.0.417/Sdks/Microsoft.SourceLink.Common/build/Microsoft.SourceLink.Common.targets" from project "/modernize-data/studio-data/TNT1001/APP1166/transformed-code/344/studio-workspace/TMS22/src/TourManagement.Application/TourManagement.Application.csproj" (target "GenerateSourceLinkFile" depends on it):
       Building target "_GenerateSourceLinkFile" completely.
       No input files were specified.
       Using "Microsoft.SourceLink.Common.GenerateSourceLinkFile" task from assembly "/usr/share/dotnet/sdk/8.0.417/Sdks/Microsoft.SourceLink.Common/build/../tools/core/Microsoft.SourceLink.Common.dll".
       Task "Microsoft.SourceLink.Common.GenerateSourceLinkFile"
         Updating Source Link file 'obj/Debug/net8.0/TourManagement.Application.sourcelink.json'.
       Done executing task "Microsoft.SourceLink.Common.GenerateSourceLinkFile".
   2:8>Done building target "_GenerateSourceLinkFile" in project "TourManagement.Application.csproj".
   2:8>Target "GenerateSourceLinkFile" in file "/usr/share/dotnet/sdk/8.0.417/Sdks/Microsoft.SourceLink.Common/build/Microsoft.SourceLink.Common.targets" from project "/modernize-data/studio-data/TNT1001/APP1166/transformed-code/344/studio-workspace/TMS22/src/TourManagement.Application/TourManagement.Application.csproj" (target "CoreCompile" depends on it):
   2:8>Done building target "GenerateSourceLinkFile" in project "TourManagement.Application.csproj".
   2:8>Target "AddGlobalAnalyzerConfigForPackage_MicrosoftCodeAnalysisNetAnalyzers" in file "/usr/share/dotnet/sdk/8.0.417/Sdks/Microsoft.NET.Sdk/analyzers/build/Microsoft.CodeAnalysis.NetAnalyzers.targets" from project "/modernize-data/studio-data/TNT1001/APP1166/transformed-code/344/studio-workspace/TMS22/src/TourManagement.Application/TourManagement.Application.csproj" (target "CoreCompile" depends on it):
   2:8>Done building target "AddGlobalAnalyzerConfigForPackage_MicrosoftCodeAnalysisNetAnalyzers" in project "TourManagement.Application.csproj".
       Target "AddGlobalAnalyzerConfigForPackage_MicrosoftCodeAnalysisNetAnalyzersDesign" skipped, due to false condition; ('$(SkipGlobalAnalyzerConfigForPackage)' != 'true' and ('$(AnalysisLevelDesign)' != '' or '$(AnalysisModeDesign)' != '')) was evaluated as ('' != 'true' and ('' != '' or '' != '')).
       Target "AddGlobalAnalyzerConfigForPackage_MicrosoftCodeAnalysisNetAnalyzersDocumentation" skipped, due to false condition; ('$(SkipGlobalAnalyzerConfigForPackage)' != 'true' and ('$(AnalysisLevelDocumentation)' != '' or '$(AnalysisModeDocumentation)' != '')) was evaluated as ('' != 'true' and ('' != '' or '' != '')).
       Target "AddGlobalAnalyzerConfigForPackage_MicrosoftCodeAnalysisNetAnalyzersGlobalization" skipped, due to false condition; ('$(SkipGlobalAnalyzerConfigForPackage)' != 'true' and ('$(AnalysisLevelGlobalization)' != '' or '$(AnalysisModeGlobalization)' != '')) was evaluated as ('' != 'true' and ('' != '' or '' != '')).
       Target "AddGlobalAnalyzerConfigForPackage_MicrosoftCodeAnalysisNetAnalyzersInteroperability" skipped, due to false condition; ('$(SkipGlobalAnalyzerConfigForPackage)' != 'true' and ('$(AnalysisLevelInteroperability)' != '' or '$(AnalysisModeInteroperability)' != '')) was evaluated as ('' != 'true' and ('' != '' or '' != '')).
       Target "AddGlobalAnalyzerConfigForPackage_MicrosoftCodeAnalysisNetAnalyzersMaintainability" skipped, due to false condition; ('$(SkipGlobalAnalyzerConfigForPackage)' != 'true' and ('$(AnalysisLevelMaintainability)' != '' or '$(AnalysisModeMaintainability)' != '')) was evaluated as ('' != 'true' and ('' != '' or '' != '')).
       Target "AddGlobalAnalyzerConfigForPackage_MicrosoftCodeAnalysisNetAnalyzersNaming" skipped, due to false condition; ('$(SkipGlobalAnalyzerConfigForPackage)' != 'true' and ('$(AnalysisLevelNaming)' != '' or '$(AnalysisModeNaming)' != '')) was evaluated as ('' != 'true' and ('' != '' or '' != '')).
       Target "AddGlobalAnalyzerConfigForPackage_MicrosoftCodeAnalysisNetAnalyzersPerformance" skipped, due to false condition; ('$(SkipGlobalAnalyzerConfigForPackage)' != 'true' and ('$(AnalysisLevelPerformance)' != '' or '$(AnalysisModePerformance)' != '')) was evaluated as ('' != 'true' and ('' != '' or '' != '')).
       Target "AddGlobalAnalyzerConfigForPackage_MicrosoftCodeAnalysisNetAnalyzersReliability" skipped, due to false condition; ('$(SkipGlobalAnalyzerConfigForPackage)' != 'true' and ('$(AnalysisLevelReliability)' != '' or '$(AnalysisModeReliability)' != '')) was evaluated as ('' != 'true' and ('' != '' or '' != '')).
       Target "AddGlobalAnalyzerConfigForPackage_MicrosoftCodeAnalysisNetAnalyzersSecurity" skipped, due to false condition; ('$(SkipGlobalAnalyzerConfigForPackage)' != 'true' and ('$(AnalysisLevelSecurity)' != '' or '$(AnalysisModeSecurity)' != '')) was evaluated as ('' != 'true' and ('' != '' or '' != '')).
       Target "AddGlobalAnalyzerConfigForPackage_MicrosoftCodeAnalysisNetAnalyzersUsage" skipped, due to false condition; ('$(SkipGlobalAnalyzerConfigForPackage)' != 'true' and ('$(AnalysisLevelUsage)' != '' or '$(AnalysisModeUsage)' != '')) was evaluated as ('' != 'true' and ('' != '' or '' != '')).
       Target "_CodeAnalysisTreatWarningsAsErrors" skipped, due to false condition; ('$(DesignTimeBuild)' == 'true' OR '$(BuildingProject)' != 'true') was evaluated as ('' == 'true' OR 'true' != 'true').
   2:8>Target "_ReportUpgradeNetAnalyzersNuGetWarning" in file "/usr/share/dotnet/sdk/8.0.417/Sdks/Microsoft.NET.Sdk/analyzers/build/Microsoft.CodeAnalysis.NetAnalyzers.targets" from project "/modernize-data/studio-data/TNT1001/APP1166/transformed-code/344/studio-workspace/TMS22/src/TourManagement.Application/TourManagement.Application.csproj" (target "CoreCompile" depends on it):
       Task "Warning" skipped, due to false condition; ('$(_NETAnalyzersNuGetAssemblyVersion)' != '' AND
                                '$(_NETAnalyzersSDKAssemblyVersion)' != '' AND
                                 $(_NETAnalyzersNuGetAssemblyVersion) < $(_NETAnalyzersSDKAssemblyVersion)) was evaluated as ('' != '' AND
                                '8.0.0' != '' AND
                                  < 8.0.0).
   2:8>Done building target "_ReportUpgradeNetAnalyzersNuGetWarning" in project "TourManagement.Application.csproj".
   2:8>Target "CoreCompile" in file "/usr/share/dotnet/sdk/8.0.417/Roslyn/Microsoft.CSharp.Core.targets" from project "/modernize-data/studio-data/TNT1001/APP1166/transformed-code/344/studio-workspace/TMS22/src/TourManagement.Application/TourManagement.Application.csproj" (target "Compile" depends on it):
       Building target "CoreCompile" completely.
       Output file "obj/Debug/net8.0/TourManagement.Application.dll" does not exist.
       Using "Csc" task from assembly "/usr/share/dotnet/sdk/8.0.417/Roslyn/Microsoft.Build.Tasks.CodeAnalysis.dll".
       Task "Csc"
         /usr/share/dotnet/dotnet exec "/usr/share/dotnet/sdk/8.0.417/Roslyn/bincore/csc.dll" /noconfig /unsafe- /checked- /nowarn:1701,1702,1701,1702 /fullpaths /nostdlib+ /errorreport:prompt /warn:8 /define:TRACE;DEBUG;NET;NET8_0;NETCOREAPP;NET5_0_OR_GREATER;NET6_0_OR_GREATER;NET7_0_OR_GREATER;NET8_0_OR_GREATER;NETCOREAPP1_0_OR_GREATER;NETCOREAPP1_1_OR_GREATER;NETCOREAPP2_0_OR_GREATER;NETCOREAPP2_1_OR_GREATER;NETCOREAPP2_2_OR_GREATER;NETCOREAPP3_0_OR_GREATER;NETCOREAPP3_1_OR_GREATER /highentropyva+ /nullable:enable /reference:/home/studioai/.nuget/packages/bcrypt.net-next/4.0.3/lib/net6.0/BCrypt.Net-Next.dll /reference:/usr/share/dotnet/packs/Microsoft.NETCore.App.Ref/8.0.23/ref/net8.0/Microsoft.CSharp.dll /reference:/home/studioai/.nuget/packages/microsoft.extensions.dependencyinjection.abstractions/8.0.0/lib/net8.0/Microsoft.Extensions.DependencyInjection.Abstractions.dll /reference:/home/studioai/.nuget/packages/microsoft.extensions.logging.abstractions/8.0.0/lib/net8.0/Microsoft.Extensions.Logging.Abstractions.dll /reference:/usr/share/dotnet/packs/Microsoft.NETCore.App.Ref/8.0.23/ref/net8.0/Microsoft.VisualBasic.Core.dll /reference:/usr/share/dotnet/packs/Microsoft.NETCore.App.Ref/8.0.23/ref/net8.0/Microsoft.VisualBasic.dll /reference:/usr/share/dotnet/packs/Microsoft.NETCore.App.Ref/8.0.23/ref/net8.0/Microsoft.Win32.Primitives.dll /reference:/usr/share/dotnet/packs/Microsoft.NETCore.App.Ref/8.0.23/ref/net8.0/Microsoft.Win32.Registry.dll /reference:/usr/share/dotnet/packs/Microsoft.NETCore.App.Ref/8.0.23/ref/net8.0/mscorlib.dll /reference:/usr/share/dotnet/packs/Microsoft.NETCore.App.Ref/8.0.23/ref/net8.0/netstandard.dll /reference:/usr/share/dotnet/packs/Microsoft.NETCore.App.Ref/8.0.23/ref/net8.0/System.AppContext.dll /reference:/usr/share/dotnet/packs/Microsoft.NETCore.App.Ref/8.0.23/ref/net8.0/System.Buffers.dll /reference:/usr/share/dotnet/packs/Microsoft.NETCore.App.Ref/8.0.23/ref/net8.0/System.Collections.Concurrent.dll /reference:/usr/share/dotnet/packs/Microsoft.NETCore.App.Ref/8.0.23/ref/net8.0/System.Collections.dll /reference:/usr/share/dotnet/packs/Microsoft.NETCore.App.Ref/8.0.23/ref/net8.0/System.Collections.Immutable.dll /reference:/usr/share/dotnet/packs/Microsoft.NETCore.App.Ref/8.0.23/ref/net8.0/System.Collections.NonGeneric.dll /reference:/usr/share/dotnet/packs/Microsoft.NETCore.App.Ref/8.0.23/ref/net8.0/System.Collections.Specialized.dll /reference:/usr/share/dotnet/packs/Microsoft.NETCore.App.Ref/8.0.23/ref/net8.0/System.ComponentModel.Annotations.dll /reference:/usr/share/dotnet/packs/Microsoft.NETCore.App.Ref/8.0.23/ref/net8.0/System.ComponentModel.DataAnnotations.dll /reference:/usr/share/dotnet/packs/Microsoft.NETCore.App.Ref/8.0.23/ref/net8.0/System.ComponentModel.dll /reference:/usr/share/dotnet/packs/Microsoft.NETCore.App.Ref/8.0.23/ref/net8.0/System.ComponentModel.EventBasedAsync.dll /reference:/usr/share/dotnet/packs/Microsoft.NETCore.App.Ref/8.0.23/ref/net8.0/System.ComponentModel.Primitives.dll /reference:/usr/share/dotnet/packs/Microsoft.NETCore.App.Ref/8.0.23/ref/net8.0/System.ComponentModel.TypeConverter.dll /reference:/usr/share/dotnet/packs/Microsoft.NETCore.App.Ref/8.0.23/ref/net8.0/System.Configuration.dll /reference:/usr/share/dotnet/packs/Microsoft.NETCore.App.Ref/8.0.23/ref/net8.0/System.Console.dll /reference:/usr/share/dotnet/packs/Microsoft.NETCore.App.Ref/8.0.23/ref/net8.0/System.Core.dll /reference:/usr/share/dotnet/packs/Microsoft.NETCore.App.Ref/8.0.23/ref/net8.0/System.Data.Common.dll /reference:/usr/share/dotnet/packs/Microsoft.NETCore.App.Ref/8.0.23/ref/net8.0/System.Data.DataSetExtensions.dll /reference:/usr/share/dotnet/packs/Microsoft.NETCore.App.Ref/8.0.23/ref/net8.0/System.Data.dll /reference:/usr/share/dotnet/packs/Microsoft.NETCore.App.Ref/8.0.23/ref/net8.0/System.Diagnostics.Contracts.dll /reference:/usr/share/dotnet/packs/Microsoft.NETCore.App.Ref/8.0.23/ref/net8.0/System.Diagnostics.Debug.dll /reference:/usr/share/dotnet/packs/Microsoft.NETCore.App.Ref/8.0.23/ref/net8.0/System.Diagnostics.DiagnosticSource.dll /reference:/usr/share/dotnet/packs/Microsoft.NETCore.App.Ref/8.0.23/ref/net8.0/System.Diagnostics.FileVersionInfo.dll /reference:/usr/share/dotnet/packs/Microsoft.NETCore.App.Ref/8.0.23/ref/net8.0/System.Diagnostics.Process.dll /reference:/usr/share/dotnet/packs/Microsoft.NETCore.App.Ref/8.0.23/ref/net8.0/System.Diagnostics.StackTrace.dll /reference:/usr/share/dotnet/packs/Microsoft.NETCore.App.Ref/8.0.23/ref/net8.0/System.Diagnostics.TextWriterTraceListener.dll /reference:/usr/share/dotnet/packs/Microsoft.NETCore.App.Ref/8.0.23/ref/net8.0/System.Diagnostics.Tools.dll /reference:/usr/share/dotnet/packs/Microsoft.NETCore.App.Ref/8.0.23/ref/net8.0/System.Diagnostics.TraceSource.dll /reference:/usr/share/dotnet/packs/Microsoft.NETCore.App.Ref/8.0.23/ref/net8.0/System.Diagnostics.Tracing.dll /reference:/usr/share/dotnet/packs/Microsoft.NETCore.App.Ref/8.0.23/ref/net8.0/System.dll /reference:/usr/share/dotnet/packs/Microsoft.NETCore.App.Ref/8.0.23/ref/net8.0/System.Drawing.dll /reference:/usr/share/dotnet/packs/Microsoft.NETCore.App.Ref/8.0.23/ref/net8.0/System.Drawing.Primitives.dll /reference:/usr/share/dotnet/packs/Microsoft.NETCore.App.Ref/8.0.23/ref/net8.0/System.Dynamic.Runtime.dll /reference:/usr/share/dotnet/packs/Microsoft.NETCore.App.Ref/8.0.23/ref/net8.0/System.Formats.Asn1.dll /reference:/usr/share/dotnet/packs/Microsoft.NETCore.App.Ref/8.0.23/ref/net8.0/System.Formats.Tar.dll /reference:/usr/share/dotnet/packs/Microsoft.NETCore.App.Ref/8.0.23/ref/net8.0/System.Globalization.Calendars.dll /reference:/usr/share/dotnet/packs/Microsoft.NETCore.App.Ref/8.0.23/ref/net8.0/System.Globalization.dll /reference:/usr/share/dotnet/packs/Microsoft.NETCore.App.Ref/8.0.23/ref/net8.0/System.Globalization.Extensions.dll /reference:/usr/share/dotnet/packs/Microsoft.NETCore.App.Ref/8.0.23/ref/net8.0/System.IO.Compression.Brotli.dll /reference:/usr/share/dotnet/packs/Microsoft.NETCore.App.Ref/8.0.23/ref/net8.0/System.IO.Compression.dll /reference:/usr/share/dotnet/packs/Microsoft.NETCore.App.Ref/8.0.23/ref/net8.0/System.IO.Compression.FileSystem.dll /reference:/usr/share/dotnet/packs/Microsoft.NETCore.App.Ref/8.0.23/ref/net8.0/System.IO.Compression.ZipFile.dll /reference:/usr/share/dotnet/packs/Microsoft.NETCore.App.Ref/8.0.23/ref/net8.0/System.IO.dll /reference:/usr/share/dotnet/packs/Microsoft.NETCore.App.Ref/8.0.23/ref/net8.0/System.IO.FileSystem.AccessControl.dll /reference:/usr/share/dotnet/packs/Microsoft.NETCore.App.Ref/8.0.23/ref/net8.0/System.IO.FileSystem.dll /reference:/usr/share/dotnet/packs/Microsoft.NETCore.App.Ref/8.0.23/ref/net8.0/System.IO.FileSystem.DriveInfo.dll /reference:/usr/share/dotnet/packs/Microsoft.NETCore.App.Ref/8.0.23/ref/net8.0/System.IO.FileSystem.Primitives.dll /reference:/usr/share/dotnet/packs/Microsoft.NETCore.App.Ref/8.0.23/ref/net8.0/System.IO.FileSystem.Watcher.dll /reference:/usr/share/dotnet/packs/Microsoft.NETCore.App.Ref/8.0.23/ref/net8.0/System.IO.IsolatedStorage.dll /reference:/usr/share/dotnet/packs/Microsoft.NETCore.App.Ref/8.0.23/ref/net8.0/System.IO.MemoryMappedFiles.dll /reference:/usr/share/dotnet/packs/Microsoft.NETCore.App.Ref/8.0.23/ref/net8.0/System.IO.Pipes.AccessControl.dll /reference:/usr/share/dotnet/packs/Microsoft.NETCore.App.Ref/8.0.23/ref/net8.0/System.IO.Pipes.dll /reference:/usr/share/dotnet/packs/Microsoft.NETCore.App.Ref/8.0.23/ref/net8.0/System.IO.UnmanagedMemoryStream.dll /reference:/usr/share/dotnet/packs/Microsoft.NETCore.App.Ref/8.0.23/ref/net8.0/System.Linq.dll /reference:/usr/share/dotnet/packs/Microsoft.NETCore.App.Ref/8.0.23/ref/net8.0/System.Linq.Expressions.dll /reference:/usr/share/dotnet/packs/Microsoft.NETCore.App.Ref/8.0.23/ref/net8.0/System.Linq.Parallel.dll /reference:/usr/share/dotnet/packs/Microsoft.NETCore.App.Ref/8.0.23/ref/net8.0/System.Linq.Queryable.dll /reference:/usr/share/dotnet/packs/Microsoft.NETCore.App.Ref/8.0.23/ref/net8.0/System.Memory.dll /reference:/usr/share/dotnet/packs/Microsoft.NETCore.App.Ref/8.0.23/ref/net8.0/System.Net.dll /reference:/usr/share/dotnet/packs/Microsoft.NETCore.App.Ref/8.0.23/ref/net8.0/System.Net.Http.dll /reference:/usr/share/dotnet/packs/Microsoft.NETCore.App.Ref/8.0.23/ref/net8.0/System.Net.Http.Json.dll /reference:/usr/share/dotnet/packs/Microsoft.NETCore.App.Ref/8.0.23/ref/net8.0/System.Net.HttpListener.dll /reference:/usr/share/dotnet/packs/Microsoft.NETCore.App.Ref/8.0.23/ref/net8.0/System.Net.Mail.dll /reference:/usr/share/dotnet/packs/Microsoft.NETCore.App.Ref/8.0.23/ref/net8.0/System.Net.NameResolution.dll /reference:/usr/share/dotnet/packs/Microsoft.NETCore.App.Ref/8.0.23/ref/net8.0/System.Net.NetworkInformation.dll /reference:/usr/share/dotnet/packs/Microsoft.NETCore.App.Ref/8.0.23/ref/net8.0/System.Net.Ping.dll /reference:/usr/share/dotnet/packs/Microsoft.NETCore.App.Ref/8.0.23/ref/net8.0/System.Net.Primitives.dll /reference:/usr/share/dotnet/packs/Microsoft.NETCore.App.Ref/8.0.23/ref/net8.0/System.Net.Quic.dll /reference:/usr/share/dotnet/packs/Microsoft.NETCore.App.Ref/8.0.23/ref/net8.0/System.Net.Requests.dll /reference:/usr/share/dotnet/packs/Microsoft.NETCore.App.Ref/8.0.23/ref/net8.0/System.Net.Security.dll /reference:/usr/share/dotnet/packs/Microsoft.NETCore.App.Ref/8.0.23/ref/net8.0/System.Net.ServicePoint.dll /reference:/usr/share/dotnet/packs/Microsoft.NETCore.App.Ref/8.0.23/ref/net8.0/System.Net.Sockets.dll /reference:/usr/share/dotnet/packs/Microsoft.NETCore.App.Ref/8.0.23/ref/net8.0/System.Net.WebClient.dll /reference:/usr/share/dotnet/packs/Microsoft.NETCore.App.Ref/8.0.23/ref/net8.0/System.Net.WebHeaderCollection.dll /reference:/usr/share/dotnet/packs/Microsoft.NETCore.App.Ref/8.0.23/ref/net8.0/System.Net.WebProxy.dll /reference:/usr/share/dotnet/packs/Microsoft.NETCore.App.Ref/8.0.23/ref/net8.0/System.Net.WebSockets.Client.dll /reference:/usr/share/dotnet/packs/Microsoft.NETCore.App.Ref/8.0.23/ref/net8.0/System.Net.WebSockets.dll /reference:/usr/share/dotnet/packs/Microsoft.NETCore.App.Ref/8.0.23/ref/net8.0/System.Numerics.dll /reference:/usr/share/dotnet/packs/Microsoft.NETCore.App.Ref/8.0.23/ref/net8.0/System.Numerics.Vectors.dll /reference:/usr/share/dotnet/packs/Microsoft.NETCore.App.Ref/8.0.23/ref/net8.0/System.ObjectModel.dll /reference:/usr/share/dotnet/packs/Microsoft.NETCore.App.Ref/8.0.23/ref/net8.0/System.Reflection.DispatchProxy.dll /reference:/usr/share/dotnet/packs/Microsoft.NETCore.App.Ref/8.0.23/ref/net8.0/System.Reflection.dll /reference:/usr/share/dotnet/packs/Microsoft.NETCore.App.Ref/8.0.23/ref/net8.0/System.Reflection.Emit.dll /reference:/usr/share/dotnet/packs/Microsoft.NETCore.App.Ref/8.0.23/ref/net8.0/System.Reflection.Emit.ILGeneration.dll /reference:/usr/share/dotnet/packs/Microsoft.NETCore.App.Ref/8.0.23/ref/net8.0/System.Reflection.Emit.Lightweight.dll /reference:/usr/share/dotnet/packs/Microsoft.NETCore.App.Ref/8.0.23/ref/net8.0/System.Reflection.Extensions.dll /reference:/usr/share/dotnet/packs/Microsoft.NETCore.App.Ref/8.0.23/ref/net8.0/System.Reflection.Metadata.dll /reference:/usr/share/dotnet/packs/Microsoft.NETCore.App.Ref/8.0.23/ref/net8.0/System.Reflection.Primitives.dll /reference:/usr/share/dotnet/packs/Microsoft.NETCore.App.Ref/8.0.23/ref/net8.0/System.Reflection.TypeExtensions.dll /reference:/usr/share/dotnet/packs/Microsoft.NETCore.App.Ref/8.0.23/ref/net8.0/System.Resources.Reader.dll /reference:/usr/share/dotnet/packs/Microsoft.NETCore.App.Ref/8.0.23/ref/net8.0/System.Resources.ResourceManager.dll /reference:/usr/share/dotnet/packs/Microsoft.NETCore.App.Ref/8.0.23/ref/net8.0/System.Resources.Writer.dll /reference:/usr/share/dotnet/packs/Microsoft.NETCore.App.Ref/8.0.23/ref/net8.0/System.Runtime.CompilerServices.Unsafe.dll /reference:/usr/share/dotnet/packs/Microsoft.NETCore.App.Ref/8.0.23/ref/net8.0/System.Runtime.CompilerServices.VisualC.dll /reference:/usr/share/dotnet/packs/Microsoft.NETCore.App.Ref/8.0.23/ref/net8.0/System.Runtime.dll /reference:/usr/share/dotnet/packs/Microsoft.NETCore.App.Ref/8.0.23/ref/net8.0/System.Runtime.Extensions.dll /reference:/usr/share/dotnet/packs/Microsoft.NETCore.App.Ref/8.0.23/ref/net8.0/System.Runtime.Handles.dll /reference:/usr/share/dotnet/packs/Microsoft.NETCore.App.Ref/8.0.23/ref/net8.0/System.Runtime.InteropServices.dll /reference:/usr/share/dotnet/packs/Microsoft.NETCore.App.Ref/8.0.23/ref/net8.0/System.Runtime.InteropServices.JavaScript.dll /reference:/usr/share/dotnet/packs/Microsoft.NETCore.App.Ref/8.0.23/ref/net8.0/System.Runtime.InteropServices.RuntimeInformation.dll /reference:/usr/share/dotnet/packs/Microsoft.NETCore.App.Ref/8.0.23/ref/net8.0/System.Runtime.Intrinsics.dll /reference:/usr/share/dotnet/packs/Microsoft.NETCore.App.Ref/8.0.23/ref/net8.0/System.Runtime.Loader.dll /reference:/usr/share/dotnet/packs/Microsoft.NETCore.App.Ref/8.0.23/ref/net8.0/System.Runtime.Numerics.dll /reference:/usr/share/dotnet/packs/Microsoft.NETCore.App.Ref/8.0.23/ref/net8.0/System.Runtime.Serialization.dll /reference:/usr/share/dotnet/packs/Microsoft.NETCore.App.Ref/8.0.23/ref/net8.0/System.Runtime.Serialization.Formatters.dll /reference:/usr/share/dotnet/packs/Microsoft.NETCore.App.Ref/8.0.23/ref/net8.0/System.Runtime.Serialization.Json.dll /reference:/usr/share/dotnet/packs/Microsoft.NETCore.App.Ref/8.0.23/ref/net8.0/System.Runtime.Serialization.Primitives.dll /reference:/usr/share/dotnet/packs/Microsoft.NETCore.App.Ref/8.0.23/ref/net8.0/System.Runtime.Serialization.Xml.dll /reference:/usr/share/dotnet/packs/Microsoft.NETCore.App.Ref/8.0.23/ref/net8.0/System.Security.AccessControl.dll /reference:/usr/share/dotnet/packs/Microsoft.NETCore.App.Ref/8.0.23/ref/net8.0/System.Security.Claims.dll /reference:/usr/share/dotnet/packs/Microsoft.NETCore.App.Ref/8.0.23/ref/net8.0/System.Security.Cryptography.Algorithms.dll /reference:/usr/share/dotnet/packs/Microsoft.NETCore.App.Ref/8.0.23/ref/net8.0/System.Security.Cryptography.Cng.dll /reference:/usr/share/dotnet/packs/Microsoft.NETCore.App.Ref/8.0.23/ref/net8.0/System.Security.Cryptography.Csp.dll /reference:/usr/share/dotnet/packs/Microsoft.NETCore.App.Ref/8.0.23/ref/net8.0/System.Security.Cryptography.dll /reference:/usr/share/dotnet/packs/Microsoft.NETCore.App.Ref/8.0.23/ref/net8.0/System.Security.Cryptography.Encoding.dll /reference:/usr/share/dotnet/packs/Microsoft.NETCore.App.Ref/8.0.23/ref/net8.0/System.Security.Cryptography.OpenSsl.dll /reference:/usr/share/dotnet/packs/Microsoft.NETCore.App.Ref/8.0.23/ref/net8.0/System.Security.Cryptography.Primitives.dll /reference:/usr/share/dotnet/packs/Microsoft.NETCore.App.Ref/8.0.23/ref/net8.0/System.Security.Cryptography.X509Certificates.dll /reference:/usr/share/dotnet/packs/Microsoft.NETCore.App.Ref/8.0.23/ref/net8.0/System.Security.dll /reference:/usr/share/dotnet/packs/Microsoft.NETCore.App.Ref/8.0.23/ref/net8.0/System.Security.Principal.dll /reference:/usr/share/dotnet/packs/Microsoft.NETCore.App.Ref/8.0.23/ref/net8.0/System.Security.Principal.Windows.dll /reference:/usr/share/dotnet/packs/Microsoft.NETCore.App.Ref/8.0.23/ref/net8.0/System.Security.SecureString.dll /reference:/usr/share/dotnet/packs/Microsoft.NETCore.App.Ref/8.0.23/ref/net8.0/System.ServiceModel.Web.dll /reference:/usr/share/dotnet/packs/Microsoft.NETCore.App.Ref/8.0.23/ref/net8.0/System.ServiceProcess.dll /reference:/usr/share/dotnet/packs/Microsoft.NETCore.App.Ref/8.0.23/ref/net8.0/System.Text.Encoding.CodePages.dll /reference:/usr/share/dotnet/packs/Microsoft.NETCore.App.Ref/8.0.23/ref/net8.0/System.Text.Encoding.dll /reference:/usr/share/dotnet/packs/Microsoft.NETCore.App.Ref/8.0.23/ref/net8.0/System.Text.Encoding.Extensions.dll /reference:/usr/share/dotnet/packs/Microsoft.NETCore.App.Ref/8.0.23/ref/net8.0/System.Text.Encodings.Web.dll /reference:/usr/share/dotnet/packs/Microsoft.NETCore.App.Ref/8.0.23/ref/net8.0/System.Text.Json.dll /reference:/usr/share/dotnet/packs/Microsoft.NETCore.App.Ref/8.0.23/ref/net8.0/System.Text.RegularExpressions.dll /reference:/usr/share/dotnet/packs/Microsoft.NETCore.App.Ref/8.0.23/ref/net8.0/System.Threading.Channels.dll /reference:/usr/share/dotnet/packs/Microsoft.NETCore.App.Ref/8.0.23/ref/net8.0/System.Threading.dll /reference:/usr/share/dotnet/packs/Microsoft.NETCore.App.Ref/8.0.23/ref/net8.0/System.Threading.Overlapped.dll /reference:/usr/share/dotnet/packs/Microsoft.NETCore.App.Ref/8.0.23/ref/net8.0/System.Threading.Tasks.Dataflow.dll /reference:/usr/share/dotnet/packs/Microsoft.NETCore.App.Ref/8.0.23/ref/net8.0/System.Threading.Tasks.dll /reference:/usr/share/dotnet/packs/Microsoft.NETCore.App.Ref/8.0.23/ref/net8.0/System.Threading.Tasks.Extensions.dll /reference:/usr/share/dotnet/packs/Microsoft.NETCore.App.Ref/8.0.23/ref/net8.0/System.Threading.Tasks.Parallel.dll /reference:/usr/share/dotnet/packs/Microsoft.NETCore.App.Ref/8.0.23/ref/net8.0/System.Threading.Thread.dll /reference:/usr/share/dotnet/packs/Microsoft.NETCore.App.Ref/8.0.23/ref/net8.0/System.Threading.ThreadPool.dll /reference:/usr/share/dotnet/packs/Microsoft.NETCore.App.Ref/8.0.23/ref/net8.0/System.Threading.Timer.dll /reference:/usr/share/dotnet/packs/Microsoft.NETCore.App.Ref/8.0.23/ref/net8.0/System.Transactions.dll /reference:/usr/share/dotnet/packs/Microsoft.NETCore.App.Ref/8.0.23/ref/net8.0/System.Transactions.Local.dll /reference:/usr/share/dotnet/packs/Microsoft.NETCore.App.Ref/8.0.23/ref/net8.0/System.ValueTuple.dll /reference:/usr/share/dotnet/packs/Microsoft.NETCore.App.Ref/8.0.23/ref/net8.0/System.Web.dll /reference:/usr/share/dotnet/packs/Microsoft.NETCore.App.Ref/8.0.23/ref/net8.0/System.Web.HttpUtility.dll /reference:/usr/share/dotnet/packs/Microsoft.NETCore.App.Ref/8.0.23/ref/net8.0/System.Windows.dll /reference:/usr/share/dotnet/packs/Microsoft.NETCore.App.Ref/8.0.23/ref/net8.0/System.Xml.dll /reference:/usr/share/dotnet/packs/Microsoft.NETCore.App.Ref/8.0.23/ref/net8.0/System.Xml.Linq.dll /reference:/usr/share/dotnet/packs/Microsoft.NETCore.App.Ref/8.0.23/ref/net8.0/System.Xml.ReaderWriter.dll /reference:/usr/share/dotnet/packs/Microsoft.NETCore.App.Ref/8.0.23/ref/net8.0/System.Xml.Serialization.dll /reference:/usr/share/dotnet/packs/Microsoft.NETCore.App.Ref/8.0.23/ref/net8.0/System.Xml.XDocument.dll /reference:/usr/share/dotnet/packs/Microsoft.NETCore.App.Ref/8.0.23/ref/net8.0/System.Xml.XmlDocument.dll /reference:/usr/share/dotnet/packs/Microsoft.NETCore.App.Ref/8.0.23/ref/net8.0/System.Xml.XmlSerializer.dll /reference:/usr/share/dotnet/packs/Microsoft.NETCore.App.Ref/8.0.23/ref/net8.0/System.Xml.XPath.dll /reference:/usr/share/dotnet/packs/Microsoft.NETCore.App.Ref/8.0.23/ref/net8.0/System.Xml.XPath.XDocument.dll /reference:/modernize-data/studio-data/TNT1001/APP1166/transformed-code/344/studio-workspace/TMS22/src/TourManagement.Domain/obj/Debug/net8.0/ref/TourManagement.Domain.dll /reference:/usr/share/dotnet/packs/Microsoft.NETCore.App.Ref/8.0.23/ref/net8.0/WindowsBase.dll /debug+ /debug:portable /filealign:512 /optimize- /out:obj/Debug/net8.0/TourManagement.Application.dll /refout:obj/Debug/net8.0/refint/TourManagement.Application.dll /target:library /warnaserror- /utf8output /deterministic+ /sourcelink:obj/Debug/net8.0/TourManagement.Application.sourcelink.json /langversion:12.0 /analyzerconfig:obj/Debug/net8.0/TourManagement.Application.GeneratedMSBuildEditorConfig.editorconfig /analyzerconfig:/usr/share/dotnet/sdk/8.0.417/Sdks/Microsoft.NET.Sdk/analyzers/build/config/analysislevel_8_default.globalconfig /analyzer:/usr/share/dotnet/sdk/8.0.417/Sdks/Microsoft.NET.Sdk/targets/../analyzers/Microsoft.CodeAnalysis.CSharp.NetAnalyzers.dll /analyzer:/usr/share/dotnet/sdk/8.0.417/Sdks/Microsoft.NET.Sdk/targets/../analyzers/Microsoft.CodeAnalysis.NetAnalyzers.dll /analyzer:/home/studioai/.nuget/packages/microsoft.extensions.logging.abstractions/8.0.0/analyzers/dotnet/roslyn4.4/cs/Microsoft.Extensions.Logging.Generators.dll /analyzer:/usr/share/dotnet/packs/Microsoft.NETCore.App.Ref/8.0.23/analyzers/dotnet/cs/Microsoft.Interop.ComInterfaceGenerator.dll /analyzer:/usr/share/dotnet/packs/Microsoft.NETCore.App.Ref/8.0.23/analyzers/dotnet/cs/Microsoft.Interop.JavaScript.JSImportGenerator.dll /analyzer:/usr/share/dotnet/packs/Microsoft.NETCore.App.Ref/8.0.23/analyzers/dotnet/cs/Microsoft.Interop.LibraryImportGenerator.dll /analyzer:/usr/share/dotnet/packs/Microsoft.NETCore.App.Ref/8.0.23/analyzers/dotnet/cs/Microsoft.Interop.SourceGeneration.dll /analyzer:/usr/share/dotnet/packs/Microsoft.NETCore.App.Ref/8.0.23/analyzers/dotnet/cs/System.Text.Json.SourceGeneration.dll /analyzer:/usr/share/dotnet/packs/Microsoft.NETCore.App.Ref/8.0.23/analyzers/dotnet/cs/System.Text.RegularExpressions.Generator.dll Services/BookingService.cs Services/TourService.cs Services/UserService.cs obj/Debug/net8.0/TourManagement.Application.GlobalUsings.g.cs "obj/Debug/net8.0/.NETCoreApp,Version=v8.0.AssemblyAttributes.cs" obj/Debug/net8.0/TourManagement.Application.AssemblyInfo.cs /warnaserror+:NU1605,SYSLIB0011
         Assembly loaded during TaskRun (Microsoft.CodeAnalysis.BuildTasks.Csc): System.Security.Principal.Windows, Version=8.0.0.0, Culture=neutral, PublicKeyToken=b03f5f7f11d50a3a (location: /usr/share/dotnet/shared/Microsoft.NETCore.App/8.0.23/System.Security.Principal.Windows.dll, MVID: 75b0e04d-0acc-4dfd-a314-1dc64f8642cf, AssemblyLoadContext: Default)
         Assembly loaded during TaskRun (Microsoft.CodeAnalysis.BuildTasks.Csc): System.Security.Claims, Version=8.0.0.0, Culture=neutral, PublicKeyToken=b03f5f7f11d50a3a (location: /usr/share/dotnet/shared/Microsoft.NETCore.App/8.0.23/System.Security.Claims.dll, MVID: ef982aee-3a68-4bdd-a22b-13c25be6d1d0, AssemblyLoadContext: Default)
         Microsoft (R) Visual C# Compiler version 4.11.0-3.25569.22 (3fb752d4)
         Copyright (C) Microsoft Corporation. All rights reserved.
         CompilerServer: server - server processed compilation - TourManagement.Application (net8.0)
       Done executing task "Csc".
       Task "CallTarget" skipped, due to false condition; ('$(TargetsTriggeredByCompilation)' != '') was evaluated as ('' != '').
   2:8>Done building target "CoreCompile" in project "TourManagement.Application.csproj".
       Target "_TouchLastBuildWithSkipAnalyzers" skipped, due to false condition; ('$(_SkipAnalyzers)' == 'true') was evaluated as ('' == 'true').
       Target "_TimeStampAfterCompile" skipped, due to false condition; ('$(RunPostBuildEvent)'=='OnOutputUpdated' or ('$(RegisterForComInterop)'=='true' and '$(OutputType)'=='library')) was evaluated as (''=='OnOutputUpdated' or (''=='true' and 'Library'=='library')).
   2:8>Target "AfterCompile" in file "/usr/share/dotnet/sdk/8.0.417/Microsoft.Common.CurrentVersion.targets" from project "/modernize-data/studio-data/TNT1001/APP1166/transformed-code/344/studio-workspace/TMS22/src/TourManagement.Application/TourManagement.Application.csproj" (target "Compile" depends on it):
   2:8>Done building target "AfterCompile" in project "TourManagement.Application.csproj".
       Target "_CreateAppHost" skipped, due to false condition; ('$(ComputeNETCoreBuildOutputFiles)' == 'true' and
                            '$(AppHostSourcePath)' != '' and
                            Exists('@(IntermediateAssembly)') and
                            Exists('$(AppHostSourcePath)')) was evaluated as ('true' == 'true' and
                            '' != '' and
                            Exists('obj/Debug/net8.0/TourManagement.Application.dll') and
                            Exists('')).
       Target "_CreateComHost" skipped, due to false condition; ('$(ComputeNETCoreBuildOutputFiles)' == 'true' and
                            '$(ComHostIntermediatePath)' != '' and
                            Exists('@(IntermediateAssembly)') and
                            Exists('$(ComHostSourcePath)')) was evaluated as ('true' == 'true' and
                            '' != '' and
                            Exists('obj/Debug/net8.0/TourManagement.Application.dll') and
                            Exists('')).
       Target "_GetIjwHostPaths" skipped, due to false condition; ('$(UseIJWHost)' == 'true') was evaluated as ('' == 'true').
   2:8>Target "Compile" in file "/usr/share/dotnet/sdk/8.0.417/Microsoft.Common.CurrentVersion.targets" from project "/modernize-data/studio-data/TNT1001/APP1166/transformed-code/344/studio-workspace/TMS22/src/TourManagement.Application/TourManagement.Application.csproj" (target "CoreBuild" depends on it):
   2:8>Done building target "Compile" in project "TourManagement.Application.csproj".
       Target "ExportWindowsMDFile" skipped, due to false condition; ('$(ExportWinMDFile)' == 'true') was evaluated as ('' == 'true').
       Target "UnmanagedUnregistration" skipped, due to false condition; ((('$(_AssemblyTimestampBeforeCompile)' != '$(_AssemblyTimestampAfterCompile)' or '$(RegisterForComInterop)' != 'true' or '$(OutputType)' != 'library') or
                           ('$(_AssemblyTimestampBeforeCompile)' == '')) and
                          Exists('@(_UnmanagedRegistrationCache)')) was evaluated as ((('' != '' or '' != 'true' or 'Library' != 'library') or
                           ('' == '')) and
                          Exists('obj/TourManagement.Application.csproj.UnmanagedRegistration.cache')).
       Target "GenerateSerializationAssemblies" skipped, due to false condition; ('$(_SGenGenerateSerializationAssembliesConfig)' == 'On' or ('@(WebReferenceUrl)'!='' and '$(_SGenGenerateSerializationAssembliesConfig)' == 'Auto')) was evaluated as ('Off' == 'On' or (''!='' and 'Off' == 'Auto')).
   2:8>Target "_GenerateSatelliteAssemblyInputs" in file "/usr/share/dotnet/sdk/8.0.417/Microsoft.Common.CurrentVersion.targets" from project "/modernize-data/studio-data/TNT1001/APP1166/transformed-code/344/studio-workspace/TMS22/src/TourManagement.Application/TourManagement.Application.csproj" (target "CreateSatelliteAssemblies" depends on it):
       Task "Warning" skipped, due to false condition; ('@(ManifestResourceWithCulture)'!='' and '%(ManifestResourceWithCulture.EmittedForCompatibilityOnly)'=='') was evaluated as (''!='' and ''=='').
       Task "Warning" skipped, due to false condition; ('@(ManifestNonResxWithCultureOnDisk)'!='' and '%(ManifestNonResxWithCultureOnDisk.EmittedForCompatibilityOnly)'=='') was evaluated as (''!='' and ''=='').
   2:8>Done building target "_GenerateSatelliteAssemblyInputs" in project "TourManagement.Application.csproj".
       Target "ComputeIntermediateSatelliteAssemblies" skipped, due to false condition; (@(EmbeddedResource->'%(WithCulture)') != '') was evaluated as ( != '').
       Target "GenerateSatelliteAssemblies" skipped, due to false condition; ('@(_SatelliteAssemblyResourceInputs)' != '' and '$(GenerateSatelliteAssembliesForCore)' != 'true') was evaluated as ('' != '' and 'true' != 'true').
       Target "CoreGenerateSatelliteAssemblies" skipped, due to false condition; ('@(_SatelliteAssemblyResourceInputs)' != ''  and '$(GenerateSatelliteAssembliesForCore)' == 'true' ) was evaluated as ('' != ''  and 'true' == 'true' ).
   2:8>Target "CreateSatelliteAssemblies" in file "/usr/share/dotnet/sdk/8.0.417/Microsoft.Common.CurrentVersion.targets" from project "/modernize-data/studio-data/TNT1001/APP1166/transformed-code/344/studio-workspace/TMS22/src/TourManagement.Application/TourManagement.Application.csproj" (target "CoreBuild" depends on it):
   2:8>Done building target "CreateSatelliteAssemblies" in project "TourManagement.Application.csproj".
       Target "GenerateManifests" skipped, due to false condition; ('$(GenerateClickOnceManifests)'=='true' or '@(NativeReference)'!='' or '@(ResolvedIsolatedComModules)'!='' or '$(GenerateAppxManifest)' == 'true') was evaluated as (''=='true' or ''!='' or ''!='' or '' == 'true').
   2:8>Target "GetTargetPathWithTargetPlatformMoniker" in file "/usr/share/dotnet/sdk/8.0.417/Microsoft.Common.CurrentVersion.targets" from project "/modernize-data/studio-data/TNT1001/APP1166/transformed-code/344/studio-workspace/TMS22/src/TourManagement.Application/TourManagement.Application.csproj" (target "GetTargetPath" depends on it):
   2:8>Done building target "GetTargetPathWithTargetPlatformMoniker" in project "TourManagement.Application.csproj".
   2:8>Target "GetTargetPath" in file "/usr/share/dotnet/sdk/8.0.417/Microsoft.Common.CurrentVersion.targets" from project "/modernize-data/studio-data/TNT1001/APP1166/transformed-code/344/studio-workspace/TMS22/src/TourManagement.Application/TourManagement.Application.csproj" (target "CoreBuild" depends on it):
   2:8>Done building target "GetTargetPath" in project "TourManagement.Application.csproj".
       Target "ComputeIntermediateSatelliteAssemblies" skipped, due to false condition; (@(EmbeddedResource->'%(WithCulture)') != '') was evaluated as ( != '').
   2:8>Target "_CopyFilesMarkedCopyLocal" in file "/usr/share/dotnet/sdk/8.0.417/Microsoft.Common.CurrentVersion.targets" from project "/modernize-data/studio-data/TNT1001/APP1166/transformed-code/344/studio-workspace/TMS22/src/TourManagement.Application/TourManagement.Application.csproj" (target "CopyFilesToOutputDirectory" depends on it):
       Using "Copy" task from assembly "Microsoft.Build.Tasks.Core, Version=15.1.0.0, Culture=neutral, PublicKeyToken=b03f5f7f11d50a3a".
       Task "Copy"
         Copying file from "/modernize-data/studio-data/TNT1001/APP1166/transformed-code/344/studio-workspace/TMS22/src/TourManagement.Domain/bin/Debug/net8.0/TourManagement.Domain.dll" to "/modernize-data/studio-data/TNT1001/APP1166/transformed-code/344/studio-workspace/TMS22/src/TourManagement.Application/bin/Debug/net8.0/TourManagement.Domain.dll".
         Copying file from "/modernize-data/studio-data/TNT1001/APP1166/transformed-code/344/studio-workspace/TMS22/src/TourManagement.Domain/bin/Debug/net8.0/TourManagement.Domain.pdb" to "/modernize-data/studio-data/TNT1001/APP1166/transformed-code/344/studio-workspace/TMS22/src/TourManagement.Application/bin/Debug/net8.0/TourManagement.Domain.pdb".
       Done executing task "Copy".
       Using "Touch" task from assembly "Microsoft.Build.Tasks.Core, Version=15.1.0.0, Culture=neutral, PublicKeyToken=b03f5f7f11d50a3a".
       Task "Touch"
         Creating "/modernize-data/studio-data/TNT1001/APP1166/transformed-code/344/studio-workspace/TMS22/src/TourManagement.Application/obj/Debug/net8.0/TourMana.F28DA9BD.Up2Date" because "AlwaysCreate" was specified.
         Touching "/modernize-data/studio-data/TNT1001/APP1166/transformed-code/344/studio-workspace/TMS22/src/TourManagement.Application/obj/Debug/net8.0/TourMana.F28DA9BD.Up2Date".
       Done executing task "Touch".
   2:8>Done building target "_CopyFilesMarkedCopyLocal" in project "TourManagement.Application.csproj".
       Target "AssignTargetPaths" skipped. Previously built successfully.
       Target "AssignProjectConfiguration" skipped. Previously built successfully.
       Target "_SplitProjectReferencesByFileExistence" skipped. Previously built successfully.
       Target "_GetProjectReferenceTargetFrameworkProperties" skipped. Previously built successfully.
   2:8>Target "_PopulateCommonStateForGetCopyToOutputDirectoryItems" in file "/usr/share/dotnet/sdk/8.0.417/Microsoft.Common.CurrentVersion.targets" from project "/modernize-data/studio-data/TNT1001/APP1166/transformed-code/344/studio-workspace/TMS22/src/TourManagement.Application/TourManagement.Application.csproj" (target "GetCopyToOutputDirectoryItems" depends on it):
   2:8>Done building target "_PopulateCommonStateForGetCopyToOutputDirectoryItems" in project "TourManagement.Application.csproj".
       Target "AddDepsJsonAndRuntimeConfigToCopyItemsForReferencingProjects" skipped, due to false condition; ('$(HasRuntimeOutput)' == 'true') was evaluated as ('' == 'true').
   2:8>Target "GetCopyToOutputDirectoryItems" in file "/usr/share/dotnet/sdk/8.0.417/Microsoft.Common.CurrentVersion.targets" from project "/modernize-data/studio-data/TNT1001/APP1166/transformed-code/344/studio-workspace/TMS22/src/TourManagement.Application/TourManagement.Application.csproj" (target "_CopySourceItemsToOutputDirectory" depends on it):
       Using "CallTarget" task from assembly "Microsoft.Build.Tasks.Core, Version=15.1.0.0, Culture=neutral, PublicKeyToken=b03f5f7f11d50a3a".
       Task "CallTarget"
       Target "_PopulateCommonStateForGetCopyToOutputDirectoryItems" skipped. Previously built successfully.
       Target "_AddOutputPathToGlobalPropertiesToRemove" skipped. Previously built successfully.
   2:8>Target "_GetCopyToOutputDirectoryItemsFromTransitiveProjectReferences" in file "/usr/share/dotnet/sdk/8.0.417/Microsoft.Common.CurrentVersion.targets" from project "/modernize-data/studio-data/TNT1001/APP1166/transformed-code/344/studio-workspace/TMS22/src/TourManagement.Application/TourManagement.Application.csproj" (target "GetCopyToOutputDirectoryItems" depends on it):
       Task "MSBuild"
         Global Properties:
           Configuration=Debug
           Platform=AnyCPU
         Removing Properties for project "../TourManagement.Domain/TourManagement.Domain.csproj":
           TargetFramework
           RuntimeIdentifier
           SelfContained
   2:8>Project "/modernize-data/studio-data/TNT1001/APP1166/transformed-code/344/studio-workspace/TMS22/src/TourManagement.Application/TourManagement.Application.csproj" (2:8) is building "/modernize-data/studio-data/TNT1001/APP1166/transformed-code/344/studio-workspace/TMS22/src/TourManagement.Domain/TourManagement.Domain.csproj" (5:16) on node 1 (GetCopyToOutputDirectoryItems target(s)).
  5:16>Target "GetCopyToOutputDirectoryItems" skipped. Previously built successfully.
  5:16>Done Building Project "/modernize-data/studio-data/TNT1001/APP1166/transformed-code/344/studio-workspace/TMS22/src/TourManagement.Domain/TourManagement.Domain.csproj" (GetCopyToOutputDirectoryItems target(s)).
   2:8>Done executing task "MSBuild".
       Task "AssignTargetPath"
       Done executing task "AssignTargetPath".
   2:8>Done building target "_GetCopyToOutputDirectoryItemsFromTransitiveProjectReferences" in project "TourManagement.Application.csproj".
       Done executing task "CallTarget".
       Task "CallTarget"
       Target "AssignTargetPaths" skipped. Previously built successfully.
       Target "_PopulateCommonStateForGetCopyToOutputDirectoryItems" skipped. Previously built successfully.
       Target "AddDepsJsonAndRuntimeConfigToCopyItemsForReferencingProjects" skipped, due to false condition; ('$(HasRuntimeOutput)' == 'true') was evaluated as ('' == 'true').
   2:8>Target "_GetCopyToOutputDirectoryItemsFromThisProject" in file "/usr/share/dotnet/sdk/8.0.417/Microsoft.Common.CurrentVersion.targets" from project "/modernize-data/studio-data/TNT1001/APP1166/transformed-code/344/studio-workspace/TMS22/src/TourManagement.Application/TourManagement.Application.csproj" (target "GetCopyToOutputDirectoryItems" depends on it):
       Task "AssignTargetPath"
       Done executing task "AssignTargetPath".
   2:8>Done building target "_GetCopyToOutputDirectoryItemsFromThisProject" in project "TourManagement.Application.csproj".
       Done executing task "CallTarget".
   2:8>Done building target "GetCopyToOutputDirectoryItems" in project "TourManagement.Application.csproj".
       Target "_CopyOutOfDateSourceItemsToOutputDirectory" skipped, due to false condition; ( '@(_SourceItemsToCopyToOutputDirectory)' != '' ) was evaluated as ( '' != '' ).
       Target "_CopyOutOfDateSourceItemsToOutputDirectoryAlways" skipped, due to false condition; ( '@(_SourceItemsToCopyToOutputDirectoryAlways)' != '' ) was evaluated as ( '' != '' ).
   2:8>Target "_CopySourceItemsToOutputDirectory" in file "/usr/share/dotnet/sdk/8.0.417/Microsoft.Common.CurrentVersion.targets" from project "/modernize-data/studio-data/TNT1001/APP1166/transformed-code/344/studio-workspace/TMS22/src/TourManagement.Application/TourManagement.Application.csproj" (target "CopyFilesToOutputDirectory" depends on it):
   2:8>Done building target "_CopySourceItemsToOutputDirectory" in project "TourManagement.Application.csproj".
       Target "_CopyAppConfigFile" skipped, due to false condition; ( '@(AppConfigWithTargetPath)' != '' ) was evaluated as ( '' != '' ).
       Target "_CopyManifestFiles" skipped, due to false condition; ( '$(_DeploymentCopyApplicationManifest)'=='true' or '$(GenerateClickOnceManifests)'=='true' ) was evaluated as ( ''=='true' or ''=='true' ).
   2:8>Target "_CheckForCompileOutputs" in file "/usr/share/dotnet/sdk/8.0.417/Microsoft.Common.CurrentVersion.targets" from project "/modernize-data/studio-data/TNT1001/APP1166/transformed-code/344/studio-workspace/TMS22/src/TourManagement.Application/TourManagement.Application.csproj" (target "CopyFilesToOutputDirectory" depends on it):
   2:8>Done building target "_CheckForCompileOutputs" in project "TourManagement.Application.csproj".
       Target "_SGenCheckForOutputs" skipped, due to false condition; ('$(_SGenGenerateSerializationAssembliesConfig)' == 'On' or ('@(WebReferenceUrl)'!='' and '$(_SGenGenerateSerializationAssembliesConfig)' == 'Auto')) was evaluated as ('Off' == 'On' or (''!='' and 'Off' == 'Auto')).
       Target "_DefaultMicrosoftNETPlatformLibrary" skipped. Previously built successfully.
       Target "_HandlePackageFileConflicts" skipped. Previously built successfully.
       Target "ResolveAssemblyReferences" skipped. Previously built successfully.
   2:8>Target "_ComputeReferenceAssemblies" in file "/usr/share/dotnet/sdk/8.0.417/Sdks/Microsoft.NET.Sdk/targets/Microsoft.NET.Sdk.targets" from project "/modernize-data/studio-data/TNT1001/APP1166/transformed-code/344/studio-workspace/TMS22/src/TourManagement.Application/TourManagement.Application.csproj" (target "GenerateBuildDependencyFile" depends on it):
   2:8>Done building target "_ComputeReferenceAssemblies" in project "TourManagement.Application.csproj".
   2:8>Target "_ComputeUserRuntimeAssemblies" in file "/usr/share/dotnet/sdk/8.0.417/Sdks/Microsoft.NET.Sdk/targets/Microsoft.NET.Sdk.targets" from project "/modernize-data/studio-data/TNT1001/APP1166/transformed-code/344/studio-workspace/TMS22/src/TourManagement.Application/TourManagement.Application.csproj" (target "GenerateBuildDependencyFile" depends on it):
   2:8>Done building target "_ComputeUserRuntimeAssemblies" in project "TourManagement.Application.csproj".
       Target "ResolveRuntimePackAssets" skipped, due to false condition; ('@(RuntimePack)' != '') was evaluated as ('' != '').
       Target "_ComputePackageReferencePublish" skipped. Previously built successfully.
       Target "ComputeDependencyFileCompilerOptions" skipped, due to false condition; ('$(PreserveCompilationContext)' == 'true') was evaluated as ('' == 'true').
   2:8>Target "GenerateBuildDependencyFile" in file "/usr/share/dotnet/sdk/8.0.417/Sdks/Microsoft.NET.Sdk/targets/Microsoft.NET.Sdk.targets" from project "/modernize-data/studio-data/TNT1001/APP1166/transformed-code/344/studio-workspace/TMS22/src/TourManagement.Application/TourManagement.Application.csproj" (target "CopyFilesToOutputDirectory" depends on it):
       Building target "GenerateBuildDependencyFile" completely.
       Output file "/modernize-data/studio-data/TNT1001/APP1166/transformed-code/344/studio-workspace/TMS22/src/TourManagement.Application/bin/Debug/net8.0/TourManagement.Application.deps.json" does not exist.
       Using "GenerateDepsFile" task from assembly "/usr/share/dotnet/sdk/8.0.417/Sdks/Microsoft.NET.Sdk/targets/../tools/net8.0/Microsoft.NET.Build.Tasks.dll".
       Task "GenerateDepsFile"
       Done executing task "GenerateDepsFile".
   2:8>Done building target "GenerateBuildDependencyFile" in project "TourManagement.Application.csproj".
       Target "GenerateBuildRuntimeConfigurationFiles" skipped, due to false condition; ( '$(GenerateRuntimeConfigurationFiles)' == 'true') was evaluated as ( '' == 'true').
       Target "GenerateShimsAssets" skipped, due to false condition; ('$(PackAsTool)' == 'true' and $(PackAsToolShimRuntimeIdentifiers) != '' ) was evaluated as ('' == 'true' and  != '' ).
   2:8>Target "CopyFilesToOutputDirectory" in file "/usr/share/dotnet/sdk/8.0.417/Microsoft.Common.CurrentVersion.targets" from project "/modernize-data/studio-data/TNT1001/APP1166/transformed-code/344/studio-workspace/TMS22/src/TourManagement.Application/TourManagement.Application.csproj" (target "PrepareForRun" depends on it):
       Task "Copy"
         Copying file from "/modernize-data/studio-data/TNT1001/APP1166/transformed-code/344/studio-workspace/TMS22/src/TourManagement.Application/obj/Debug/net8.0/TourManagement.Application.dll" to "/modernize-data/studio-data/TNT1001/APP1166/transformed-code/344/studio-workspace/TMS22/src/TourManagement.Application/bin/Debug/net8.0/TourManagement.Application.dll".
       Done executing task "Copy".
       Using "CopyRefAssembly" task from assembly "/usr/share/dotnet/sdk/8.0.417/Roslyn/Microsoft.Build.Tasks.CodeAnalysis.dll".
       Task "CopyRefAssembly"
         Copying reference assembly from "obj/Debug/net8.0/refint/TourManagement.Application.dll" to "/modernize-data/studio-data/TNT1001/APP1166/transformed-code/344/studio-workspace/TMS22/src/TourManagement.Application/obj/Debug/net8.0/ref/TourManagement.Application.dll".
       Done executing task "CopyRefAssembly".
       Task "Message"
         TourManagement.Application -> /modernize-data/studio-data/TNT1001/APP1166/transformed-code/344/studio-workspace/TMS22/src/TourManagement.Application/bin/Debug/net8.0/TourManagement.Application.dll
       Done executing task "Message".
       Task "Copy" skipped, due to false condition; ('@(AddModules)' != '') was evaluated as ('' != '').
       Task "Copy" skipped, due to false condition; ('$(_SGenDllCreated)'=='true') was evaluated as ('false'=='true').
       Task "Copy"
         Copying file from "/modernize-data/studio-data/TNT1001/APP1166/transformed-code/344/studio-workspace/TMS22/src/TourManagement.Application/obj/Debug/net8.0/TourManagement.Application.pdb" to "/modernize-data/studio-data/TNT1001/APP1166/transformed-code/344/studio-workspace/TMS22/src/TourManagement.Application/bin/Debug/net8.0/TourManagement.Application.pdb".
       Done executing task "Copy".
       Task "Copy" skipped, due to false condition; ('$(_DocumentationFileProduced)'=='true' and '$(CopyDocumentationFileToOutputDirectory)'=='true') was evaluated as ('false'=='true' and 'true'=='true').
       Task "Copy" skipped, due to false condition; ('@(IntermediateSatelliteAssembliesWithTargetPath)' != '') was evaluated as ('' != '').
       Task "Copy" skipped, due to false condition; ('@(ReferenceComWrappersToCopyLocal)' != '' or '@(ResolvedIsolatedComModules)' != '' or '@(_DeploymentLooseManifestFile)' != '' or '@(NativeReferenceFile)' != '' ) was evaluated as ('' != '' or '' != '' or '' != '' or '' != '' ).
       Task "Copy" skipped, due to false condition; ('$(SkipCopyWinMDArtifact)' != 'true' and '@(WinMDExpArtifacts)' != '') was evaluated as ('' != 'true' and '' != '').
       Task "Message" skipped, due to false condition; ('$(SkipCopyWinMDArtifact)' != 'true' and '$(_WindowsMetadataOutputPath)' != '') was evaluated as ('' != 'true' and '' != '').
   2:8>Done building target "CopyFilesToOutputDirectory" in project "TourManagement.Application.csproj".
       Target "_CopyReferenceOnlyAssembliesForBuild" skipped, due to false condition; ('$(PreserveCompilationReferences)' == 'true') was evaluated as ('' == 'true').
   2:8>Target "PrepareForRun" in file "/usr/share/dotnet/sdk/8.0.417/Microsoft.Common.CurrentVersion.targets" from project "/modernize-data/studio-data/TNT1001/APP1166/transformed-code/344/studio-workspace/TMS22/src/TourManagement.Application/TourManagement.Application.csproj" (target "CoreBuild" depends on it):
   2:8>Done building target "PrepareForRun" in project "TourManagement.Application.csproj".
       Target "UnmanagedRegistration" skipped, due to false condition; ('$(RegisterForComInterop)'=='true' and '$(OutputType)'=='library') was evaluated as (''=='true' and 'Library'=='library').
       Target "_CheckForCompileOutputs" skipped. Previously built successfully.
       Target "_SGenCheckForOutputs" skipped, due to false condition; ('$(_SGenGenerateSerializationAssembliesConfig)' == 'On' or ('@(WebReferenceUrl)'!='' and '$(_SGenGenerateSerializationAssembliesConfig)' == 'Auto')) was evaluated as ('Off' == 'On' or (''!='' and 'Off' == 'Auto')).
   2:8>Target "_CleanGetCurrentAndPriorFileWrites" in file "/usr/share/dotnet/sdk/8.0.417/Microsoft.Common.CurrentVersion.targets" from project "/modernize-data/studio-data/TNT1001/APP1166/transformed-code/344/studio-workspace/TMS22/src/TourManagement.Application/TourManagement.Application.csproj" (target "IncrementalClean" depends on it):
       Using "ReadLinesFromFile" task from assembly "Microsoft.Build.Tasks.Core, Version=15.1.0.0, Culture=neutral, PublicKeyToken=b03f5f7f11d50a3a".
       Task "ReadLinesFromFile"
       Done executing task "ReadLinesFromFile".
       Task "ConvertToAbsolutePath"
       Done executing task "ConvertToAbsolutePath".
       Using "FindUnderPath" task from assembly "Microsoft.Build.Tasks.Core, Version=15.1.0.0, Culture=neutral, PublicKeyToken=b03f5f7f11d50a3a".
       Task "FindUnderPath"
         Comparison path is "/modernize-data/studio-data/TNT1001/APP1166/transformed-code/344/studio-workspace/TMS22/src/TourManagement.Application".
       Done executing task "FindUnderPath".
       Task "FindUnderPath"
         Comparison path is "bin/Debug/net8.0/".
       Done executing task "FindUnderPath".
       Task "FindUnderPath"
         Comparison path is "obj/Debug/net8.0/".
       Done executing task "FindUnderPath".
       Task "RemoveDuplicates"
       Done executing task "RemoveDuplicates".
   2:8>Done building target "_CleanGetCurrentAndPriorFileWrites" in project "TourManagement.Application.csproj".
   2:8>Target "IncrementalClean" in file "/usr/share/dotnet/sdk/8.0.417/Microsoft.Common.CurrentVersion.targets" from project "/modernize-data/studio-data/TNT1001/APP1166/transformed-code/344/studio-workspace/TMS22/src/TourManagement.Application/TourManagement.Application.csproj" (target "CoreBuild" depends on it):
       Task "FindUnderPath"
         Comparison path is "bin/Debug/net8.0/".
       Done executing task "FindUnderPath".
       Task "FindUnderPath"
         Comparison path is "obj/Debug/net8.0/".
       Done executing task "FindUnderPath".
       Using "Delete" task from assembly "Microsoft.Build.Tasks.Core, Version=15.1.0.0, Culture=neutral, PublicKeyToken=b03f5f7f11d50a3a".
       Task "Delete"
       Done executing task "Delete".
       Task "RemoveDuplicates"
       Done executing task "RemoveDuplicates".
       Task "WriteLinesToFile"
       Done executing task "WriteLinesToFile".
   2:8>Done building target "IncrementalClean" in project "TourManagement.Application.csproj".
       Target "PostBuildEvent" skipped, due to false condition; ('$(PostBuildEvent)' != '' and ('$(RunPostBuildEvent)' != 'OnOutputUpdated' or '$(_AssemblyTimestampBeforeCompile)' != '$(_AssemblyTimestampAfterCompile)')) was evaluated as ('' != '' and ('' != 'OnOutputUpdated' or '' != '')).
       Target "GenerateBuildDependencyFile" skipped. Previously built successfully.
       Target "GenerateBuildRuntimeConfigurationFiles" skipped, due to false condition; ( '$(GenerateRuntimeConfigurationFiles)' == 'true') was evaluated as ( '' == 'true').
   2:8>Target "CoreBuild" in file "/usr/share/dotnet/sdk/8.0.417/Microsoft.Common.CurrentVersion.targets" from project "/modernize-data/studio-data/TNT1001/APP1166/transformed-code/344/studio-workspace/TMS22/src/TourManagement.Application/TourManagement.Application.csproj" (target "Build" depends on it):
   2:8>Done building target "CoreBuild" in project "TourManagement.Application.csproj".
   2:8>Target "AfterBuild" in file "/usr/share/dotnet/sdk/8.0.417/Microsoft.Common.CurrentVersion.targets" from project "/modernize-data/studio-data/TNT1001/APP1166/transformed-code/344/studio-workspace/TMS22/src/TourManagement.Application/TourManagement.Application.csproj" (target "Build" depends on it):
   2:8>Done building target "AfterBuild" in project "TourManagement.Application.csproj".
       Target "_CheckBrowserWorkloadNeededButNotAvailable" skipped, due to false condition; ('$(RuntimeIdentifier)' == 'browser-wasm' and '$(_BrowserWorkloadDisabled)' != 'true' and '$(WasmNativeWorkloadAvailable)' != 'true') was evaluated as ('' == 'browser-wasm' and '' != 'true' and '' != 'true').
       Target "_ErrorWorkloadDisabledForTFMLessThan6" skipped, due to false condition; ('$(_BrowserWorkloadNotSupportedForTFM)' == 'true') was evaluated as ('' == 'true').
       Target "_ErrorDualWasmThreadPropsOn7" skipped, due to false condition; ('$(TargetsNet7)' == 'true' and '$(RuntimeIdentifier)' == 'browser-wasm' and
           '$(BrowserWorkloadDisabled)' != 'true' and '$(WasmEnableThreads)' == 'true' and '$(WasmEnablePerfTrace)' == 'true') was evaluated as ('' == 'true' and '' == 'browser-wasm' and
           '' != 'true' and '' == 'true' and '' == 'true').
       Target "_CheckForInvalidConfigurationAndPlatform" skipped. Previously built successfully.
       Target "_CheckForInvalidConfigurationAndPlatform" skipped. Previously built successfully.
   2:8>Target "Build" in file "/usr/share/dotnet/sdk/8.0.417/Microsoft.Common.CurrentVersion.targets" from project "/modernize-data/studio-data/TNT1001/APP1166/transformed-code/344/studio-workspace/TMS22/src/TourManagement.Application/TourManagement.Application.csproj" (entry point):
   2:8>Done building target "Build" in project "TourManagement.Application.csproj".
       Target "_PackAsBuildAfterTarget" skipped, due to false condition; ('$(GeneratePackageOnBuild)' == 'true' AND '$(IsInnerBuild)' != 'true') was evaluated as ('false' == 'true' AND '' != 'true').
   2:8>Target "_CheckContainersPackage" in file "/usr/share/dotnet/sdk/8.0.417/Containers/build/Microsoft.NET.Build.Containers.targets" from project "/modernize-data/studio-data/TNT1001/APP1166/transformed-code/344/studio-workspace/TMS22/src/TourManagement.Application/TourManagement.Application.csproj" (entry point):
       Task "Warning" skipped, due to false condition; ($(_ContainerPackageIsPresent)
               and (
                 ($(_SdkCanPublishWeb) and $(_IsWebProject)) or
                 ($(_SdkCanPublishWorker) and $(_IsWorkerProject)) or
                 ($(_SdkCanPublishConsole) and '$(EnableSdkContainerSupport)' == 'true')
               )) was evaluated as (false
               and (
                 (True and false) or
                 (True and false) or
                 (True and '' == 'true')
               )).
   2:8>Done building target "_CheckContainersPackage" in project "TourManagement.Application.csproj".
   2:8>Done Building Project "/modernize-data/studio-data/TNT1001/APP1166/transformed-code/344/studio-workspace/TMS22/src/TourManagement.Application/TourManagement.Application.csproj" (default targets).
   4:6>Project "/modernize-data/studio-data/TNT1001/APP1166/transformed-code/344/studio-workspace/TMS22/src/TourManagement.Web/TourManagement.Web.csproj" (4:6) is building "/modernize-data/studio-data/TNT1001/APP1166/transformed-code/344/studio-workspace/TMS22/src/TourManagement.Application/TourManagement.Application.csproj" (2:11) on node 2 (default targets).
  2:11>Target "Build" skipped. Previously built successfully.
  2:11>Done Building Project "/modernize-data/studio-data/TNT1001/APP1166/transformed-code/344/studio-workspace/TMS22/src/TourManagement.Application/TourManagement.Application.csproj" (default targets).
   3:7>Project "/modernize-data/studio-data/TNT1001/APP1166/transformed-code/344/studio-workspace/TMS22/src/TourManagement.Infrastructure/TourManagement.Infrastructure.csproj" (3:7) is building "/modernize-data/studio-data/TNT1001/APP1166/transformed-code/344/studio-workspace/TMS22/src/TourManagement.Application/TourManagement.Application.csproj" (2:12) on node 2 (default targets).
  2:12>Target "Build" skipped. Previously built successfully.
  2:12>Done Building Project "/modernize-data/studio-data/TNT1001/APP1166/transformed-code/344/studio-workspace/TMS22/src/TourManagement.Application/TourManagement.Application.csproj" (default targets).
   3:7>Done executing task "MSBuild".
       Task "MSBuild"
         Global Properties:
           Configuration=Debug
           Platform=AnyCPU
         Removing Properties for project "../TourManagement.Domain/TourManagement.Domain.csproj":
           TargetFramework
           RuntimeIdentifier
           SelfContained
         Removing Properties for project "../TourManagement.Application/TourManagement.Application.csproj":
           TargetFramework
           RuntimeIdentifier
           SelfContained
   3:7>Project "/modernize-data/studio-data/TNT1001/APP1166/transformed-code/344/studio-workspace/TMS22/src/TourManagement.Infrastructure/TourManagement.Infrastructure.csproj" (3:7) is building "/modernize-data/studio-data/TNT1001/APP1166/transformed-code/344/studio-workspace/TMS22/src/TourManagement.Domain/TourManagement.Domain.csproj" (5:17) on node 1 (GetNativeManifest target(s)).
  5:17>Target "GetNativeManifest" skipped. Previously built successfully.
  5:17>Done Building Project "/modernize-data/studio-data/TNT1001/APP1166/transformed-code/344/studio-workspace/TMS22/src/TourManagement.Domain/TourManagement.Domain.csproj" (GetNativeManifest target(s)).
   3:7>Project "/modernize-data/studio-data/TNT1001/APP1166/transformed-code/344/studio-workspace/TMS22/src/TourManagement.Infrastructure/TourManagement.Infrastructure.csproj" (3:7) is building "/modernize-data/studio-data/TNT1001/APP1166/transformed-code/344/studio-workspace/TMS22/src/TourManagement.Application/TourManagement.Application.csproj" (2:13) on node 2 (GetNativeManifest target(s)).
  2:13>Target "GetNativeManifest" in file "/usr/share/dotnet/sdk/8.0.417/Microsoft.Common.CurrentVersion.targets" from project "/modernize-data/studio-data/TNT1001/APP1166/transformed-code/344/studio-workspace/TMS22/src/TourManagement.Application/TourManagement.Application.csproj" (entry point):
  2:13>Done building target "GetNativeManifest" in project "TourManagement.Application.csproj".
  2:13>Done Building Project "/modernize-data/studio-data/TNT1001/APP1166/transformed-code/344/studio-workspace/TMS22/src/TourManagement.Application/TourManagement.Application.csproj" (GetNativeManifest target(s)).
   3:7>Done executing task "MSBuild".
       Task "Warning" skipped, due to false condition; ('@(ProjectReferenceWithConfiguration)' != '' and '@(_MSBuildProjectReferenceNonexistent)' != '') was evaluated as ('../TourManagement.Domain/TourManagement.Domain.csproj;../TourManagement.Application/TourManagement.Application.csproj' != '' and '' != '').
   3:7>Done building target "ResolveProjectReferences" in project "TourManagement.Infrastructure.csproj".
       Target "FindInvalidProjectReferences" skipped, due to false condition; ('$(FindInvalidProjectReferences)' == 'true') was evaluated as ('' == 'true').
       Target "ResolveNativeReferences" skipped, due to false condition; ('@(NativeReference)'!='') was evaluated as (''!='').
       Target "ResolveProjectReferences" skipped. Previously built successfully.
       Target "FindInvalidProjectReferences" skipped, due to false condition; ('$(FindInvalidProjectReferences)' == 'true') was evaluated as ('' == 'true').
       Target "GetFrameworkPaths" skipped. Previously built successfully.
       Target "GetReferenceAssemblyPaths" skipped. Previously built successfully.
       Target "PrepareForBuild" skipped. Previously built successfully.
       Target "GetInstalledSDKLocations" skipped, due to false condition; ('@(SDKReference)' != '') was evaluated as ('' != '').
   3:7>Target "ResolveSDKReferences" in file "/usr/share/dotnet/sdk/8.0.417/Microsoft.Common.CurrentVersion.targets" from project "/modernize-data/studio-data/TNT1001/APP1166/transformed-code/344/studio-workspace/TMS22/src/TourManagement.Infrastructure/TourManagement.Infrastructure.csproj" (target "ResolveAssemblyReferences" depends on it):
       Task "ResolveSDKReference" skipped, due to false condition; ('@(SDKReference)'!='') was evaluated as (''!='').
   3:7>Done building target "ResolveSDKReferences" in project "TourManagement.Infrastructure.csproj".
       Target "ResolveSDKReferences" skipped. Previously built successfully.
   3:7>Target "ExpandSDKReferences" in file "/usr/share/dotnet/sdk/8.0.417/Microsoft.Common.CurrentVersion.targets" from project "/modernize-data/studio-data/TNT1001/APP1166/transformed-code/344/studio-workspace/TMS22/src/TourManagement.Infrastructure/TourManagement.Infrastructure.csproj" (target "ResolveAssemblyReferences" depends on it):
       Task "GetSDKReferenceFiles" skipped, due to false condition; ('@(ResolvedSDKReference)'!='') was evaluated as (''!='').
   3:7>Done building target "ExpandSDKReferences" in project "TourManagement.Infrastructure.csproj".
       Target "ResolvePackageDependenciesForBuild" skipped. Previously built successfully.
       Target "GetFrameworkPaths" skipped. Previously built successfully.
       Target "GetReferenceAssemblyPaths" skipped. Previously built successfully.
       Target "ProcessFrameworkReferences" skipped. Previously built successfully.
       Target "ResolvePackageAssets" skipped. Previously built successfully.
   3:7>Target "ResolveFrameworkReferences" in file "/usr/share/dotnet/sdk/8.0.417/Sdks/Microsoft.NET.Sdk/targets/Microsoft.NET.Sdk.FrameworkReferenceResolution.targets" from project "/modernize-data/studio-data/TNT1001/APP1166/transformed-code/344/studio-workspace/TMS22/src/TourManagement.Infrastructure/TourManagement.Infrastructure.csproj" (target "ResolveTargetingPackAssets" depends on it):
       Using "GetPackageDirectory" task from assembly "/usr/share/dotnet/sdk/8.0.417/Sdks/Microsoft.NET.Sdk/targets/../tools/net8.0/Microsoft.NET.Build.Tasks.dll".
       Task "GetPackageDirectory"
       Done executing task "GetPackageDirectory".
       Task "GetPackageDirectory"
       Done executing task "GetPackageDirectory".
       Task "GetPackageDirectory"
       Done executing task "GetPackageDirectory".
       Task "GetPackageDirectory"
       Done executing task "GetPackageDirectory".
       Task "GetPackageDirectory"
       Done executing task "GetPackageDirectory".
       Task "GetPackageDirectory"
       Done executing task "GetPackageDirectory".
       Task "GetPackageDirectory"
       Done executing task "GetPackageDirectory".
       Task "GetPackageDirectory"
       Done executing task "GetPackageDirectory".
       Task "GetPackageDirectory"
       Done executing task "GetPackageDirectory".
       Task "GetPackageDirectory"
       Done executing task "GetPackageDirectory".
       Using "ResolveFrameworkReferences" task from assembly "/usr/share/dotnet/sdk/8.0.417/Sdks/Microsoft.NET.Sdk/targets/../tools/net8.0/Microsoft.NET.Build.Tasks.dll".
       Task "ResolveFrameworkReferences"
       Done executing task "ResolveFrameworkReferences".
   3:7>Done building target "ResolveFrameworkReferences" in project "TourManagement.Infrastructure.csproj".
   3:7>Target "ResolveTargetingPackAssets" in file "/usr/share/dotnet/sdk/8.0.417/Sdks/Microsoft.NET.Sdk/targets/Microsoft.NET.Sdk.FrameworkReferenceResolution.targets" from project "/modernize-data/studio-data/TNT1001/APP1166/transformed-code/344/studio-workspace/TMS22/src/TourManagement.Infrastructure/TourManagement.Infrastructure.csproj" (target "_HandlePackageFileConflicts" depends on it):
       Using "ResolveTargetingPackAssets" task from assembly "/usr/share/dotnet/sdk/8.0.417/Sdks/Microsoft.NET.Sdk/targets/../tools/net8.0/Microsoft.NET.Build.Tasks.dll".
       Task "ResolveTargetingPackAssets"
       Done executing task "ResolveTargetingPackAssets".
   3:7>Done building target "ResolveTargetingPackAssets" in project "TourManagement.Infrastructure.csproj".
   3:7>Target "ResolveOffByDefaultAnalyzers" in file "/usr/share/dotnet/sdk/8.0.417/Sdks/Microsoft.NET.Sdk/targets/Microsoft.NET.Sdk.FrameworkReferenceResolution.targets" from project "/modernize-data/studio-data/TNT1001/APP1166/transformed-code/344/studio-workspace/TMS22/src/TourManagement.Infrastructure/TourManagement.Infrastructure.csproj" (target "_HandlePackageFileConflicts" depends on it):
   3:7>Done building target "ResolveOffByDefaultAnalyzers" in project "TourManagement.Infrastructure.csproj".
   3:7>Target "_HandlePackageFileConflicts" in file "/usr/share/dotnet/sdk/8.0.417/Sdks/Microsoft.NET.Sdk/targets/Microsoft.NET.ConflictResolution.targets" from project "/modernize-data/studio-data/TNT1001/APP1166/transformed-code/344/studio-workspace/TMS22/src/TourManagement.Infrastructure/TourManagement.Infrastructure.csproj" (target "ResolveAssemblyReferences" depends on it):
       Using "ResolvePackageFileConflicts" task from assembly "/usr/share/dotnet/sdk/8.0.417/Sdks/Microsoft.NET.Sdk/targets/../tools/net8.0/Microsoft.NET.Build.Tasks.dll".
       Task "ResolvePackageFileConflicts"
         Encountered conflict between 'Analyzer:/home/studioai/.nuget/packages/system.text.json/8.0.0/analyzers/dotnet/roslyn4.4/cs/System.Text.Json.SourceGeneration.dll' and 'Analyzer:/usr/share/dotnet/packs/Microsoft.NETCore.App.Ref/8.0.23/analyzers/dotnet/cs/System.Text.Json.SourceGeneration.dll'. Choosing 'Analyzer:/usr/share/dotnet/packs/Microsoft.NETCore.App.Ref/8.0.23/analyzers/dotnet/cs/System.Text.Json.SourceGeneration.dll' because AssemblyVersion '8.0.13.10607' is greater than '8.0.9.3103'.
         Encountered conflict between 'Platform:System.Collections.Immutable.dll' and 'Runtime:/home/studioai/.nuget/packages/system.collections.immutable/6.0.0/lib/net6.0/System.Collections.Immutable.dll'. Choosing 'Platform:System.Collections.Immutable.dll' because AssemblyVersion '8.0.0.0' is greater than '6.0.0.0'.
         Encountered conflict between 'Platform:System.Reflection.Metadata.dll' and 'Runtime:/home/studioai/.nuget/packages/system.reflection.metadata/6.0.1/lib/net6.0/System.Reflection.Metadata.dll'. Choosing 'Platform:System.Reflection.Metadata.dll' because AssemblyVersion '8.0.0.0' is greater than '6.0.0.0'.
         Encountered conflict between 'Platform:System.Runtime.CompilerServices.Unsafe.dll' and 'Runtime:/home/studioai/.nuget/packages/system.runtime.compilerservices.unsafe/6.0.0/lib/net6.0/System.Runtime.CompilerServices.Unsafe.dll'. Choosing 'Platform:System.Runtime.CompilerServices.Unsafe.dll' because AssemblyVersion '8.0.0.0' is greater than '6.0.0.0'.
         Encountered conflict between 'Platform:System.Text.Encoding.CodePages.dll' and 'Runtime:/home/studioai/.nuget/packages/system.text.encoding.codepages/6.0.0/lib/net6.0/System.Text.Encoding.CodePages.dll'. Choosing 'Platform:System.Text.Encoding.CodePages.dll' because AssemblyVersion '8.0.0.0' is greater than '6.0.0.0'.
         Encountered conflict between 'Platform:System.Text.Encodings.Web.dll' and 'Runtime:/home/studioai/.nuget/packages/system.text.encodings.web/8.0.0/lib/net8.0/System.Text.Encodings.Web.dll'. Choosing 'Platform:System.Text.Encodings.Web.dll' because file version '8.0.2325.60607' is greater than '8.0.23.53103'.
         Encountered conflict between 'Platform:System.Text.Json.dll' and 'Runtime:/home/studioai/.nuget/packages/system.text.json/8.0.0/lib/net8.0/System.Text.Json.dll'. Choosing 'Platform:System.Text.Json.dll' because file version '8.0.2325.60607' is greater than '8.0.23.53103'.
         Encountered conflict between 'Platform:System.Threading.Channels.dll' and 'Runtime:/home/studioai/.nuget/packages/system.threading.channels/6.0.0/lib/net6.0/System.Threading.Channels.dll'. Choosing 'Platform:System.Threading.Channels.dll' because AssemblyVersion '8.0.0.0' is greater than '6.0.0.0'.
         Encountered conflict between 'Platform:System.Text.Encoding.CodePages.dll' and 'Runtime:/home/studioai/.nuget/packages/system.text.encoding.codepages/6.0.0/runtimes/win/lib/net6.0/System.Text.Encoding.CodePages.dll'. Choosing 'Platform:System.Text.Encoding.CodePages.dll' because AssemblyVersion '8.0.0.0' is greater than '6.0.0.0'.
         Encountered conflict between 'Platform:System.Text.Encodings.Web.dll' and 'Runtime:/home/studioai/.nuget/packages/system.text.encodings.web/8.0.0/runtimes/browser/lib/net8.0/System.Text.Encodings.Web.dll'. Choosing 'Platform:System.Text.Encodings.Web.dll' because file version '8.0.2325.60607' is greater than '8.0.23.53103'.
         Encountered conflict between 'Platform:mscorlib.dll' and 'Platform:mscorlib.dll'. Could not determine winner due to equal file and assembly versions.
         Encountered conflict between 'Platform:Microsoft.VisualBasic.dll' and 'Platform:Microsoft.VisualBasic.dll'. Could not determine winner due to equal file and assembly versions.
         Encountered conflict between 'Platform:System.dll' and 'Platform:System.dll'. Could not determine winner due to equal file and assembly versions.
         Encountered conflict between 'Platform:System.ComponentModel.DataAnnotations.dll' and 'Platform:System.ComponentModel.DataAnnotations.dll'. Could not determine winner due to equal file and assembly versions.
         Encountered conflict between 'Platform:System.Configuration.dll' and 'Platform:System.Configuration.dll'. Could not determine winner due to equal file and assembly versions.
         Encountered conflict between 'Platform:System.Core.dll' and 'Platform:System.Core.dll'. Could not determine winner due to equal file and assembly versions.
         Encountered conflict between 'Platform:System.Data.dll' and 'Platform:System.Data.dll'. Could not determine winner due to equal file and assembly versions.
         Encountered conflict between 'Platform:System.Drawing.dll' and 'Platform:System.Drawing.dll'. Could not determine winner due to equal file and assembly versions.
         Encountered conflict between 'Platform:System.IO.Compression.FileSystem.dll' and 'Platform:System.IO.Compression.FileSystem.dll'. Could not determine winner due to equal file and assembly versions.
         Encountered conflict between 'Platform:System.Net.dll' and 'Platform:System.Net.dll'. Could not determine winner due to equal file and assembly versions.
         Encountered conflict between 'Platform:System.Numerics.dll' and 'Platform:System.Numerics.dll'. Could not determine winner due to equal file and assembly versions.
         Encountered conflict between 'Platform:System.Runtime.Serialization.dll' and 'Platform:System.Runtime.Serialization.dll'. Could not determine winner due to equal file and assembly versions.
         Encountered conflict between 'Platform:System.Security.dll' and 'Platform:System.Security.dll'. Could not determine winner due to equal file and assembly versions.
         Encountered conflict between 'Platform:System.ServiceProcess.dll' and 'Platform:System.ServiceProcess.dll'. Could not determine winner due to equal file and assembly versions.
         Encountered conflict between 'Platform:System.ServiceModel.Web.dll' and 'Platform:System.ServiceModel.Web.dll'. Could not determine winner due to equal file and assembly versions.
         Encountered conflict between 'Platform:System.Transactions.dll' and 'Platform:System.Transactions.dll'. Could not determine winner due to equal file and assembly versions.
         Encountered conflict between 'Platform:System.Web.dll' and 'Platform:System.Web.dll'. Could not determine winner due to equal file and assembly versions.
         Encountered conflict between 'Platform:System.Windows.dll' and 'Platform:System.Windows.dll'. Could not determine winner due to equal file and assembly versions.
         Encountered conflict between 'Platform:System.Xml.dll' and 'Platform:System.Xml.dll'. Could not determine winner due to equal file and assembly versions.
         Encountered conflict between 'Platform:System.Xml.Serialization.dll' and 'Platform:System.Xml.Serialization.dll'. Could not determine winner due to equal file and assembly versions.
         Encountered conflict between 'Platform:System.Xml.Linq.dll' and 'Platform:System.Xml.Linq.dll'. Could not determine winner due to equal file and assembly versions.
         Encountered conflict between 'Platform:WindowsBase.dll' and 'Platform:WindowsBase.dll'. Could not determine winner due to equal file and assembly versions.
         Encountered conflict between 'Platform:netstandard.dll' and 'Platform:netstandard.dll'. Could not determine winner due to equal file and assembly versions.
         Encountered conflict between 'Platform:System.Private.CoreLib.dll' and 'Platform:System.Private.CoreLib.dll'. Could not determine winner due to equal file and assembly versions.
         Encountered conflict between 'Platform:System.Private.DataContractSerialization.dll' and 'Platform:System.Private.DataContractSerialization.dll'. Could not determine winner due to equal file and assembly versions.
         Encountered conflict between 'Platform:System.Private.Uri.dll' and 'Platform:System.Private.Uri.dll'. Could not determine winner due to equal file and assembly versions.
         Encountered conflict between 'Platform:System.Private.Xml.dll' and 'Platform:System.Private.Xml.dll'. Could not determine winner due to equal file and assembly versions.
         Encountered conflict between 'Platform:System.Private.Xml.Linq.dll' and 'Platform:System.Private.Xml.Linq.dll'. Could not determine winner due to equal file and assembly versions.
         Encountered conflict between 'Platform:mscordaccore_amd64_amd64_8.0.2325.60607.dll' and 'Platform:mscordaccore_amd64_amd64_8.0.2325.60607.dll'. Could not determine winner due to equal file and assembly versions.
       Done executing task "ResolvePackageFileConflicts".
   3:7>Done building target "_HandlePackageFileConflicts" in project "TourManagement.Infrastructure.csproj".
       Target "ResolveTargetingPackAssets" skipped. Previously built successfully.
   3:7>Target "ResolveAssemblyReferences" in file "/usr/share/dotnet/sdk/8.0.417/Microsoft.Common.CurrentVersion.targets" from project "/modernize-data/studio-data/TNT1001/APP1166/transformed-code/344/studio-workspace/TMS22/src/TourManagement.Infrastructure/TourManagement.Infrastructure.csproj" (target "ResolveReferences" depends on it):
       Using "ResolveAssemblyReference" task from assembly "Microsoft.Build.Tasks.Core, Version=15.1.0.0, Culture=neutral, PublicKeyToken=b03f5f7f11d50a3a".
       Task "ResolveAssemblyReference"
         TargetFrameworkMoniker:
             .NETCoreApp,Version=v8.0
         TargetFrameworkMonikerDisplayName:
             .NET 8.0
         TargetedRuntimeVersion:
             
         Assemblies:
             /home/studioai/.nuget/packages/bcrypt.net-next/4.0.3/lib/net6.0/BCrypt.Net-Next.dll
                 Private = 'false'
                 HintPath = '/home/studioai/.nuget/packages/bcrypt.net-next/4.0.3/lib/net6.0/BCrypt.Net-Next.dll'
             /home/studioai/.nuget/packages/efcore.namingconventions/8.0.0/lib/net8.0/EFCore.NamingConventions.dll
                 Private = 'false'
                 HintPath = '/home/studioai/.nuget/packages/efcore.namingconventions/8.0.0/lib/net8.0/EFCore.NamingConventions.dll'
             /home/studioai/.nuget/packages/microsoft.entityframeworkcore/8.0.0/lib/net8.0/Microsoft.EntityFrameworkCore.dll
                 Private = 'false'
                 HintPath = '/home/studioai/.nuget/packages/microsoft.entityframeworkcore/8.0.0/lib/net8.0/Microsoft.EntityFrameworkCore.dll'
             /home/studioai/.nuget/packages/microsoft.entityframeworkcore.abstractions/8.0.0/lib/net8.0/Microsoft.EntityFrameworkCore.Abstractions.dll
                 Private = 'false'
                 HintPath = '/home/studioai/.nuget/packages/microsoft.entityframeworkcore.abstractions/8.0.0/lib/net8.0/Microsoft.EntityFrameworkCore.Abstractions.dll'
             /home/studioai/.nuget/packages/microsoft.entityframeworkcore.relational/8.0.0/lib/net8.0/Microsoft.EntityFrameworkCore.Relational.dll
                 Private = 'false'
                 HintPath = '/home/studioai/.nuget/packages/microsoft.entityframeworkcore.relational/8.0.0/lib/net8.0/Microsoft.EntityFrameworkCore.Relational.dll'
             /home/studioai/.nuget/packages/microsoft.extensions.caching.abstractions/8.0.0/lib/net8.0/Microsoft.Extensions.Caching.Abstractions.dll
                 Private = 'false'
                 HintPath = '/home/studioai/.nuget/packages/microsoft.extensions.caching.abstractions/8.0.0/lib/net8.0/Microsoft.Extensions.Caching.Abstractions.dll'
             /home/studioai/.nuget/packages/microsoft.extensions.caching.memory/8.0.0/lib/net8.0/Microsoft.Extensions.Caching.Memory.dll
                 Private = 'false'
                 HintPath = '/home/studioai/.nuget/packages/microsoft.extensions.caching.memory/8.0.0/lib/net8.0/Microsoft.Extensions.Caching.Memory.dll'
             /home/studioai/.nuget/packages/microsoft.extensions.configuration.abstractions/8.0.0/lib/net8.0/Microsoft.Extensions.Configuration.Abstractions.dll
                 Private = 'false'
                 HintPath = '/home/studioai/.nuget/packages/microsoft.extensions.configuration.abstractions/8.0.0/lib/net8.0/Microsoft.Extensions.Configuration.Abstractions.dll'
             /home/studioai/.nuget/packages/microsoft.extensions.dependencyinjection/8.0.0/lib/net8.0/Microsoft.Extensions.DependencyInjection.dll
                 Private = 'false'
                 HintPath = '/home/studioai/.nuget/packages/microsoft.extensions.dependencyinjection/8.0.0/lib/net8.0/Microsoft.Extensions.DependencyInjection.dll'
             /home/studioai/.nuget/packages/microsoft.extensions.dependencyinjection.abstractions/8.0.0/lib/net8.0/Microsoft.Extensions.DependencyInjection.Abstractions.dll
                 Private = 'false'
                 HintPath = '/home/studioai/.nuget/packages/microsoft.extensions.dependencyinjection.abstractions/8.0.0/lib/net8.0/Microsoft.Extensions.DependencyInjection.Abstractions.dll'
             /home/studioai/.nuget/packages/microsoft.extensions.logging/8.0.0/lib/net8.0/Microsoft.Extensions.Logging.dll
                 Private = 'false'
                 HintPath = '/home/studioai/.nuget/packages/microsoft.extensions.logging/8.0.0/lib/net8.0/Microsoft.Extensions.Logging.dll'
             /home/studioai/.nuget/packages/microsoft.extensions.logging.abstractions/8.0.0/lib/net8.0/Microsoft.Extensions.Logging.Abstractions.dll
                 Private = 'false'
                 HintPath = '/home/studioai/.nuget/packages/microsoft.extensions.logging.abstractions/8.0.0/lib/net8.0/Microsoft.Extensions.Logging.Abstractions.dll'
             /home/studioai/.nuget/packages/microsoft.extensions.options/8.0.0/lib/net8.0/Microsoft.Extensions.Options.dll
                 Private = 'false'
                 HintPath = '/home/studioai/.nuget/packages/microsoft.extensions.options/8.0.0/lib/net8.0/Microsoft.Extensions.Options.dll'
             /home/studioai/.nuget/packages/microsoft.extensions.primitives/8.0.0/lib/net8.0/Microsoft.Extensions.Primitives.dll
                 Private = 'false'
                 HintPath = '/home/studioai/.nuget/packages/microsoft.extensions.primitives/8.0.0/lib/net8.0/Microsoft.Extensions.Primitives.dll'
             /home/studioai/.nuget/packages/npgsql/8.0.0/lib/net8.0/Npgsql.dll
                 Private = 'false'
                 HintPath = '/home/studioai/.nuget/packages/npgsql/8.0.0/lib/net8.0/Npgsql.dll'
             /home/studioai/.nuget/packages/npgsql.entityframeworkcore.postgresql/8.0.0/lib/net8.0/Npgsql.EntityFrameworkCore.PostgreSQL.dll
                 Private = 'false'
                 HintPath = '/home/studioai/.nuget/packages/npgsql.entityframeworkcore.postgresql/8.0.0/lib/net8.0/Npgsql.EntityFrameworkCore.PostgreSQL.dll'
             /usr/share/dotnet/packs/Microsoft.NETCore.App.Ref/8.0.23/ref/net8.0/Microsoft.CSharp.dll
                 Private = 'false'
             /usr/share/dotnet/packs/Microsoft.NETCore.App.Ref/8.0.23/ref/net8.0/Microsoft.VisualBasic.Core.dll
                 Private = 'false'
             /usr/share/dotnet/packs/Microsoft.NETCore.App.Ref/8.0.23/ref/net8.0/Microsoft.VisualBasic.dll
                 Private = 'false'
             /usr/share/dotnet/packs/Microsoft.NETCore.App.Ref/8.0.23/ref/net8.0/Microsoft.Win32.Primitives.dll
                 Private = 'false'
             /usr/share/dotnet/packs/Microsoft.NETCore.App.Ref/8.0.23/ref/net8.0/Microsoft.Win32.Registry.dll
                 Private = 'false'
             /usr/share/dotnet/packs/Microsoft.NETCore.App.Ref/8.0.23/ref/net8.0/System.AppContext.dll
                 Private = 'false'
             /usr/share/dotnet/packs/Microsoft.NETCore.App.Ref/8.0.23/ref/net8.0/System.Buffers.dll
                 Private = 'false'
             /usr/share/dotnet/packs/Microsoft.NETCore.App.Ref/8.0.23/ref/net8.0/System.Collections.Concurrent.dll
                 Private = 'false'
             /usr/share/dotnet/packs/Microsoft.NETCore.App.Ref/8.0.23/ref/net8.0/System.Collections.Immutable.dll
                 Private = 'false'
             /usr/share/dotnet/packs/Microsoft.NETCore.App.Ref/8.0.23/ref/net8.0/System.Collections.NonGeneric.dll
                 Private = 'false'
             /usr/share/dotnet/packs/Microsoft.NETCore.App.Ref/8.0.23/ref/net8.0/System.Collections.Specialized.dll
                 Private = 'false'
             /usr/share/dotnet/packs/Microsoft.NETCore.App.Ref/8.0.23/ref/net8.0/System.Collections.dll
                 Private = 'false'
             /usr/share/dotnet/packs/Microsoft.NETCore.App.Ref/8.0.23/ref/net8.0/System.ComponentModel.Annotations.dll
                 Private = 'false'
             /usr/share/dotnet/packs/Microsoft.NETCore.App.Ref/8.0.23/ref/net8.0/System.ComponentModel.DataAnnotations.dll
                 Private = 'false'
             /usr/share/dotnet/packs/Microsoft.NETCore.App.Ref/8.0.23/ref/net8.0/System.ComponentModel.EventBasedAsync.dll
                 Private = 'false'
             /usr/share/dotnet/packs/Microsoft.NETCore.App.Ref/8.0.23/ref/net8.0/System.ComponentModel.Primitives.dll
                 Private = 'false'
             /usr/share/dotnet/packs/Microsoft.NETCore.App.Ref/8.0.23/ref/net8.0/System.ComponentModel.TypeConverter.dll
                 Private = 'false'
             /usr/share/dotnet/packs/Microsoft.NETCore.App.Ref/8.0.23/ref/net8.0/System.ComponentModel.dll
                 Private = 'false'
             /usr/share/dotnet/packs/Microsoft.NETCore.App.Ref/8.0.23/ref/net8.0/System.Configuration.dll
                 Private = 'false'
             /usr/share/dotnet/packs/Microsoft.NETCore.App.Ref/8.0.23/ref/net8.0/System.Console.dll
                 Private = 'false'
             /usr/share/dotnet/packs/Microsoft.NETCore.App.Ref/8.0.23/ref/net8.0/System.Core.dll
                 Private = 'false'
             /usr/share/dotnet/packs/Microsoft.NETCore.App.Ref/8.0.23/ref/net8.0/System.Data.Common.dll
                 Private = 'false'
             /usr/share/dotnet/packs/Microsoft.NETCore.App.Ref/8.0.23/ref/net8.0/System.Data.DataSetExtensions.dll
                 Private = 'false'
             /usr/share/dotnet/packs/Microsoft.NETCore.App.Ref/8.0.23/ref/net8.0/System.Data.dll
                 Private = 'false'
             /usr/share/dotnet/packs/Microsoft.NETCore.App.Ref/8.0.23/ref/net8.0/System.Diagnostics.Contracts.dll
                 Private = 'false'
             /usr/share/dotnet/packs/Microsoft.NETCore.App.Ref/8.0.23/ref/net8.0/System.Diagnostics.Debug.dll
                 Private = 'false'
             /usr/share/dotnet/packs/Microsoft.NETCore.App.Ref/8.0.23/ref/net8.0/System.Diagnostics.DiagnosticSource.dll
                 Private = 'false'
             /usr/share/dotnet/packs/Microsoft.NETCore.App.Ref/8.0.23/ref/net8.0/System.Diagnostics.FileVersionInfo.dll
                 Private = 'false'
             /usr/share/dotnet/packs/Microsoft.NETCore.App.Ref/8.0.23/ref/net8.0/System.Diagnostics.Process.dll
                 Private = 'false'
             /usr/share/dotnet/packs/Microsoft.NETCore.App.Ref/8.0.23/ref/net8.0/System.Diagnostics.StackTrace.dll
                 Private = 'false'
             /usr/share/dotnet/packs/Microsoft.NETCore.App.Ref/8.0.23/ref/net8.0/System.Diagnostics.TextWriterTraceListener.dll
                 Private = 'false'
             /usr/share/dotnet/packs/Microsoft.NETCore.App.Ref/8.0.23/ref/net8.0/System.Diagnostics.Tools.dll
                 Private = 'false'
             /usr/share/dotnet/packs/Microsoft.NETCore.App.Ref/8.0.23/ref/net8.0/System.Diagnostics.TraceSource.dll
                 Private = 'false'
             /usr/share/dotnet/packs/Microsoft.NETCore.App.Ref/8.0.23/ref/net8.0/System.Diagnostics.Tracing.dll
                 Private = 'false'
             /usr/share/dotnet/packs/Microsoft.NETCore.App.Ref/8.0.23/ref/net8.0/System.Drawing.Primitives.dll
                 Private = 'false'
             /usr/share/dotnet/packs/Microsoft.NETCore.App.Ref/8.0.23/ref/net8.0/System.Drawing.dll
                 Private = 'false'
             /usr/share/dotnet/packs/Microsoft.NETCore.App.Ref/8.0.23/ref/net8.0/System.Dynamic.Runtime.dll
                 Private = 'false'
             /usr/share/dotnet/packs/Microsoft.NETCore.App.Ref/8.0.23/ref/net8.0/System.Formats.Asn1.dll
                 Private = 'false'
             /usr/share/dotnet/packs/Microsoft.NETCore.App.Ref/8.0.23/ref/net8.0/System.Formats.Tar.dll
                 Private = 'false'
             /usr/share/dotnet/packs/Microsoft.NETCore.App.Ref/8.0.23/ref/net8.0/System.Globalization.Calendars.dll
                 Private = 'false'
             /usr/share/dotnet/packs/Microsoft.NETCore.App.Ref/8.0.23/ref/net8.0/System.Globalization.Extensions.dll
                 Private = 'false'
             /usr/share/dotnet/packs/Microsoft.NETCore.App.Ref/8.0.23/ref/net8.0/System.Globalization.dll
                 Private = 'false'
             /usr/share/dotnet/packs/Microsoft.NETCore.App.Ref/8.0.23/ref/net8.0/System.IO.Compression.Brotli.dll
                 Private = 'false'
             /usr/share/dotnet/packs/Microsoft.NETCore.App.Ref/8.0.23/ref/net8.0/System.IO.Compression.FileSystem.dll
                 Private = 'false'
             /usr/share/dotnet/packs/Microsoft.NETCore.App.Ref/8.0.23/ref/net8.0/System.IO.Compression.ZipFile.dll
                 Private = 'false'
             /usr/share/dotnet/packs/Microsoft.NETCore.App.Ref/8.0.23/ref/net8.0/System.IO.Compression.dll
                 Private = 'false'
             /usr/share/dotnet/packs/Microsoft.NETCore.App.Ref/8.0.23/ref/net8.0/System.IO.FileSystem.AccessControl.dll
                 Private = 'false'
             /usr/share/dotnet/packs/Microsoft.NETCore.App.Ref/8.0.23/ref/net8.0/System.IO.FileSystem.DriveInfo.dll
                 Private = 'false'
             /usr/share/dotnet/packs/Microsoft.NETCore.App.Ref/8.0.23/ref/net8.0/System.IO.FileSystem.Primitives.dll
                 Private = 'false'
             /usr/share/dotnet/packs/Microsoft.NETCore.App.Ref/8.0.23/ref/net8.0/System.IO.FileSystem.Watcher.dll
                 Private = 'false'
             /usr/share/dotnet/packs/Microsoft.NETCore.App.Ref/8.0.23/ref/net8.0/System.IO.FileSystem.dll
                 Private = 'false'
             /usr/share/dotnet/packs/Microsoft.NETCore.App.Ref/8.0.23/ref/net8.0/System.IO.IsolatedStorage.dll
                 Private = 'false'
             /usr/share/dotnet/packs/Microsoft.NETCore.App.Ref/8.0.23/ref/net8.0/System.IO.MemoryMappedFiles.dll
                 Private = 'false'
             /usr/share/dotnet/packs/Microsoft.NETCore.App.Ref/8.0.23/ref/net8.0/System.IO.Pipes.AccessControl.dll
                 Private = 'false'
             /usr/share/dotnet/packs/Microsoft.NETCore.App.Ref/8.0.23/ref/net8.0/System.IO.Pipes.dll
                 Private = 'false'
             /usr/share/dotnet/packs/Microsoft.NETCore.App.Ref/8.0.23/ref/net8.0/System.IO.UnmanagedMemoryStream.dll
                 Private = 'false'
             /usr/share/dotnet/packs/Microsoft.NETCore.App.Ref/8.0.23/ref/net8.0/System.IO.dll
                 Private = 'false'
             /usr/share/dotnet/packs/Microsoft.NETCore.App.Ref/8.0.23/ref/net8.0/System.Linq.Expressions.dll
                 Private = 'false'
             /usr/share/dotnet/packs/Microsoft.NETCore.App.Ref/8.0.23/ref/net8.0/System.Linq.Parallel.dll
                 Private = 'false'
             /usr/share/dotnet/packs/Microsoft.NETCore.App.Ref/8.0.23/ref/net8.0/System.Linq.Queryable.dll
                 Private = 'false'
             /usr/share/dotnet/packs/Microsoft.NETCore.App.Ref/8.0.23/ref/net8.0/System.Linq.dll
                 Private = 'false'
             /usr/share/dotnet/packs/Microsoft.NETCore.App.Ref/8.0.23/ref/net8.0/System.Memory.dll
                 Private = 'false'
             /usr/share/dotnet/packs/Microsoft.NETCore.App.Ref/8.0.23/ref/net8.0/System.Net.Http.Json.dll
                 Private = 'false'
             /usr/share/dotnet/packs/Microsoft.NETCore.App.Ref/8.0.23/ref/net8.0/System.Net.Http.dll
                 Private = 'false'
             /usr/share/dotnet/packs/Microsoft.NETCore.App.Ref/8.0.23/ref/net8.0/System.Net.HttpListener.dll
                 Private = 'false'
             /usr/share/dotnet/packs/Microsoft.NETCore.App.Ref/8.0.23/ref/net8.0/System.Net.Mail.dll
                 Private = 'false'
             /usr/share/dotnet/packs/Microsoft.NETCore.App.Ref/8.0.23/ref/net8.0/System.Net.NameResolution.dll
                 Private = 'false'
             /usr/share/dotnet/packs/Microsoft.NETCore.App.Ref/8.0.23/ref/net8.0/System.Net.NetworkInformation.dll
                 Private = 'false'
             /usr/share/dotnet/packs/Microsoft.NETCore.App.Ref/8.0.23/ref/net8.0/System.Net.Ping.dll
                 Private = 'false'
             /usr/share/dotnet/packs/Microsoft.NETCore.App.Ref/8.0.23/ref/net8.0/System.Net.Primitives.dll
                 Private = 'false'
             /usr/share/dotnet/packs/Microsoft.NETCore.App.Ref/8.0.23/ref/net8.0/System.Net.Quic.dll
                 Private = 'false'
             /usr/share/dotnet/packs/Microsoft.NETCore.App.Ref/8.0.23/ref/net8.0/System.Net.Requests.dll
                 Private = 'false'
             /usr/share/dotnet/packs/Microsoft.NETCore.App.Ref/8.0.23/ref/net8.0/System.Net.Security.dll
                 Private = 'false'
             /usr/share/dotnet/packs/Microsoft.NETCore.App.Ref/8.0.23/ref/net8.0/System.Net.ServicePoint.dll
                 Private = 'false'
             /usr/share/dotnet/packs/Microsoft.NETCore.App.Ref/8.0.23/ref/net8.0/System.Net.Sockets.dll
                 Private = 'false'
             /usr/share/dotnet/packs/Microsoft.NETCore.App.Ref/8.0.23/ref/net8.0/System.Net.WebClient.dll
                 Private = 'false'
             /usr/share/dotnet/packs/Microsoft.NETCore.App.Ref/8.0.23/ref/net8.0/System.Net.WebHeaderCollection.dll
                 Private = 'false'
             /usr/share/dotnet/packs/Microsoft.NETCore.App.Ref/8.0.23/ref/net8.0/System.Net.WebProxy.dll
                 Private = 'false'
             /usr/share/dotnet/packs/Microsoft.NETCore.App.Ref/8.0.23/ref/net8.0/System.Net.WebSockets.Client.dll
                 Private = 'false'
             /usr/share/dotnet/packs/Microsoft.NETCore.App.Ref/8.0.23/ref/net8.0/System.Net.WebSockets.dll
                 Private = 'false'
             /usr/share/dotnet/packs/Microsoft.NETCore.App.Ref/8.0.23/ref/net8.0/System.Net.dll
                 Private = 'false'
             /usr/share/dotnet/packs/Microsoft.NETCore.App.Ref/8.0.23/ref/net8.0/System.Numerics.Vectors.dll
                 Private = 'false'
             /usr/share/dotnet/packs/Microsoft.NETCore.App.Ref/8.0.23/ref/net8.0/System.Numerics.dll
                 Private = 'false'
             /usr/share/dotnet/packs/Microsoft.NETCore.App.Ref/8.0.23/ref/net8.0/System.ObjectModel.dll
                 Private = 'false'
             /usr/share/dotnet/packs/Microsoft.NETCore.App.Ref/8.0.23/ref/net8.0/System.Reflection.DispatchProxy.dll
                 Private = 'false'
             /usr/share/dotnet/packs/Microsoft.NETCore.App.Ref/8.0.23/ref/net8.0/System.Reflection.Emit.ILGeneration.dll
                 Private = 'false'
             /usr/share/dotnet/packs/Microsoft.NETCore.App.Ref/8.0.23/ref/net8.0/System.Reflection.Emit.Lightweight.dll
                 Private = 'false'
             /usr/share/dotnet/packs/Microsoft.NETCore.App.Ref/8.0.23/ref/net8.0/System.Reflection.Emit.dll
                 Private = 'false'
             /usr/share/dotnet/packs/Microsoft.NETCore.App.Ref/8.0.23/ref/net8.0/System.Reflection.Extensions.dll
                 Private = 'false'
             /usr/share/dotnet/packs/Microsoft.NETCore.App.Ref/8.0.23/ref/net8.0/System.Reflection.Metadata.dll
                 Private = 'false'
             /usr/share/dotnet/packs/Microsoft.NETCore.App.Ref/8.0.23/ref/net8.0/System.Reflection.Primitives.dll
                 Private = 'false'
             /usr/share/dotnet/packs/Microsoft.NETCore.App.Ref/8.0.23/ref/net8.0/System.Reflection.TypeExtensions.dll
                 Private = 'false'
             /usr/share/dotnet/packs/Microsoft.NETCore.App.Ref/8.0.23/ref/net8.0/System.Reflection.dll
                 Private = 'false'
             /usr/share/dotnet/packs/Microsoft.NETCore.App.Ref/8.0.23/ref/net8.0/System.Resources.Reader.dll
                 Private = 'false'
             /usr/share/dotnet/packs/Microsoft.NETCore.App.Ref/8.0.23/ref/net8.0/System.Resources.ResourceManager.dll
                 Private = 'false'
             /usr/share/dotnet/packs/Microsoft.NETCore.App.Ref/8.0.23/ref/net8.0/System.Resources.Writer.dll
                 Private = 'false'
             /usr/share/dotnet/packs/Microsoft.NETCore.App.Ref/8.0.23/ref/net8.0/System.Runtime.CompilerServices.Unsafe.dll
                 Private = 'false'
             /usr/share/dotnet/packs/Microsoft.NETCore.App.Ref/8.0.23/ref/net8.0/System.Runtime.CompilerServices.VisualC.dll
                 Private = 'false'
             /usr/share/dotnet/packs/Microsoft.NETCore.App.Ref/8.0.23/ref/net8.0/System.Runtime.Extensions.dll
                 Private = 'false'
             /usr/share/dotnet/packs/Microsoft.NETCore.App.Ref/8.0.23/ref/net8.0/System.Runtime.Handles.dll
                 Private = 'false'
             /usr/share/dotnet/packs/Microsoft.NETCore.App.Ref/8.0.23/ref/net8.0/System.Runtime.InteropServices.JavaScript.dll
                 Private = 'false'
             /usr/share/dotnet/packs/Microsoft.NETCore.App.Ref/8.0.23/ref/net8.0/System.Runtime.InteropServices.RuntimeInformation.dll
                 Private = 'false'
             /usr/share/dotnet/packs/Microsoft.NETCore.App.Ref/8.0.23/ref/net8.0/System.Runtime.InteropServices.dll
                 Private = 'false'
             /usr/share/dotnet/packs/Microsoft.NETCore.App.Ref/8.0.23/ref/net8.0/System.Runtime.Intrinsics.dll
                 Private = 'false'
             /usr/share/dotnet/packs/Microsoft.NETCore.App.Ref/8.0.23/ref/net8.0/System.Runtime.Loader.dll
                 Private = 'false'
             /usr/share/dotnet/packs/Microsoft.NETCore.App.Ref/8.0.23/ref/net8.0/System.Runtime.Numerics.dll
                 Private = 'false'
             /usr/share/dotnet/packs/Microsoft.NETCore.App.Ref/8.0.23/ref/net8.0/System.Runtime.Serialization.Formatters.dll
                 Private = 'false'
             /usr/share/dotnet/packs/Microsoft.NETCore.App.Ref/8.0.23/ref/net8.0/System.Runtime.Serialization.Json.dll
                 Private = 'false'
             /usr/share/dotnet/packs/Microsoft.NETCore.App.Ref/8.0.23/ref/net8.0/System.Runtime.Serialization.Primitives.dll
                 Private = 'false'
             /usr/share/dotnet/packs/Microsoft.NETCore.App.Ref/8.0.23/ref/net8.0/System.Runtime.Serialization.Xml.dll
                 Private = 'false'
             /usr/share/dotnet/packs/Microsoft.NETCore.App.Ref/8.0.23/ref/net8.0/System.Runtime.Serialization.dll
                 Private = 'false'
             /usr/share/dotnet/packs/Microsoft.NETCore.App.Ref/8.0.23/ref/net8.0/System.Runtime.dll
                 Private = 'false'
             /usr/share/dotnet/packs/Microsoft.NETCore.App.Ref/8.0.23/ref/net8.0/System.Security.AccessControl.dll
                 Private = 'false'
             /usr/share/dotnet/packs/Microsoft.NETCore.App.Ref/8.0.23/ref/net8.0/System.Security.Claims.dll
                 Private = 'false'
             /usr/share/dotnet/packs/Microsoft.NETCore.App.Ref/8.0.23/ref/net8.0/System.Security.Cryptography.Algorithms.dll
                 Private = 'false'
             /usr/share/dotnet/packs/Microsoft.NETCore.App.Ref/8.0.23/ref/net8.0/System.Security.Cryptography.Cng.dll
                 Private = 'false'
             /usr/share/dotnet/packs/Microsoft.NETCore.App.Ref/8.0.23/ref/net8.0/System.Security.Cryptography.Csp.dll
                 Private = 'false'
             /usr/share/dotnet/packs/Microsoft.NETCore.App.Ref/8.0.23/ref/net8.0/System.Security.Cryptography.Encoding.dll
                 Private = 'false'
             /usr/share/dotnet/packs/Microsoft.NETCore.App.Ref/8.0.23/ref/net8.0/System.Security.Cryptography.OpenSsl.dll
                 Private = 'false'
             /usr/share/dotnet/packs/Microsoft.NETCore.App.Ref/8.0.23/ref/net8.0/System.Security.Cryptography.Primitives.dll
                 Private = 'false'
             /usr/share/dotnet/packs/Microsoft.NETCore.App.Ref/8.0.23/ref/net8.0/System.Security.Cryptography.X509Certificates.dll
                 Private = 'false'
             /usr/share/dotnet/packs/Microsoft.NETCore.App.Ref/8.0.23/ref/net8.0/System.Security.Cryptography.dll
                 Private = 'false'
             /usr/share/dotnet/packs/Microsoft.NETCore.App.Ref/8.0.23/ref/net8.0/System.Security.Principal.Windows.dll
                 Private = 'false'
             /usr/share/dotnet/packs/Microsoft.NETCore.App.Ref/8.0.23/ref/net8.0/System.Security.Principal.dll
                 Private = 'false'
             /usr/share/dotnet/packs/Microsoft.NETCore.App.Ref/8.0.23/ref/net8.0/System.Security.SecureString.dll
                 Private = 'false'
             /usr/share/dotnet/packs/Microsoft.NETCore.App.Ref/8.0.23/ref/net8.0/System.Security.dll
                 Private = 'false'
             /usr/share/dotnet/packs/Microsoft.NETCore.App.Ref/8.0.23/ref/net8.0/System.ServiceModel.Web.dll
                 Private = 'false'
             /usr/share/dotnet/packs/Microsoft.NETCore.App.Ref/8.0.23/ref/net8.0/System.ServiceProcess.dll
                 Private = 'false'
             /usr/share/dotnet/packs/Microsoft.NETCore.App.Ref/8.0.23/ref/net8.0/System.Text.Encoding.CodePages.dll
                 Private = 'false'
             /usr/share/dotnet/packs/Microsoft.NETCore.App.Ref/8.0.23/ref/net8.0/System.Text.Encoding.Extensions.dll
                 Private = 'false'
             /usr/share/dotnet/packs/Microsoft.NETCore.App.Ref/8.0.23/ref/net8.0/System.Text.Encoding.dll
                 Private = 'false'
             /usr/share/dotnet/packs/Microsoft.NETCore.App.Ref/8.0.23/ref/net8.0/System.Text.Encodings.Web.dll
                 Private = 'false'
             /usr/share/dotnet/packs/Microsoft.NETCore.App.Ref/8.0.23/ref/net8.0/System.Text.Json.dll
                 Private = 'false'
             /usr/share/dotnet/packs/Microsoft.NETCore.App.Ref/8.0.23/ref/net8.0/System.Text.RegularExpressions.dll
                 Private = 'false'
             /usr/share/dotnet/packs/Microsoft.NETCore.App.Ref/8.0.23/ref/net8.0/System.Threading.Channels.dll
                 Private = 'false'
             /usr/share/dotnet/packs/Microsoft.NETCore.App.Ref/8.0.23/ref/net8.0/System.Threading.Overlapped.dll
                 Private = 'false'
             /usr/share/dotnet/packs/Microsoft.NETCore.App.Ref/8.0.23/ref/net8.0/System.Threading.Tasks.Dataflow.dll
                 Private = 'false'
             /usr/share/dotnet/packs/Microsoft.NETCore.App.Ref/8.0.23/ref/net8.0/System.Threading.Tasks.Extensions.dll
                 Private = 'false'
             /usr/share/dotnet/packs/Microsoft.NETCore.App.Ref/8.0.23/ref/net8.0/System.Threading.Tasks.Parallel.dll
                 Private = 'false'
             /usr/share/dotnet/packs/Microsoft.NETCore.App.Ref/8.0.23/ref/net8.0/System.Threading.Tasks.dll
                 Private = 'false'
             /usr/share/dotnet/packs/Microsoft.NETCore.App.Ref/8.0.23/ref/net8.0/System.Threading.Thread.dll
                 Private = 'false'
             /usr/share/dotnet/packs/Microsoft.NETCore.App.Ref/8.0.23/ref/net8.0/System.Threading.ThreadPool.dll
                 Private = 'false'
             /usr/share/dotnet/packs/Microsoft.NETCore.App.Ref/8.0.23/ref/net8.0/System.Threading.Timer.dll
                 Private = 'false'
             /usr/share/dotnet/packs/Microsoft.NETCore.App.Ref/8.0.23/ref/net8.0/System.Threading.dll
                 Private = 'false'
             /usr/share/dotnet/packs/Microsoft.NETCore.App.Ref/8.0.23/ref/net8.0/System.Transactions.Local.dll
                 Private = 'false'
             /usr/share/dotnet/packs/Microsoft.NETCore.App.Ref/8.0.23/ref/net8.0/System.Transactions.dll
                 Private = 'false'
             /usr/share/dotnet/packs/Microsoft.NETCore.App.Ref/8.0.23/ref/net8.0/System.ValueTuple.dll
                 Private = 'false'
             /usr/share/dotnet/packs/Microsoft.NETCore.App.Ref/8.0.23/ref/net8.0/System.Web.HttpUtility.dll
                 Private = 'false'
             /usr/share/dotnet/packs/Microsoft.NETCore.App.Ref/8.0.23/ref/net8.0/System.Web.dll
                 Private = 'false'
             /usr/share/dotnet/packs/Microsoft.NETCore.App.Ref/8.0.23/ref/net8.0/System.Windows.dll
                 Private = 'false'
             /usr/share/dotnet/packs/Microsoft.NETCore.App.Ref/8.0.23/ref/net8.0/System.Xml.Linq.dll
                 Private = 'false'
             /usr/share/dotnet/packs/Microsoft.NETCore.App.Ref/8.0.23/ref/net8.0/System.Xml.ReaderWriter.dll
                 Private = 'false'
             /usr/share/dotnet/packs/Microsoft.NETCore.App.Ref/8.0.23/ref/net8.0/System.Xml.Serialization.dll
                 Private = 'false'
             /usr/share/dotnet/packs/Microsoft.NETCore.App.Ref/8.0.23/ref/net8.0/System.Xml.XDocument.dll
                 Private = 'false'
             /usr/share/dotnet/packs/Microsoft.NETCore.App.Ref/8.0.23/ref/net8.0/System.Xml.XPath.XDocument.dll
                 Private = 'false'
             /usr/share/dotnet/packs/Microsoft.NETCore.App.Ref/8.0.23/ref/net8.0/System.Xml.XPath.dll
                 Private = 'false'
             /usr/share/dotnet/packs/Microsoft.NETCore.App.Ref/8.0.23/ref/net8.0/System.Xml.XmlDocument.dll
                 Private = 'false'
             /usr/share/dotnet/packs/Microsoft.NETCore.App.Ref/8.0.23/ref/net8.0/System.Xml.XmlSerializer.dll
                 Private = 'false'
             /usr/share/dotnet/packs/Microsoft.NETCore.App.Ref/8.0.23/ref/net8.0/System.Xml.dll
                 Private = 'false'
             /usr/share/dotnet/packs/Microsoft.NETCore.App.Ref/8.0.23/ref/net8.0/System.dll
                 Private = 'false'
             /usr/share/dotnet/packs/Microsoft.NETCore.App.Ref/8.0.23/ref/net8.0/WindowsBase.dll
                 Private = 'false'
             /usr/share/dotnet/packs/Microsoft.NETCore.App.Ref/8.0.23/ref/net8.0/mscorlib.dll
                 Private = 'false'
             /usr/share/dotnet/packs/Microsoft.NETCore.App.Ref/8.0.23/ref/net8.0/netstandard.dll
                 Private = 'false'
         AssemblyFiles:
             /modernize-data/studio-data/TNT1001/APP1166/transformed-code/344/studio-workspace/TMS22/src/TourManagement.Domain/bin/Debug/net8.0/TourManagement.Domain.dll
             /modernize-data/studio-data/TNT1001/APP1166/transformed-code/344/studio-workspace/TMS22/src/TourManagement.Application/bin/Debug/net8.0/TourManagement.Application.dll
         CandidateAssemblyFiles:
         TargetFrameworkDirectories:
             
         InstalledAssemblyTables:
         IgnoreInstalledAssemblyTable:
             False
         SearchPaths:
             {CandidateAssemblyFiles}
             {HintPathFromItem}
             {TargetFrameworkDirectory}
             {RawFileName}
         AllowedAssemblyExtensions:
             .winmd
             .dll
             .exe
         AllowedRelatedFileExtensions:
             .pdb
             .xml
             .pri
             .dll.config
             .exe.config
         AppConfigFile:
             
         AutoUnify:
             True
         CopyLocalDependenciesWhenParentReferenceInGac:
             True
         FindDependencies:
             True
         TargetProcessorArchitecture:
             msil
         StateFile:
             obj/Debug/net8.0/TourManagement.Infrastructure.csproj.AssemblyReference.cache
         InstalledAssemblySubsetTables:
         IgnoreInstalledAssemblySubsetTable:
             False
         TargetFrameworkSubsets:
         FullTargetFrameworkSubsetNames:
             Full
         ProfileName:
             
         FullFrameworkFolders:
         LatestTargetFrameworkDirectories:
         ProfileTablesLocation:
         Primary reference "TourManagement.Domain, Version=1.0.0.0, Culture=neutral, PublicKeyToken=null".
             Resolved file path is "/modernize-data/studio-data/TNT1001/APP1166/transformed-code/344/studio-workspace/TMS22/src/TourManagement.Domain/bin/Debug/net8.0/TourManagement.Domain.dll".
             Reference found at search path location "/modernize-data/studio-data/TNT1001/APP1166/transformed-code/344/studio-workspace/TMS22/src/TourManagement.Domain/bin/Debug/net8.0/TourManagement.Domain.dll".
             Found related file "/modernize-data/studio-data/TNT1001/APP1166/transformed-code/344/studio-workspace/TMS22/src/TourManagement.Domain/bin/Debug/net8.0/TourManagement.Domain.pdb".
             The ImageRuntimeVersion for this reference is "".
         Primary reference "TourManagement.Application, Version=1.0.0.0, Culture=neutral, PublicKeyToken=null".
             Resolved file path is "/modernize-data/studio-data/TNT1001/APP1166/transformed-code/344/studio-workspace/TMS22/src/TourManagement.Application/bin/Debug/net8.0/TourManagement.Application.dll".
             Reference found at search path location "/modernize-data/studio-data/TNT1001/APP1166/transformed-code/344/studio-workspace/TMS22/src/TourManagement.Application/bin/Debug/net8.0/TourManagement.Application.dll".
             Found related file "/modernize-data/studio-data/TNT1001/APP1166/transformed-code/344/studio-workspace/TMS22/src/TourManagement.Application/bin/Debug/net8.0/TourManagement.Application.pdb".
             The ImageRuntimeVersion for this reference is "".
         Primary reference "BCrypt.Net-Next, Version=4.0.3.0, Culture=neutral, PublicKeyToken=1e11be04b6288443".
             Resolved file path is "/home/studioai/.nuget/packages/bcrypt.net-next/4.0.3/lib/net6.0/BCrypt.Net-Next.dll".
             Reference found at search path location "{HintPathFromItem}".
             This reference is not "CopyLocal" because at least one source item had "Private" set to "false" and no source items had "Private" set to "true".
             The ImageRuntimeVersion for this reference is "".
         Primary reference "EFCore.NamingConventions, Version=8.0.0.0, Culture=neutral, PublicKeyToken=5d8b90d52f46fda7".
             Resolved file path is "/home/studioai/.nuget/packages/efcore.namingconventions/8.0.0/lib/net8.0/EFCore.NamingConventions.dll".
             Reference found at search path location "{HintPathFromItem}".
             This reference is not "CopyLocal" because at least one source item had "Private" set to "false" and no source items had "Private" set to "true".
             The ImageRuntimeVersion for this reference is "".
         Primary reference "Microsoft.EntityFrameworkCore, Version=8.0.0.0, Culture=neutral, PublicKeyToken=adb9793829ddae60".
             Resolved file path is "/home/studioai/.nuget/packages/microsoft.entityframeworkcore/8.0.0/lib/net8.0/Microsoft.EntityFrameworkCore.dll".
             Reference found at search path location "{HintPathFromItem}".
             This reference is not "CopyLocal" because at least one source item had "Private" set to "false" and no source items had "Private" set to "true".
             The ImageRuntimeVersion for this reference is "".
         Primary reference "Microsoft.EntityFrameworkCore.Abstractions, Version=8.0.0.0, Culture=neutral, PublicKeyToken=adb9793829ddae60".
             Resolved file path is "/home/studioai/.nuget/packages/microsoft.entityframeworkcore.abstractions/8.0.0/lib/net8.0/Microsoft.EntityFrameworkCore.Abstractions.dll".
             Reference found at search path location "{HintPathFromItem}".
             This reference is not "CopyLocal" because at least one source item had "Private" set to "false" and no source items had "Private" set to "true".
             The ImageRuntimeVersion for this reference is "".
         Primary reference "Microsoft.EntityFrameworkCore.Relational, Version=8.0.0.0, Culture=neutral, PublicKeyToken=adb9793829ddae60".
             Resolved file path is "/home/studioai/.nuget/packages/microsoft.entityframeworkcore.relational/8.0.0/lib/net8.0/Microsoft.EntityFrameworkCore.Relational.dll".
             Reference found at search path location "{HintPathFromItem}".
             This reference is not "CopyLocal" because at least one source item had "Private" set to "false" and no source items had "Private" set to "true".
             The ImageRuntimeVersion for this reference is "".
         Primary reference "Microsoft.Extensions.Caching.Abstractions, Version=8.0.0.0, Culture=neutral, PublicKeyToken=adb9793829ddae60".
             Resolved file path is "/home/studioai/.nuget/packages/microsoft.extensions.caching.abstractions/8.0.0/lib/net8.0/Microsoft.Extensions.Caching.Abstractions.dll".
             Reference found at search path location "{HintPathFromItem}".
             This reference is not "CopyLocal" because at least one source item had "Private" set to "false" and no source items had "Private" set to "true".
             The ImageRuntimeVersion for this reference is "".
         Primary reference "Microsoft.Extensions.Caching.Memory, Version=8.0.0.0, Culture=neutral, PublicKeyToken=adb9793829ddae60".
             Resolved file path is "/home/studioai/.nuget/packages/microsoft.extensions.caching.memory/8.0.0/lib/net8.0/Microsoft.Extensions.Caching.Memory.dll".
             Reference found at search path location "{HintPathFromItem}".
             This reference is not "CopyLocal" because at least one source item had "Private" set to "false" and no source items had "Private" set to "true".
             The ImageRuntimeVersion for this reference is "".
         Primary reference "Microsoft.Extensions.Configuration.Abstractions, Version=8.0.0.0, Culture=neutral, PublicKeyToken=adb9793829ddae60".
             Resolved file path is "/home/studioai/.nuget/packages/microsoft.extensions.configuration.abstractions/8.0.0/lib/net8.0/Microsoft.Extensions.Configuration.Abstractions.dll".
             Reference found at search path location "{HintPathFromItem}".
             This reference is not "CopyLocal" because at least one source item had "Private" set to "false" and no source items had "Private" set to "true".
             The ImageRuntimeVersion for this reference is "".
         Primary reference "Microsoft.Extensions.DependencyInjection, Version=8.0.0.0, Culture=neutral, PublicKeyToken=adb9793829ddae60".
             Resolved file path is "/home/studioai/.nuget/packages/microsoft.extensions.dependencyinjection/8.0.0/lib/net8.0/Microsoft.Extensions.DependencyInjection.dll".
             Reference found at search path location "{HintPathFromItem}".
             This reference is not "CopyLocal" because at least one source item had "Private" set to "false" and no source items had "Private" set to "true".
             The ImageRuntimeVersion for this reference is "".
         Primary reference "Microsoft.Extensions.DependencyInjection.Abstractions, Version=8.0.0.0, Culture=neutral, PublicKeyToken=adb9793829ddae60".
             Resolved file path is "/home/studioai/.nuget/packages/microsoft.extensions.dependencyinjection.abstractions/8.0.0/lib/net8.0/Microsoft.Extensions.DependencyInjection.Abstractions.dll".
             Reference found at search path location "{HintPathFromItem}".
             This reference is not "CopyLocal" because at least one source item had "Private" set to "false" and no source items had "Private" set to "true".
             The ImageRuntimeVersion for this reference is "".
         Primary reference "Microsoft.Extensions.Logging, Version=8.0.0.0, Culture=neutral, PublicKeyToken=adb9793829ddae60".
             Resolved file path is "/home/studioai/.nuget/packages/microsoft.extensions.logging/8.0.0/lib/net8.0/Microsoft.Extensions.Logging.dll".
             Reference found at search path location "{HintPathFromItem}".
             This reference is not "CopyLocal" because at least one source item had "Private" set to "false" and no source items had "Private" set to "true".
             The ImageRuntimeVersion for this reference is "".
         Primary reference "Microsoft.Extensions.Logging.Abstractions, Version=8.0.0.0, Culture=neutral, PublicKeyToken=adb9793829ddae60".
             Resolved file path is "/home/studioai/.nuget/packages/microsoft.extensions.logging.abstractions/8.0.0/lib/net8.0/Microsoft.Extensions.Logging.Abstractions.dll".
             Reference found at search path location "{HintPathFromItem}".
             This reference is not "CopyLocal" because at least one source item had "Private" set to "false" and no source items had "Private" set to "true".
             The ImageRuntimeVersion for this reference is "".
         Primary reference "Microsoft.Extensions.Options, Version=8.0.0.0, Culture=neutral, PublicKeyToken=adb9793829ddae60".
             Resolved file path is "/home/studioai/.nuget/packages/microsoft.extensions.options/8.0.0/lib/net8.0/Microsoft.Extensions.Options.dll".
             Reference found at search path location "{HintPathFromItem}".
             This reference is not "CopyLocal" because at least one source item had "Private" set to "false" and no source items had "Private" set to "true".
             The ImageRuntimeVersion for this reference is "".
         Primary reference "Microsoft.Extensions.Primitives, Version=8.0.0.0, Culture=neutral, PublicKeyToken=adb9793829ddae60".
             Resolved file path is "/home/studioai/.nuget/packages/microsoft.extensions.primitives/8.0.0/lib/net8.0/Microsoft.Extensions.Primitives.dll".
             Reference found at search path location "{HintPathFromItem}".
             This reference is not "CopyLocal" because at least one source item had "Private" set to "false" and no source items had "Private" set to "true".
             The ImageRuntimeVersion for this reference is "".
         Primary reference "Npgsql, Version=8.0.0.0, Culture=neutral, PublicKeyToken=5d8b90d52f46fda7".
             Resolved file path is "/home/studioai/.nuget/packages/npgsql/8.0.0/lib/net8.0/Npgsql.dll".
             Reference found at search path location "{HintPathFromItem}".
             This reference is not "CopyLocal" because at least one source item had "Private" set to "false" and no source items had "Private" set to "true".
             The ImageRuntimeVersion for this reference is "".
         Primary reference "Npgsql.EntityFrameworkCore.PostgreSQL, Version=8.0.0.0, Culture=neutral, PublicKeyToken=5d8b90d52f46fda7".
             Resolved file path is "/home/studioai/.nuget/packages/npgsql.entityframeworkcore.postgresql/8.0.0/lib/net8.0/Npgsql.EntityFrameworkCore.PostgreSQL.dll".
             Reference found at search path location "{HintPathFromItem}".
             This reference is not "CopyLocal" because at least one source item had "Private" set to "false" and no source items had "Private" set to "true".
             The ImageRuntimeVersion for this reference is "".
         Primary reference "Microsoft.CSharp, Version=8.0.0.0, Culture=neutral, PublicKeyToken=b03f5f7f11d50a3a".
             Resolved file path is "/usr/share/dotnet/packs/Microsoft.NETCore.App.Ref/8.0.23/ref/net8.0/Microsoft.CSharp.dll".
             Reference found at search path location "{RawFileName}".
             This reference is not "CopyLocal" because at least one source item had "Private" set to "false" and no source items had "Private" set to "true".
             The ImageRuntimeVersion for this reference is "".
         Primary reference "Microsoft.VisualBasic.Core, Version=13.0.0.0, Culture=neutral, PublicKeyToken=b03f5f7f11d50a3a".
             Resolved file path is "/usr/share/dotnet/packs/Microsoft.NETCore.App.Ref/8.0.23/ref/net8.0/Microsoft.VisualBasic.Core.dll".
             Reference found at search path location "{RawFileName}".
             This reference is not "CopyLocal" because at least one source item had "Private" set to "false" and no source items had "Private" set to "true".
             The ImageRuntimeVersion for this reference is "".
         Primary reference "Microsoft.VisualBasic, Version=10.0.0.0, Culture=neutral, PublicKeyToken=b03f5f7f11d50a3a".
             Resolved file path is "/usr/share/dotnet/packs/Microsoft.NETCore.App.Ref/8.0.23/ref/net8.0/Microsoft.VisualBasic.dll".
             Reference found at search path location "{RawFileName}".
             This reference is not "CopyLocal" because at least one source item had "Private" set to "false" and no source items had "Private" set to "true".
             The ImageRuntimeVersion for this reference is "".
         Primary reference "Microsoft.Win32.Primitives, Version=8.0.0.0, Culture=neutral, PublicKeyToken=b03f5f7f11d50a3a".
             Resolved file path is "/usr/share/dotnet/packs/Microsoft.NETCore.App.Ref/8.0.23/ref/net8.0/Microsoft.Win32.Primitives.dll".
             Reference found at search path location "{RawFileName}".
             This reference is not "CopyLocal" because at least one source item had "Private" set to "false" and no source items had "Private" set to "true".
             The ImageRuntimeVersion for this reference is "".
         Primary reference "Microsoft.Win32.Registry, Version=8.0.0.0, Culture=neutral, PublicKeyToken=b03f5f7f11d50a3a".
             Resolved file path is "/usr/share/dotnet/packs/Microsoft.NETCore.App.Ref/8.0.23/ref/net8.0/Microsoft.Win32.Registry.dll".
             Reference found at search path location "{RawFileName}".
             This reference is not "CopyLocal" because at least one source item had "Private" set to "false" and no source items had "Private" set to "true".
             The ImageRuntimeVersion for this reference is "".
         Primary reference "System.AppContext, Version=8.0.0.0, Culture=neutral, PublicKeyToken=b03f5f7f11d50a3a".
             Resolved file path is "/usr/share/dotnet/packs/Microsoft.NETCore.App.Ref/8.0.23/ref/net8.0/System.AppContext.dll".
             Reference found at search path location "{RawFileName}".
             This reference is not "CopyLocal" because at least one source item had "Private" set to "false" and no source items had "Private" set to "true".
             The ImageRuntimeVersion for this reference is "".
         Primary reference "System.Buffers, Version=8.0.0.0, Culture=neutral, PublicKeyToken=cc7b13ffcd2ddd51".
             Resolved file path is "/usr/share/dotnet/packs/Microsoft.NETCore.App.Ref/8.0.23/ref/net8.0/System.Buffers.dll".
             Reference found at search path location "{RawFileName}".
             This reference is not "CopyLocal" because at least one source item had "Private" set to "false" and no source items had "Private" set to "true".
             The ImageRuntimeVersion for this reference is "".
         Primary reference "System.Collections.Concurrent, Version=8.0.0.0, Culture=neutral, PublicKeyToken=b03f5f7f11d50a3a".
             Resolved file path is "/usr/share/dotnet/packs/Microsoft.NETCore.App.Ref/8.0.23/ref/net8.0/System.Collections.Concurrent.dll".
             Reference found at search path location "{RawFileName}".
             This reference is not "CopyLocal" because at least one source item had "Private" set to "false" and no source items had "Private" set to "true".
             The ImageRuntimeVersion for this reference is "".
         Primary reference "System.Collections.Immutable, Version=8.0.0.0, Culture=neutral, PublicKeyToken=b03f5f7f11d50a3a".
             Resolved file path is "/usr/share/dotnet/packs/Microsoft.NETCore.App.Ref/8.0.23/ref/net8.0/System.Collections.Immutable.dll".
             Reference found at search path location "{RawFileName}".
             This reference is not "CopyLocal" because at least one source item had "Private" set to "false" and no source items had "Private" set to "true".
             The ImageRuntimeVersion for this reference is "".
         Primary reference "System.Collections.NonGeneric, Version=8.0.0.0, Culture=neutral, PublicKeyToken=b03f5f7f11d50a3a".
             Resolved file path is "/usr/share/dotnet/packs/Microsoft.NETCore.App.Ref/8.0.23/ref/net8.0/System.Collections.NonGeneric.dll".
             Reference found at search path location "{RawFileName}".
             This reference is not "CopyLocal" because at least one source item had "Private" set to "false" and no source items had "Private" set to "true".
             The ImageRuntimeVersion for this reference is "".
         Primary reference "System.Collections.Specialized, Version=8.0.0.0, Culture=neutral, PublicKeyToken=b03f5f7f11d50a3a".
             Resolved file path is "/usr/share/dotnet/packs/Microsoft.NETCore.App.Ref/8.0.23/ref/net8.0/System.Collections.Specialized.dll".
             Reference found at search path location "{RawFileName}".
             This reference is not "CopyLocal" because at least one source item had "Private" set to "false" and no source items had "Private" set to "true".
             The ImageRuntimeVersion for this reference is "".
         Primary reference "System.Collections, Version=8.0.0.0, Culture=neutral, PublicKeyToken=b03f5f7f11d50a3a".
             Resolved file path is "/usr/share/dotnet/packs/Microsoft.NETCore.App.Ref/8.0.23/ref/net8.0/System.Collections.dll".
             Reference found at search path location "{RawFileName}".
             This reference is not "CopyLocal" because at least one source item had "Private" set to "false" and no source items had "Private" set to "true".
             The ImageRuntimeVersion for this reference is "".
         Primary reference "System.ComponentModel.Annotations, Version=8.0.0.0, Culture=neutral, PublicKeyToken=b03f5f7f11d50a3a".
             Resolved file path is "/usr/share/dotnet/packs/Microsoft.NETCore.App.Ref/8.0.23/ref/net8.0/System.ComponentModel.Annotations.dll".
             Reference found at search path location "{RawFileName}".
             This reference is not "CopyLocal" because at least one source item had "Private" set to "false" and no source items had "Private" set to "true".
             The ImageRuntimeVersion for this reference is "".
         Primary reference "System.ComponentModel.DataAnnotations, Version=4.0.0.0, Culture=neutral, PublicKeyToken=31bf3856ad364e35".
             Resolved file path is "/usr/share/dotnet/packs/Microsoft.NETCore.App.Ref/8.0.23/ref/net8.0/System.ComponentModel.DataAnnotations.dll".
             Reference found at search path location "{RawFileName}".
             This reference is not "CopyLocal" because at least one source item had "Private" set to "false" and no source items had "Private" set to "true".
             The ImageRuntimeVersion for this reference is "".
         Primary reference "System.ComponentModel.EventBasedAsync, Version=8.0.0.0, Culture=neutral, PublicKeyToken=b03f5f7f11d50a3a".
             Resolved file path is "/usr/share/dotnet/packs/Microsoft.NETCore.App.Ref/8.0.23/ref/net8.0/System.ComponentModel.EventBasedAsync.dll".
             Reference found at search path location "{RawFileName}".
             This reference is not "CopyLocal" because at least one source item had "Private" set to "false" and no source items had "Private" set to "true".
             The ImageRuntimeVersion for this reference is "".
         Primary reference "System.ComponentModel.Primitives, Version=8.0.0.0, Culture=neutral, PublicKeyToken=b03f5f7f11d50a3a".
             Resolved file path is "/usr/share/dotnet/packs/Microsoft.NETCore.App.Ref/8.0.23/ref/net8.0/System.ComponentModel.Primitives.dll".
             Reference found at search path location "{RawFileName}".
             This reference is not "CopyLocal" because at least one source item had "Private" set to "false" and no source items had "Private" set to "true".
             The ImageRuntimeVersion for this reference is "".
         Primary reference "System.ComponentModel.TypeConverter, Version=8.0.0.0, Culture=neutral, PublicKeyToken=b03f5f7f11d50a3a".
             Resolved file path is "/usr/share/dotnet/packs/Microsoft.NETCore.App.Ref/8.0.23/ref/net8.0/System.ComponentModel.TypeConverter.dll".
             Reference found at search path location "{RawFileName}".
             This reference is not "CopyLocal" because at least one source item had "Private" set to "false" and no source items had "Private" set to "true".
             The ImageRuntimeVersion for this reference is "".
         Primary reference "System.ComponentModel, Version=8.0.0.0, Culture=neutral, PublicKeyToken=b03f5f7f11d50a3a".
             Resolved file path is "/usr/share/dotnet/packs/Microsoft.NETCore.App.Ref/8.0.23/ref/net8.0/System.ComponentModel.dll".
             Reference found at search path location "{RawFileName}".
             This reference is not "CopyLocal" because at least one source item had "Private" set to "false" and no source items had "Private" set to "true".
             The ImageRuntimeVersion for this reference is "".
         Primary reference "System.Configuration, Version=4.0.0.0, Culture=neutral, PublicKeyToken=b03f5f7f11d50a3a".
             Resolved file path is "/usr/share/dotnet/packs/Microsoft.NETCore.App.Ref/8.0.23/ref/net8.0/System.Configuration.dll".
             Reference found at search path location "{RawFileName}".
             This reference is not "CopyLocal" because at least one source item had "Private" set to "false" and no source items had "Private" set to "true".
             The ImageRuntimeVersion for this reference is "".
         Primary reference "System.Console, Version=8.0.0.0, Culture=neutral, PublicKeyToken=b03f5f7f11d50a3a".
             Resolved file path is "/usr/share/dotnet/packs/Microsoft.NETCore.App.Ref/8.0.23/ref/net8.0/System.Console.dll".
             Reference found at search path location "{RawFileName}".
             This reference is not "CopyLocal" because at least one source item had "Private" set to "false" and no source items had "Private" set to "true".
             The ImageRuntimeVersion for this reference is "".
         Primary reference "System.Core, Version=4.0.0.0, Culture=neutral, PublicKeyToken=b77a5c561934e089".
             Resolved file path is "/usr/share/dotnet/packs/Microsoft.NETCore.App.Ref/8.0.23/ref/net8.0/System.Core.dll".
             Reference found at search path location "{RawFileName}".
             This reference is not "CopyLocal" because at least one source item had "Private" set to "false" and no source items had "Private" set to "true".
             The ImageRuntimeVersion for this reference is "".
         Primary reference "System.Data.Common, Version=8.0.0.0, Culture=neutral, PublicKeyToken=b03f5f7f11d50a3a".
             Resolved file path is "/usr/share/dotnet/packs/Microsoft.NETCore.App.Ref/8.0.23/ref/net8.0/System.Data.Common.dll".
             Reference found at search path location "{RawFileName}".
             This reference is not "CopyLocal" because at least one source item had "Private" set to "false" and no source items had "Private" set to "true".
             The ImageRuntimeVersion for this reference is "".
         Primary reference "System.Data.DataSetExtensions, Version=8.0.0.0, Culture=neutral, PublicKeyToken=b77a5c561934e089".
             Resolved file path is "/usr/share/dotnet/packs/Microsoft.NETCore.App.Ref/8.0.23/ref/net8.0/System.Data.DataSetExtensions.dll".
             Reference found at search path location "{RawFileName}".
             This reference is not "CopyLocal" because at least one source item had "Private" set to "false" and no source items had "Private" set to "true".
             The ImageRuntimeVersion for this reference is "".
         Primary reference "System.Data, Version=4.0.0.0, Culture=neutral, PublicKeyToken=b77a5c561934e089".
             Resolved file path is "/usr/share/dotnet/packs/Microsoft.NETCore.App.Ref/8.0.23/ref/net8.0/System.Data.dll".
             Reference found at search path location "{RawFileName}".
             This reference is not "CopyLocal" because at least one source item had "Private" set to "false" and no source items had "Private" set to "true".
             The ImageRuntimeVersion for this reference is "".
         Primary reference "System.Diagnostics.Contracts, Version=8.0.0.0, Culture=neutral, PublicKeyToken=b03f5f7f11d50a3a".
             Resolved file path is "/usr/share/dotnet/packs/Microsoft.NETCore.App.Ref/8.0.23/ref/net8.0/System.Diagnostics.Contracts.dll".
             Reference found at search path location "{RawFileName}".
             This reference is not "CopyLocal" because at least one source item had "Private" set to "false" and no source items had "Private" set to "true".
             The ImageRuntimeVersion for this reference is "".
         Primary reference "System.Diagnostics.Debug, Version=8.0.0.0, Culture=neutral, PublicKeyToken=b03f5f7f11d50a3a".
             Resolved file path is "/usr/share/dotnet/packs/Microsoft.NETCore.App.Ref/8.0.23/ref/net8.0/System.Diagnostics.Debug.dll".
             Reference found at search path location "{RawFileName}".
             This reference is not "CopyLocal" because at least one source item had "Private" set to "false" and no source items had "Private" set to "true".
             The ImageRuntimeVersion for this reference is "".
         Primary reference "System.Diagnostics.DiagnosticSource, Version=8.0.0.0, Culture=neutral, PublicKeyToken=cc7b13ffcd2ddd51".
             Resolved file path is "/usr/share/dotnet/packs/Microsoft.NETCore.App.Ref/8.0.23/ref/net8.0/System.Diagnostics.DiagnosticSource.dll".
             Reference found at search path location "{RawFileName}".
             This reference is not "CopyLocal" because at least one source item had "Private" set to "false" and no source items had "Private" set to "true".
             The ImageRuntimeVersion for this reference is "".
         Primary reference "System.Diagnostics.FileVersionInfo, Version=8.0.0.0, Culture=neutral, PublicKeyToken=b03f5f7f11d50a3a".
             Resolved file path is "/usr/share/dotnet/packs/Microsoft.NETCore.App.Ref/8.0.23/ref/net8.0/System.Diagnostics.FileVersionInfo.dll".
             Reference found at search path location "{RawFileName}".
             This reference is not "CopyLocal" because at least one source item had "Private" set to "false" and no source items had "Private" set to "true".
             The ImageRuntimeVersion for this reference is "".
         Primary reference "System.Diagnostics.Process, Version=8.0.0.0, Culture=neutral, PublicKeyToken=b03f5f7f11d50a3a".
             Resolved file path is "/usr/share/dotnet/packs/Microsoft.NETCore.App.Ref/8.0.23/ref/net8.0/System.Diagnostics.Process.dll".
             Reference found at search path location "{RawFileName}".
             This reference is not "CopyLocal" because at least one source item had "Private" set to "false" and no source items had "Private" set to "true".
             The ImageRuntimeVersion for this reference is "".
         Primary reference "System.Diagnostics.StackTrace, Version=8.0.0.0, Culture=neutral, PublicKeyToken=b03f5f7f11d50a3a".
             Resolved file path is "/usr/share/dotnet/packs/Microsoft.NETCore.App.Ref/8.0.23/ref/net8.0/System.Diagnostics.StackTrace.dll".
             Reference found at search path location "{RawFileName}".
             This reference is not "CopyLocal" because at least one source item had "Private" set to "false" and no source items had "Private" set to "true".
             The ImageRuntimeVersion for this reference is "".
         Primary reference "System.Diagnostics.TextWriterTraceListener, Version=8.0.0.0, Culture=neutral, PublicKeyToken=b03f5f7f11d50a3a".
             Resolved file path is "/usr/share/dotnet/packs/Microsoft.NETCore.App.Ref/8.0.23/ref/net8.0/System.Diagnostics.TextWriterTraceListener.dll".
             Reference found at search path location "{RawFileName}".
             This reference is not "CopyLocal" because at least one source item had "Private" set to "false" and no source items had "Private" set to "true".
             The ImageRuntimeVersion for this reference is "".
         Primary reference "System.Diagnostics.Tools, Version=8.0.0.0, Culture=neutral, PublicKeyToken=b03f5f7f11d50a3a".
             Resolved file path is "/usr/share/dotnet/packs/Microsoft.NETCore.App.Ref/8.0.23/ref/net8.0/System.Diagnostics.Tools.dll".
             Reference found at search path location "{RawFileName}".
             This reference is not "CopyLocal" because at least one source item had "Private" set to "false" and no source items had "Private" set to "true".
             The ImageRuntimeVersion for this reference is "".
         Primary reference "System.Diagnostics.TraceSource, Version=8.0.0.0, Culture=neutral, PublicKeyToken=b03f5f7f11d50a3a".
             Resolved file path is "/usr/share/dotnet/packs/Microsoft.NETCore.App.Ref/8.0.23/ref/net8.0/System.Diagnostics.TraceSource.dll".
             Reference found at search path location "{RawFileName}".
             This reference is not "CopyLocal" because at least one source item had "Private" set to "false" and no source items had "Private" set to "true".
             The ImageRuntimeVersion for this reference is "".
         Primary reference "System.Diagnostics.Tracing, Version=8.0.0.0, Culture=neutral, PublicKeyToken=b03f5f7f11d50a3a".
             Resolved file path is "/usr/share/dotnet/packs/Microsoft.NETCore.App.Ref/8.0.23/ref/net8.0/System.Diagnostics.Tracing.dll".
             Reference found at search path location "{RawFileName}".
             This reference is not "CopyLocal" because at least one source item had "Private" set to "false" and no source items had "Private" set to "true".
             The ImageRuntimeVersion for this reference is "".
         Primary reference "System.Drawing.Primitives, Version=8.0.0.0, Culture=neutral, PublicKeyToken=b03f5f7f11d50a3a".
             Resolved file path is "/usr/share/dotnet/packs/Microsoft.NETCore.App.Ref/8.0.23/ref/net8.0/System.Drawing.Primitives.dll".
             Reference found at search path location "{RawFileName}".
             This reference is not "CopyLocal" because at least one source item had "Private" set to "false" and no source items had "Private" set to "true".
             The ImageRuntimeVersion for this reference is "".
         Primary reference "System.Drawing, Version=4.0.0.0, Culture=neutral, PublicKeyToken=b03f5f7f11d50a3a".
             Resolved file path is "/usr/share/dotnet/packs/Microsoft.NETCore.App.Ref/8.0.23/ref/net8.0/System.Drawing.dll".
             Reference found at search path location "{RawFileName}".
             This reference is not "CopyLocal" because at least one source item had "Private" set to "false" and no source items had "Private" set to "true".
             The ImageRuntimeVersion for this reference is "".
         Primary reference "System.Dynamic.Runtime, Version=8.0.0.0, Culture=neutral, PublicKeyToken=b03f5f7f11d50a3a".
             Resolved file path is "/usr/share/dotnet/packs/Microsoft.NETCore.App.Ref/8.0.23/ref/net8.0/System.Dynamic.Runtime.dll".
             Reference found at search path location "{RawFileName}".
             This reference is not "CopyLocal" because at least one source item had "Private" set to "false" and no source items had "Private" set to "true".
             The ImageRuntimeVersion for this reference is "".
         Primary reference "System.Formats.Asn1, Version=8.0.0.0, Culture=neutral, PublicKeyToken=cc7b13ffcd2ddd51".
             Resolved file path is "/usr/share/dotnet/packs/Microsoft.NETCore.App.Ref/8.0.23/ref/net8.0/System.Formats.Asn1.dll".
             Reference found at search path location "{RawFileName}".
             This reference is not "CopyLocal" because at least one source item had "Private" set to "false" and no source items had "Private" set to "true".
             The ImageRuntimeVersion for this reference is "".
         Primary reference "System.Formats.Tar, Version=8.0.0.0, Culture=neutral, PublicKeyToken=cc7b13ffcd2ddd51".
             Resolved file path is "/usr/share/dotnet/packs/Microsoft.NETCore.App.Ref/8.0.23/ref/net8.0/System.Formats.Tar.dll".
             Reference found at search path location "{RawFileName}".
             This reference is not "CopyLocal" because at least one source item had "Private" set to "false" and no source items had "Private" set to "true".
             The ImageRuntimeVersion for this reference is "".
         Primary reference "System.Globalization.Calendars, Version=8.0.0.0, Culture=neutral, PublicKeyToken=b03f5f7f11d50a3a".
             Resolved file path is "/usr/share/dotnet/packs/Microsoft.NETCore.App.Ref/8.0.23/ref/net8.0/System.Globalization.Calendars.dll".
             Reference found at search path location "{RawFileName}".
             This reference is not "CopyLocal" because at least one source item had "Private" set to "false" and no source items had "Private" set to "true".
             The ImageRuntimeVersion for this reference is "".
         Primary reference "System.Globalization.Extensions, Version=8.0.0.0, Culture=neutral, PublicKeyToken=b03f5f7f11d50a3a".
             Resolved file path is "/usr/share/dotnet/packs/Microsoft.NETCore.App.Ref/8.0.23/ref/net8.0/System.Globalization.Extensions.dll".
             Reference found at search path location "{RawFileName}".
             This reference is not "CopyLocal" because at least one source item had "Private" set to "false" and no source items had "Private" set to "true".
             The ImageRuntimeVersion for this reference is "".
         Primary reference "System.Globalization, Version=8.0.0.0, Culture=neutral, PublicKeyToken=b03f5f7f11d50a3a".
             Resolved file path is "/usr/share/dotnet/packs/Microsoft.NETCore.App.Ref/8.0.23/ref/net8.0/System.Globalization.dll".
             Reference found at search path location "{RawFileName}".
             This reference is not "CopyLocal" because at least one source item had "Private" set to "false" and no source items had "Private" set to "true".
             The ImageRuntimeVersion for this reference is "".
         Primary reference "System.IO.Compression.Brotli, Version=8.0.0.0, Culture=neutral, PublicKeyToken=b77a5c561934e089".
             Resolved file path is "/usr/share/dotnet/packs/Microsoft.NETCore.App.Ref/8.0.23/ref/net8.0/System.IO.Compression.Brotli.dll".
             Reference found at search path location "{RawFileName}".
             This reference is not "CopyLocal" because at least one source item had "Private" set to "false" and no source items had "Private" set to "true".
             The ImageRuntimeVersion for this reference is "".
         Primary reference "System.IO.Compression.FileSystem, Version=4.0.0.0, Culture=neutral, PublicKeyToken=b77a5c561934e089".
             Resolved file path is "/usr/share/dotnet/packs/Microsoft.NETCore.App.Ref/8.0.23/ref/net8.0/System.IO.Compression.FileSystem.dll".
             Reference found at search path location "{RawFileName}".
             This reference is not "CopyLocal" because at least one source item had "Private" set to "false" and no source items had "Private" set to "true".
             The ImageRuntimeVersion for this reference is "".
         Primary reference "System.IO.Compression.ZipFile, Version=8.0.0.0, Culture=neutral, PublicKeyToken=b77a5c561934e089".
             Resolved file path is "/usr/share/dotnet/packs/Microsoft.NETCore.App.Ref/8.0.23/ref/net8.0/System.IO.Compression.ZipFile.dll".
             Reference found at search path location "{RawFileName}".
             This reference is not "CopyLocal" because at least one source item had "Private" set to "false" and no source items had "Private" set to "true".
             The ImageRuntimeVersion for this reference is "".
         Primary reference "System.IO.Compression, Version=8.0.0.0, Culture=neutral, PublicKeyToken=b77a5c561934e089".
             Resolved file path is "/usr/share/dotnet/packs/Microsoft.NETCore.App.Ref/8.0.23/ref/net8.0/System.IO.Compression.dll".
             Reference found at search path location "{RawFileName}".
             This reference is not "CopyLocal" because at least one source item had "Private" set to "false" and no source items had "Private" set to "true".
             The ImageRuntimeVersion for this reference is "".
         Primary reference "System.IO.FileSystem.AccessControl, Version=8.0.0.0, Culture=neutral, PublicKeyToken=b03f5f7f11d50a3a".
             Resolved file path is "/usr/share/dotnet/packs/Microsoft.NETCore.App.Ref/8.0.23/ref/net8.0/System.IO.FileSystem.AccessControl.dll".
             Reference found at search path location "{RawFileName}".
             This reference is not "CopyLocal" because at least one source item had "Private" set to "false" and no source items had "Private" set to "true".
             The ImageRuntimeVersion for this reference is "".
         Primary reference "System.IO.FileSystem.DriveInfo, Version=8.0.0.0, Culture=neutral, PublicKeyToken=b03f5f7f11d50a3a".
             Resolved file path is "/usr/share/dotnet/packs/Microsoft.NETCore.App.Ref/8.0.23/ref/net8.0/System.IO.FileSystem.DriveInfo.dll".
             Reference found at search path location "{RawFileName}".
             This reference is not "CopyLocal" because at least one source item had "Private" set to "false" and no source items had "Private" set to "true".
             The ImageRuntimeVersion for this reference is "".
         Primary reference "System.IO.FileSystem.Primitives, Version=8.0.0.0, Culture=neutral, PublicKeyToken=b03f5f7f11d50a3a".
             Resolved file path is "/usr/share/dotnet/packs/Microsoft.NETCore.App.Ref/8.0.23/ref/net8.0/System.IO.FileSystem.Primitives.dll".
             Reference found at search path location "{RawFileName}".
             This reference is not "CopyLocal" because at least one source item had "Private" set to "false" and no source items had "Private" set to "true".
             The ImageRuntimeVersion for this reference is "".
         Primary reference "System.IO.FileSystem.Watcher, Version=8.0.0.0, Culture=neutral, PublicKeyToken=b03f5f7f11d50a3a".
             Resolved file path is "/usr/share/dotnet/packs/Microsoft.NETCore.App.Ref/8.0.23/ref/net8.0/System.IO.FileSystem.Watcher.dll".
             Reference found at search path location "{RawFileName}".
             This reference is not "CopyLocal" because at least one source item had "Private" set to "false" and no source items had "Private" set to "true".
             The ImageRuntimeVersion for this reference is "".
         Primary reference "System.IO.FileSystem, Version=8.0.0.0, Culture=neutral, PublicKeyToken=b03f5f7f11d50a3a".
             Resolved file path is "/usr/share/dotnet/packs/Microsoft.NETCore.App.Ref/8.0.23/ref/net8.0/System.IO.FileSystem.dll".
             Reference found at search path location "{RawFileName}".
             This reference is not "CopyLocal" because at least one source item had "Private" set to "false" and no source items had "Private" set to "true".
             The ImageRuntimeVersion for this reference is "".
         Primary reference "System.IO.IsolatedStorage, Version=8.0.0.0, Culture=neutral, PublicKeyToken=b03f5f7f11d50a3a".
             Resolved file path is "/usr/share/dotnet/packs/Microsoft.NETCore.App.Ref/8.0.23/ref/net8.0/System.IO.IsolatedStorage.dll".
             Reference found at search path location "{RawFileName}".
             This reference is not "CopyLocal" because at least one source item had "Private" set to "false" and no source items had "Private" set to "true".
             The ImageRuntimeVersion for this reference is "".
         Primary reference "System.IO.MemoryMappedFiles, Version=8.0.0.0, Culture=neutral, PublicKeyToken=b03f5f7f11d50a3a".
             Resolved file path is "/usr/share/dotnet/packs/Microsoft.NETCore.App.Ref/8.0.23/ref/net8.0/System.IO.MemoryMappedFiles.dll".
             Reference found at search path location "{RawFileName}".
             This reference is not "CopyLocal" because at least one source item had "Private" set to "false" and no source items had "Private" set to "true".
             The ImageRuntimeVersion for this reference is "".
         Primary reference "System.IO.Pipes.AccessControl, Version=8.0.0.0, Culture=neutral, PublicKeyToken=b03f5f7f11d50a3a".
             Resolved file path is "/usr/share/dotnet/packs/Microsoft.NETCore.App.Ref/8.0.23/ref/net8.0/System.IO.Pipes.AccessControl.dll".
             Reference found at search path location "{RawFileName}".
             This reference is not "CopyLocal" because at least one source item had "Private" set to "false" and no source items had "Private" set to "true".
             The ImageRuntimeVersion for this reference is "".
         Primary reference "System.IO.Pipes, Version=8.0.0.0, Culture=neutral, PublicKeyToken=b03f5f7f11d50a3a".
             Resolved file path is "/usr/share/dotnet/packs/Microsoft.NETCore.App.Ref/8.0.23/ref/net8.0/System.IO.Pipes.dll".
             Reference found at search path location "{RawFileName}".
             This reference is not "CopyLocal" because at least one source item had "Private" set to "false" and no source items had "Private" set to "true".
             The ImageRuntimeVersion for this reference is "".
         Primary reference "System.IO.UnmanagedMemoryStream, Version=8.0.0.0, Culture=neutral, PublicKeyToken=b03f5f7f11d50a3a".
             Resolved file path is "/usr/share/dotnet/packs/Microsoft.NETCore.App.Ref/8.0.23/ref/net8.0/System.IO.UnmanagedMemoryStream.dll".
             Reference found at search path location "{RawFileName}".
             This reference is not "CopyLocal" because at least one source item had "Private" set to "false" and no source items had "Private" set to "true".
             The ImageRuntimeVersion for this reference is "".
         Primary reference "System.IO, Version=8.0.0.0, Culture=neutral, PublicKeyToken=b03f5f7f11d50a3a".
             Resolved file path is "/usr/share/dotnet/packs/Microsoft.NETCore.App.Ref/8.0.23/ref/net8.0/System.IO.dll".
             Reference found at search path location "{RawFileName}".
             This reference is not "CopyLocal" because at least one source item had "Private" set to "false" and no source items had "Private" set to "true".
             The ImageRuntimeVersion for this reference is "".
         Primary reference "System.Linq.Expressions, Version=8.0.0.0, Culture=neutral, PublicKeyToken=b03f5f7f11d50a3a".
             Resolved file path is "/usr/share/dotnet/packs/Microsoft.NETCore.App.Ref/8.0.23/ref/net8.0/System.Linq.Expressions.dll".
             Reference found at search path location "{RawFileName}".
             This reference is not "CopyLocal" because at least one source item had "Private" set to "false" and no source items had "Private" set to "true".
             The ImageRuntimeVersion for this reference is "".
         Primary reference "System.Linq.Parallel, Version=8.0.0.0, Culture=neutral, PublicKeyToken=b03f5f7f11d50a3a".
             Resolved file path is "/usr/share/dotnet/packs/Microsoft.NETCore.App.Ref/8.0.23/ref/net8.0/System.Linq.Parallel.dll".
             Reference found at search path location "{RawFileName}".
             This reference is not "CopyLocal" because at least one source item had "Private" set to "false" and no source items had "Private" set to "true".
             The ImageRuntimeVersion for this reference is "".
         Primary reference "System.Linq.Queryable, Version=8.0.0.0, Culture=neutral, PublicKeyToken=b03f5f7f11d50a3a".
             Resolved file path is "/usr/share/dotnet/packs/Microsoft.NETCore.App.Ref/8.0.23/ref/net8.0/System.Linq.Queryable.dll".
             Reference found at search path location "{RawFileName}".
             This reference is not "CopyLocal" because at least one source item had "Private" set to "false" and no source items had "Private" set to "true".
             The ImageRuntimeVersion for this reference is "".
         Primary reference "System.Linq, Version=8.0.0.0, Culture=neutral, PublicKeyToken=b03f5f7f11d50a3a".
             Resolved file path is "/usr/share/dotnet/packs/Microsoft.NETCore.App.Ref/8.0.23/ref/net8.0/System.Linq.dll".
             Reference found at search path location "{RawFileName}".
             This reference is not "CopyLocal" because at least one source item had "Private" set to "false" and no source items had "Private" set to "true".
             The ImageRuntimeVersion for this reference is "".
         Primary reference "System.Memory, Version=8.0.0.0, Culture=neutral, PublicKeyToken=cc7b13ffcd2ddd51".
             Resolved file path is "/usr/share/dotnet/packs/Microsoft.NETCore.App.Ref/8.0.23/ref/net8.0/System.Memory.dll".
             Reference found at search path location "{RawFileName}".
             This reference is not "CopyLocal" because at least one source item had "Private" set to "false" and no source items had "Private" set to "true".
             The ImageRuntimeVersion for this reference is "".
         Primary reference "System.Net.Http.Json, Version=8.0.0.0, Culture=neutral, PublicKeyToken=cc7b13ffcd2ddd51".
             Resolved file path is "/usr/share/dotnet/packs/Microsoft.NETCore.App.Ref/8.0.23/ref/net8.0/System.Net.Http.Json.dll".
             Reference found at search path location "{RawFileName}".
             This reference is not "CopyLocal" because at least one source item had "Private" set to "false" and no source items had "Private" set to "true".
             The ImageRuntimeVersion for this reference is "".
         Primary reference "System.Net.Http, Version=8.0.0.0, Culture=neutral, PublicKeyToken=b03f5f7f11d50a3a".
             Resolved file path is "/usr/share/dotnet/packs/Microsoft.NETCore.App.Ref/8.0.23/ref/net8.0/System.Net.Http.dll".
             Reference found at search path location "{RawFileName}".
             This reference is not "CopyLocal" because at least one source item had "Private" set to "false" and no source items had "Private" set to "true".
             The ImageRuntimeVersion for this reference is "".
         Primary reference "System.Net.HttpListener, Version=8.0.0.0, Culture=neutral, PublicKeyToken=cc7b13ffcd2ddd51".
             Resolved file path is "/usr/share/dotnet/packs/Microsoft.NETCore.App.Ref/8.0.23/ref/net8.0/System.Net.HttpListener.dll".
             Reference found at search path location "{RawFileName}".
             This reference is not "CopyLocal" because at least one source item had "Private" set to "false" and no source items had "Private" set to "true".
             The ImageRuntimeVersion for this reference is "".
         Primary reference "System.Net.Mail, Version=8.0.0.0, Culture=neutral, PublicKeyToken=cc7b13ffcd2ddd51".
             Resolved file path is "/usr/share/dotnet/packs/Microsoft.NETCore.App.Ref/8.0.23/ref/net8.0/System.Net.Mail.dll".
             Reference found at search path location "{RawFileName}".
             This reference is not "CopyLocal" because at least one source item had "Private" set to "false" and no source items had "Private" set to "true".
             The ImageRuntimeVersion for this reference is "".
         Primary reference "System.Net.NameResolution, Version=8.0.0.0, Culture=neutral, PublicKeyToken=b03f5f7f11d50a3a".
             Resolved file path is "/usr/share/dotnet/packs/Microsoft.NETCore.App.Ref/8.0.23/ref/net8.0/System.Net.NameResolution.dll".
             Reference found at search path location "{RawFileName}".
             This reference is not "CopyLocal" because at least one source item had "Private" set to "false" and no source items had "Private" set to "true".
             The ImageRuntimeVersion for this reference is "".
         Primary reference "System.Net.NetworkInformation, Version=8.0.0.0, Culture=neutral, PublicKeyToken=b03f5f7f11d50a3a".
             Resolved file path is "/usr/share/dotnet/packs/Microsoft.NETCore.App.Ref/8.0.23/ref/net8.0/System.Net.NetworkInformation.dll".
             Reference found at search path location "{RawFileName}".
             This reference is not "CopyLocal" because at least one source item had "Private" set to "false" and no source items had "Private" set to "true".
             The ImageRuntimeVersion for this reference is "".
         Primary reference "System.Net.Ping, Version=8.0.0.0, Culture=neutral, PublicKeyToken=b03f5f7f11d50a3a".
             Resolved file path is "/usr/share/dotnet/packs/Microsoft.NETCore.App.Ref/8.0.23/ref/net8.0/System.Net.Ping.dll".
             Reference found at search path location "{RawFileName}".
             This reference is not "CopyLocal" because at least one source item had "Private" set to "false" and no source items had "Private" set to "true".
             The ImageRuntimeVersion for this reference is "".
         Primary reference "System.Net.Primitives, Version=8.0.0.0, Culture=neutral, PublicKeyToken=b03f5f7f11d50a3a".
             Resolved file path is "/usr/share/dotnet/packs/Microsoft.NETCore.App.Ref/8.0.23/ref/net8.0/System.Net.Primitives.dll".
             Reference found at search path location "{RawFileName}".
             This reference is not "CopyLocal" because at least one source item had "Private" set to "false" and no source items had "Private" set to "true".
             The ImageRuntimeVersion for this reference is "".
         Primary reference "System.Net.Quic, Version=8.0.0.0, Culture=neutral, PublicKeyToken=b03f5f7f11d50a3a".
             Resolved file path is "/usr/share/dotnet/packs/Microsoft.NETCore.App.Ref/8.0.23/ref/net8.0/System.Net.Quic.dll".
             Reference found at search path location "{RawFileName}".
             This reference is not "CopyLocal" because at least one source item had "Private" set to "false" and no source items had "Private" set to "true".
             The ImageRuntimeVersion for this reference is "".
         Primary reference "System.Net.Requests, Version=8.0.0.0, Culture=neutral, PublicKeyToken=b03f5f7f11d50a3a".
             Resolved file path is "/usr/share/dotnet/packs/Microsoft.NETCore.App.Ref/8.0.23/ref/net8.0/System.Net.Requests.dll".
             Reference found at search path location "{RawFileName}".
             This reference is not "CopyLocal" because at least one source item had "Private" set to "false" and no source items had "Private" set to "true".
             The ImageRuntimeVersion for this reference is "".
         Primary reference "System.Net.Security, Version=8.0.0.0, Culture=neutral, PublicKeyToken=b03f5f7f11d50a3a".
             Resolved file path is "/usr/share/dotnet/packs/Microsoft.NETCore.App.Ref/8.0.23/ref/net8.0/System.Net.Security.dll".
             Reference found at search path location "{RawFileName}".
             This reference is not "CopyLocal" because at least one source item had "Private" set to "false" and no source items had "Private" set to "true".
             The ImageRuntimeVersion for this reference is "".
         Primary reference "System.Net.ServicePoint, Version=8.0.0.0, Culture=neutral, PublicKeyToken=cc7b13ffcd2ddd51".
             Resolved file path is "/usr/share/dotnet/packs/Microsoft.NETCore.App.Ref/8.0.23/ref/net8.0/System.Net.ServicePoint.dll".
             Reference found at search path location "{RawFileName}".
             This reference is not "CopyLocal" because at least one source item had "Private" set to "false" and no source items had "Private" set to "true".
             The ImageRuntimeVersion for this reference is "".
         Primary reference "System.Net.Sockets, Version=8.0.0.0, Culture=neutral, PublicKeyToken=b03f5f7f11d50a3a".
             Resolved file path is "/usr/share/dotnet/packs/Microsoft.NETCore.App.Ref/8.0.23/ref/net8.0/System.Net.Sockets.dll".
             Reference found at search path location "{RawFileName}".
             This reference is not "CopyLocal" because at least one source item had "Private" set to "false" and no source items had "Private" set to "true".
             The ImageRuntimeVersion for this reference is "".
         Primary reference "System.Net.WebClient, Version=8.0.0.0, Culture=neutral, PublicKeyToken=cc7b13ffcd2ddd51".
             Resolved file path is "/usr/share/dotnet/packs/Microsoft.NETCore.App.Ref/8.0.23/ref/net8.0/System.Net.WebClient.dll".
             Reference found at search path location "{RawFileName}".
             This reference is not "CopyLocal" because at least one source item had "Private" set to "false" and no source items had "Private" set to "true".
             The ImageRuntimeVersion for this reference is "".
         Primary reference "System.Net.WebHeaderCollection, Version=8.0.0.0, Culture=neutral, PublicKeyToken=b03f5f7f11d50a3a".
             Resolved file path is "/usr/share/dotnet/packs/Microsoft.NETCore.App.Ref/8.0.23/ref/net8.0/System.Net.WebHeaderCollection.dll".
             Reference found at search path location "{RawFileName}".
             This reference is not "CopyLocal" because at least one source item had "Private" set to "false" and no source items had "Private" set to "true".
             The ImageRuntimeVersion for this reference is "".
         Primary reference "System.Net.WebProxy, Version=8.0.0.0, Culture=neutral, PublicKeyToken=cc7b13ffcd2ddd51".
             Resolved file path is "/usr/share/dotnet/packs/Microsoft.NETCore.App.Ref/8.0.23/ref/net8.0/System.Net.WebProxy.dll".
             Reference found at search path location "{RawFileName}".
             This reference is not "CopyLocal" because at least one source item had "Private" set to "false" and no source items had "Private" set to "true".
             The ImageRuntimeVersion for this reference is "".
         Primary reference "System.Net.WebSockets.Client, Version=8.0.0.0, Culture=neutral, PublicKeyToken=b03f5f7f11d50a3a".
             Resolved file path is "/usr/share/dotnet/packs/Microsoft.NETCore.App.Ref/8.0.23/ref/net8.0/System.Net.WebSockets.Client.dll".
             Reference found at search path location "{RawFileName}".
             This reference is not "CopyLocal" because at least one source item had "Private" set to "false" and no source items had "Private" set to "true".
             The ImageRuntimeVersion for this reference is "".
         Primary reference "System.Net.WebSockets, Version=8.0.0.0, Culture=neutral, PublicKeyToken=b03f5f7f11d50a3a".
             Resolved file path is "/usr/share/dotnet/packs/Microsoft.NETCore.App.Ref/8.0.23/ref/net8.0/System.Net.WebSockets.dll".
             Reference found at search path location "{RawFileName}".
             This reference is not "CopyLocal" because at least one source item had "Private" set to "false" and no source items had "Private" set to "true".
             The ImageRuntimeVersion for this reference is "".
         Primary reference "System.Net, Version=4.0.0.0, Culture=neutral, PublicKeyToken=b03f5f7f11d50a3a".
             Resolved file path is "/usr/share/dotnet/packs/Microsoft.NETCore.App.Ref/8.0.23/ref/net8.0/System.Net.dll".
             Reference found at search path location "{RawFileName}".
             This reference is not "CopyLocal" because at least one source item had "Private" set to "false" and no source items had "Private" set to "true".
             The ImageRuntimeVersion for this reference is "".
         Primary reference "System.Numerics.Vectors, Version=8.0.0.0, Culture=neutral, PublicKeyToken=b03f5f7f11d50a3a".
             Resolved file path is "/usr/share/dotnet/packs/Microsoft.NETCore.App.Ref/8.0.23/ref/net8.0/System.Numerics.Vectors.dll".
             Reference found at search path location "{RawFileName}".
             This reference is not "CopyLocal" because at least one source item had "Private" set to "false" and no source items had "Private" set to "true".
             The ImageRuntimeVersion for this reference is "".
         Primary reference "System.Numerics, Version=4.0.0.0, Culture=neutral, PublicKeyToken=b77a5c561934e089".
             Resolved file path is "/usr/share/dotnet/packs/Microsoft.NETCore.App.Ref/8.0.23/ref/net8.0/System.Numerics.dll".
             Reference found at search path location "{RawFileName}".
             This reference is not "CopyLocal" because at least one source item had "Private" set to "false" and no source items had "Private" set to "true".
             The ImageRuntimeVersion for this reference is "".
         Primary reference "System.ObjectModel, Version=8.0.0.0, Culture=neutral, PublicKeyToken=b03f5f7f11d50a3a".
             Resolved file path is "/usr/share/dotnet/packs/Microsoft.NETCore.App.Ref/8.0.23/ref/net8.0/System.ObjectModel.dll".
             Reference found at search path location "{RawFileName}".
             This reference is not "CopyLocal" because at least one source item had "Private" set to "false" and no source items had "Private" set to "true".
             The ImageRuntimeVersion for this reference is "".
         Primary reference "System.Reflection.DispatchProxy, Version=8.0.0.0, Culture=neutral, PublicKeyToken=b03f5f7f11d50a3a".
             Resolved file path is "/usr/share/dotnet/packs/Microsoft.NETCore.App.Ref/8.0.23/ref/net8.0/System.Reflection.DispatchProxy.dll".
             Reference found at search path location "{RawFileName}".
             This reference is not "CopyLocal" because at least one source item had "Private" set to "false" and no source items had "Private" set to "true".
             The ImageRuntimeVersion for this reference is "".
         Primary reference "System.Reflection.Emit.ILGeneration, Version=8.0.0.0, Culture=neutral, PublicKeyToken=b03f5f7f11d50a3a".
             Resolved file path is "/usr/share/dotnet/packs/Microsoft.NETCore.App.Ref/8.0.23/ref/net8.0/System.Reflection.Emit.ILGeneration.dll".
             Reference found at search path location "{RawFileName}".
             This reference is not "CopyLocal" because at least one source item had "Private" set to "false" and no source items had "Private" set to "true".
             The ImageRuntimeVersion for this reference is "".
         Primary reference "System.Reflection.Emit.Lightweight, Version=8.0.0.0, Culture=neutral, PublicKeyToken=b03f5f7f11d50a3a".
             Resolved file path is "/usr/share/dotnet/packs/Microsoft.NETCore.App.Ref/8.0.23/ref/net8.0/System.Reflection.Emit.Lightweight.dll".
             Reference found at search path location "{RawFileName}".
             This reference is not "CopyLocal" because at least one source item had "Private" set to "false" and no source items had "Private" set to "true".
             The ImageRuntimeVersion for this reference is "".
         Primary reference "System.Reflection.Emit, Version=8.0.0.0, Culture=neutral, PublicKeyToken=b03f5f7f11d50a3a".
             Resolved file path is "/usr/share/dotnet/packs/Microsoft.NETCore.App.Ref/8.0.23/ref/net8.0/System.Reflection.Emit.dll".
             Reference found at search path location "{RawFileName}".
             This reference is not "CopyLocal" because at least one source item had "Private" set to "false" and no source items had "Private" set to "true".
             The ImageRuntimeVersion for this reference is "".
         Primary reference "System.Reflection.Extensions, Version=8.0.0.0, Culture=neutral, PublicKeyToken=b03f5f7f11d50a3a".
             Resolved file path is "/usr/share/dotnet/packs/Microsoft.NETCore.App.Ref/8.0.23/ref/net8.0/System.Reflection.Extensions.dll".
             Reference found at search path location "{RawFileName}".
             This reference is not "CopyLocal" because at least one source item had "Private" set to "false" and no source items had "Private" set to "true".
             The ImageRuntimeVersion for this reference is "".
         Primary reference "System.Reflection.Metadata, Version=8.0.0.0, Culture=neutral, PublicKeyToken=b03f5f7f11d50a3a".
             Resolved file path is "/usr/share/dotnet/packs/Microsoft.NETCore.App.Ref/8.0.23/ref/net8.0/System.Reflection.Metadata.dll".
             Reference found at search path location "{RawFileName}".
             This reference is not "CopyLocal" because at least one source item had "Private" set to "false" and no source items had "Private" set to "true".
             The ImageRuntimeVersion for this reference is "".
         Primary reference "System.Reflection.Primitives, Version=8.0.0.0, Culture=neutral, PublicKeyToken=b03f5f7f11d50a3a".
             Resolved file path is "/usr/share/dotnet/packs/Microsoft.NETCore.App.Ref/8.0.23/ref/net8.0/System.Reflection.Primitives.dll".
             Reference found at search path location "{RawFileName}".
             This reference is not "CopyLocal" because at least one source item had "Private" set to "false" and no source items had "Private" set to "true".
             The ImageRuntimeVersion for this reference is "".
         Primary reference "System.Reflection.TypeExtensions, Version=8.0.0.0, Culture=neutral, PublicKeyToken=b03f5f7f11d50a3a".
             Resolved file path is "/usr/share/dotnet/packs/Microsoft.NETCore.App.Ref/8.0.23/ref/net8.0/System.Reflection.TypeExtensions.dll".
             Reference found at search path location "{RawFileName}".
             This reference is not "CopyLocal" because at least one source item had "Private" set to "false" and no source items had "Private" set to "true".
             The ImageRuntimeVersion for this reference is "".
         Primary reference "System.Reflection, Version=8.0.0.0, Culture=neutral, PublicKeyToken=b03f5f7f11d50a3a".
             Resolved file path is "/usr/share/dotnet/packs/Microsoft.NETCore.App.Ref/8.0.23/ref/net8.0/System.Reflection.dll".
             Reference found at search path location "{RawFileName}".
             This reference is not "CopyLocal" because at least one source item had "Private" set to "false" and no source items had "Private" set to "true".
             The ImageRuntimeVersion for this reference is "".
         Primary reference "System.Resources.Reader, Version=8.0.0.0, Culture=neutral, PublicKeyToken=b03f5f7f11d50a3a".
             Resolved file path is "/usr/share/dotnet/packs/Microsoft.NETCore.App.Ref/8.0.23/ref/net8.0/System.Resources.Reader.dll".
             Reference found at search path location "{RawFileName}".
             This reference is not "CopyLocal" because at least one source item had "Private" set to "false" and no source items had "Private" set to "true".
             The ImageRuntimeVersion for this reference is "".
         Primary reference "System.Resources.ResourceManager, Version=8.0.0.0, Culture=neutral, PublicKeyToken=b03f5f7f11d50a3a".
             Resolved file path is "/usr/share/dotnet/packs/Microsoft.NETCore.App.Ref/8.0.23/ref/net8.0/System.Resources.ResourceManager.dll".
             Reference found at search path location "{RawFileName}".
             This reference is not "CopyLocal" because at least one source item had "Private" set to "false" and no source items had "Private" set to "true".
             The ImageRuntimeVersion for this reference is "".
         Primary reference "System.Resources.Writer, Version=8.0.0.0, Culture=neutral, PublicKeyToken=b03f5f7f11d50a3a".
             Resolved file path is "/usr/share/dotnet/packs/Microsoft.NETCore.App.Ref/8.0.23/ref/net8.0/System.Resources.Writer.dll".
             Reference found at search path location "{RawFileName}".
             This reference is not "CopyLocal" because at least one source item had "Private" set to "false" and no source items had "Private" set to "true".
             The ImageRuntimeVersion for this reference is "".
         Primary reference "System.Runtime.CompilerServices.Unsafe, Version=8.0.0.0, Culture=neutral, PublicKeyToken=b03f5f7f11d50a3a".
             Resolved file path is "/usr/share/dotnet/packs/Microsoft.NETCore.App.Ref/8.0.23/ref/net8.0/System.Runtime.CompilerServices.Unsafe.dll".
             Reference found at search path location "{RawFileName}".
             This reference is not "CopyLocal" because at least one source item had "Private" set to "false" and no source items had "Private" set to "true".
             The ImageRuntimeVersion for this reference is "".
         Primary reference "System.Runtime.CompilerServices.VisualC, Version=8.0.0.0, Culture=neutral, PublicKeyToken=b03f5f7f11d50a3a".
             Resolved file path is "/usr/share/dotnet/packs/Microsoft.NETCore.App.Ref/8.0.23/ref/net8.0/System.Runtime.CompilerServices.VisualC.dll".
             Reference found at search path location "{RawFileName}".
             This reference is not "CopyLocal" because at least one source item had "Private" set to "false" and no source items had "Private" set to "true".
             The ImageRuntimeVersion for this reference is "".
         Primary reference "System.Runtime.Extensions, Version=8.0.0.0, Culture=neutral, PublicKeyToken=b03f5f7f11d50a3a".
             Resolved file path is "/usr/share/dotnet/packs/Microsoft.NETCore.App.Ref/8.0.23/ref/net8.0/System.Runtime.Extensions.dll".
             Reference found at search path location "{RawFileName}".
             This reference is not "CopyLocal" because at least one source item had "Private" set to "false" and no source items had "Private" set to "true".
             The ImageRuntimeVersion for this reference is "".
         Primary reference "System.Runtime.Handles, Version=8.0.0.0, Culture=neutral, PublicKeyToken=b03f5f7f11d50a3a".
             Resolved file path is "/usr/share/dotnet/packs/Microsoft.NETCore.App.Ref/8.0.23/ref/net8.0/System.Runtime.Handles.dll".
             Reference found at search path location "{RawFileName}".
             This reference is not "CopyLocal" because at least one source item had "Private" set to "false" and no source items had "Private" set to "true".
             The ImageRuntimeVersion for this reference is "".
         Primary reference "System.Runtime.InteropServices.JavaScript, Version=8.0.0.0, Culture=neutral, PublicKeyToken=b03f5f7f11d50a3a".
             Resolved file path is "/usr/share/dotnet/packs/Microsoft.NETCore.App.Ref/8.0.23/ref/net8.0/System.Runtime.InteropServices.JavaScript.dll".
             Reference found at search path location "{RawFileName}".
             This reference is not "CopyLocal" because at least one source item had "Private" set to "false" and no source items had "Private" set to "true".
             The ImageRuntimeVersion for this reference is "".
         Primary reference "System.Runtime.InteropServices.RuntimeInformation, Version=8.0.0.0, Culture=neutral, PublicKeyToken=b03f5f7f11d50a3a".
             Resolved file path is "/usr/share/dotnet/packs/Microsoft.NETCore.App.Ref/8.0.23/ref/net8.0/System.Runtime.InteropServices.RuntimeInformation.dll".
             Reference found at search path location "{RawFileName}".
             This reference is not "CopyLocal" because at least one source item had "Private" set to "false" and no source items had "Private" set to "true".
             The ImageRuntimeVersion for this reference is "".
         Primary reference "System.Runtime.InteropServices, Version=8.0.0.0, Culture=neutral, PublicKeyToken=b03f5f7f11d50a3a".
             Resolved file path is "/usr/share/dotnet/packs/Microsoft.NETCore.App.Ref/8.0.23/ref/net8.0/System.Runtime.InteropServices.dll".
             Reference found at search path location "{RawFileName}".
             This reference is not "CopyLocal" because at least one source item had "Private" set to "false" and no source items had "Private" set to "true".
             The ImageRuntimeVersion for this reference is "".
         Primary reference "System.Runtime.Intrinsics, Version=8.0.0.0, Culture=neutral, PublicKeyToken=cc7b13ffcd2ddd51".
             Resolved file path is "/usr/share/dotnet/packs/Microsoft.NETCore.App.Ref/8.0.23/ref/net8.0/System.Runtime.Intrinsics.dll".
             Reference found at search path location "{RawFileName}".
             This reference is not "CopyLocal" because at least one source item had "Private" set to "false" and no source items had "Private" set to "true".
             The ImageRuntimeVersion for this reference is "".
         Primary reference "System.Runtime.Loader, Version=8.0.0.0, Culture=neutral, PublicKeyToken=b03f5f7f11d50a3a".
             Resolved file path is "/usr/share/dotnet/packs/Microsoft.NETCore.App.Ref/8.0.23/ref/net8.0/System.Runtime.Loader.dll".
             Reference found at search path location "{RawFileName}".
             This reference is not "CopyLocal" because at least one source item had "Private" set to "false" and no source items had "Private" set to "true".
             The ImageRuntimeVersion for this reference is "".
         Primary reference "System.Runtime.Numerics, Version=8.0.0.0, Culture=neutral, PublicKeyToken=b03f5f7f11d50a3a".
             Resolved file path is "/usr/share/dotnet/packs/Microsoft.NETCore.App.Ref/8.0.23/ref/net8.0/System.Runtime.Numerics.dll".
             Reference found at search path location "{RawFileName}".
             This reference is not "CopyLocal" because at least one source item had "Private" set to "false" and no source items had "Private" set to "true".
             The ImageRuntimeVersion for this reference is "".
         Primary reference "System.Runtime.Serialization.Formatters, Version=8.0.0.0, Culture=neutral, PublicKeyToken=b03f5f7f11d50a3a".
             Resolved file path is "/usr/share/dotnet/packs/Microsoft.NETCore.App.Ref/8.0.23/ref/net8.0/System.Runtime.Serialization.Formatters.dll".
             Reference found at search path location "{RawFileName}".
             This reference is not "CopyLocal" because at least one source item had "Private" set to "false" and no source items had "Private" set to "true".
             The ImageRuntimeVersion for this reference is "".
         Primary reference "System.Runtime.Serialization.Json, Version=8.0.0.0, Culture=neutral, PublicKeyToken=b03f5f7f11d50a3a".
             Resolved file path is "/usr/share/dotnet/packs/Microsoft.NETCore.App.Ref/8.0.23/ref/net8.0/System.Runtime.Serialization.Json.dll".
             Reference found at search path location "{RawFileName}".
             This reference is not "CopyLocal" because at least one source item had "Private" set to "false" and no source items had "Private" set to "true".
             The ImageRuntimeVersion for this reference is "".
         Primary reference "System.Runtime.Serialization.Primitives, Version=8.0.0.0, Culture=neutral, PublicKeyToken=b03f5f7f11d50a3a".
             Resolved file path is "/usr/share/dotnet/packs/Microsoft.NETCore.App.Ref/8.0.23/ref/net8.0/System.Runtime.Serialization.Primitives.dll".
             Reference found at search path location "{RawFileName}".
             This reference is not "CopyLocal" because at least one source item had "Private" set to "false" and no source items had "Private" set to "true".
             The ImageRuntimeVersion for this reference is "".
         Primary reference "System.Runtime.Serialization.Xml, Version=8.0.0.0, Culture=neutral, PublicKeyToken=b03f5f7f11d50a3a".
             Resolved file path is "/usr/share/dotnet/packs/Microsoft.NETCore.App.Ref/8.0.23/ref/net8.0/System.Runtime.Serialization.Xml.dll".
             Reference found at search path location "{RawFileName}".
             This reference is not "CopyLocal" because at least one source item had "Private" set to "false" and no source items had "Private" set to "true".
             The ImageRuntimeVersion for this reference is "".
         Primary reference "System.Runtime.Serialization, Version=4.0.0.0, Culture=neutral, PublicKeyToken=b77a5c561934e089".
             Resolved file path is "/usr/share/dotnet/packs/Microsoft.NETCore.App.Ref/8.0.23/ref/net8.0/System.Runtime.Serialization.dll".
             Reference found at search path location "{RawFileName}".
             This reference is not "CopyLocal" because at least one source item had "Private" set to "false" and no source items had "Private" set to "true".
             The ImageRuntimeVersion for this reference is "".
         Primary reference "System.Runtime, Version=8.0.0.0, Culture=neutral, PublicKeyToken=b03f5f7f11d50a3a".
             Resolved file path is "/usr/share/dotnet/packs/Microsoft.NETCore.App.Ref/8.0.23/ref/net8.0/System.Runtime.dll".
             Reference found at search path location "{RawFileName}".
             This reference is not "CopyLocal" because at least one source item had "Private" set to "false" and no source items had "Private" set to "true".
             The ImageRuntimeVersion for this reference is "".
         Primary reference "System.Security.AccessControl, Version=8.0.0.0, Culture=neutral, PublicKeyToken=b03f5f7f11d50a3a".
             Resolved file path is "/usr/share/dotnet/packs/Microsoft.NETCore.App.Ref/8.0.23/ref/net8.0/System.Security.AccessControl.dll".
             Reference found at search path location "{RawFileName}".
             This reference is not "CopyLocal" because at least one source item had "Private" set to "false" and no source items had "Private" set to "true".
             The ImageRuntimeVersion for this reference is "".
         Primary reference "System.Security.Claims, Version=8.0.0.0, Culture=neutral, PublicKeyToken=b03f5f7f11d50a3a".
             Resolved file path is "/usr/share/dotnet/packs/Microsoft.NETCore.App.Ref/8.0.23/ref/net8.0/System.Security.Claims.dll".
             Reference found at search path location "{RawFileName}".
             This reference is not "CopyLocal" because at least one source item had "Private" set to "false" and no source items had "Private" set to "true".
             The ImageRuntimeVersion for this reference is "".
         Primary reference "System.Security.Cryptography.Algorithms, Version=8.0.0.0, Culture=neutral, PublicKeyToken=b03f5f7f11d50a3a".
             Resolved file path is "/usr/share/dotnet/packs/Microsoft.NETCore.App.Ref/8.0.23/ref/net8.0/System.Security.Cryptography.Algorithms.dll".
             Reference found at search path location "{RawFileName}".
             This reference is not "CopyLocal" because at least one source item had "Private" set to "false" and no source items had "Private" set to "true".
             The ImageRuntimeVersion for this reference is "".
         Primary reference "System.Security.Cryptography.Cng, Version=8.0.0.0, Culture=neutral, PublicKeyToken=b03f5f7f11d50a3a".
             Resolved file path is "/usr/share/dotnet/packs/Microsoft.NETCore.App.Ref/8.0.23/ref/net8.0/System.Security.Cryptography.Cng.dll".
             Reference found at search path location "{RawFileName}".
             This reference is not "CopyLocal" because at least one source item had "Private" set to "false" and no source items had "Private" set to "true".
             The ImageRuntimeVersion for this reference is "".
         Primary reference "System.Security.Cryptography.Csp, Version=8.0.0.0, Culture=neutral, PublicKeyToken=b03f5f7f11d50a3a".
             Resolved file path is "/usr/share/dotnet/packs/Microsoft.NETCore.App.Ref/8.0.23/ref/net8.0/System.Security.Cryptography.Csp.dll".
             Reference found at search path location "{RawFileName}".
             This reference is not "CopyLocal" because at least one source item had "Private" set to "false" and no source items had "Private" set to "true".
             The ImageRuntimeVersion for this reference is "".
         Primary reference "System.Security.Cryptography.Encoding, Version=8.0.0.0, Culture=neutral, PublicKeyToken=b03f5f7f11d50a3a".
             Resolved file path is "/usr/share/dotnet/packs/Microsoft.NETCore.App.Ref/8.0.23/ref/net8.0/System.Security.Cryptography.Encoding.dll".
             Reference found at search path location "{RawFileName}".
             This reference is not "CopyLocal" because at least one source item had "Private" set to "false" and no source items had "Private" set to "true".
             The ImageRuntimeVersion for this reference is "".
         Primary reference "System.Security.Cryptography.OpenSsl, Version=8.0.0.0, Culture=neutral, PublicKeyToken=b03f5f7f11d50a3a".
             Resolved file path is "/usr/share/dotnet/packs/Microsoft.NETCore.App.Ref/8.0.23/ref/net8.0/System.Security.Cryptography.OpenSsl.dll".
             Reference found at search path location "{RawFileName}".
             This reference is not "CopyLocal" because at least one source item had "Private" set to "false" and no source items had "Private" set to "true".
             The ImageRuntimeVersion for this reference is "".
         Primary reference "System.Security.Cryptography.Primitives, Version=8.0.0.0, Culture=neutral, PublicKeyToken=b03f5f7f11d50a3a".
             Resolved file path is "/usr/share/dotnet/packs/Microsoft.NETCore.App.Ref/8.0.23/ref/net8.0/System.Security.Cryptography.Primitives.dll".
             Reference found at search path location "{RawFileName}".
             This reference is not "CopyLocal" because at least one source item had "Private" set to "false" and no source items had "Private" set to "true".
             The ImageRuntimeVersion for this reference is "".
         Primary reference "System.Security.Cryptography.X509Certificates, Version=8.0.0.0, Culture=neutral, PublicKeyToken=b03f5f7f11d50a3a".
             Resolved file path is "/usr/share/dotnet/packs/Microsoft.NETCore.App.Ref/8.0.23/ref/net8.0/System.Security.Cryptography.X509Certificates.dll".
             Reference found at search path location "{RawFileName}".
             This reference is not "CopyLocal" because at least one source item had "Private" set to "false" and no source items had "Private" set to "true".
             The ImageRuntimeVersion for this reference is "".
         Primary reference "System.Security.Cryptography, Version=8.0.0.0, Culture=neutral, PublicKeyToken=b03f5f7f11d50a3a".
             Resolved file path is "/usr/share/dotnet/packs/Microsoft.NETCore.App.Ref/8.0.23/ref/net8.0/System.Security.Cryptography.dll".
             Reference found at search path location "{RawFileName}".
             This reference is not "CopyLocal" because at least one source item had "Private" set to "false" and no source items had "Private" set to "true".
             The ImageRuntimeVersion for this reference is "".
         Primary reference "System.Security.Principal.Windows, Version=8.0.0.0, Culture=neutral, PublicKeyToken=b03f5f7f11d50a3a".
             Resolved file path is "/usr/share/dotnet/packs/Microsoft.NETCore.App.Ref/8.0.23/ref/net8.0/System.Security.Principal.Windows.dll".
             Reference found at search path location "{RawFileName}".
             This reference is not "CopyLocal" because at least one source item had "Private" set to "false" and no source items had "Private" set to "true".
             The ImageRuntimeVersion for this reference is "".
         Primary reference "System.Security.Principal, Version=8.0.0.0, Culture=neutral, PublicKeyToken=b03f5f7f11d50a3a".
             Resolved file path is "/usr/share/dotnet/packs/Microsoft.NETCore.App.Ref/8.0.23/ref/net8.0/System.Security.Principal.dll".
             Reference found at search path location "{RawFileName}".
             This reference is not "CopyLocal" because at least one source item had "Private" set to "false" and no source items had "Private" set to "true".
             The ImageRuntimeVersion for this reference is "".
         Primary reference "System.Security.SecureString, Version=8.0.0.0, Culture=neutral, PublicKeyToken=b03f5f7f11d50a3a".
             Resolved file path is "/usr/share/dotnet/packs/Microsoft.NETCore.App.Ref/8.0.23/ref/net8.0/System.Security.SecureString.dll".
             Reference found at search path location "{RawFileName}".
             This reference is not "CopyLocal" because at least one source item had "Private" set to "false" and no source items had "Private" set to "true".
             The ImageRuntimeVersion for this reference is "".
         Primary reference "System.Security, Version=4.0.0.0, Culture=neutral, PublicKeyToken=b03f5f7f11d50a3a".
             Resolved file path is "/usr/share/dotnet/packs/Microsoft.NETCore.App.Ref/8.0.23/ref/net8.0/System.Security.dll".
             Reference found at search path location "{RawFileName}".
             This reference is not "CopyLocal" because at least one source item had "Private" set to "false" and no source items had "Private" set to "true".
             The ImageRuntimeVersion for this reference is "".
         Primary reference "System.ServiceModel.Web, Version=4.0.0.0, Culture=neutral, PublicKeyToken=31bf3856ad364e35".
             Resolved file path is "/usr/share/dotnet/packs/Microsoft.NETCore.App.Ref/8.0.23/ref/net8.0/System.ServiceModel.Web.dll".
             Reference found at search path location "{RawFileName}".
             This reference is not "CopyLocal" because at least one source item had "Private" set to "false" and no source items had "Private" set to "true".
             The ImageRuntimeVersion for this reference is "".
         Primary reference "System.ServiceProcess, Version=4.0.0.0, Culture=neutral, PublicKeyToken=b03f5f7f11d50a3a".
             Resolved file path is "/usr/share/dotnet/packs/Microsoft.NETCore.App.Ref/8.0.23/ref/net8.0/System.ServiceProcess.dll".
             Reference found at search path location "{RawFileName}".
             This reference is not "CopyLocal" because at least one source item had "Private" set to "false" and no source items had "Private" set to "true".
             The ImageRuntimeVersion for this reference is "".
         Primary reference "System.Text.Encoding.CodePages, Version=8.0.0.0, Culture=neutral, PublicKeyToken=b03f5f7f11d50a3a".
             Resolved file path is "/usr/share/dotnet/packs/Microsoft.NETCore.App.Ref/8.0.23/ref/net8.0/System.Text.Encoding.CodePages.dll".
             Reference found at search path location "{RawFileName}".
             This reference is not "CopyLocal" because at least one source item had "Private" set to "false" and no source items had "Private" set to "true".
             The ImageRuntimeVersion for this reference is "".
         Primary reference "System.Text.Encoding.Extensions, Version=8.0.0.0, Culture=neutral, PublicKeyToken=b03f5f7f11d50a3a".
             Resolved file path is "/usr/share/dotnet/packs/Microsoft.NETCore.App.Ref/8.0.23/ref/net8.0/System.Text.Encoding.Extensions.dll".
             Reference found at search path location "{RawFileName}".
             This reference is not "CopyLocal" because at least one source item had "Private" set to "false" and no source items had "Private" set to "true".
             The ImageRuntimeVersion for this reference is "".
         Primary reference "System.Text.Encoding, Version=8.0.0.0, Culture=neutral, PublicKeyToken=b03f5f7f11d50a3a".
             Resolved file path is "/usr/share/dotnet/packs/Microsoft.NETCore.App.Ref/8.0.23/ref/net8.0/System.Text.Encoding.dll".
             Reference found at search path location "{RawFileName}".
             This reference is not "CopyLocal" because at least one source item had "Private" set to "false" and no source items had "Private" set to "true".
             The ImageRuntimeVersion for this reference is "".
         Primary reference "System.Text.Encodings.Web, Version=8.0.0.0, Culture=neutral, PublicKeyToken=cc7b13ffcd2ddd51".
             Resolved file path is "/usr/share/dotnet/packs/Microsoft.NETCore.App.Ref/8.0.23/ref/net8.0/System.Text.Encodings.Web.dll".
             Reference found at search path location "{RawFileName}".
             This reference is not "CopyLocal" because at least one source item had "Private" set to "false" and no source items had "Private" set to "true".
             The ImageRuntimeVersion for this reference is "".
         Primary reference "System.Text.Json, Version=8.0.0.0, Culture=neutral, PublicKeyToken=cc7b13ffcd2ddd51".
             Resolved file path is "/usr/share/dotnet/packs/Microsoft.NETCore.App.Ref/8.0.23/ref/net8.0/System.Text.Json.dll".
             Reference found at search path location "{RawFileName}".
             This reference is not "CopyLocal" because at least one source item had "Private" set to "false" and no source items had "Private" set to "true".
             The ImageRuntimeVersion for this reference is "".
         Primary reference "System.Text.RegularExpressions, Version=8.0.0.0, Culture=neutral, PublicKeyToken=b03f5f7f11d50a3a".
             Resolved file path is "/usr/share/dotnet/packs/Microsoft.NETCore.App.Ref/8.0.23/ref/net8.0/System.Text.RegularExpressions.dll".
             Reference found at search path location "{RawFileName}".
             This reference is not "CopyLocal" because at least one source item had "Private" set to "false" and no source items had "Private" set to "true".
             The ImageRuntimeVersion for this reference is "".
         Primary reference "System.Threading.Channels, Version=8.0.0.0, Culture=neutral, PublicKeyToken=cc7b13ffcd2ddd51".
             Resolved file path is "/usr/share/dotnet/packs/Microsoft.NETCore.App.Ref/8.0.23/ref/net8.0/System.Threading.Channels.dll".
             Reference found at search path location "{RawFileName}".
             This reference is not "CopyLocal" because at least one source item had "Private" set to "false" and no source items had "Private" set to "true".
             The ImageRuntimeVersion for this reference is "".
         Primary reference "System.Threading.Overlapped, Version=8.0.0.0, Culture=neutral, PublicKeyToken=b03f5f7f11d50a3a".
             Resolved file path is "/usr/share/dotnet/packs/Microsoft.NETCore.App.Ref/8.0.23/ref/net8.0/System.Threading.Overlapped.dll".
             Reference found at search path location "{RawFileName}".
             This reference is not "CopyLocal" because at least one source item had "Private" set to "false" and no source items had "Private" set to "true".
             The ImageRuntimeVersion for this reference is "".
         Primary reference "System.Threading.Tasks.Dataflow, Version=8.0.0.0, Culture=neutral, PublicKeyToken=b03f5f7f11d50a3a".
             Resolved file path is "/usr/share/dotnet/packs/Microsoft.NETCore.App.Ref/8.0.23/ref/net8.0/System.Threading.Tasks.Dataflow.dll".
             Reference found at search path location "{RawFileName}".
             This reference is not "CopyLocal" because at least one source item had "Private" set to "false" and no source items had "Private" set to "true".
             The ImageRuntimeVersion for this reference is "".
         Primary reference "System.Threading.Tasks.Extensions, Version=8.0.0.0, Culture=neutral, PublicKeyToken=cc7b13ffcd2ddd51".
             Resolved file path is "/usr/share/dotnet/packs/Microsoft.NETCore.App.Ref/8.0.23/ref/net8.0/System.Threading.Tasks.Extensions.dll".
             Reference found at search path location "{RawFileName}".
             This reference is not "CopyLocal" because at least one source item had "Private" set to "false" and no source items had "Private" set to "true".
             The ImageRuntimeVersion for this reference is "".
         Primary reference "System.Threading.Tasks.Parallel, Version=8.0.0.0, Culture=neutral, PublicKeyToken=b03f5f7f11d50a3a".
             Resolved file path is "/usr/share/dotnet/packs/Microsoft.NETCore.App.Ref/8.0.23/ref/net8.0/System.Threading.Tasks.Parallel.dll".
             Reference found at search path location "{RawFileName}".
             This reference is not "CopyLocal" because at least one source item had "Private" set to "false" and no source items had "Private" set to "true".
             The ImageRuntimeVersion for this reference is "".
         Primary reference "System.Threading.Tasks, Version=8.0.0.0, Culture=neutral, PublicKeyToken=b03f5f7f11d50a3a".
             Resolved file path is "/usr/share/dotnet/packs/Microsoft.NETCore.App.Ref/8.0.23/ref/net8.0/System.Threading.Tasks.dll".
             Reference found at search path location "{RawFileName}".
             This reference is not "CopyLocal" because at least one source item had "Private" set to "false" and no source items had "Private" set to "true".
             The ImageRuntimeVersion for this reference is "".
         Primary reference "System.Threading.Thread, Version=8.0.0.0, Culture=neutral, PublicKeyToken=b03f5f7f11d50a3a".
             Resolved file path is "/usr/share/dotnet/packs/Microsoft.NETCore.App.Ref/8.0.23/ref/net8.0/System.Threading.Thread.dll".
             Reference found at search path location "{RawFileName}".
             This reference is not "CopyLocal" because at least one source item had "Private" set to "false" and no source items had "Private" set to "true".
             The ImageRuntimeVersion for this reference is "".
         Primary reference "System.Threading.ThreadPool, Version=8.0.0.0, Culture=neutral, PublicKeyToken=b03f5f7f11d50a3a".
             Resolved file path is "/usr/share/dotnet/packs/Microsoft.NETCore.App.Ref/8.0.23/ref/net8.0/System.Threading.ThreadPool.dll".
             Reference found at search path location "{RawFileName}".
             This reference is not "CopyLocal" because at least one source item had "Private" set to "false" and no source items had "Private" set to "true".
             The ImageRuntimeVersion for this reference is "".
         Primary reference "System.Threading.Timer, Version=8.0.0.0, Culture=neutral, PublicKeyToken=b03f5f7f11d50a3a".
             Resolved file path is "/usr/share/dotnet/packs/Microsoft.NETCore.App.Ref/8.0.23/ref/net8.0/System.Threading.Timer.dll".
             Reference found at search path location "{RawFileName}".
             This reference is not "CopyLocal" because at least one source item had "Private" set to "false" and no source items had "Private" set to "true".
             The ImageRuntimeVersion for this reference is "".
         Primary reference "System.Threading, Version=8.0.0.0, Culture=neutral, PublicKeyToken=b03f5f7f11d50a3a".
             Resolved file path is "/usr/share/dotnet/packs/Microsoft.NETCore.App.Ref/8.0.23/ref/net8.0/System.Threading.dll".
             Reference found at search path location "{RawFileName}".
             This reference is not "CopyLocal" because at least one source item had "Private" set to "false" and no source items had "Private" set to "true".
             The ImageRuntimeVersion for this reference is "".
         Primary reference "System.Transactions.Local, Version=8.0.0.0, Culture=neutral, PublicKeyToken=cc7b13ffcd2ddd51".
             Resolved file path is "/usr/share/dotnet/packs/Microsoft.NETCore.App.Ref/8.0.23/ref/net8.0/System.Transactions.Local.dll".
             Reference found at search path location "{RawFileName}".
             This reference is not "CopyLocal" because at least one source item had "Private" set to "false" and no source items had "Private" set to "true".
             The ImageRuntimeVersion for this reference is "".
         Primary reference "System.Transactions, Version=4.0.0.0, Culture=neutral, PublicKeyToken=b77a5c561934e089".
             Resolved file path is "/usr/share/dotnet/packs/Microsoft.NETCore.App.Ref/8.0.23/ref/net8.0/System.Transactions.dll".
             Reference found at search path location "{RawFileName}".
             This reference is not "CopyLocal" because at least one source item had "Private" set to "false" and no source items had "Private" set to "true".
             The ImageRuntimeVersion for this reference is "".
         Primary reference "System.ValueTuple, Version=8.0.0.0, Culture=neutral, PublicKeyToken=cc7b13ffcd2ddd51".
             Resolved file path is "/usr/share/dotnet/packs/Microsoft.NETCore.App.Ref/8.0.23/ref/net8.0/System.ValueTuple.dll".
             Reference found at search path location "{RawFileName}".
             This reference is not "CopyLocal" because at least one source item had "Private" set to "false" and no source items had "Private" set to "true".
             The ImageRuntimeVersion for this reference is "".
         Primary reference "System.Web.HttpUtility, Version=8.0.0.0, Culture=neutral, PublicKeyToken=cc7b13ffcd2ddd51".
             Resolved file path is "/usr/share/dotnet/packs/Microsoft.NETCore.App.Ref/8.0.23/ref/net8.0/System.Web.HttpUtility.dll".
             Reference found at search path location "{RawFileName}".
             This reference is not "CopyLocal" because at least one source item had "Private" set to "false" and no source items had "Private" set to "true".
             The ImageRuntimeVersion for this reference is "".
         Primary reference "System.Web, Version=4.0.0.0, Culture=neutral, PublicKeyToken=b03f5f7f11d50a3a".
             Resolved file path is "/usr/share/dotnet/packs/Microsoft.NETCore.App.Ref/8.0.23/ref/net8.0/System.Web.dll".
             Reference found at search path location "{RawFileName}".
             This reference is not "CopyLocal" because at least one source item had "Private" set to "false" and no source items had "Private" set to "true".
             The ImageRuntimeVersion for this reference is "".
         Primary reference "System.Windows, Version=4.0.0.0, Culture=neutral, PublicKeyToken=b03f5f7f11d50a3a".
             Resolved file path is "/usr/share/dotnet/packs/Microsoft.NETCore.App.Ref/8.0.23/ref/net8.0/System.Windows.dll".
             Reference found at search path location "{RawFileName}".
             This reference is not "CopyLocal" because at least one source item had "Private" set to "false" and no source items had "Private" set to "true".
             The ImageRuntimeVersion for this reference is "".
         Primary reference "System.Xml.Linq, Version=4.0.0.0, Culture=neutral, PublicKeyToken=b77a5c561934e089".
             Resolved file path is "/usr/share/dotnet/packs/Microsoft.NETCore.App.Ref/8.0.23/ref/net8.0/System.Xml.Linq.dll".
             Reference found at search path location "{RawFileName}".
             This reference is not "CopyLocal" because at least one source item had "Private" set to "false" and no source items had "Private" set to "true".
             The ImageRuntimeVersion for this reference is "".
         Primary reference "System.Xml.ReaderWriter, Version=8.0.0.0, Culture=neutral, PublicKeyToken=b03f5f7f11d50a3a".
             Resolved file path is "/usr/share/dotnet/packs/Microsoft.NETCore.App.Ref/8.0.23/ref/net8.0/System.Xml.ReaderWriter.dll".
             Reference found at search path location "{RawFileName}".
             This reference is not "CopyLocal" because at least one source item had "Private" set to "false" and no source items had "Private" set to "true".
             The ImageRuntimeVersion for this reference is "".
         Primary reference "System.Xml.Serialization, Version=4.0.0.0, Culture=neutral, PublicKeyToken=b77a5c561934e089".
             Resolved file path is "/usr/share/dotnet/packs/Microsoft.NETCore.App.Ref/8.0.23/ref/net8.0/System.Xml.Serialization.dll".
             Reference found at search path location "{RawFileName}".
             This reference is not "CopyLocal" because at least one source item had "Private" set to "false" and no source items had "Private" set to "true".
             The ImageRuntimeVersion for this reference is "".
         Primary reference "System.Xml.XDocument, Version=8.0.0.0, Culture=neutral, PublicKeyToken=b03f5f7f11d50a3a".
             Resolved file path is "/usr/share/dotnet/packs/Microsoft.NETCore.App.Ref/8.0.23/ref/net8.0/System.Xml.XDocument.dll".
             Reference found at search path location "{RawFileName}".
             This reference is not "CopyLocal" because at least one source item had "Private" set to "false" and no source items had "Private" set to "true".
             The ImageRuntimeVersion for this reference is "".
         Primary reference "System.Xml.XPath.XDocument, Version=8.0.0.0, Culture=neutral, PublicKeyToken=b03f5f7f11d50a3a".
             Resolved file path is "/usr/share/dotnet/packs/Microsoft.NETCore.App.Ref/8.0.23/ref/net8.0/System.Xml.XPath.XDocument.dll".
             Reference found at search path location "{RawFileName}".
             This reference is not "CopyLocal" because at least one source item had "Private" set to "false" and no source items had "Private" set to "true".
             The ImageRuntimeVersion for this reference is "".
         Primary reference "System.Xml.XPath, Version=8.0.0.0, Culture=neutral, PublicKeyToken=b03f5f7f11d50a3a".
             Resolved file path is "/usr/share/dotnet/packs/Microsoft.NETCore.App.Ref/8.0.23/ref/net8.0/System.Xml.XPath.dll".
             Reference found at search path location "{RawFileName}".
             This reference is not "CopyLocal" because at least one source item had "Private" set to "false" and no source items had "Private" set to "true".
             The ImageRuntimeVersion for this reference is "".
         Primary reference "System.Xml.XmlDocument, Version=8.0.0.0, Culture=neutral, PublicKeyToken=b03f5f7f11d50a3a".
             Resolved file path is "/usr/share/dotnet/packs/Microsoft.NETCore.App.Ref/8.0.23/ref/net8.0/System.Xml.XmlDocument.dll".
             Reference found at search path location "{RawFileName}".
             This reference is not "CopyLocal" because at least one source item had "Private" set to "false" and no source items had "Private" set to "true".
             The ImageRuntimeVersion for this reference is "".
         Primary reference "System.Xml.XmlSerializer, Version=8.0.0.0, Culture=neutral, PublicKeyToken=b03f5f7f11d50a3a".
             Resolved file path is "/usr/share/dotnet/packs/Microsoft.NETCore.App.Ref/8.0.23/ref/net8.0/System.Xml.XmlSerializer.dll".
             Reference found at search path location "{RawFileName}".
             This reference is not "CopyLocal" because at least one source item had "Private" set to "false" and no source items had "Private" set to "true".
             The ImageRuntimeVersion for this reference is "".
         Primary reference "System.Xml, Version=4.0.0.0, Culture=neutral, PublicKeyToken=b77a5c561934e089".
             Resolved file path is "/usr/share/dotnet/packs/Microsoft.NETCore.App.Ref/8.0.23/ref/net8.0/System.Xml.dll".
             Reference found at search path location "{RawFileName}".
             This reference is not "CopyLocal" because at least one source item had "Private" set to "false" and no source items had "Private" set to "true".
             The ImageRuntimeVersion for this reference is "".
         Primary reference "System, Version=4.0.0.0, Culture=neutral, PublicKeyToken=b77a5c561934e089".
             Resolved file path is "/usr/share/dotnet/packs/Microsoft.NETCore.App.Ref/8.0.23/ref/net8.0/System.dll".
             Reference found at search path location "{RawFileName}".
             This reference is not "CopyLocal" because at least one source item had "Private" set to "false" and no source items had "Private" set to "true".
             The ImageRuntimeVersion for this reference is "".
         Primary reference "WindowsBase, Version=4.0.0.0, Culture=neutral, PublicKeyToken=31bf3856ad364e35".
             Resolved file path is "/usr/share/dotnet/packs/Microsoft.NETCore.App.Ref/8.0.23/ref/net8.0/WindowsBase.dll".
             Reference found at search path location "{RawFileName}".
             This reference is not "CopyLocal" because at least one source item had "Private" set to "false" and no source items had "Private" set to "true".
             The ImageRuntimeVersion for this reference is "".
         Primary reference "mscorlib, Version=4.0.0.0, Culture=neutral, PublicKeyToken=b77a5c561934e089".
             Resolved file path is "/usr/share/dotnet/packs/Microsoft.NETCore.App.Ref/8.0.23/ref/net8.0/mscorlib.dll".
             Reference found at search path location "{RawFileName}".
             This reference is not "CopyLocal" because at least one source item had "Private" set to "false" and no source items had "Private" set to "true".
             The ImageRuntimeVersion for this reference is "".
         Primary reference "netstandard, Version=2.1.0.0, Culture=neutral, PublicKeyToken=cc7b13ffcd2ddd51".
             Resolved file path is "/usr/share/dotnet/packs/Microsoft.NETCore.App.Ref/8.0.23/ref/net8.0/netstandard.dll".
             Reference found at search path location "{RawFileName}".
             This reference is not "CopyLocal" because at least one source item had "Private" set to "false" and no source items had "Private" set to "true".
             The ImageRuntimeVersion for this reference is "".
       Done executing task "ResolveAssemblyReference".
   3:7>Done building target "ResolveAssemblyReferences" in project "TourManagement.Infrastructure.csproj".
       Target "GenerateBindingRedirects" skipped, due to false condition; ('$(AutoGenerateBindingRedirects)' == 'true' and '$(GenerateBindingRedirectsOutputType)' == 'true' and '@(SuggestedBindingRedirects)' != '' and '$(DesignTimeBuild)' != 'true' and '$(BuildingProject)' == 'true') was evaluated as ('' == 'true' and '' == 'true' and '' != '' and '' != 'true' and 'true' == 'true').
       Target "GenerateSupportedRuntime" skipped, due to false condition; ('$(GenerateSupportedRuntime)' != 'false' and '$(TargetFrameworkIdentifier)' == '.NETFramework' and '$(HasRuntimeOutput)' == 'true') was evaluated as ('' != 'false' and '.NETCoreApp' == '.NETFramework' and '' == 'true').
       Target "GenerateBindingRedirectsUpdateAppConfig" skipped, due to false condition; ('$(AutoGenerateBindingRedirects)' == 'true' and '$(GenerateBindingRedirectsOutputType)' == 'true') was evaluated as ('' == 'true' and '' == 'true').
       Target "ResolveComReferences" skipped, due to false condition; ('@(COMReference)'!='' or '@(COMFileReference)'!='') was evaluated as (''!='' or ''!='').
   3:7>Target "AfterResolveReferences" in file "/usr/share/dotnet/sdk/8.0.417/Microsoft.Common.CurrentVersion.targets" from project "/modernize-data/studio-data/TNT1001/APP1166/transformed-code/344/studio-workspace/TMS22/src/TourManagement.Infrastructure/TourManagement.Infrastructure.csproj" (target "ResolveReferences" depends on it):
   3:7>Done building target "AfterResolveReferences" in project "TourManagement.Infrastructure.csproj".
   3:7>Target "ResolveReferences" in file "/usr/share/dotnet/sdk/8.0.417/Microsoft.Common.CurrentVersion.targets" from project "/modernize-data/studio-data/TNT1001/APP1166/transformed-code/344/studio-workspace/TMS22/src/TourManagement.Infrastructure/TourManagement.Infrastructure.csproj" (target "_BlockWinMDsOnUnsupportedTFMs" depends on it):
   3:7>Done building target "ResolveReferences" in project "TourManagement.Infrastructure.csproj".
   3:7>Target "_BlockWinMDsOnUnsupportedTFMs" in file "/usr/share/dotnet/sdk/8.0.417/Sdks/Microsoft.NET.Sdk/targets/Microsoft.NET.Sdk.targets" from project "/modernize-data/studio-data/TNT1001/APP1166/transformed-code/344/studio-workspace/TMS22/src/TourManagement.Infrastructure/TourManagement.Infrastructure.csproj" (target "CoreBuild" depends on it):
       Using "CheckForUnsupportedWinMDReferences" task from assembly "/usr/share/dotnet/sdk/8.0.417/Sdks/Microsoft.NET.Sdk/targets/../tools/net8.0/Microsoft.NET.Build.Tasks.dll".
       Task "CheckForUnsupportedWinMDReferences"
       Done executing task "CheckForUnsupportedWinMDReferences".
       Task "NETSdkError" skipped, due to false condition; ('$(OutputType)' == 'winmdobj') was evaluated as ('Library' == 'winmdobj').
   3:7>Done building target "_BlockWinMDsOnUnsupportedTFMs" in project "TourManagement.Infrastructure.csproj".
       Target "ResolveReferences" skipped. Previously built successfully.
       Target "ResolvePackageDependenciesForBuild" skipped. Previously built successfully.
       Target "_HandlePackageFileConflicts" skipped. Previously built successfully.
   3:7>Target "CopyAdditionalFiles" in file "/usr/share/dotnet/sdk/8.0.417/Roslyn/Microsoft.Managed.Core.targets" from project "/modernize-data/studio-data/TNT1001/APP1166/transformed-code/344/studio-workspace/TMS22/src/TourManagement.Infrastructure/TourManagement.Infrastructure.csproj" (target "AssignTargetPaths" depends on it):
   3:7>Done building target "CopyAdditionalFiles" in project "TourManagement.Infrastructure.csproj".
       Target "_ChooseAppHost" skipped, due to false condition; ('$(UseAppHost)' == 'true' and '$(_IsExecutable)' == 'true') was evaluated as ('' == 'true' and '' == 'true').
       Target "_GetComHostPaths" skipped, due to false condition; ('$(EnableComHosting)' == 'true' and '$(_IsExecutable)' != 'true') was evaluated as ('' == 'true' and '' != 'true').
       Target "_GetIjwHostPaths" skipped, due to false condition; ('$(UseIJWHost)' == 'true') was evaluated as ('' == 'true').
   3:7>Target "_ComputeNETCoreBuildOutputFiles" in file "/usr/share/dotnet/sdk/8.0.417/Sdks/Microsoft.NET.Sdk/targets/Microsoft.NET.Sdk.targets" from project "/modernize-data/studio-data/TNT1001/APP1166/transformed-code/344/studio-workspace/TMS22/src/TourManagement.Infrastructure/TourManagement.Infrastructure.csproj" (target "AssignTargetPaths" depends on it):
   3:7>Done building target "_ComputeNETCoreBuildOutputFiles" in project "TourManagement.Infrastructure.csproj".
   3:7>Target "AssignTargetPaths" in file "/usr/share/dotnet/sdk/8.0.417/Microsoft.Common.CurrentVersion.targets" from project "/modernize-data/studio-data/TNT1001/APP1166/transformed-code/344/studio-workspace/TMS22/src/TourManagement.Infrastructure/TourManagement.Infrastructure.csproj" (target "PrepareResourceNames" depends on it):
       Using "AssignTargetPath" task from assembly "Microsoft.Build.Tasks.Core, Version=15.1.0.0, Culture=neutral, PublicKeyToken=b03f5f7f11d50a3a".
       Task "AssignTargetPath"
       Done executing task "AssignTargetPath".
       Task "AssignTargetPath"
       Done executing task "AssignTargetPath".
       Task "AssignTargetPath"
       Done executing task "AssignTargetPath".
       Task "AssignTargetPath"
       Done executing task "AssignTargetPath".
       Task "AssignTargetPath" skipped, due to false condition; ('@(_DeploymentBaseManifestWithTargetPath)'=='' and '%(None.Extension)'=='.manifest') was evaluated as (''=='' and ''=='.manifest').
   3:7>Done building target "AssignTargetPaths" in project "TourManagement.Infrastructure.csproj".
       Target "AssignTargetPaths" skipped. Previously built successfully.
   3:7>Target "SplitResourcesByCulture" in file "/usr/share/dotnet/sdk/8.0.417/Microsoft.Common.CurrentVersion.targets" from project "/modernize-data/studio-data/TNT1001/APP1166/transformed-code/344/studio-workspace/TMS22/src/TourManagement.Infrastructure/TourManagement.Infrastructure.csproj" (target "PrepareResourceNames" depends on it):
       Task "Warning" skipped, due to false condition; ('@(ResxWithNoCulture)'!='') was evaluated as (''!='').
       Task "Warning" skipped, due to false condition; ('@(ResxWithCulture)'!='') was evaluated as (''!='').
       Task "Warning" skipped, due to false condition; ('@(NonResxWithCulture)'!='') was evaluated as (''!='').
       Task "Warning" skipped, due to false condition; ('@(NonResxWithNoCulture)'!='') was evaluated as (''!='').
       Using "AssignCulture" task from assembly "Microsoft.Build.Tasks.Core, Version=15.1.0.0, Culture=neutral, PublicKeyToken=b03f5f7f11d50a3a".
       Task "AssignCulture"
       Done executing task "AssignCulture".
   3:7>Done building target "SplitResourcesByCulture" in project "TourManagement.Infrastructure.csproj".
       Target "CreateManifestResourceNames" skipped, due to false condition; ('@(EmbeddedResource)' != '') was evaluated as ('' != '').
   3:7>Target "CreateCustomManifestResourceNames" in file "/usr/share/dotnet/sdk/8.0.417/Microsoft.Common.CurrentVersion.targets" from project "/modernize-data/studio-data/TNT1001/APP1166/transformed-code/344/studio-workspace/TMS22/src/TourManagement.Infrastructure/TourManagement.Infrastructure.csproj" (target "PrepareResourceNames" depends on it):
   3:7>Done building target "CreateCustomManifestResourceNames" in project "TourManagement.Infrastructure.csproj".
   3:7>Target "PrepareResourceNames" in file "/usr/share/dotnet/sdk/8.0.417/Microsoft.Common.CurrentVersion.targets" from project "/modernize-data/studio-data/TNT1001/APP1166/transformed-code/344/studio-workspace/TMS22/src/TourManagement.Infrastructure/TourManagement.Infrastructure.csproj" (target "PrepareResources" depends on it):
   3:7>Done building target "PrepareResourceNames" in project "TourManagement.Infrastructure.csproj".
       Target "ResolveAssemblyReferences" skipped. Previously built successfully.
       Target "SplitResourcesByCulture" skipped. Previously built successfully.
   3:7>Target "BeforeResGen" in file "/usr/share/dotnet/sdk/8.0.417/Microsoft.Common.CurrentVersion.targets" from project "/modernize-data/studio-data/TNT1001/APP1166/transformed-code/344/studio-workspace/TMS22/src/TourManagement.Infrastructure/TourManagement.Infrastructure.csproj" (target "ResGen" depends on it):
   3:7>Done building target "BeforeResGen" in project "TourManagement.Infrastructure.csproj".
       Target "ResolveReferences" skipped. Previously built successfully.
   3:7>Target "FindReferenceAssembliesForReferences" in file "/usr/share/dotnet/sdk/8.0.417/Microsoft.Common.CurrentVersion.targets" from project "/modernize-data/studio-data/TNT1001/APP1166/transformed-code/344/studio-workspace/TMS22/src/TourManagement.Infrastructure/TourManagement.Infrastructure.csproj" (target "CoreResGen" depends on it):
   3:7>Done building target "FindReferenceAssembliesForReferences" in project "TourManagement.Infrastructure.csproj".
   3:7>Target "CoreResGen" in file "/usr/share/dotnet/sdk/8.0.417/Microsoft.Common.CurrentVersion.targets" from project "/modernize-data/studio-data/TNT1001/APP1166/transformed-code/344/studio-workspace/TMS22/src/TourManagement.Infrastructure/TourManagement.Infrastructure.csproj" (target "ResGen" depends on it):
       Task "GenerateResource" skipped, due to false condition; ('%(EmbeddedResource.Type)' == 'Resx' and '%(EmbeddedResource.GenerateResource)' != 'false' and '$(GenerateResourceMSBuildRuntime)' != 'CLR2') was evaluated as ('' == 'Resx' and '' != 'false' and 'CurrentRuntime' != 'CLR2').
       Task "GenerateResource" skipped, due to false condition; ('%(EmbeddedResource.Type)' == 'Resx' and '%(EmbeddedResource.GenerateResource)' != 'false' and '$(GenerateResourceMSBuildRuntime)' == 'CLR2') was evaluated as ('' == 'Resx' and '' != 'false' and 'CurrentRuntime' == 'CLR2').
   3:7>Done building target "CoreResGen" in project "TourManagement.Infrastructure.csproj".
   3:7>Target "AfterResGen" in file "/usr/share/dotnet/sdk/8.0.417/Microsoft.Common.CurrentVersion.targets" from project "/modernize-data/studio-data/TNT1001/APP1166/transformed-code/344/studio-workspace/TMS22/src/TourManagement.Infrastructure/TourManagement.Infrastructure.csproj" (target "ResGen" depends on it):
   3:7>Done building target "AfterResGen" in project "TourManagement.Infrastructure.csproj".
   3:7>Target "ResGen" in file "/usr/share/dotnet/sdk/8.0.417/Microsoft.Common.CurrentVersion.targets" from project "/modernize-data/studio-data/TNT1001/APP1166/transformed-code/344/studio-workspace/TMS22/src/TourManagement.Infrastructure/TourManagement.Infrastructure.csproj" (target "PrepareResources" depends on it):
   3:7>Done building target "ResGen" in project "TourManagement.Infrastructure.csproj".
       Target "CompileLicxFiles" skipped, due to false condition; ('@(_LicxFile)'!='') was evaluated as (''!='').
   3:7>Target "PrepareResources" in file "/usr/share/dotnet/sdk/8.0.417/Microsoft.Common.CurrentVersion.targets" from project "/modernize-data/studio-data/TNT1001/APP1166/transformed-code/344/studio-workspace/TMS22/src/TourManagement.Infrastructure/TourManagement.Infrastructure.csproj" (target "CoreBuild" depends on it):
   3:7>Done building target "PrepareResources" in project "TourManagement.Infrastructure.csproj".
       Target "ResolveKeySource" skipped, due to false condition; ($(SignManifests) == 'true' or $(SignAssembly) == 'true') was evaluated as ( == 'true' or false == 'true').
       Target "ResolveReferences" skipped. Previously built successfully.
       Target "ResolveKeySource" skipped, due to false condition; ($(SignManifests) == 'true' or $(SignAssembly) == 'true') was evaluated as ( == 'true' or false == 'true').
       Target "ResolveComReferences" skipped, due to false condition; ('@(COMReference)'!='' or '@(COMFileReference)'!='') was evaluated as (''!='' or ''!='').
       Target "ResolveNativeReferences" skipped, due to false condition; ('@(NativeReference)'!='') was evaluated as (''!='').
       Target "_SetExternalWin32ManifestProperties" skipped, due to false condition; ('$(GenerateClickOnceManifests)'=='true' or '@(NativeReference)'!='' or '@(ResolvedIsolatedComModules)'!='') was evaluated as (''=='true' or ''!='' or ''!='').
   3:7>Target "_SetEmbeddedWin32ManifestProperties" in file "/usr/share/dotnet/sdk/8.0.417/Microsoft.Common.CurrentVersion.targets" from project "/modernize-data/studio-data/TNT1001/APP1166/transformed-code/344/studio-workspace/TMS22/src/TourManagement.Infrastructure/TourManagement.Infrastructure.csproj" (target "SetWin32ManifestProperties" depends on it):
       Using "GetFrameworkPath" task from assembly "Microsoft.Build.Tasks.Core, Version=15.1.0.0, Culture=neutral, PublicKeyToken=b03f5f7f11d50a3a".
       Task "GetFrameworkPath"
       Done executing task "GetFrameworkPath".
   3:7>Done building target "_SetEmbeddedWin32ManifestProperties" in project "TourManagement.Infrastructure.csproj".
   3:7>Target "SetWin32ManifestProperties" in file "/usr/share/dotnet/sdk/8.0.417/Microsoft.Common.CurrentVersion.targets" from project "/modernize-data/studio-data/TNT1001/APP1166/transformed-code/344/studio-workspace/TMS22/src/TourManagement.Infrastructure/TourManagement.Infrastructure.csproj" (target "Compile" depends on it):
   3:7>Done building target "SetWin32ManifestProperties" in project "TourManagement.Infrastructure.csproj".
       Target "_SetPreferNativeArm64Win32ManifestProperties" skipped, due to false condition; ( '$(PreferNativeArm64)'=='true' and '$(NoWin32Manifest)'!='true') was evaluated as ( ''=='true' and ''!='true').
       Target "FindReferenceAssembliesForReferences" skipped. Previously built successfully.
   3:7>Target "_GenerateCompileInputs" in file "/usr/share/dotnet/sdk/8.0.417/Microsoft.Common.CurrentVersion.targets" from project "/modernize-data/studio-data/TNT1001/APP1166/transformed-code/344/studio-workspace/TMS22/src/TourManagement.Infrastructure/TourManagement.Infrastructure.csproj" (target "Compile" depends on it):
       Task "Warning" skipped, due to false condition; ('@(ManifestResourceWithNoCulture)'!='' and '%(ManifestResourceWithNoCulture.EmittedForCompatibilityOnly)'=='') was evaluated as (''!='' and ''=='').
       Task "Warning" skipped, due to false condition; ('@(ManifestNonResxWithNoCultureOnDisk)'!='' and '%(ManifestNonResxWithNoCultureOnDisk.EmittedForCompatibilityOnly)'=='') was evaluated as (''!='' and ''=='').
   3:7>Done building target "_GenerateCompileInputs" in project "TourManagement.Infrastructure.csproj".
       Target "PrepareForBuild" skipped. Previously built successfully.
   3:7>Target "GenerateMSBuildEditorConfigFileShouldRun" in file "/usr/share/dotnet/sdk/8.0.417/Roslyn/Microsoft.Managed.Core.targets" from project "/modernize-data/studio-data/TNT1001/APP1166/transformed-code/344/studio-workspace/TMS22/src/TourManagement.Infrastructure/TourManagement.Infrastructure.csproj" (target "GenerateMSBuildEditorConfigFile" depends on it):
   3:7>Done building target "GenerateMSBuildEditorConfigFileShouldRun" in project "TourManagement.Infrastructure.csproj".
   3:7>Target "GenerateMSBuildEditorConfigFileCore" in file "/usr/share/dotnet/sdk/8.0.417/Roslyn/Microsoft.Managed.Core.targets" from project "/modernize-data/studio-data/TNT1001/APP1166/transformed-code/344/studio-workspace/TMS22/src/TourManagement.Infrastructure/TourManagement.Infrastructure.csproj" (target "GenerateMSBuildEditorConfigFile" depends on it):
       Building target "GenerateMSBuildEditorConfigFileCore" completely.
       No input files were specified.
       Using "GenerateMSBuildEditorConfig" task from assembly "/usr/share/dotnet/sdk/8.0.417/Roslyn/Microsoft.Build.Tasks.CodeAnalysis.dll".
       Task "GenerateMSBuildEditorConfig"
       Done executing task "GenerateMSBuildEditorConfig".
   3:7>Done building target "GenerateMSBuildEditorConfigFileCore" in project "TourManagement.Infrastructure.csproj".
   3:7>Target "GenerateMSBuildEditorConfigFile" in file "/usr/share/dotnet/sdk/8.0.417/Roslyn/Microsoft.Managed.Core.targets" from project "/modernize-data/studio-data/TNT1001/APP1166/transformed-code/344/studio-workspace/TMS22/src/TourManagement.Infrastructure/TourManagement.Infrastructure.csproj" (target "BeforeCompile" depends on it):
   3:7>Done building target "GenerateMSBuildEditorConfigFile" in project "TourManagement.Infrastructure.csproj".
       Target "PrepareForBuild" skipped. Previously built successfully.
       Target "GetReferenceAssemblyPaths" skipped. Previously built successfully.
   3:7>Target "_SetTargetFrameworkMonikerAttribute" in file "/usr/share/dotnet/sdk/8.0.417/Microsoft.CSharp.CurrentVersion.targets" from project "/modernize-data/studio-data/TNT1001/APP1166/transformed-code/344/studio-workspace/TMS22/src/TourManagement.Infrastructure/TourManagement.Infrastructure.csproj" (target "GenerateTargetFrameworkMonikerAttribute" depends on it):
   3:7>Done building target "_SetTargetFrameworkMonikerAttribute" in project "TourManagement.Infrastructure.csproj".
   3:7>Target "GenerateTargetFrameworkMonikerAttribute" in file "/usr/share/dotnet/sdk/8.0.417/Microsoft.Common.CurrentVersion.targets" from project "/modernize-data/studio-data/TNT1001/APP1166/transformed-code/344/studio-workspace/TMS22/src/TourManagement.Infrastructure/TourManagement.Infrastructure.csproj" (target "BeforeCompile" depends on it):
       Skipping target "GenerateTargetFrameworkMonikerAttribute" because all output files are up-to-date with respect to the input files.
       Input files: /usr/share/dotnet/sdk/8.0.417/Microsoft.Common.targets
       Output files: obj/Debug/net8.0/.NETCoreApp,Version=v8.0.AssemblyAttributes.cs
   3:7>Done building target "GenerateTargetFrameworkMonikerAttribute" in project "TourManagement.Infrastructure.csproj".
       Target "GenerateAdditionalSources" skipped, due to false condition; ('@(AssemblyAttributes)' != '' and '$(GenerateAdditionalSources)' == 'true') was evaluated as ('' != '' and '' == 'true').
       Target "PrepareForBuild" skipped. Previously built successfully.
   3:7>Target "GetAssemblyVersion" in file "/usr/share/dotnet/sdk/8.0.417/Sdks/Microsoft.NET.Sdk/targets/Microsoft.NET.GenerateAssemblyInfo.targets" from project "/modernize-data/studio-data/TNT1001/APP1166/transformed-code/344/studio-workspace/TMS22/src/TourManagement.Infrastructure/TourManagement.Infrastructure.csproj" (target "GetAssemblyAttributes" depends on it):
       Using "GetAssemblyVersion" task from assembly "/usr/share/dotnet/sdk/8.0.417/Sdks/Microsoft.NET.Sdk/targets/../tools/net8.0/Microsoft.NET.Build.Tasks.dll".
       Task "GetAssemblyVersion"
       Done executing task "GetAssemblyVersion".
   3:7>Done building target "GetAssemblyVersion" in project "TourManagement.Infrastructure.csproj".
       Target "GetAssemblyVersion" skipped. Previously built successfully.
   3:7>Target "InitializeSourceControlInformationFromSourceControlManager" in file "/usr/share/dotnet/sdk/8.0.417/Sdks/Microsoft.Build.Tasks.Git/build/Microsoft.Build.Tasks.Git.targets" from project "/modernize-data/studio-data/TNT1001/APP1166/transformed-code/344/studio-workspace/TMS22/src/TourManagement.Infrastructure/TourManagement.Infrastructure.csproj" (target "_InitializeSourceControlInformationFromSourceControlManager" depends on it):
       Using "Microsoft.Build.Tasks.Git.LocateRepository" task from assembly "/usr/share/dotnet/sdk/8.0.417/Sdks/Microsoft.Build.Tasks.Git/build/../tools/core/Microsoft.Build.Tasks.Git.dll".
       Task "Microsoft.Build.Tasks.Git.LocateRepository"
         SourceLink: Repository instance not found in cache: '*:/modernize-data/studio-data/TNT1001/APP1166/transformed-code/344/studio-workspace/TMS22/.git'
       Done executing task "Microsoft.Build.Tasks.Git.LocateRepository".
   3:7>Done building target "InitializeSourceControlInformationFromSourceControlManager" in project "TourManagement.Infrastructure.csproj".
   3:7>Target "_SourceLinkHasSingleProvider" in file "/usr/share/dotnet/sdk/8.0.417/Sdks/Microsoft.SourceLink.Common/build/InitializeSourceControlInformation.targets" from project "/modernize-data/studio-data/TNT1001/APP1166/transformed-code/344/studio-workspace/TMS22/src/TourManagement.Infrastructure/TourManagement.Infrastructure.csproj" (target "_InitializeSourceControlInformationFromSourceControlManager" depends on it):
       Assembly loaded during TaskRun: Microsoft.SourceLink.Common, Version=8.0.9.11501, Culture=neutral, PublicKeyToken=31bf3856ad364e35 (location: /usr/share/dotnet/sdk/8.0.417/Sdks/Microsoft.SourceLink.Common/tools/core/Microsoft.SourceLink.Common.dll, MVID: d5b96578-81ec-438f-8487-2f5405206516, AssemblyLoadContext: MSBuild plugin /usr/share/dotnet/sdk/8.0.417/Sdks/Microsoft.SourceLink.Common/tools/core/Microsoft.SourceLink.Common.dll)
       Using "Microsoft.SourceLink.Common.SourceLinkHasSingleProvider" task from assembly "/usr/share/dotnet/sdk/8.0.417/Sdks/Microsoft.SourceLink.Common/build/../tools/core/Microsoft.SourceLink.Common.dll".
       Task "Microsoft.SourceLink.Common.SourceLinkHasSingleProvider"
       Done executing task "Microsoft.SourceLink.Common.SourceLinkHasSingleProvider".
   3:7>Done building target "_SourceLinkHasSingleProvider" in project "TourManagement.Infrastructure.csproj".
   3:7>Target "TranslateGitHubUrlsInSourceControlInformation" in file "/usr/share/dotnet/sdk/8.0.417/Sdks/Microsoft.SourceLink.GitHub/build/Microsoft.SourceLink.GitHub.targets" from project "/modernize-data/studio-data/TNT1001/APP1166/transformed-code/344/studio-workspace/TMS22/src/TourManagement.Infrastructure/TourManagement.Infrastructure.csproj" (target "_InitializeSourceControlInformationFromSourceControlManager" depends on it):
       Assembly loaded during TaskRun: Microsoft.SourceLink.GitHub, Version=8.0.9.11501, Culture=neutral, PublicKeyToken=31bf3856ad364e35 (location: /usr/share/dotnet/sdk/8.0.417/Sdks/Microsoft.SourceLink.GitHub/tools/core/Microsoft.SourceLink.GitHub.dll, MVID: 1fbac130-3a2a-4cf4-9c60-b0ae73333681, AssemblyLoadContext: MSBuild plugin /usr/share/dotnet/sdk/8.0.417/Sdks/Microsoft.SourceLink.GitHub/tools/core/Microsoft.SourceLink.GitHub.dll)
       Using "Microsoft.SourceLink.GitHub.TranslateRepositoryUrls" task from assembly "/usr/share/dotnet/sdk/8.0.417/Sdks/Microsoft.SourceLink.GitHub/build/../tools/core/Microsoft.SourceLink.GitHub.dll".
       Task "Microsoft.SourceLink.GitHub.TranslateRepositoryUrls"
       Done executing task "Microsoft.SourceLink.GitHub.TranslateRepositoryUrls".
   3:7>Done building target "TranslateGitHubUrlsInSourceControlInformation" in project "TourManagement.Infrastructure.csproj".
   3:7>Target "TranslateGitLabUrlsInSourceControlInformation" in file "/usr/share/dotnet/sdk/8.0.417/Sdks/Microsoft.SourceLink.GitLab/build/Microsoft.SourceLink.GitLab.targets" from project "/modernize-data/studio-data/TNT1001/APP1166/transformed-code/344/studio-workspace/TMS22/src/TourManagement.Infrastructure/TourManagement.Infrastructure.csproj" (target "_InitializeSourceControlInformationFromSourceControlManager" depends on it):
       Assembly loaded during TaskRun: Microsoft.SourceLink.GitLab, Version=8.0.9.11501, Culture=neutral, PublicKeyToken=31bf3856ad364e35 (location: /usr/share/dotnet/sdk/8.0.417/Sdks/Microsoft.SourceLink.GitLab/tools/core/Microsoft.SourceLink.GitLab.dll, MVID: 6b003cb9-36ef-4a5a-83ae-cc8fa7fbcb67, AssemblyLoadContext: MSBuild plugin /usr/share/dotnet/sdk/8.0.417/Sdks/Microsoft.SourceLink.GitLab/tools/core/Microsoft.SourceLink.GitLab.dll)
       Using "Microsoft.SourceLink.GitLab.TranslateRepositoryUrls" task from assembly "/usr/share/dotnet/sdk/8.0.417/Sdks/Microsoft.SourceLink.GitLab/build/../tools/core/Microsoft.SourceLink.GitLab.dll".
       Task "Microsoft.SourceLink.GitLab.TranslateRepositoryUrls"
       Done executing task "Microsoft.SourceLink.GitLab.TranslateRepositoryUrls".
   3:7>Done building target "TranslateGitLabUrlsInSourceControlInformation" in project "TourManagement.Infrastructure.csproj".
   3:7>Target "TranslateAzureReposGitUrlsInSourceControlInformation" in file "/usr/share/dotnet/sdk/8.0.417/Sdks/Microsoft.SourceLink.AzureRepos.Git/build/Microsoft.SourceLink.AzureRepos.Git.targets" from project "/modernize-data/studio-data/TNT1001/APP1166/transformed-code/344/studio-workspace/TMS22/src/TourManagement.Infrastructure/TourManagement.Infrastructure.csproj" (target "_InitializeSourceControlInformationFromSourceControlManager" depends on it):
       Assembly loaded during TaskRun: Microsoft.SourceLink.AzureRepos.Git, Version=8.0.9.11501, Culture=neutral, PublicKeyToken=31bf3856ad364e35 (location: /usr/share/dotnet/sdk/8.0.417/Sdks/Microsoft.SourceLink.AzureRepos.Git/tools/core/Microsoft.SourceLink.AzureRepos.Git.dll, MVID: 3a082d27-0e6b-4d51-92ea-8eaf3fc3120f, AssemblyLoadContext: MSBuild plugin /usr/share/dotnet/sdk/8.0.417/Sdks/Microsoft.SourceLink.AzureRepos.Git/tools/core/Microsoft.SourceLink.AzureRepos.Git.dll)
       Using "Microsoft.SourceLink.AzureRepos.Git.TranslateRepositoryUrls" task from assembly "/usr/share/dotnet/sdk/8.0.417/Sdks/Microsoft.SourceLink.AzureRepos.Git/build/../tools/core/Microsoft.SourceLink.AzureRepos.Git.dll".
       Task "Microsoft.SourceLink.AzureRepos.Git.TranslateRepositoryUrls"
       Done executing task "Microsoft.SourceLink.AzureRepos.Git.TranslateRepositoryUrls".
   3:7>Done building target "TranslateAzureReposGitUrlsInSourceControlInformation" in project "TourManagement.Infrastructure.csproj".
   3:7>Target "TranslateBitbucketGitUrlsInSourceControlInformation" in file "/usr/share/dotnet/sdk/8.0.417/Sdks/Microsoft.SourceLink.Bitbucket.Git/build/Microsoft.SourceLink.Bitbucket.Git.targets" from project "/modernize-data/studio-data/TNT1001/APP1166/transformed-code/344/studio-workspace/TMS22/src/TourManagement.Infrastructure/TourManagement.Infrastructure.csproj" (target "_InitializeSourceControlInformationFromSourceControlManager" depends on it):
       Assembly loaded during TaskRun: Microsoft.SourceLink.Bitbucket.Git, Version=8.0.9.11501, Culture=neutral, PublicKeyToken=31bf3856ad364e35 (location: /usr/share/dotnet/sdk/8.0.417/Sdks/Microsoft.SourceLink.Bitbucket.Git/tools/core/Microsoft.SourceLink.Bitbucket.Git.dll, MVID: 3994e8b0-7ae9-409e-bc2b-53baef289161, AssemblyLoadContext: MSBuild plugin /usr/share/dotnet/sdk/8.0.417/Sdks/Microsoft.SourceLink.Bitbucket.Git/tools/core/Microsoft.SourceLink.Bitbucket.Git.dll)
       Using "Microsoft.SourceLink.Bitbucket.Git.TranslateRepositoryUrls" task from assembly "/usr/share/dotnet/sdk/8.0.417/Sdks/Microsoft.SourceLink.Bitbucket.Git/build/../tools/core/Microsoft.SourceLink.Bitbucket.Git.dll".
       Task "Microsoft.SourceLink.Bitbucket.Git.TranslateRepositoryUrls"
       Done executing task "Microsoft.SourceLink.Bitbucket.Git.TranslateRepositoryUrls".
   3:7>Done building target "TranslateBitbucketGitUrlsInSourceControlInformation" in project "TourManagement.Infrastructure.csproj".
   3:7>Target "SourceControlManagerPublishTranslatedUrls" in file "/usr/share/dotnet/sdk/8.0.417/Sdks/Microsoft.SourceLink.Common/build/InitializeSourceControlInformation.targets" from project "/modernize-data/studio-data/TNT1001/APP1166/transformed-code/344/studio-workspace/TMS22/src/TourManagement.Infrastructure/TourManagement.Infrastructure.csproj" (target "_InitializeSourceControlInformationFromSourceControlManager" depends on it):
   3:7>Done building target "SourceControlManagerPublishTranslatedUrls" in project "TourManagement.Infrastructure.csproj".
   3:7>Target "_InitializeSourceControlInformationFromSourceControlManager" in file "/usr/share/dotnet/sdk/8.0.417/Sdks/Microsoft.SourceLink.Common/build/InitializeSourceControlInformation.targets" from project "/modernize-data/studio-data/TNT1001/APP1166/transformed-code/344/studio-workspace/TMS22/src/TourManagement.Infrastructure/TourManagement.Infrastructure.csproj" (target "InitializeSourceControlInformation" depends on it):
   3:7>Done building target "_InitializeSourceControlInformationFromSourceControlManager" in project "TourManagement.Infrastructure.csproj".
   3:7>Target "InitializeSourceControlInformation" in file "/usr/share/dotnet/sdk/8.0.417/Microsoft.Common.CurrentVersion.targets" from project "/modernize-data/studio-data/TNT1001/APP1166/transformed-code/344/studio-workspace/TMS22/src/TourManagement.Infrastructure/TourManagement.Infrastructure.csproj" (target "AddSourceRevisionToInformationalVersion" depends on it):
   3:7>Done building target "InitializeSourceControlInformation" in project "TourManagement.Infrastructure.csproj".
   3:7>Target "AddSourceRevisionToInformationalVersion" in file "/usr/share/dotnet/sdk/8.0.417/Sdks/Microsoft.NET.Sdk/targets/Microsoft.NET.GenerateAssemblyInfo.targets" from project "/modernize-data/studio-data/TNT1001/APP1166/transformed-code/344/studio-workspace/TMS22/src/TourManagement.Infrastructure/TourManagement.Infrastructure.csproj" (target "GetAssemblyAttributes" depends on it):
   3:7>Done building target "AddSourceRevisionToInformationalVersion" in project "TourManagement.Infrastructure.csproj".
       Target "_GetUserSecretsAssemblyAttribute" skipped, due to false condition; ( '$(UserSecretsId)' != '' AND '$(GenerateUserSecretsAttribute)' != 'false' AND '$(GeneratedUserSecretsAttributeFile)' == '' ) was evaluated as ( '' != '' AND '' != 'false' AND '' == '' ).
   3:7>Target "GetAssemblyAttributes" in file "/usr/share/dotnet/sdk/8.0.417/Sdks/Microsoft.NET.Sdk/targets/Microsoft.NET.GenerateAssemblyInfo.targets" from project "/modernize-data/studio-data/TNT1001/APP1166/transformed-code/344/studio-workspace/TMS22/src/TourManagement.Infrastructure/TourManagement.Infrastructure.csproj" (target "CreateGeneratedAssemblyInfoInputsCacheFile" depends on it):
   3:7>Done building target "GetAssemblyAttributes" in project "TourManagement.Infrastructure.csproj".
   3:7>Target "CreateGeneratedAssemblyInfoInputsCacheFile" in file "/usr/share/dotnet/sdk/8.0.417/Sdks/Microsoft.NET.Sdk/targets/Microsoft.NET.GenerateAssemblyInfo.targets" from project "/modernize-data/studio-data/TNT1001/APP1166/transformed-code/344/studio-workspace/TMS22/src/TourManagement.Infrastructure/TourManagement.Infrastructure.csproj" (target "CoreGenerateAssemblyInfo" depends on it):
       Using "Hash" task from assembly "Microsoft.Build.Tasks.Core, Version=15.1.0.0, Culture=neutral, PublicKeyToken=b03f5f7f11d50a3a".
       Task "Hash"
       Done executing task "Hash".
       Task "WriteLinesToFile"
       Done executing task "WriteLinesToFile".
   3:7>Done building target "CreateGeneratedAssemblyInfoInputsCacheFile" in project "TourManagement.Infrastructure.csproj".
   3:7>Target "CoreGenerateAssemblyInfo" in file "/usr/share/dotnet/sdk/8.0.417/Sdks/Microsoft.NET.Sdk/targets/Microsoft.NET.GenerateAssemblyInfo.targets" from project "/modernize-data/studio-data/TNT1001/APP1166/transformed-code/344/studio-workspace/TMS22/src/TourManagement.Infrastructure/TourManagement.Infrastructure.csproj" (target "GenerateAssemblyInfo" depends on it):
       Building target "CoreGenerateAssemblyInfo" completely.
       Output file "obj/Debug/net8.0/TourManagement.Infrastructure.AssemblyInfo.cs" does not exist.
       Using "WriteCodeFragment" task from assembly "Microsoft.Build.Tasks.Core, Version=15.1.0.0, Culture=neutral, PublicKeyToken=b03f5f7f11d50a3a".
       Task "WriteCodeFragment"
         Emitted specified code into "obj/Debug/net8.0/TourManagement.Infrastructure.AssemblyInfo.cs".
       Done executing task "WriteCodeFragment".
   3:7>Done building target "CoreGenerateAssemblyInfo" in project "TourManagement.Infrastructure.csproj".
   3:7>Target "GenerateAssemblyInfo" in file "/usr/share/dotnet/sdk/8.0.417/Sdks/Microsoft.NET.Sdk/targets/Microsoft.NET.GenerateAssemblyInfo.targets" from project "/modernize-data/studio-data/TNT1001/APP1166/transformed-code/344/studio-workspace/TMS22/src/TourManagement.Infrastructure/TourManagement.Infrastructure.csproj" (target "BeforeCompile" depends on it):
   3:7>Done building target "GenerateAssemblyInfo" in project "TourManagement.Infrastructure.csproj".
   3:7>Target "BeforeCompile" in file "/usr/share/dotnet/sdk/8.0.417/Microsoft.Common.CurrentVersion.targets" from project "/modernize-data/studio-data/TNT1001/APP1166/transformed-code/344/studio-workspace/TMS22/src/TourManagement.Infrastructure/TourManagement.Infrastructure.csproj" (target "Compile" depends on it):
   3:7>Done building target "BeforeCompile" in project "TourManagement.Infrastructure.csproj".
       Target "_TimeStampBeforeCompile" skipped, due to false condition; ('$(RunPostBuildEvent)'=='OnOutputUpdated' or ('$(RegisterForComInterop)'=='true' and '$(OutputType)'=='library')) was evaluated as (''=='OnOutputUpdated' or (''=='true' and 'Library'=='library')).
       Target "ResolveAssemblyReferences" skipped. Previously built successfully.
   3:7>Target "_GenerateCompileDependencyCache" in file "/usr/share/dotnet/sdk/8.0.417/Microsoft.Common.CurrentVersion.targets" from project "/modernize-data/studio-data/TNT1001/APP1166/transformed-code/344/studio-workspace/TMS22/src/TourManagement.Infrastructure/TourManagement.Infrastructure.csproj" (target "Compile" depends on it):
       Task "Hash"
       Done executing task "Hash".
       Task "WriteLinesToFile"
       Done executing task "WriteLinesToFile".
   3:7>Done building target "_GenerateCompileDependencyCache" in project "TourManagement.Infrastructure.csproj".
       Target "_ComputeNonExistentFileProperty" skipped, due to false condition; (('$(BuildingInsideVisualStudio)' == 'true') and ('$(BuildingOutOfProcess)' != 'true') and (('$(BuildingProject)' == 'false') or ('$(UseHostCompilerIfAvailable)' == 'true'))) was evaluated as (('' == 'true') and ('' != 'true') and (('true' == 'false') or ('true' == 'true'))).
       Target "ResolveCodeAnalysisRuleSet" skipped, due to false condition; ('$(CodeAnalysisRuleSet)' != '') was evaluated as ('' != '').
       Target "ShimReferencePathsWhenCommonTargetsDoesNotUnderstandReferenceAssemblies" skipped, due to false condition; ('@(ReferencePathWithRefAssemblies)' == '') was evaluated as ('/home/studioai/.nuget/packages/bcrypt.net-next/4.0.3/lib/net6.0/BCrypt.Net-Next.dll;/home/studioai/.nuget/packages/efcore.namingconventions/8.0.0/lib/net8.0/EFCore.NamingConventions.dll;/usr/share/dotnet/packs/Microsoft.NETCore.App.Ref/8.0.23/ref/net8.0/Microsoft.CSharp.dll;...' == '').
   3:7>Target "_BeforeVBCSCoreCompile" in file "/usr/share/dotnet/sdk/8.0.417/Roslyn/Microsoft.Managed.Core.targets" from project "/modernize-data/studio-data/TNT1001/APP1166/transformed-code/344/studio-workspace/TMS22/src/TourManagement.Infrastructure/TourManagement.Infrastructure.csproj" (target "CoreCompile" depends on it):
   3:7>Done building target "_BeforeVBCSCoreCompile" in project "TourManagement.Infrastructure.csproj".
       Target "AdjustDefaultPlatformTargetForNetFrameworkExeWithNoNativeCopyLocalItems" skipped, due to false condition; ('$(_UsingDefaultPlatformTarget)' == 'true' and
                            '$(_UsingDefaultRuntimeIdentifier)' == 'true') was evaluated as ('true' == 'true' and
                            '' == 'true').
       Target "_DisableDiagnosticTracing" skipped, due to false condition; ('$(DisableDiagnosticTracing)' == 'true') was evaluated as ('' == 'true').
       Target "GenerateTargetPlatformDefineConstants" skipped, due to false condition; ( '$(DisableImplicitFrameworkDefines)' != 'true' and '$(TargetPlatformIdentifier)' != '' and '$(TargetFrameworkIdentifier)' == '.NETCoreApp' and $([MSBuild]::VersionGreaterThanOrEquals($(TargetFrameworkVersion), 5.0)) ) was evaluated as ( '' != 'true' and '' != '' and '.NETCoreApp' == '.NETCoreApp' and True ).
   3:7>Target "GenerateNETCompatibleDefineConstants" in file "/usr/share/dotnet/sdk/8.0.417/Sdks/Microsoft.NET.Sdk/targets/Microsoft.NET.Sdk.BeforeCommon.targets" from project "/modernize-data/studio-data/TNT1001/APP1166/transformed-code/344/studio-workspace/TMS22/src/TourManagement.Infrastructure/TourManagement.Infrastructure.csproj" (target "AddImplicitDefineConstants" depends on it):
   3:7>Done building target "GenerateNETCompatibleDefineConstants" in project "TourManagement.Infrastructure.csproj".
       Target "GeneratePlatformCompatibleDefineConstants" skipped, due to false condition; ( '$(DisableImplicitFrameworkDefines)' != 'true' and '$(TargetPlatformIdentifier)' != '' and '$(TargetFrameworkIdentifier)' == '.NETCoreApp' and $([MSBuild]::VersionGreaterThanOrEquals($(TargetFrameworkVersion), 5.0)) ) was evaluated as ( '' != 'true' and '' != '' and '.NETCoreApp' == '.NETCoreApp' and True ).
       Target "_DisableDiagnosticTracing" skipped, due to false condition; ('$(DisableDiagnosticTracing)' == 'true') was evaluated as ('' == 'true').
   3:7>Target "AddImplicitDefineConstants" in file "/usr/share/dotnet/sdk/8.0.417/Sdks/Microsoft.NET.Sdk/targets/Microsoft.NET.Sdk.BeforeCommon.targets" from project "/modernize-data/studio-data/TNT1001/APP1166/transformed-code/344/studio-workspace/TMS22/src/TourManagement.Infrastructure/TourManagement.Infrastructure.csproj" (target "CoreCompile" depends on it):
   3:7>Done building target "AddImplicitDefineConstants" in project "TourManagement.Infrastructure.csproj".
       Target "ShimReferencePathsWhenCommonTargetsDoesNotUnderstandReferenceAssemblies" skipped, due to false condition; ('@(ReferencePathWithRefAssemblies)' == '') was evaluated as ('/home/studioai/.nuget/packages/bcrypt.net-next/4.0.3/lib/net6.0/BCrypt.Net-Next.dll;/home/studioai/.nuget/packages/efcore.namingconventions/8.0.0/lib/net8.0/EFCore.NamingConventions.dll;/usr/share/dotnet/packs/Microsoft.NETCore.App.Ref/8.0.23/ref/net8.0/Microsoft.CSharp.dll;...' == '').
   3:7>Target "_ComputeSkipAnalyzers" in file "/usr/share/dotnet/sdk/8.0.417/Roslyn/Microsoft.Managed.Core.targets" from project "/modernize-data/studio-data/TNT1001/APP1166/transformed-code/344/studio-workspace/TMS22/src/TourManagement.Infrastructure/TourManagement.Infrastructure.csproj" (target "CoreCompile" depends on it):
       Task "ShowMessageForImplicitlySkipAnalyzers" skipped, due to false condition; ('$(_ImplicitlySkipAnalyzers)' == 'true') was evaluated as ('' == 'true').
   3:7>Done building target "_ComputeSkipAnalyzers" in project "TourManagement.Infrastructure.csproj".
       Target "_SetPathMapFromSourceRoots" skipped, due to false condition; ('$(DeterministicSourcePaths)' == 'true') was evaluated as ('' == 'true').
       Target "CreateCompilerGeneratedFilesOutputPath" skipped, due to false condition; ('$(EmitCompilerGeneratedFiles)' == 'true' and !('$(DesignTimeBuild)' == 'true' OR '$(BuildingProject)' != 'true')) was evaluated as ('false' == 'true' and !('' == 'true' OR 'true' != 'true')).
       Target "BeforeCompile" skipped. Previously built successfully.
       Target "InitializeSourceControlInformationFromSourceControlManager" skipped. Previously built successfully.
   3:7>Target "SetEmbeddedFilesFromSourceControlManagerUntrackedFiles" in file "/usr/share/dotnet/sdk/8.0.417/Sdks/Microsoft.Build.Tasks.Git/build/Microsoft.Build.Tasks.Git.targets" from project "/modernize-data/studio-data/TNT1001/APP1166/transformed-code/344/studio-workspace/TMS22/src/TourManagement.Infrastructure/TourManagement.Infrastructure.csproj" (target "_SetEmbeddedFilesFromSourceControlManagerUntrackedFiles" depends on it):
       Using "Microsoft.Build.Tasks.Git.GetUntrackedFiles" task from assembly "/usr/share/dotnet/sdk/8.0.417/Sdks/Microsoft.Build.Tasks.Git/build/../tools/core/Microsoft.Build.Tasks.Git.dll".
       Task "Microsoft.Build.Tasks.Git.GetUntrackedFiles"
         SourceLink: Reusing cached git repository information.
       Done executing task "Microsoft.Build.Tasks.Git.GetUntrackedFiles".
   3:7>Done building target "SetEmbeddedFilesFromSourceControlManagerUntrackedFiles" in project "TourManagement.Infrastructure.csproj".
   3:7>Target "_SetEmbeddedFilesFromSourceControlManagerUntrackedFiles" in file "/usr/share/dotnet/sdk/8.0.417/Sdks/Microsoft.SourceLink.Common/build/Microsoft.SourceLink.Common.targets" from project "/modernize-data/studio-data/TNT1001/APP1166/transformed-code/344/studio-workspace/TMS22/src/TourManagement.Infrastructure/TourManagement.Infrastructure.csproj" (target "CoreCompile" depends on it):
   3:7>Done building target "_SetEmbeddedFilesFromSourceControlManagerUntrackedFiles" in project "TourManagement.Infrastructure.csproj".
       Target "InitializeSourceControlInformation" skipped. Previously built successfully.
   3:7>Target "_SetSourceLinkFilePath" in file "/usr/share/dotnet/sdk/8.0.417/Sdks/Microsoft.SourceLink.Common/build/Microsoft.SourceLink.Common.targets" from project "/modernize-data/studio-data/TNT1001/APP1166/transformed-code/344/studio-workspace/TMS22/src/TourManagement.Infrastructure/TourManagement.Infrastructure.csproj" (target "_GenerateSourceLinkFile" depends on it):
   3:7>Done building target "_SetSourceLinkFilePath" in project "TourManagement.Infrastructure.csproj".
       Target "InitializeSourceControlInformation" skipped. Previously built successfully.
   3:7>Target "_InitializeSourceRootMappedPathsFromSourceControl" in file "/usr/share/dotnet/sdk/8.0.417/Roslyn/Microsoft.Managed.Core.targets" from project "/modernize-data/studio-data/TNT1001/APP1166/transformed-code/344/studio-workspace/TMS22/src/TourManagement.Infrastructure/TourManagement.Infrastructure.csproj" (target "InitializeSourceRootMappedPaths" depends on it):
   3:7>Done building target "_InitializeSourceRootMappedPathsFromSourceControl" in project "TourManagement.Infrastructure.csproj".
   3:7>Target "InitializeSourceRootMappedPaths" in file "/usr/share/dotnet/sdk/8.0.417/Roslyn/Microsoft.Managed.Core.targets" from project "/modernize-data/studio-data/TNT1001/APP1166/transformed-code/344/studio-workspace/TMS22/src/TourManagement.Infrastructure/TourManagement.Infrastructure.csproj" (target "_InitializeSourceRootMappedPathsOpt" depends on it):
       Using "Microsoft.CodeAnalysis.BuildTasks.MapSourceRoots" task from assembly "/usr/share/dotnet/sdk/8.0.417/Roslyn/Microsoft.Build.Tasks.CodeAnalysis.dll".
       Task "Microsoft.CodeAnalysis.BuildTasks.MapSourceRoots"
       Done executing task "Microsoft.CodeAnalysis.BuildTasks.MapSourceRoots".
   3:7>Done building target "InitializeSourceRootMappedPaths" in project "TourManagement.Infrastructure.csproj".
   3:7>Target "_InitializeSourceRootMappedPathsOpt" in file "/usr/share/dotnet/sdk/8.0.417/Sdks/Microsoft.SourceLink.Common/build/Microsoft.SourceLink.Common.targets" from project "/modernize-data/studio-data/TNT1001/APP1166/transformed-code/344/studio-workspace/TMS22/src/TourManagement.Infrastructure/TourManagement.Infrastructure.csproj" (target "_GenerateSourceLinkFile" depends on it):
   3:7>Done building target "_InitializeSourceRootMappedPathsOpt" in project "TourManagement.Infrastructure.csproj".
   3:7>Target "_InitializeGitHubSourceLinkUrl" in file "/usr/share/dotnet/sdk/8.0.417/Sdks/Microsoft.SourceLink.GitHub/build/Microsoft.SourceLink.GitHub.targets" from project "/modernize-data/studio-data/TNT1001/APP1166/transformed-code/344/studio-workspace/TMS22/src/TourManagement.Infrastructure/TourManagement.Infrastructure.csproj" (target "_GenerateSourceLinkFile" depends on it):
       Building target "_InitializeGitHubSourceLinkUrl" completely.
       No input files were specified.
       Using "Microsoft.SourceLink.GitHub.GetSourceLinkUrl" task from assembly "/usr/share/dotnet/sdk/8.0.417/Sdks/Microsoft.SourceLink.GitHub/build/../tools/core/Microsoft.SourceLink.GitHub.dll".
       Task "Microsoft.SourceLink.GitHub.GetSourceLinkUrl"
       Done executing task "Microsoft.SourceLink.GitHub.GetSourceLinkUrl".
   3:7>Done building target "_InitializeGitHubSourceLinkUrl" in project "TourManagement.Infrastructure.csproj".
   3:7>Target "_InitializeGitHubSourceLinkUrl" in file "/usr/share/dotnet/sdk/8.0.417/Sdks/Microsoft.SourceLink.GitHub/build/Microsoft.SourceLink.GitHub.targets" from project "/modernize-data/studio-data/TNT1001/APP1166/transformed-code/344/studio-workspace/TMS22/src/TourManagement.Infrastructure/TourManagement.Infrastructure.csproj" (target "_GenerateSourceLinkFile" depends on it):
       Building target "_InitializeGitHubSourceLinkUrl" completely.
       No input files were specified.
       Task "Microsoft.SourceLink.GitHub.GetSourceLinkUrl"
       Done executing task "Microsoft.SourceLink.GitHub.GetSourceLinkUrl".
   3:7>Done building target "_InitializeGitHubSourceLinkUrl" in project "TourManagement.Infrastructure.csproj".
   3:7>Target "_InitializeGitLabSourceLinkUrl" in file "/usr/share/dotnet/sdk/8.0.417/Sdks/Microsoft.SourceLink.GitLab/build/Microsoft.SourceLink.GitLab.targets" from project "/modernize-data/studio-data/TNT1001/APP1166/transformed-code/344/studio-workspace/TMS22/src/TourManagement.Infrastructure/TourManagement.Infrastructure.csproj" (target "_GenerateSourceLinkFile" depends on it):
       Building target "_InitializeGitLabSourceLinkUrl" completely.
       No input files were specified.
       Using "Microsoft.SourceLink.GitLab.GetSourceLinkUrl" task from assembly "/usr/share/dotnet/sdk/8.0.417/Sdks/Microsoft.SourceLink.GitLab/build/../tools/core/Microsoft.SourceLink.GitLab.dll".
       Task "Microsoft.SourceLink.GitLab.GetSourceLinkUrl"
       Done executing task "Microsoft.SourceLink.GitLab.GetSourceLinkUrl".
   3:7>Done building target "_InitializeGitLabSourceLinkUrl" in project "TourManagement.Infrastructure.csproj".
   3:7>Target "_InitializeGitLabSourceLinkUrl" in file "/usr/share/dotnet/sdk/8.0.417/Sdks/Microsoft.SourceLink.GitLab/build/Microsoft.SourceLink.GitLab.targets" from project "/modernize-data/studio-data/TNT1001/APP1166/transformed-code/344/studio-workspace/TMS22/src/TourManagement.Infrastructure/TourManagement.Infrastructure.csproj" (target "_GenerateSourceLinkFile" depends on it):
       Building target "_InitializeGitLabSourceLinkUrl" completely.
       No input files were specified.
       Task "Microsoft.SourceLink.GitLab.GetSourceLinkUrl"
       Done executing task "Microsoft.SourceLink.GitLab.GetSourceLinkUrl".
   3:7>Done building target "_InitializeGitLabSourceLinkUrl" in project "TourManagement.Infrastructure.csproj".
   3:7>Target "_InitializeAzureReposGitSourceLinkUrl" in file "/usr/share/dotnet/sdk/8.0.417/Sdks/Microsoft.SourceLink.AzureRepos.Git/build/Microsoft.SourceLink.AzureRepos.Git.targets" from project "/modernize-data/studio-data/TNT1001/APP1166/transformed-code/344/studio-workspace/TMS22/src/TourManagement.Infrastructure/TourManagement.Infrastructure.csproj" (target "_GenerateSourceLinkFile" depends on it):
       Building target "_InitializeAzureReposGitSourceLinkUrl" completely.
       No input files were specified.
       Using "Microsoft.SourceLink.AzureRepos.Git.GetSourceLinkUrl" task from assembly "/usr/share/dotnet/sdk/8.0.417/Sdks/Microsoft.SourceLink.AzureRepos.Git/build/../tools/core/Microsoft.SourceLink.AzureRepos.Git.dll".
       Task "Microsoft.SourceLink.AzureRepos.Git.GetSourceLinkUrl"
       Done executing task "Microsoft.SourceLink.AzureRepos.Git.GetSourceLinkUrl".
   3:7>Done building target "_InitializeAzureReposGitSourceLinkUrl" in project "TourManagement.Infrastructure.csproj".
   3:7>Target "_InitializeAzureReposGitSourceLinkUrl" in file "/usr/share/dotnet/sdk/8.0.417/Sdks/Microsoft.SourceLink.AzureRepos.Git/build/Microsoft.SourceLink.AzureRepos.Git.targets" from project "/modernize-data/studio-data/TNT1001/APP1166/transformed-code/344/studio-workspace/TMS22/src/TourManagement.Infrastructure/TourManagement.Infrastructure.csproj" (target "_GenerateSourceLinkFile" depends on it):
       Building target "_InitializeAzureReposGitSourceLinkUrl" completely.
       No input files were specified.
       Task "Microsoft.SourceLink.AzureRepos.Git.GetSourceLinkUrl"
       Done executing task "Microsoft.SourceLink.AzureRepos.Git.GetSourceLinkUrl".
   3:7>Done building target "_InitializeAzureReposGitSourceLinkUrl" in project "TourManagement.Infrastructure.csproj".
   3:7>Target "_InitializeBitbucketGitSourceLinkUrl" in file "/usr/share/dotnet/sdk/8.0.417/Sdks/Microsoft.SourceLink.Bitbucket.Git/build/Microsoft.SourceLink.Bitbucket.Git.targets" from project "/modernize-data/studio-data/TNT1001/APP1166/transformed-code/344/studio-workspace/TMS22/src/TourManagement.Infrastructure/TourManagement.Infrastructure.csproj" (target "_GenerateSourceLinkFile" depends on it):
       Building target "_InitializeBitbucketGitSourceLinkUrl" completely.
       No input files were specified.
       Using "Microsoft.SourceLink.Bitbucket.Git.GetSourceLinkUrl" task from assembly "/usr/share/dotnet/sdk/8.0.417/Sdks/Microsoft.SourceLink.Bitbucket.Git/build/../tools/core/Microsoft.SourceLink.Bitbucket.Git.dll".
       Task "Microsoft.SourceLink.Bitbucket.Git.GetSourceLinkUrl"
       Done executing task "Microsoft.SourceLink.Bitbucket.Git.GetSourceLinkUrl".
   3:7>Done building target "_InitializeBitbucketGitSourceLinkUrl" in project "TourManagement.Infrastructure.csproj".
   3:7>Target "_InitializeBitbucketGitSourceLinkUrl" in file "/usr/share/dotnet/sdk/8.0.417/Sdks/Microsoft.SourceLink.Bitbucket.Git/build/Microsoft.SourceLink.Bitbucket.Git.targets" from project "/modernize-data/studio-data/TNT1001/APP1166/transformed-code/344/studio-workspace/TMS22/src/TourManagement.Infrastructure/TourManagement.Infrastructure.csproj" (target "_GenerateSourceLinkFile" depends on it):
       Building target "_InitializeBitbucketGitSourceLinkUrl" completely.
       No input files were specified.
       Task "Microsoft.SourceLink.Bitbucket.Git.GetSourceLinkUrl"
       Done executing task "Microsoft.SourceLink.Bitbucket.Git.GetSourceLinkUrl".
   3:7>Done building target "_InitializeBitbucketGitSourceLinkUrl" in project "TourManagement.Infrastructure.csproj".
   3:7>Target "_GenerateSourceLinkFile" in file "/usr/share/dotnet/sdk/8.0.417/Sdks/Microsoft.SourceLink.Common/build/Microsoft.SourceLink.Common.targets" from project "/modernize-data/studio-data/TNT1001/APP1166/transformed-code/344/studio-workspace/TMS22/src/TourManagement.Infrastructure/TourManagement.Infrastructure.csproj" (target "GenerateSourceLinkFile" depends on it):
       Building target "_GenerateSourceLinkFile" completely.
       No input files were specified.
       Using "Microsoft.SourceLink.Common.GenerateSourceLinkFile" task from assembly "/usr/share/dotnet/sdk/8.0.417/Sdks/Microsoft.SourceLink.Common/build/../tools/core/Microsoft.SourceLink.Common.dll".
       Task "Microsoft.SourceLink.Common.GenerateSourceLinkFile"
         Updating Source Link file 'obj/Debug/net8.0/TourManagement.Infrastructure.sourcelink.json'.
       Done executing task "Microsoft.SourceLink.Common.GenerateSourceLinkFile".
   3:7>Done building target "_GenerateSourceLinkFile" in project "TourManagement.Infrastructure.csproj".
   3:7>Target "GenerateSourceLinkFile" in file "/usr/share/dotnet/sdk/8.0.417/Sdks/Microsoft.SourceLink.Common/build/Microsoft.SourceLink.Common.targets" from project "/modernize-data/studio-data/TNT1001/APP1166/transformed-code/344/studio-workspace/TMS22/src/TourManagement.Infrastructure/TourManagement.Infrastructure.csproj" (target "CoreCompile" depends on it):
   3:7>Done building target "GenerateSourceLinkFile" in project "TourManagement.Infrastructure.csproj".
   3:7>Target "AddGlobalAnalyzerConfigForPackage_MicrosoftCodeAnalysisNetAnalyzers" in file "/usr/share/dotnet/sdk/8.0.417/Sdks/Microsoft.NET.Sdk/analyzers/build/Microsoft.CodeAnalysis.NetAnalyzers.targets" from project "/modernize-data/studio-data/TNT1001/APP1166/transformed-code/344/studio-workspace/TMS22/src/TourManagement.Infrastructure/TourManagement.Infrastructure.csproj" (target "CoreCompile" depends on it):
   3:7>Done building target "AddGlobalAnalyzerConfigForPackage_MicrosoftCodeAnalysisNetAnalyzers" in project "TourManagement.Infrastructure.csproj".
       Target "AddGlobalAnalyzerConfigForPackage_MicrosoftCodeAnalysisNetAnalyzersDesign" skipped, due to false condition; ('$(SkipGlobalAnalyzerConfigForPackage)' != 'true' and ('$(AnalysisLevelDesign)' != '' or '$(AnalysisModeDesign)' != '')) was evaluated as ('' != 'true' and ('' != '' or '' != '')).
       Target "AddGlobalAnalyzerConfigForPackage_MicrosoftCodeAnalysisNetAnalyzersDocumentation" skipped, due to false condition; ('$(SkipGlobalAnalyzerConfigForPackage)' != 'true' and ('$(AnalysisLevelDocumentation)' != '' or '$(AnalysisModeDocumentation)' != '')) was evaluated as ('' != 'true' and ('' != '' or '' != '')).
       Target "AddGlobalAnalyzerConfigForPackage_MicrosoftCodeAnalysisNetAnalyzersGlobalization" skipped, due to false condition; ('$(SkipGlobalAnalyzerConfigForPackage)' != 'true' and ('$(AnalysisLevelGlobalization)' != '' or '$(AnalysisModeGlobalization)' != '')) was evaluated as ('' != 'true' and ('' != '' or '' != '')).
       Target "AddGlobalAnalyzerConfigForPackage_MicrosoftCodeAnalysisNetAnalyzersInteroperability" skipped, due to false condition; ('$(SkipGlobalAnalyzerConfigForPackage)' != 'true' and ('$(AnalysisLevelInteroperability)' != '' or '$(AnalysisModeInteroperability)' != '')) was evaluated as ('' != 'true' and ('' != '' or '' != '')).
       Target "AddGlobalAnalyzerConfigForPackage_MicrosoftCodeAnalysisNetAnalyzersMaintainability" skipped, due to false condition; ('$(SkipGlobalAnalyzerConfigForPackage)' != 'true' and ('$(AnalysisLevelMaintainability)' != '' or '$(AnalysisModeMaintainability)' != '')) was evaluated as ('' != 'true' and ('' != '' or '' != '')).
       Target "AddGlobalAnalyzerConfigForPackage_MicrosoftCodeAnalysisNetAnalyzersNaming" skipped, due to false condition; ('$(SkipGlobalAnalyzerConfigForPackage)' != 'true' and ('$(AnalysisLevelNaming)' != '' or '$(AnalysisModeNaming)' != '')) was evaluated as ('' != 'true' and ('' != '' or '' != '')).
       Target "AddGlobalAnalyzerConfigForPackage_MicrosoftCodeAnalysisNetAnalyzersPerformance" skipped, due to false condition; ('$(SkipGlobalAnalyzerConfigForPackage)' != 'true' and ('$(AnalysisLevelPerformance)' != '' or '$(AnalysisModePerformance)' != '')) was evaluated as ('' != 'true' and ('' != '' or '' != '')).
       Target "AddGlobalAnalyzerConfigForPackage_MicrosoftCodeAnalysisNetAnalyzersReliability" skipped, due to false condition; ('$(SkipGlobalAnalyzerConfigForPackage)' != 'true' and ('$(AnalysisLevelReliability)' != '' or '$(AnalysisModeReliability)' != '')) was evaluated as ('' != 'true' and ('' != '' or '' != '')).
       Target "AddGlobalAnalyzerConfigForPackage_MicrosoftCodeAnalysisNetAnalyzersSecurity" skipped, due to false condition; ('$(SkipGlobalAnalyzerConfigForPackage)' != 'true' and ('$(AnalysisLevelSecurity)' != '' or '$(AnalysisModeSecurity)' != '')) was evaluated as ('' != 'true' and ('' != '' or '' != '')).
       Target "AddGlobalAnalyzerConfigForPackage_MicrosoftCodeAnalysisNetAnalyzersUsage" skipped, due to false condition; ('$(SkipGlobalAnalyzerConfigForPackage)' != 'true' and ('$(AnalysisLevelUsage)' != '' or '$(AnalysisModeUsage)' != '')) was evaluated as ('' != 'true' and ('' != '' or '' != '')).
       Target "_CodeAnalysisTreatWarningsAsErrors" skipped, due to false condition; ('$(DesignTimeBuild)' == 'true' OR '$(BuildingProject)' != 'true') was evaluated as ('' == 'true' OR 'true' != 'true').
   3:7>Target "_ReportUpgradeNetAnalyzersNuGetWarning" in file "/usr/share/dotnet/sdk/8.0.417/Sdks/Microsoft.NET.Sdk/analyzers/build/Microsoft.CodeAnalysis.NetAnalyzers.targets" from project "/modernize-data/studio-data/TNT1001/APP1166/transformed-code/344/studio-workspace/TMS22/src/TourManagement.Infrastructure/TourManagement.Infrastructure.csproj" (target "CoreCompile" depends on it):
       Task "Warning" skipped, due to false condition; ('$(_NETAnalyzersNuGetAssemblyVersion)' != '' AND
                                '$(_NETAnalyzersSDKAssemblyVersion)' != '' AND
                                 $(_NETAnalyzersNuGetAssemblyVersion) < $(_NETAnalyzersSDKAssemblyVersion)) was evaluated as ('' != '' AND
                                '8.0.0' != '' AND
                                  < 8.0.0).
   3:7>Done building target "_ReportUpgradeNetAnalyzersNuGetWarning" in project "TourManagement.Infrastructure.csproj".
   3:7>Target "CoreCompile" in file "/usr/share/dotnet/sdk/8.0.417/Roslyn/Microsoft.CSharp.Core.targets" from project "/modernize-data/studio-data/TNT1001/APP1166/transformed-code/344/studio-workspace/TMS22/src/TourManagement.Infrastructure/TourManagement.Infrastructure.csproj" (target "Compile" depends on it):
       Building target "CoreCompile" completely.
       Output file "obj/Debug/net8.0/TourManagement.Infrastructure.dll" does not exist.
       Using "Csc" task from assembly "/usr/share/dotnet/sdk/8.0.417/Roslyn/Microsoft.Build.Tasks.CodeAnalysis.dll".
       Task "Csc"
         /usr/share/dotnet/dotnet exec "/usr/share/dotnet/sdk/8.0.417/Roslyn/bincore/csc.dll" /noconfig /unsafe- /checked- /nowarn:1701,1702,1701,1702 /fullpaths /nostdlib+ /errorreport:prompt /warn:8 /define:TRACE;DEBUG;NET;NET8_0;NETCOREAPP;NET5_0_OR_GREATER;NET6_0_OR_GREATER;NET7_0_OR_GREATER;NET8_0_OR_GREATER;NETCOREAPP1_0_OR_GREATER;NETCOREAPP1_1_OR_GREATER;NETCOREAPP2_0_OR_GREATER;NETCOREAPP2_1_OR_GREATER;NETCOREAPP2_2_OR_GREATER;NETCOREAPP3_0_OR_GREATER;NETCOREAPP3_1_OR_GREATER /highentropyva+ /nullable:enable /reference:/home/studioai/.nuget/packages/bcrypt.net-next/4.0.3/lib/net6.0/BCrypt.Net-Next.dll /reference:/home/studioai/.nuget/packages/efcore.namingconventions/8.0.0/lib/net8.0/EFCore.NamingConventions.dll /reference:/usr/share/dotnet/packs/Microsoft.NETCore.App.Ref/8.0.23/ref/net8.0/Microsoft.CSharp.dll /reference:/home/studioai/.nuget/packages/microsoft.entityframeworkcore.abstractions/8.0.0/lib/net8.0/Microsoft.EntityFrameworkCore.Abstractions.dll /reference:/home/studioai/.nuget/packages/microsoft.entityframeworkcore/8.0.0/lib/net8.0/Microsoft.EntityFrameworkCore.dll /reference:/home/studioai/.nuget/packages/microsoft.entityframeworkcore.relational/8.0.0/lib/net8.0/Microsoft.EntityFrameworkCore.Relational.dll /reference:/home/studioai/.nuget/packages/microsoft.extensions.caching.abstractions/8.0.0/lib/net8.0/Microsoft.Extensions.Caching.Abstractions.dll /reference:/home/studioai/.nuget/packages/microsoft.extensions.caching.memory/8.0.0/lib/net8.0/Microsoft.Extensions.Caching.Memory.dll /reference:/home/studioai/.nuget/packages/microsoft.extensions.configuration.abstractions/8.0.0/lib/net8.0/Microsoft.Extensions.Configuration.Abstractions.dll /reference:/home/studioai/.nuget/packages/microsoft.extensions.dependencyinjection.abstractions/8.0.0/lib/net8.0/Microsoft.Extensions.DependencyInjection.Abstractions.dll /reference:/home/studioai/.nuget/packages/microsoft.extensions.dependencyinjection/8.0.0/lib/net8.0/Microsoft.Extensions.DependencyInjection.dll /reference:/home/studioai/.nuget/packages/microsoft.extensions.logging.abstractions/8.0.0/lib/net8.0/Microsoft.Extensions.Logging.Abstractions.dll /reference:/home/studioai/.nuget/packages/microsoft.extensions.logging/8.0.0/lib/net8.0/Microsoft.Extensions.Logging.dll /reference:/home/studioai/.nuget/packages/microsoft.extensions.options/8.0.0/lib/net8.0/Microsoft.Extensions.Options.dll /reference:/home/studioai/.nuget/packages/microsoft.extensions.primitives/8.0.0/lib/net8.0/Microsoft.Extensions.Primitives.dll /reference:/usr/share/dotnet/packs/Microsoft.NETCore.App.Ref/8.0.23/ref/net8.0/Microsoft.VisualBasic.Core.dll /reference:/usr/share/dotnet/packs/Microsoft.NETCore.App.Ref/8.0.23/ref/net8.0/Microsoft.VisualBasic.dll /reference:/usr/share/dotnet/packs/Microsoft.NETCore.App.Ref/8.0.23/ref/net8.0/Microsoft.Win32.Primitives.dll /reference:/usr/share/dotnet/packs/Microsoft.NETCore.App.Ref/8.0.23/ref/net8.0/Microsoft.Win32.Registry.dll /reference:/usr/share/dotnet/packs/Microsoft.NETCore.App.Ref/8.0.23/ref/net8.0/mscorlib.dll /reference:/usr/share/dotnet/packs/Microsoft.NETCore.App.Ref/8.0.23/ref/net8.0/netstandard.dll /reference:/home/studioai/.nuget/packages/npgsql/8.0.0/lib/net8.0/Npgsql.dll /reference:/home/studioai/.nuget/packages/npgsql.entityframeworkcore.postgresql/8.0.0/lib/net8.0/Npgsql.EntityFrameworkCore.PostgreSQL.dll /reference:/usr/share/dotnet/packs/Microsoft.NETCore.App.Ref/8.0.23/ref/net8.0/System.AppContext.dll /reference:/usr/share/dotnet/packs/Microsoft.NETCore.App.Ref/8.0.23/ref/net8.0/System.Buffers.dll /reference:/usr/share/dotnet/packs/Microsoft.NETCore.App.Ref/8.0.23/ref/net8.0/System.Collections.Concurrent.dll /reference:/usr/share/dotnet/packs/Microsoft.NETCore.App.Ref/8.0.23/ref/net8.0/System.Collections.dll /reference:/usr/share/dotnet/packs/Microsoft.NETCore.App.Ref/8.0.23/ref/net8.0/System.Collections.Immutable.dll /reference:/usr/share/dotnet/packs/Microsoft.NETCore.App.Ref/8.0.23/ref/net8.0/System.Collections.NonGeneric.dll /reference:/usr/share/dotnet/packs/Microsoft.NETCore.App.Ref/8.0.23/ref/net8.0/System.Collections.Specialized.dll /reference:/usr/share/dotnet/packs/Microsoft.NETCore.App.Ref/8.0.23/ref/net8.0/System.ComponentModel.Annotations.dll /reference:/usr/share/dotnet/packs/Microsoft.NETCore.App.Ref/8.0.23/ref/net8.0/System.ComponentModel.DataAnnotations.dll /reference:/usr/share/dotnet/packs/Microsoft.NETCore.App.Ref/8.0.23/ref/net8.0/System.ComponentModel.dll /reference:/usr/share/dotnet/packs/Microsoft.NETCore.App.Ref/8.0.23/ref/net8.0/System.ComponentModel.EventBasedAsync.dll /reference:/usr/share/dotnet/packs/Microsoft.NETCore.App.Ref/8.0.23/ref/net8.0/System.ComponentModel.Primitives.dll /reference:/usr/share/dotnet/packs/Microsoft.NETCore.App.Ref/8.0.23/ref/net8.0/System.ComponentModel.TypeConverter.dll /reference:/usr/share/dotnet/packs/Microsoft.NETCore.App.Ref/8.0.23/ref/net8.0/System.Configuration.dll /reference:/usr/share/dotnet/packs/Microsoft.NETCore.App.Ref/8.0.23/ref/net8.0/System.Console.dll /reference:/usr/share/dotnet/packs/Microsoft.NETCore.App.Ref/8.0.23/ref/net8.0/System.Core.dll /reference:/usr/share/dotnet/packs/Microsoft.NETCore.App.Ref/8.0.23/ref/net8.0/System.Data.Common.dll /reference:/usr/share/dotnet/packs/Microsoft.NETCore.App.Ref/8.0.23/ref/net8.0/System.Data.DataSetExtensions.dll /reference:/usr/share/dotnet/packs/Microsoft.NETCore.App.Ref/8.0.23/ref/net8.0/System.Data.dll /reference:/usr/share/dotnet/packs/Microsoft.NETCore.App.Ref/8.0.23/ref/net8.0/System.Diagnostics.Contracts.dll /reference:/usr/share/dotnet/packs/Microsoft.NETCore.App.Ref/8.0.23/ref/net8.0/System.Diagnostics.Debug.dll /reference:/usr/share/dotnet/packs/Microsoft.NETCore.App.Ref/8.0.23/ref/net8.0/System.Diagnostics.DiagnosticSource.dll /reference:/usr/share/dotnet/packs/Microsoft.NETCore.App.Ref/8.0.23/ref/net8.0/System.Diagnostics.FileVersionInfo.dll /reference:/usr/share/dotnet/packs/Microsoft.NETCore.App.Ref/8.0.23/ref/net8.0/System.Diagnostics.Process.dll /reference:/usr/share/dotnet/packs/Microsoft.NETCore.App.Ref/8.0.23/ref/net8.0/System.Diagnostics.StackTrace.dll /reference:/usr/share/dotnet/packs/Microsoft.NETCore.App.Ref/8.0.23/ref/net8.0/System.Diagnostics.TextWriterTraceListener.dll /reference:/usr/share/dotnet/packs/Microsoft.NETCore.App.Ref/8.0.23/ref/net8.0/System.Diagnostics.Tools.dll /reference:/usr/share/dotnet/packs/Microsoft.NETCore.App.Ref/8.0.23/ref/net8.0/System.Diagnostics.TraceSource.dll /reference:/usr/share/dotnet/packs/Microsoft.NETCore.App.Ref/8.0.23/ref/net8.0/System.Diagnostics.Tracing.dll /reference:/usr/share/dotnet/packs/Microsoft.NETCore.App.Ref/8.0.23/ref/net8.0/System.dll /reference:/usr/share/dotnet/packs/Microsoft.NETCore.App.Ref/8.0.23/ref/net8.0/System.Drawing.dll /reference:/usr/share/dotnet/packs/Microsoft.NETCore.App.Ref/8.0.23/ref/net8.0/System.Drawing.Primitives.dll /reference:/usr/share/dotnet/packs/Microsoft.NETCore.App.Ref/8.0.23/ref/net8.0/System.Dynamic.Runtime.dll /reference:/usr/share/dotnet/packs/Microsoft.NETCore.App.Ref/8.0.23/ref/net8.0/System.Formats.Asn1.dll /reference:/usr/share/dotnet/packs/Microsoft.NETCore.App.Ref/8.0.23/ref/net8.0/System.Formats.Tar.dll /reference:/usr/share/dotnet/packs/Microsoft.NETCore.App.Ref/8.0.23/ref/net8.0/System.Globalization.Calendars.dll /reference:/usr/share/dotnet/packs/Microsoft.NETCore.App.Ref/8.0.23/ref/net8.0/System.Globalization.dll /reference:/usr/share/dotnet/packs/Microsoft.NETCore.App.Ref/8.0.23/ref/net8.0/System.Globalization.Extensions.dll /reference:/usr/share/dotnet/packs/Microsoft.NETCore.App.Ref/8.0.23/ref/net8.0/System.IO.Compression.Brotli.dll /reference:/usr/share/dotnet/packs/Microsoft.NETCore.App.Ref/8.0.23/ref/net8.0/System.IO.Compression.dll /reference:/usr/share/dotnet/packs/Microsoft.NETCore.App.Ref/8.0.23/ref/net8.0/System.IO.Compression.FileSystem.dll /reference:/usr/share/dotnet/packs/Microsoft.NETCore.App.Ref/8.0.23/ref/net8.0/System.IO.Compression.ZipFile.dll /reference:/usr/share/dotnet/packs/Microsoft.NETCore.App.Ref/8.0.23/ref/net8.0/System.IO.dll /reference:/usr/share/dotnet/packs/Microsoft.NETCore.App.Ref/8.0.23/ref/net8.0/System.IO.FileSystem.AccessControl.dll /reference:/usr/share/dotnet/packs/Microsoft.NETCore.App.Ref/8.0.23/ref/net8.0/System.IO.FileSystem.dll /reference:/usr/share/dotnet/packs/Microsoft.NETCore.App.Ref/8.0.23/ref/net8.0/System.IO.FileSystem.DriveInfo.dll /reference:/usr/share/dotnet/packs/Microsoft.NETCore.App.Ref/8.0.23/ref/net8.0/System.IO.FileSystem.Primitives.dll /reference:/usr/share/dotnet/packs/Microsoft.NETCore.App.Ref/8.0.23/ref/net8.0/System.IO.FileSystem.Watcher.dll /reference:/usr/share/dotnet/packs/Microsoft.NETCore.App.Ref/8.0.23/ref/net8.0/System.IO.IsolatedStorage.dll /reference:/usr/share/dotnet/packs/Microsoft.NETCore.App.Ref/8.0.23/ref/net8.0/System.IO.MemoryMappedFiles.dll /reference:/usr/share/dotnet/packs/Microsoft.NETCore.App.Ref/8.0.23/ref/net8.0/System.IO.Pipes.AccessControl.dll /reference:/usr/share/dotnet/packs/Microsoft.NETCore.App.Ref/8.0.23/ref/net8.0/System.IO.Pipes.dll /reference:/usr/share/dotnet/packs/Microsoft.NETCore.App.Ref/8.0.23/ref/net8.0/System.IO.UnmanagedMemoryStream.dll /reference:/usr/share/dotnet/packs/Microsoft.NETCore.App.Ref/8.0.23/ref/net8.0/System.Linq.dll /reference:/usr/share/dotnet/packs/Microsoft.NETCore.App.Ref/8.0.23/ref/net8.0/System.Linq.Expressions.dll /reference:/usr/share/dotnet/packs/Microsoft.NETCore.App.Ref/8.0.23/ref/net8.0/System.Linq.Parallel.dll /reference:/usr/share/dotnet/packs/Microsoft.NETCore.App.Ref/8.0.23/ref/net8.0/System.Linq.Queryable.dll /reference:/usr/share/dotnet/packs/Microsoft.NETCore.App.Ref/8.0.23/ref/net8.0/System.Memory.dll /reference:/usr/share/dotnet/packs/Microsoft.NETCore.App.Ref/8.0.23/ref/net8.0/System.Net.dll /reference:/usr/share/dotnet/packs/Microsoft.NETCore.App.Ref/8.0.23/ref/net8.0/System.Net.Http.dll /reference:/usr/share/dotnet/packs/Microsoft.NETCore.App.Ref/8.0.23/ref/net8.0/System.Net.Http.Json.dll /reference:/usr/share/dotnet/packs/Microsoft.NETCore.App.Ref/8.0.23/ref/net8.0/System.Net.HttpListener.dll /reference:/usr/share/dotnet/packs/Microsoft.NETCore.App.Ref/8.0.23/ref/net8.0/System.Net.Mail.dll /reference:/usr/share/dotnet/packs/Microsoft.NETCore.App.Ref/8.0.23/ref/net8.0/System.Net.NameResolution.dll /reference:/usr/share/dotnet/packs/Microsoft.NETCore.App.Ref/8.0.23/ref/net8.0/System.Net.NetworkInformation.dll /reference:/usr/share/dotnet/packs/Microsoft.NETCore.App.Ref/8.0.23/ref/net8.0/System.Net.Ping.dll /reference:/usr/share/dotnet/packs/Microsoft.NETCore.App.Ref/8.0.23/ref/net8.0/System.Net.Primitives.dll /reference:/usr/share/dotnet/packs/Microsoft.NETCore.App.Ref/8.0.23/ref/net8.0/System.Net.Quic.dll /reference:/usr/share/dotnet/packs/Microsoft.NETCore.App.Ref/8.0.23/ref/net8.0/System.Net.Requests.dll /reference:/usr/share/dotnet/packs/Microsoft.NETCore.App.Ref/8.0.23/ref/net8.0/System.Net.Security.dll /reference:/usr/share/dotnet/packs/Microsoft.NETCore.App.Ref/8.0.23/ref/net8.0/System.Net.ServicePoint.dll /reference:/usr/share/dotnet/packs/Microsoft.NETCore.App.Ref/8.0.23/ref/net8.0/System.Net.Sockets.dll /reference:/usr/share/dotnet/packs/Microsoft.NETCore.App.Ref/8.0.23/ref/net8.0/System.Net.WebClient.dll /reference:/usr/share/dotnet/packs/Microsoft.NETCore.App.Ref/8.0.23/ref/net8.0/System.Net.WebHeaderCollection.dll /reference:/usr/share/dotnet/packs/Microsoft.NETCore.App.Ref/8.0.23/ref/net8.0/System.Net.WebProxy.dll /reference:/usr/share/dotnet/packs/Microsoft.NETCore.App.Ref/8.0.23/ref/net8.0/System.Net.WebSockets.Client.dll /reference:/usr/share/dotnet/packs/Microsoft.NETCore.App.Ref/8.0.23/ref/net8.0/System.Net.WebSockets.dll /reference:/usr/share/dotnet/packs/Microsoft.NETCore.App.Ref/8.0.23/ref/net8.0/System.Numerics.dll /reference:/usr/share/dotnet/packs/Microsoft.NETCore.App.Ref/8.0.23/ref/net8.0/System.Numerics.Vectors.dll /reference:/usr/share/dotnet/packs/Microsoft.NETCore.App.Ref/8.0.23/ref/net8.0/System.ObjectModel.dll /reference:/usr/share/dotnet/packs/Microsoft.NETCore.App.Ref/8.0.23/ref/net8.0/System.Reflection.DispatchProxy.dll /reference:/usr/share/dotnet/packs/Microsoft.NETCore.App.Ref/8.0.23/ref/net8.0/System.Reflection.dll /reference:/usr/share/dotnet/packs/Microsoft.NETCore.App.Ref/8.0.23/ref/net8.0/System.Reflection.Emit.dll /reference:/usr/share/dotnet/packs/Microsoft.NETCore.App.Ref/8.0.23/ref/net8.0/System.Reflection.Emit.ILGeneration.dll /reference:/usr/share/dotnet/packs/Microsoft.NETCore.App.Ref/8.0.23/ref/net8.0/System.Reflection.Emit.Lightweight.dll /reference:/usr/share/dotnet/packs/Microsoft.NETCore.App.Ref/8.0.23/ref/net8.0/System.Reflection.Extensions.dll /reference:/usr/share/dotnet/packs/Microsoft.NETCore.App.Ref/8.0.23/ref/net8.0/System.Reflection.Metadata.dll /reference:/usr/share/dotnet/packs/Microsoft.NETCore.App.Ref/8.0.23/ref/net8.0/System.Reflection.Primitives.dll /reference:/usr/share/dotnet/packs/Microsoft.NETCore.App.Ref/8.0.23/ref/net8.0/System.Reflection.TypeExtensions.dll /reference:/usr/share/dotnet/packs/Microsoft.NETCore.App.Ref/8.0.23/ref/net8.0/System.Resources.Reader.dll /reference:/usr/share/dotnet/packs/Microsoft.NETCore.App.Ref/8.0.23/ref/net8.0/System.Resources.ResourceManager.dll /reference:/usr/share/dotnet/packs/Microsoft.NETCore.App.Ref/8.0.23/ref/net8.0/System.Resources.Writer.dll /reference:/usr/share/dotnet/packs/Microsoft.NETCore.App.Ref/8.0.23/ref/net8.0/System.Runtime.CompilerServices.Unsafe.dll /reference:/usr/share/dotnet/packs/Microsoft.NETCore.App.Ref/8.0.23/ref/net8.0/System.Runtime.CompilerServices.VisualC.dll /reference:/usr/share/dotnet/packs/Microsoft.NETCore.App.Ref/8.0.23/ref/net8.0/System.Runtime.dll /reference:/usr/share/dotnet/packs/Microsoft.NETCore.App.Ref/8.0.23/ref/net8.0/System.Runtime.Extensions.dll /reference:/usr/share/dotnet/packs/Microsoft.NETCore.App.Ref/8.0.23/ref/net8.0/System.Runtime.Handles.dll /reference:/usr/share/dotnet/packs/Microsoft.NETCore.App.Ref/8.0.23/ref/net8.0/System.Runtime.InteropServices.dll /reference:/usr/share/dotnet/packs/Microsoft.NETCore.App.Ref/8.0.23/ref/net8.0/System.Runtime.InteropServices.JavaScript.dll /reference:/usr/share/dotnet/packs/Microsoft.NETCore.App.Ref/8.0.23/ref/net8.0/System.Runtime.InteropServices.RuntimeInformation.dll /reference:/usr/share/dotnet/packs/Microsoft.NETCore.App.Ref/8.0.23/ref/net8.0/System.Runtime.Intrinsics.dll /reference:/usr/share/dotnet/packs/Microsoft.NETCore.App.Ref/8.0.23/ref/net8.0/System.Runtime.Loader.dll /reference:/usr/share/dotnet/packs/Microsoft.NETCore.App.Ref/8.0.23/ref/net8.0/System.Runtime.Numerics.dll /reference:/usr/share/dotnet/packs/Microsoft.NETCore.App.Ref/8.0.23/ref/net8.0/System.Runtime.Serialization.dll /reference:/usr/share/dotnet/packs/Microsoft.NETCore.App.Ref/8.0.23/ref/net8.0/System.Runtime.Serialization.Formatters.dll /reference:/usr/share/dotnet/packs/Microsoft.NETCore.App.Ref/8.0.23/ref/net8.0/System.Runtime.Serialization.Json.dll /reference:/usr/share/dotnet/packs/Microsoft.NETCore.App.Ref/8.0.23/ref/net8.0/System.Runtime.Serialization.Primitives.dll /reference:/usr/share/dotnet/packs/Microsoft.NETCore.App.Ref/8.0.23/ref/net8.0/System.Runtime.Serialization.Xml.dll /reference:/usr/share/dotnet/packs/Microsoft.NETCore.App.Ref/8.0.23/ref/net8.0/System.Security.AccessControl.dll /reference:/usr/share/dotnet/packs/Microsoft.NETCore.App.Ref/8.0.23/ref/net8.0/System.Security.Claims.dll /reference:/usr/share/dotnet/packs/Microsoft.NETCore.App.Ref/8.0.23/ref/net8.0/System.Security.Cryptography.Algorithms.dll /reference:/usr/share/dotnet/packs/Microsoft.NETCore.App.Ref/8.0.23/ref/net8.0/System.Security.Cryptography.Cng.dll /reference:/usr/share/dotnet/packs/Microsoft.NETCore.App.Ref/8.0.23/ref/net8.0/System.Security.Cryptography.Csp.dll /reference:/usr/share/dotnet/packs/Microsoft.NETCore.App.Ref/8.0.23/ref/net8.0/System.Security.Cryptography.dll /reference:/usr/share/dotnet/packs/Microsoft.NETCore.App.Ref/8.0.23/ref/net8.0/System.Security.Cryptography.Encoding.dll /reference:/usr/share/dotnet/packs/Microsoft.NETCore.App.Ref/8.0.23/ref/net8.0/System.Security.Cryptography.OpenSsl.dll /reference:/usr/share/dotnet/packs/Microsoft.NETCore.App.Ref/8.0.23/ref/net8.0/System.Security.Cryptography.Primitives.dll /reference:/usr/share/dotnet/packs/Microsoft.NETCore.App.Ref/8.0.23/ref/net8.0/System.Security.Cryptography.X509Certificates.dll /reference:/usr/share/dotnet/packs/Microsoft.NETCore.App.Ref/8.0.23/ref/net8.0/System.Security.dll /reference:/usr/share/dotnet/packs/Microsoft.NETCore.App.Ref/8.0.23/ref/net8.0/System.Security.Principal.dll /reference:/usr/share/dotnet/packs/Microsoft.NETCore.App.Ref/8.0.23/ref/net8.0/System.Security.Principal.Windows.dll /reference:/usr/share/dotnet/packs/Microsoft.NETCore.App.Ref/8.0.23/ref/net8.0/System.Security.SecureString.dll /reference:/usr/share/dotnet/packs/Microsoft.NETCore.App.Ref/8.0.23/ref/net8.0/System.ServiceModel.Web.dll /reference:/usr/share/dotnet/packs/Microsoft.NETCore.App.Ref/8.0.23/ref/net8.0/System.ServiceProcess.dll /reference:/usr/share/dotnet/packs/Microsoft.NETCore.App.Ref/8.0.23/ref/net8.0/System.Text.Encoding.CodePages.dll /reference:/usr/share/dotnet/packs/Microsoft.NETCore.App.Ref/8.0.23/ref/net8.0/System.Text.Encoding.dll /reference:/usr/share/dotnet/packs/Microsoft.NETCore.App.Ref/8.0.23/ref/net8.0/System.Text.Encoding.Extensions.dll /reference:/usr/share/dotnet/packs/Microsoft.NETCore.App.Ref/8.0.23/ref/net8.0/System.Text.Encodings.Web.dll /reference:/usr/share/dotnet/packs/Microsoft.NETCore.App.Ref/8.0.23/ref/net8.0/System.Text.Json.dll /reference:/usr/share/dotnet/packs/Microsoft.NETCore.App.Ref/8.0.23/ref/net8.0/System.Text.RegularExpressions.dll /reference:/usr/share/dotnet/packs/Microsoft.NETCore.App.Ref/8.0.23/ref/net8.0/System.Threading.Channels.dll /reference:/usr/share/dotnet/packs/Microsoft.NETCore.App.Ref/8.0.23/ref/net8.0/System.Threading.dll /reference:/usr/share/dotnet/packs/Microsoft.NETCore.App.Ref/8.0.23/ref/net8.0/System.Threading.Overlapped.dll /reference:/usr/share/dotnet/packs/Microsoft.NETCore.App.Ref/8.0.23/ref/net8.0/System.Threading.Tasks.Dataflow.dll /reference:/usr/share/dotnet/packs/Microsoft.NETCore.App.Ref/8.0.23/ref/net8.0/System.Threading.Tasks.dll /reference:/usr/share/dotnet/packs/Microsoft.NETCore.App.Ref/8.0.23/ref/net8.0/System.Threading.Tasks.Extensions.dll /reference:/usr/share/dotnet/packs/Microsoft.NETCore.App.Ref/8.0.23/ref/net8.0/System.Threading.Tasks.Parallel.dll /reference:/usr/share/dotnet/packs/Microsoft.NETCore.App.Ref/8.0.23/ref/net8.0/System.Threading.Thread.dll /reference:/usr/share/dotnet/packs/Microsoft.NETCore.App.Ref/8.0.23/ref/net8.0/System.Threading.ThreadPool.dll /reference:/usr/share/dotnet/packs/Microsoft.NETCore.App.Ref/8.0.23/ref/net8.0/System.Threading.Timer.dll /reference:/usr/share/dotnet/packs/Microsoft.NETCore.App.Ref/8.0.23/ref/net8.0/System.Transactions.dll /reference:/usr/share/dotnet/packs/Microsoft.NETCore.App.Ref/8.0.23/ref/net8.0/System.Transactions.Local.dll /reference:/usr/share/dotnet/packs/Microsoft.NETCore.App.Ref/8.0.23/ref/net8.0/System.ValueTuple.dll /reference:/usr/share/dotnet/packs/Microsoft.NETCore.App.Ref/8.0.23/ref/net8.0/System.Web.dll /reference:/usr/share/dotnet/packs/Microsoft.NETCore.App.Ref/8.0.23/ref/net8.0/System.Web.HttpUtility.dll /reference:/usr/share/dotnet/packs/Microsoft.NETCore.App.Ref/8.0.23/ref/net8.0/System.Windows.dll /reference:/usr/share/dotnet/packs/Microsoft.NETCore.App.Ref/8.0.23/ref/net8.0/System.Xml.dll /reference:/usr/share/dotnet/packs/Microsoft.NETCore.App.Ref/8.0.23/ref/net8.0/System.Xml.Linq.dll /reference:/usr/share/dotnet/packs/Microsoft.NETCore.App.Ref/8.0.23/ref/net8.0/System.Xml.ReaderWriter.dll /reference:/usr/share/dotnet/packs/Microsoft.NETCore.App.Ref/8.0.23/ref/net8.0/System.Xml.Serialization.dll /reference:/usr/share/dotnet/packs/Microsoft.NETCore.App.Ref/8.0.23/ref/net8.0/System.Xml.XDocument.dll /reference:/usr/share/dotnet/packs/Microsoft.NETCore.App.Ref/8.0.23/ref/net8.0/System.Xml.XmlDocument.dll /reference:/usr/share/dotnet/packs/Microsoft.NETCore.App.Ref/8.0.23/ref/net8.0/System.Xml.XmlSerializer.dll /reference:/usr/share/dotnet/packs/Microsoft.NETCore.App.Ref/8.0.23/ref/net8.0/System.Xml.XPath.dll /reference:/usr/share/dotnet/packs/Microsoft.NETCore.App.Ref/8.0.23/ref/net8.0/System.Xml.XPath.XDocument.dll /reference:/modernize-data/studio-data/TNT1001/APP1166/transformed-code/344/studio-workspace/TMS22/src/TourManagement.Application/obj/Debug/net8.0/ref/TourManagement.Application.dll /reference:/modernize-data/studio-data/TNT1001/APP1166/transformed-code/344/studio-workspace/TMS22/src/TourManagement.Domain/obj/Debug/net8.0/ref/TourManagement.Domain.dll /reference:/usr/share/dotnet/packs/Microsoft.NETCore.App.Ref/8.0.23/ref/net8.0/WindowsBase.dll /debug+ /debug:portable /filealign:512 /optimize- /out:obj/Debug/net8.0/TourManagement.Infrastructure.dll /refout:obj/Debug/net8.0/refint/TourManagement.Infrastructure.dll /target:library /warnaserror- /utf8output /deterministic+ /sourcelink:obj/Debug/net8.0/TourManagement.Infrastructure.sourcelink.json /langversion:12.0 /analyzerconfig:obj/Debug/net8.0/TourManagement.Infrastructure.GeneratedMSBuildEditorConfig.editorconfig /analyzerconfig:/usr/share/dotnet/sdk/8.0.417/Sdks/Microsoft.NET.Sdk/analyzers/build/config/analysislevel_8_default.globalconfig /analyzer:/usr/share/dotnet/sdk/8.0.417/Sdks/Microsoft.NET.Sdk/targets/../analyzers/Microsoft.CodeAnalysis.CSharp.NetAnalyzers.dll /analyzer:/usr/share/dotnet/sdk/8.0.417/Sdks/Microsoft.NET.Sdk/targets/../analyzers/Microsoft.CodeAnalysis.NetAnalyzers.dll /analyzer:/home/studioai/.nuget/packages/microsoft.codeanalysis.analyzers/3.3.3/analyzers/dotnet/cs/Microsoft.CodeAnalysis.Analyzers.dll /analyzer:/home/studioai/.nuget/packages/microsoft.codeanalysis.analyzers/3.3.3/analyzers/dotnet/cs/Microsoft.CodeAnalysis.CSharp.Analyzers.dll /analyzer:/home/studioai/.nuget/packages/microsoft.entityframeworkcore.analyzers/8.0.0/analyzers/dotnet/cs/Microsoft.EntityFrameworkCore.Analyzers.dll /analyzer:/home/studioai/.nuget/packages/microsoft.extensions.logging.abstractions/8.0.0/analyzers/dotnet/roslyn4.4/cs/Microsoft.Extensions.Logging.Generators.dll /analyzer:/home/studioai/.nuget/packages/microsoft.extensions.options/8.0.0/analyzers/dotnet/roslyn4.4/cs/Microsoft.Extensions.Options.SourceGeneration.dll /analyzer:/usr/share/dotnet/packs/Microsoft.NETCore.App.Ref/8.0.23/analyzers/dotnet/cs/Microsoft.Interop.ComInterfaceGenerator.dll /analyzer:/usr/share/dotnet/packs/Microsoft.NETCore.App.Ref/8.0.23/analyzers/dotnet/cs/Microsoft.Interop.JavaScript.JSImportGenerator.dll /analyzer:/usr/share/dotnet/packs/Microsoft.NETCore.App.Ref/8.0.23/analyzers/dotnet/cs/Microsoft.Interop.LibraryImportGenerator.dll /analyzer:/usr/share/dotnet/packs/Microsoft.NETCore.App.Ref/8.0.23/analyzers/dotnet/cs/Microsoft.Interop.SourceGeneration.dll /analyzer:/usr/share/dotnet/packs/Microsoft.NETCore.App.Ref/8.0.23/analyzers/dotnet/cs/System.Text.Json.SourceGeneration.dll /analyzer:/usr/share/dotnet/packs/Microsoft.NETCore.App.Ref/8.0.23/analyzers/dotnet/cs/System.Text.RegularExpressions.Generator.dll Data/Configurations/BookingConfiguration.cs Data/Configurations/TourConfiguration.cs Data/Configurations/UserConfiguration.cs Data/TourManagementDbContext.cs Repositories/BookingRepository.cs Repositories/TourRepository.cs Repositories/UserRepository.cs obj/Debug/net8.0/TourManagement.Infrastructure.GlobalUsings.g.cs "obj/Debug/net8.0/.NETCoreApp,Version=v8.0.AssemblyAttributes.cs" obj/Debug/net8.0/TourManagement.Infrastructure.AssemblyInfo.cs /warnaserror+:NU1605,SYSLIB0011
         Assembly loaded during TaskRun (Microsoft.CodeAnalysis.BuildTasks.Csc): System.Security.Principal.Windows, Version=8.0.0.0, Culture=neutral, PublicKeyToken=b03f5f7f11d50a3a (location: /usr/share/dotnet/shared/Microsoft.NETCore.App/8.0.23/System.Security.Principal.Windows.dll, MVID: 75b0e04d-0acc-4dfd-a314-1dc64f8642cf, AssemblyLoadContext: Default)
         Assembly loaded during TaskRun (Microsoft.CodeAnalysis.BuildTasks.Csc): System.Security.Claims, Version=8.0.0.0, Culture=neutral, PublicKeyToken=b03f5f7f11d50a3a (location: /usr/share/dotnet/shared/Microsoft.NETCore.App/8.0.23/System.Security.Claims.dll, MVID: ef982aee-3a68-4bdd-a22b-13c25be6d1d0, AssemblyLoadContext: Default)
         Microsoft (R) Visual C# Compiler version 4.11.0-3.25569.22 (3fb752d4)
         Copyright (C) Microsoft Corporation. All rights reserved.
         CompilerServer: server - server processed compilation - TourManagement.Infrastructure (net8.0)
       Done executing task "Csc".
       Task "CallTarget" skipped, due to false condition; ('$(TargetsTriggeredByCompilation)' != '') was evaluated as ('' != '').
   3:7>Done building target "CoreCompile" in project "TourManagement.Infrastructure.csproj".
       Target "_TouchLastBuildWithSkipAnalyzers" skipped, due to false condition; ('$(_SkipAnalyzers)' == 'true') was evaluated as ('' == 'true').
       Target "_TimeStampAfterCompile" skipped, due to false condition; ('$(RunPostBuildEvent)'=='OnOutputUpdated' or ('$(RegisterForComInterop)'=='true' and '$(OutputType)'=='library')) was evaluated as (''=='OnOutputUpdated' or (''=='true' and 'Library'=='library')).
   3:7>Target "AfterCompile" in file "/usr/share/dotnet/sdk/8.0.417/Microsoft.Common.CurrentVersion.targets" from project "/modernize-data/studio-data/TNT1001/APP1166/transformed-code/344/studio-workspace/TMS22/src/TourManagement.Infrastructure/TourManagement.Infrastructure.csproj" (target "Compile" depends on it):
   3:7>Done building target "AfterCompile" in project "TourManagement.Infrastructure.csproj".
       Target "_CreateAppHost" skipped, due to false condition; ('$(ComputeNETCoreBuildOutputFiles)' == 'true' and
                            '$(AppHostSourcePath)' != '' and
                            Exists('@(IntermediateAssembly)') and
                            Exists('$(AppHostSourcePath)')) was evaluated as ('true' == 'true' and
                            '' != '' and
                            Exists('obj/Debug/net8.0/TourManagement.Infrastructure.dll') and
                            Exists('')).
       Target "_CreateComHost" skipped, due to false condition; ('$(ComputeNETCoreBuildOutputFiles)' == 'true' and
                            '$(ComHostIntermediatePath)' != '' and
                            Exists('@(IntermediateAssembly)') and
                            Exists('$(ComHostSourcePath)')) was evaluated as ('true' == 'true' and
                            '' != '' and
                            Exists('obj/Debug/net8.0/TourManagement.Infrastructure.dll') and
                            Exists('')).
       Target "_GetIjwHostPaths" skipped, due to false condition; ('$(UseIJWHost)' == 'true') was evaluated as ('' == 'true').
   3:7>Target "Compile" in file "/usr/share/dotnet/sdk/8.0.417/Microsoft.Common.CurrentVersion.targets" from project "/modernize-data/studio-data/TNT1001/APP1166/transformed-code/344/studio-workspace/TMS22/src/TourManagement.Infrastructure/TourManagement.Infrastructure.csproj" (target "CoreBuild" depends on it):
   3:7>Done building target "Compile" in project "TourManagement.Infrastructure.csproj".
       Target "ExportWindowsMDFile" skipped, due to false condition; ('$(ExportWinMDFile)' == 'true') was evaluated as ('' == 'true').
       Target "UnmanagedUnregistration" skipped, due to false condition; ((('$(_AssemblyTimestampBeforeCompile)' != '$(_AssemblyTimestampAfterCompile)' or '$(RegisterForComInterop)' != 'true' or '$(OutputType)' != 'library') or
                           ('$(_AssemblyTimestampBeforeCompile)' == '')) and
                          Exists('@(_UnmanagedRegistrationCache)')) was evaluated as ((('' != '' or '' != 'true' or 'Library' != 'library') or
                           ('' == '')) and
                          Exists('obj/TourManagement.Infrastructure.csproj.UnmanagedRegistration.cache')).
       Target "GenerateSerializationAssemblies" skipped, due to false condition; ('$(_SGenGenerateSerializationAssembliesConfig)' == 'On' or ('@(WebReferenceUrl)'!='' and '$(_SGenGenerateSerializationAssembliesConfig)' == 'Auto')) was evaluated as ('Off' == 'On' or (''!='' and 'Off' == 'Auto')).
   3:7>Target "_GenerateSatelliteAssemblyInputs" in file "/usr/share/dotnet/sdk/8.0.417/Microsoft.Common.CurrentVersion.targets" from project "/modernize-data/studio-data/TNT1001/APP1166/transformed-code/344/studio-workspace/TMS22/src/TourManagement.Infrastructure/TourManagement.Infrastructure.csproj" (target "CreateSatelliteAssemblies" depends on it):
       Task "Warning" skipped, due to false condition; ('@(ManifestResourceWithCulture)'!='' and '%(ManifestResourceWithCulture.EmittedForCompatibilityOnly)'=='') was evaluated as (''!='' and ''=='').
       Task "Warning" skipped, due to false condition; ('@(ManifestNonResxWithCultureOnDisk)'!='' and '%(ManifestNonResxWithCultureOnDisk.EmittedForCompatibilityOnly)'=='') was evaluated as (''!='' and ''=='').
   3:7>Done building target "_GenerateSatelliteAssemblyInputs" in project "TourManagement.Infrastructure.csproj".
       Target "ComputeIntermediateSatelliteAssemblies" skipped, due to false condition; (@(EmbeddedResource->'%(WithCulture)') != '') was evaluated as ( != '').
       Target "GenerateSatelliteAssemblies" skipped, due to false condition; ('@(_SatelliteAssemblyResourceInputs)' != '' and '$(GenerateSatelliteAssembliesForCore)' != 'true') was evaluated as ('' != '' and 'true' != 'true').
       Target "CoreGenerateSatelliteAssemblies" skipped, due to false condition; ('@(_SatelliteAssemblyResourceInputs)' != ''  and '$(GenerateSatelliteAssembliesForCore)' == 'true' ) was evaluated as ('' != ''  and 'true' == 'true' ).
   3:7>Target "CreateSatelliteAssemblies" in file "/usr/share/dotnet/sdk/8.0.417/Microsoft.Common.CurrentVersion.targets" from project "/modernize-data/studio-data/TNT1001/APP1166/transformed-code/344/studio-workspace/TMS22/src/TourManagement.Infrastructure/TourManagement.Infrastructure.csproj" (target "CoreBuild" depends on it):
   3:7>Done building target "CreateSatelliteAssemblies" in project "TourManagement.Infrastructure.csproj".
       Target "GenerateManifests" skipped, due to false condition; ('$(GenerateClickOnceManifests)'=='true' or '@(NativeReference)'!='' or '@(ResolvedIsolatedComModules)'!='' or '$(GenerateAppxManifest)' == 'true') was evaluated as (''=='true' or ''!='' or ''!='' or '' == 'true').
   3:7>Target "GetTargetPathWithTargetPlatformMoniker" in file "/usr/share/dotnet/sdk/8.0.417/Microsoft.Common.CurrentVersion.targets" from project "/modernize-data/studio-data/TNT1001/APP1166/transformed-code/344/studio-workspace/TMS22/src/TourManagement.Infrastructure/TourManagement.Infrastructure.csproj" (target "GetTargetPath" depends on it):
   3:7>Done building target "GetTargetPathWithTargetPlatformMoniker" in project "TourManagement.Infrastructure.csproj".
   3:7>Target "GetTargetPath" in file "/usr/share/dotnet/sdk/8.0.417/Microsoft.Common.CurrentVersion.targets" from project "/modernize-data/studio-data/TNT1001/APP1166/transformed-code/344/studio-workspace/TMS22/src/TourManagement.Infrastructure/TourManagement.Infrastructure.csproj" (target "CoreBuild" depends on it):
   3:7>Done building target "GetTargetPath" in project "TourManagement.Infrastructure.csproj".
       Target "ComputeIntermediateSatelliteAssemblies" skipped, due to false condition; (@(EmbeddedResource->'%(WithCulture)') != '') was evaluated as ( != '').
   3:7>Target "_CopyFilesMarkedCopyLocal" in file "/usr/share/dotnet/sdk/8.0.417/Microsoft.Common.CurrentVersion.targets" from project "/modernize-data/studio-data/TNT1001/APP1166/transformed-code/344/studio-workspace/TMS22/src/TourManagement.Infrastructure/TourManagement.Infrastructure.csproj" (target "CopyFilesToOutputDirectory" depends on it):
       Using "Copy" task from assembly "Microsoft.Build.Tasks.Core, Version=15.1.0.0, Culture=neutral, PublicKeyToken=b03f5f7f11d50a3a".
       Task "Copy"
         Copying file from "/modernize-data/studio-data/TNT1001/APP1166/transformed-code/344/studio-workspace/TMS22/src/TourManagement.Application/bin/Debug/net8.0/TourManagement.Application.dll" to "/modernize-data/studio-data/TNT1001/APP1166/transformed-code/344/studio-workspace/TMS22/src/TourManagement.Infrastructure/bin/Debug/net8.0/TourManagement.Application.dll".
         Copying file from "/modernize-data/studio-data/TNT1001/APP1166/transformed-code/344/studio-workspace/TMS22/src/TourManagement.Application/bin/Debug/net8.0/TourManagement.Application.pdb" to "/modernize-data/studio-data/TNT1001/APP1166/transformed-code/344/studio-workspace/TMS22/src/TourManagement.Infrastructure/bin/Debug/net8.0/TourManagement.Application.pdb".
         Copying file from "/modernize-data/studio-data/TNT1001/APP1166/transformed-code/344/studio-workspace/TMS22/src/TourManagement.Domain/bin/Debug/net8.0/TourManagement.Domain.pdb" to "/modernize-data/studio-data/TNT1001/APP1166/transformed-code/344/studio-workspace/TMS22/src/TourManagement.Infrastructure/bin/Debug/net8.0/TourManagement.Domain.pdb".
         Copying file from "/modernize-data/studio-data/TNT1001/APP1166/transformed-code/344/studio-workspace/TMS22/src/TourManagement.Domain/bin/Debug/net8.0/TourManagement.Domain.dll" to "/modernize-data/studio-data/TNT1001/APP1166/transformed-code/344/studio-workspace/TMS22/src/TourManagement.Infrastructure/bin/Debug/net8.0/TourManagement.Domain.dll".
       Done executing task "Copy".
       Using "Touch" task from assembly "Microsoft.Build.Tasks.Core, Version=15.1.0.0, Culture=neutral, PublicKeyToken=b03f5f7f11d50a3a".
       Task "Touch"
         Creating "/modernize-data/studio-data/TNT1001/APP1166/transformed-code/344/studio-workspace/TMS22/src/TourManagement.Infrastructure/obj/Debug/net8.0/TourMana.0E27AB2A.Up2Date" because "AlwaysCreate" was specified.
         Touching "/modernize-data/studio-data/TNT1001/APP1166/transformed-code/344/studio-workspace/TMS22/src/TourManagement.Infrastructure/obj/Debug/net8.0/TourMana.0E27AB2A.Up2Date".
       Done executing task "Touch".
   3:7>Done building target "_CopyFilesMarkedCopyLocal" in project "TourManagement.Infrastructure.csproj".
       Target "AssignTargetPaths" skipped. Previously built successfully.
       Target "AssignProjectConfiguration" skipped. Previously built successfully.
       Target "_SplitProjectReferencesByFileExistence" skipped. Previously built successfully.
       Target "_GetProjectReferenceTargetFrameworkProperties" skipped. Previously built successfully.
   3:7>Target "_PopulateCommonStateForGetCopyToOutputDirectoryItems" in file "/usr/share/dotnet/sdk/8.0.417/Microsoft.Common.CurrentVersion.targets" from project "/modernize-data/studio-data/TNT1001/APP1166/transformed-code/344/studio-workspace/TMS22/src/TourManagement.Infrastructure/TourManagement.Infrastructure.csproj" (target "GetCopyToOutputDirectoryItems" depends on it):
   3:7>Done building target "_PopulateCommonStateForGetCopyToOutputDirectoryItems" in project "TourManagement.Infrastructure.csproj".
       Target "AddDepsJsonAndRuntimeConfigToCopyItemsForReferencingProjects" skipped, due to false condition; ('$(HasRuntimeOutput)' == 'true') was evaluated as ('' == 'true').
   3:7>Target "GetCopyToOutputDirectoryItems" in file "/usr/share/dotnet/sdk/8.0.417/Microsoft.Common.CurrentVersion.targets" from project "/modernize-data/studio-data/TNT1001/APP1166/transformed-code/344/studio-workspace/TMS22/src/TourManagement.Infrastructure/TourManagement.Infrastructure.csproj" (target "_CopySourceItemsToOutputDirectory" depends on it):
       Using "CallTarget" task from assembly "Microsoft.Build.Tasks.Core, Version=15.1.0.0, Culture=neutral, PublicKeyToken=b03f5f7f11d50a3a".
       Task "CallTarget"
       Target "_PopulateCommonStateForGetCopyToOutputDirectoryItems" skipped. Previously built successfully.
       Target "_AddOutputPathToGlobalPropertiesToRemove" skipped. Previously built successfully.
   3:7>Target "_GetCopyToOutputDirectoryItemsFromTransitiveProjectReferences" in file "/usr/share/dotnet/sdk/8.0.417/Microsoft.Common.CurrentVersion.targets" from project "/modernize-data/studio-data/TNT1001/APP1166/transformed-code/344/studio-workspace/TMS22/src/TourManagement.Infrastructure/TourManagement.Infrastructure.csproj" (target "GetCopyToOutputDirectoryItems" depends on it):
       Task "MSBuild"
         Global Properties:
           Configuration=Debug
           Platform=AnyCPU
         Removing Properties for project "../TourManagement.Domain/TourManagement.Domain.csproj":
           TargetFramework
           RuntimeIdentifier
           SelfContained
         Removing Properties for project "../TourManagement.Application/TourManagement.Application.csproj":
           TargetFramework
           RuntimeIdentifier
           SelfContained
   3:7>Project "/modernize-data/studio-data/TNT1001/APP1166/transformed-code/344/studio-workspace/TMS22/src/TourManagement.Infrastructure/TourManagement.Infrastructure.csproj" (3:7) is building "/modernize-data/studio-data/TNT1001/APP1166/transformed-code/344/studio-workspace/TMS22/src/TourManagement.Domain/TourManagement.Domain.csproj" (5:18) on node 1 (GetCopyToOutputDirectoryItems target(s)).
  5:18>Target "GetCopyToOutputDirectoryItems" skipped. Previously built successfully.
  5:18>Done Building Project "/modernize-data/studio-data/TNT1001/APP1166/transformed-code/344/studio-workspace/TMS22/src/TourManagement.Domain/TourManagement.Domain.csproj" (GetCopyToOutputDirectoryItems target(s)).
   3:7>Project "/modernize-data/studio-data/TNT1001/APP1166/transformed-code/344/studio-workspace/TMS22/src/TourManagement.Infrastructure/TourManagement.Infrastructure.csproj" (3:7) is building "/modernize-data/studio-data/TNT1001/APP1166/transformed-code/344/studio-workspace/TMS22/src/TourManagement.Application/TourManagement.Application.csproj" (2:14) on node 2 (GetCopyToOutputDirectoryItems target(s)).
  2:14>Target "GetCopyToOutputDirectoryItems" skipped. Previously built successfully.
  2:14>Done Building Project "/modernize-data/studio-data/TNT1001/APP1166/transformed-code/344/studio-workspace/TMS22/src/TourManagement.Application/TourManagement.Application.csproj" (GetCopyToOutputDirectoryItems target(s)).
   3:7>Done executing task "MSBuild".
       Task "AssignTargetPath"
       Done executing task "AssignTargetPath".
   3:7>Done building target "_GetCopyToOutputDirectoryItemsFromTransitiveProjectReferences" in project "TourManagement.Infrastructure.csproj".
       Done executing task "CallTarget".
       Task "CallTarget"
       Target "AssignTargetPaths" skipped. Previously built successfully.
       Target "_PopulateCommonStateForGetCopyToOutputDirectoryItems" skipped. Previously built successfully.
       Target "AddDepsJsonAndRuntimeConfigToCopyItemsForReferencingProjects" skipped, due to false condition; ('$(HasRuntimeOutput)' == 'true') was evaluated as ('' == 'true').
   3:7>Target "_GetCopyToOutputDirectoryItemsFromThisProject" in file "/usr/share/dotnet/sdk/8.0.417/Microsoft.Common.CurrentVersion.targets" from project "/modernize-data/studio-data/TNT1001/APP1166/transformed-code/344/studio-workspace/TMS22/src/TourManagement.Infrastructure/TourManagement.Infrastructure.csproj" (target "GetCopyToOutputDirectoryItems" depends on it):
       Task "AssignTargetPath"
       Done executing task "AssignTargetPath".
   3:7>Done building target "_GetCopyToOutputDirectoryItemsFromThisProject" in project "TourManagement.Infrastructure.csproj".
       Done executing task "CallTarget".
   3:7>Done building target "GetCopyToOutputDirectoryItems" in project "TourManagement.Infrastructure.csproj".
       Target "_CopyOutOfDateSourceItemsToOutputDirectory" skipped, due to false condition; ( '@(_SourceItemsToCopyToOutputDirectory)' != '' ) was evaluated as ( '' != '' ).
       Target "_CopyOutOfDateSourceItemsToOutputDirectoryAlways" skipped, due to false condition; ( '@(_SourceItemsToCopyToOutputDirectoryAlways)' != '' ) was evaluated as ( '' != '' ).
   3:7>Target "_CopySourceItemsToOutputDirectory" in file "/usr/share/dotnet/sdk/8.0.417/Microsoft.Common.CurrentVersion.targets" from project "/modernize-data/studio-data/TNT1001/APP1166/transformed-code/344/studio-workspace/TMS22/src/TourManagement.Infrastructure/TourManagement.Infrastructure.csproj" (target "CopyFilesToOutputDirectory" depends on it):
   3:7>Done building target "_CopySourceItemsToOutputDirectory" in project "TourManagement.Infrastructure.csproj".
       Target "_CopyAppConfigFile" skipped, due to false condition; ( '@(AppConfigWithTargetPath)' != '' ) was evaluated as ( '' != '' ).
       Target "_CopyManifestFiles" skipped, due to false condition; ( '$(_DeploymentCopyApplicationManifest)'=='true' or '$(GenerateClickOnceManifests)'=='true' ) was evaluated as ( ''=='true' or ''=='true' ).
   3:7>Target "_CheckForCompileOutputs" in file "/usr/share/dotnet/sdk/8.0.417/Microsoft.Common.CurrentVersion.targets" from project "/modernize-data/studio-data/TNT1001/APP1166/transformed-code/344/studio-workspace/TMS22/src/TourManagement.Infrastructure/TourManagement.Infrastructure.csproj" (target "CopyFilesToOutputDirectory" depends on it):
   3:7>Done building target "_CheckForCompileOutputs" in project "TourManagement.Infrastructure.csproj".
       Target "_SGenCheckForOutputs" skipped, due to false condition; ('$(_SGenGenerateSerializationAssembliesConfig)' == 'On' or ('@(WebReferenceUrl)'!='' and '$(_SGenGenerateSerializationAssembliesConfig)' == 'Auto')) was evaluated as ('Off' == 'On' or (''!='' and 'Off' == 'Auto')).
       Target "_DefaultMicrosoftNETPlatformLibrary" skipped. Previously built successfully.
       Target "_HandlePackageFileConflicts" skipped. Previously built successfully.
       Target "ResolveAssemblyReferences" skipped. Previously built successfully.
   3:7>Target "_ComputeReferenceAssemblies" in file "/usr/share/dotnet/sdk/8.0.417/Sdks/Microsoft.NET.Sdk/targets/Microsoft.NET.Sdk.targets" from project "/modernize-data/studio-data/TNT1001/APP1166/transformed-code/344/studio-workspace/TMS22/src/TourManagement.Infrastructure/TourManagement.Infrastructure.csproj" (target "GenerateBuildDependencyFile" depends on it):
   3:7>Done building target "_ComputeReferenceAssemblies" in project "TourManagement.Infrastructure.csproj".
   3:7>Target "_ComputeUserRuntimeAssemblies" in file "/usr/share/dotnet/sdk/8.0.417/Sdks/Microsoft.NET.Sdk/targets/Microsoft.NET.Sdk.targets" from project "/modernize-data/studio-data/TNT1001/APP1166/transformed-code/344/studio-workspace/TMS22/src/TourManagement.Infrastructure/TourManagement.Infrastructure.csproj" (target "GenerateBuildDependencyFile" depends on it):
   3:7>Done building target "_ComputeUserRuntimeAssemblies" in project "TourManagement.Infrastructure.csproj".
       Target "ResolveRuntimePackAssets" skipped, due to false condition; ('@(RuntimePack)' != '') was evaluated as ('' != '').
       Target "_ComputePackageReferencePublish" skipped. Previously built successfully.
       Target "ComputeDependencyFileCompilerOptions" skipped, due to false condition; ('$(PreserveCompilationContext)' == 'true') was evaluated as ('' == 'true').
   3:7>Target "GenerateBuildDependencyFile" in file "/usr/share/dotnet/sdk/8.0.417/Sdks/Microsoft.NET.Sdk/targets/Microsoft.NET.Sdk.targets" from project "/modernize-data/studio-data/TNT1001/APP1166/transformed-code/344/studio-workspace/TMS22/src/TourManagement.Infrastructure/TourManagement.Infrastructure.csproj" (target "CopyFilesToOutputDirectory" depends on it):
       Building target "GenerateBuildDependencyFile" completely.
       Output file "/modernize-data/studio-data/TNT1001/APP1166/transformed-code/344/studio-workspace/TMS22/src/TourManagement.Infrastructure/bin/Debug/net8.0/TourManagement.Infrastructure.deps.json" does not exist.
       Using "GenerateDepsFile" task from assembly "/usr/share/dotnet/sdk/8.0.417/Sdks/Microsoft.NET.Sdk/targets/../tools/net8.0/Microsoft.NET.Build.Tasks.dll".
       Task "GenerateDepsFile"
       Done executing task "GenerateDepsFile".
   3:7>Done building target "GenerateBuildDependencyFile" in project "TourManagement.Infrastructure.csproj".
       Target "_DefaultMicrosoftNETPlatformLibrary" skipped. Previously built successfully.
   3:7>Target "_GenerateRuntimeConfigurationFilesInputCache" in file "/usr/share/dotnet/sdk/8.0.417/Sdks/Microsoft.NET.Sdk/targets/Microsoft.NET.Sdk.targets" from project "/modernize-data/studio-data/TNT1001/APP1166/transformed-code/344/studio-workspace/TMS22/src/TourManagement.Infrastructure/TourManagement.Infrastructure.csproj" (target "GenerateBuildRuntimeConfigurationFiles" depends on it):
       Task "Hash"
       Done executing task "Hash".
       Task "WriteLinesToFile"
       Done executing task "WriteLinesToFile".
   3:7>Done building target "_GenerateRuntimeConfigurationFilesInputCache" in project "TourManagement.Infrastructure.csproj".
   3:7>Target "GenerateBuildRuntimeConfigurationFiles" in file "/usr/share/dotnet/sdk/8.0.417/Sdks/Microsoft.NET.Sdk/targets/Microsoft.NET.Sdk.targets" from project "/modernize-data/studio-data/TNT1001/APP1166/transformed-code/344/studio-workspace/TMS22/src/TourManagement.Infrastructure/TourManagement.Infrastructure.csproj" (target "CopyFilesToOutputDirectory" depends on it):
       Building target "GenerateBuildRuntimeConfigurationFiles" completely.
       Output file "/modernize-data/studio-data/TNT1001/APP1166/transformed-code/344/studio-workspace/TMS22/src/TourManagement.Infrastructure/bin/Debug/net8.0/TourManagement.Infrastructure.runtimeconfig.json" does not exist.
       Task "NETSdkError" skipped, due to false condition; ('$(RollForward)' != '' and '$(RollForward)' != 'Major' and '$(RollForward)' != 'LatestMajor' and '$(_IsRollForwardSupported)' != 'true') was evaluated as ('' != '' and '' != 'Major' and '' != 'LatestMajor' and 'true' != 'true').
       Using "GenerateRuntimeConfigurationFiles" task from assembly "/usr/share/dotnet/sdk/8.0.417/Sdks/Microsoft.NET.Sdk/targets/../tools/net8.0/Microsoft.NET.Build.Tasks.dll".
       Task "GenerateRuntimeConfigurationFiles"
       Done executing task "GenerateRuntimeConfigurationFiles".
   3:7>Done building target "GenerateBuildRuntimeConfigurationFiles" in project "TourManagement.Infrastructure.csproj".
       Target "GenerateShimsAssets" skipped, due to false condition; ('$(PackAsTool)' == 'true' and $(PackAsToolShimRuntimeIdentifiers) != '' ) was evaluated as ('' == 'true' and  != '' ).
   3:7>Target "CopyFilesToOutputDirectory" in file "/usr/share/dotnet/sdk/8.0.417/Microsoft.Common.CurrentVersion.targets" from project "/modernize-data/studio-data/TNT1001/APP1166/transformed-code/344/studio-workspace/TMS22/src/TourManagement.Infrastructure/TourManagement.Infrastructure.csproj" (target "PrepareForRun" depends on it):
       Task "Copy"
         Copying file from "/modernize-data/studio-data/TNT1001/APP1166/transformed-code/344/studio-workspace/TMS22/src/TourManagement.Infrastructure/obj/Debug/net8.0/TourManagement.Infrastructure.dll" to "/modernize-data/studio-data/TNT1001/APP1166/transformed-code/344/studio-workspace/TMS22/src/TourManagement.Infrastructure/bin/Debug/net8.0/TourManagement.Infrastructure.dll".
       Done executing task "Copy".
       Using "CopyRefAssembly" task from assembly "/usr/share/dotnet/sdk/8.0.417/Roslyn/Microsoft.Build.Tasks.CodeAnalysis.dll".
       Task "CopyRefAssembly"
         Copying reference assembly from "obj/Debug/net8.0/refint/TourManagement.Infrastructure.dll" to "/modernize-data/studio-data/TNT1001/APP1166/transformed-code/344/studio-workspace/TMS22/src/TourManagement.Infrastructure/obj/Debug/net8.0/ref/TourManagement.Infrastructure.dll".
       Done executing task "CopyRefAssembly".
       Task "Message"
         TourManagement.Infrastructure -> /modernize-data/studio-data/TNT1001/APP1166/transformed-code/344/studio-workspace/TMS22/src/TourManagement.Infrastructure/bin/Debug/net8.0/TourManagement.Infrastructure.dll
       Done executing task "Message".
       Task "Copy" skipped, due to false condition; ('@(AddModules)' != '') was evaluated as ('' != '').
       Task "Copy" skipped, due to false condition; ('$(_SGenDllCreated)'=='true') was evaluated as ('false'=='true').
       Task "Copy"
         Copying file from "/modernize-data/studio-data/TNT1001/APP1166/transformed-code/344/studio-workspace/TMS22/src/TourManagement.Infrastructure/obj/Debug/net8.0/TourManagement.Infrastructure.pdb" to "/modernize-data/studio-data/TNT1001/APP1166/transformed-code/344/studio-workspace/TMS22/src/TourManagement.Infrastructure/bin/Debug/net8.0/TourManagement.Infrastructure.pdb".
       Done executing task "Copy".
       Task "Copy" skipped, due to false condition; ('$(_DocumentationFileProduced)'=='true' and '$(CopyDocumentationFileToOutputDirectory)'=='true') was evaluated as ('false'=='true' and 'true'=='true').
       Task "Copy" skipped, due to false condition; ('@(IntermediateSatelliteAssembliesWithTargetPath)' != '') was evaluated as ('' != '').
       Task "Copy" skipped, due to false condition; ('@(ReferenceComWrappersToCopyLocal)' != '' or '@(ResolvedIsolatedComModules)' != '' or '@(_DeploymentLooseManifestFile)' != '' or '@(NativeReferenceFile)' != '' ) was evaluated as ('' != '' or '' != '' or '' != '' or '' != '' ).
       Task "Copy" skipped, due to false condition; ('$(SkipCopyWinMDArtifact)' != 'true' and '@(WinMDExpArtifacts)' != '') was evaluated as ('' != 'true' and '' != '').
       Task "Message" skipped, due to false condition; ('$(SkipCopyWinMDArtifact)' != 'true' and '$(_WindowsMetadataOutputPath)' != '') was evaluated as ('' != 'true' and '' != '').
   3:7>Done building target "CopyFilesToOutputDirectory" in project "TourManagement.Infrastructure.csproj".
       Target "_CopyReferenceOnlyAssembliesForBuild" skipped, due to false condition; ('$(PreserveCompilationReferences)' == 'true') was evaluated as ('' == 'true').
   3:7>Target "PrepareForRun" in file "/usr/share/dotnet/sdk/8.0.417/Microsoft.Common.CurrentVersion.targets" from project "/modernize-data/studio-data/TNT1001/APP1166/transformed-code/344/studio-workspace/TMS22/src/TourManagement.Infrastructure/TourManagement.Infrastructure.csproj" (target "CoreBuild" depends on it):
   3:7>Done building target "PrepareForRun" in project "TourManagement.Infrastructure.csproj".
       Target "UnmanagedRegistration" skipped, due to false condition; ('$(RegisterForComInterop)'=='true' and '$(OutputType)'=='library') was evaluated as (''=='true' and 'Library'=='library').
       Target "_CheckForCompileOutputs" skipped. Previously built successfully.
       Target "_SGenCheckForOutputs" skipped, due to false condition; ('$(_SGenGenerateSerializationAssembliesConfig)' == 'On' or ('@(WebReferenceUrl)'!='' and '$(_SGenGenerateSerializationAssembliesConfig)' == 'Auto')) was evaluated as ('Off' == 'On' or (''!='' and 'Off' == 'Auto')).
   3:7>Target "_CleanGetCurrentAndPriorFileWrites" in file "/usr/share/dotnet/sdk/8.0.417/Microsoft.Common.CurrentVersion.targets" from project "/modernize-data/studio-data/TNT1001/APP1166/transformed-code/344/studio-workspace/TMS22/src/TourManagement.Infrastructure/TourManagement.Infrastructure.csproj" (target "IncrementalClean" depends on it):
       Using "ReadLinesFromFile" task from assembly "Microsoft.Build.Tasks.Core, Version=15.1.0.0, Culture=neutral, PublicKeyToken=b03f5f7f11d50a3a".
       Task "ReadLinesFromFile"
       Done executing task "ReadLinesFromFile".
       Task "ConvertToAbsolutePath"
       Done executing task "ConvertToAbsolutePath".
       Using "FindUnderPath" task from assembly "Microsoft.Build.Tasks.Core, Version=15.1.0.0, Culture=neutral, PublicKeyToken=b03f5f7f11d50a3a".
       Task "FindUnderPath"
         Comparison path is "/modernize-data/studio-data/TNT1001/APP1166/transformed-code/344/studio-workspace/TMS22/src/TourManagement.Infrastructure".
       Done executing task "FindUnderPath".
       Task "FindUnderPath"
         Comparison path is "bin/Debug/net8.0/".
       Done executing task "FindUnderPath".
       Task "FindUnderPath"
         Comparison path is "obj/Debug/net8.0/".
       Done executing task "FindUnderPath".
       Task "RemoveDuplicates"
       Done executing task "RemoveDuplicates".
   3:7>Done building target "_CleanGetCurrentAndPriorFileWrites" in project "TourManagement.Infrastructure.csproj".
   3:7>Target "IncrementalClean" in file "/usr/share/dotnet/sdk/8.0.417/Microsoft.Common.CurrentVersion.targets" from project "/modernize-data/studio-data/TNT1001/APP1166/transformed-code/344/studio-workspace/TMS22/src/TourManagement.Infrastructure/TourManagement.Infrastructure.csproj" (target "CoreBuild" depends on it):
       Task "FindUnderPath"
         Comparison path is "bin/Debug/net8.0/".
       Done executing task "FindUnderPath".
       Task "FindUnderPath"
         Comparison path is "obj/Debug/net8.0/".
       Done executing task "FindUnderPath".
       Using "Delete" task from assembly "Microsoft.Build.Tasks.Core, Version=15.1.0.0, Culture=neutral, PublicKeyToken=b03f5f7f11d50a3a".
       Task "Delete"
       Done executing task "Delete".
       Task "RemoveDuplicates"
       Done executing task "RemoveDuplicates".
       Task "WriteLinesToFile"
       Done executing task "WriteLinesToFile".
   3:7>Done building target "IncrementalClean" in project "TourManagement.Infrastructure.csproj".
       Target "PostBuildEvent" skipped, due to false condition; ('$(PostBuildEvent)' != '' and ('$(RunPostBuildEvent)' != 'OnOutputUpdated' or '$(_AssemblyTimestampBeforeCompile)' != '$(_AssemblyTimestampAfterCompile)')) was evaluated as ('' != '' and ('' != 'OnOutputUpdated' or '' != '')).
       Target "GenerateBuildDependencyFile" skipped. Previously built successfully.
       Target "GenerateBuildRuntimeConfigurationFiles" skipped. Previously built successfully.
   3:7>Target "CoreBuild" in file "/usr/share/dotnet/sdk/8.0.417/Microsoft.Common.CurrentVersion.targets" from project "/modernize-data/studio-data/TNT1001/APP1166/transformed-code/344/studio-workspace/TMS22/src/TourManagement.Infrastructure/TourManagement.Infrastructure.csproj" (target "Build" depends on it):
   3:7>Done building target "CoreBuild" in project "TourManagement.Infrastructure.csproj".
   3:7>Target "AfterBuild" in file "/usr/share/dotnet/sdk/8.0.417/Microsoft.Common.CurrentVersion.targets" from project "/modernize-data/studio-data/TNT1001/APP1166/transformed-code/344/studio-workspace/TMS22/src/TourManagement.Infrastructure/TourManagement.Infrastructure.csproj" (target "Build" depends on it):
   3:7>Done building target "AfterBuild" in project "TourManagement.Infrastructure.csproj".
       Target "_CheckBrowserWorkloadNeededButNotAvailable" skipped, due to false condition; ('$(RuntimeIdentifier)' == 'browser-wasm' and '$(_BrowserWorkloadDisabled)' != 'true' and '$(WasmNativeWorkloadAvailable)' != 'true') was evaluated as ('' == 'browser-wasm' and '' != 'true' and '' != 'true').
       Target "_ErrorWorkloadDisabledForTFMLessThan6" skipped, due to false condition; ('$(_BrowserWorkloadNotSupportedForTFM)' == 'true') was evaluated as ('' == 'true').
       Target "_ErrorDualWasmThreadPropsOn7" skipped, due to false condition; ('$(TargetsNet7)' == 'true' and '$(RuntimeIdentifier)' == 'browser-wasm' and
           '$(BrowserWorkloadDisabled)' != 'true' and '$(WasmEnableThreads)' == 'true' and '$(WasmEnablePerfTrace)' == 'true') was evaluated as ('' == 'true' and '' == 'browser-wasm' and
           '' != 'true' and '' == 'true' and '' == 'true').
       Target "_CheckForInvalidConfigurationAndPlatform" skipped. Previously built successfully.
       Target "_CheckForInvalidConfigurationAndPlatform" skipped. Previously built successfully.
   3:7>Target "Build" in file "/usr/share/dotnet/sdk/8.0.417/Microsoft.Common.CurrentVersion.targets" from project "/modernize-data/studio-data/TNT1001/APP1166/transformed-code/344/studio-workspace/TMS22/src/TourManagement.Infrastructure/TourManagement.Infrastructure.csproj" (entry point):
   3:7>Done building target "Build" in project "TourManagement.Infrastructure.csproj".
       Target "_PackAsBuildAfterTarget" skipped, due to false condition; ('$(GeneratePackageOnBuild)' == 'true' AND '$(IsInnerBuild)' != 'true') was evaluated as ('false' == 'true' AND '' != 'true').
   3:7>Target "_CheckContainersPackage" in file "/usr/share/dotnet/sdk/8.0.417/Containers/build/Microsoft.NET.Build.Containers.targets" from project "/modernize-data/studio-data/TNT1001/APP1166/transformed-code/344/studio-workspace/TMS22/src/TourManagement.Infrastructure/TourManagement.Infrastructure.csproj" (entry point):
       Task "Warning" skipped, due to false condition; ($(_ContainerPackageIsPresent)
               and (
                 ($(_SdkCanPublishWeb) and $(_IsWebProject)) or
                 ($(_SdkCanPublishWorker) and $(_IsWorkerProject)) or
                 ($(_SdkCanPublishConsole) and '$(EnableSdkContainerSupport)' == 'true')
               )) was evaluated as (false
               and (
                 (True and false) or
                 (True and false) or
                 (True and '' == 'true')
               )).
   3:7>Done building target "_CheckContainersPackage" in project "TourManagement.Infrastructure.csproj".
   3:7>Done Building Project "/modernize-data/studio-data/TNT1001/APP1166/transformed-code/344/studio-workspace/TMS22/src/TourManagement.Infrastructure/TourManagement.Infrastructure.csproj" (default targets).
   4:6>Project "/modernize-data/studio-data/TNT1001/APP1166/transformed-code/344/studio-workspace/TMS22/src/TourManagement.Web/TourManagement.Web.csproj" (4:6) is building "/modernize-data/studio-data/TNT1001/APP1166/transformed-code/344/studio-workspace/TMS22/src/TourManagement.Infrastructure/TourManagement.Infrastructure.csproj" (3:9) on node 4 (default targets).
   3:9>Target "Build" skipped. Previously built successfully.
   3:9>Done Building Project "/modernize-data/studio-data/TNT1001/APP1166/transformed-code/344/studio-workspace/TMS22/src/TourManagement.Infrastructure/TourManagement.Infrastructure.csproj" (default targets).
   4:6>Done executing task "MSBuild".
       Task "MSBuild"
         Global Properties:
           Configuration=Debug
           Platform=AnyCPU
         Removing Properties:
           WebPublishProfileFile
         Removing Properties for project "../TourManagement.Infrastructure/TourManagement.Infrastructure.csproj":
           TargetFramework
           RuntimeIdentifier
           SelfContained
         Removing Properties for project "../TourManagement.Application/TourManagement.Application.csproj":
           TargetFramework
           RuntimeIdentifier
           SelfContained
         Removing Properties for project "../TourManagement.Domain/TourManagement.Domain.csproj":
           TargetFramework
           RuntimeIdentifier
           SelfContained
   4:6>Project "/modernize-data/studio-data/TNT1001/APP1166/transformed-code/344/studio-workspace/TMS22/src/TourManagement.Web/TourManagement.Web.csproj" (4:6) is building "/modernize-data/studio-data/TNT1001/APP1166/transformed-code/344/studio-workspace/TMS22/src/TourManagement.Application/TourManagement.Application.csproj" (2:15) on node 2 (GetNativeManifest target(s)).
  2:15>Target "GetNativeManifest" skipped. Previously built successfully.
  2:15>Done Building Project "/modernize-data/studio-data/TNT1001/APP1166/transformed-code/344/studio-workspace/TMS22/src/TourManagement.Application/TourManagement.Application.csproj" (GetNativeManifest target(s)).
   4:6>Project "/modernize-data/studio-data/TNT1001/APP1166/transformed-code/344/studio-workspace/TMS22/src/TourManagement.Web/TourManagement.Web.csproj" (4:6) is building "/modernize-data/studio-data/TNT1001/APP1166/transformed-code/344/studio-workspace/TMS22/src/TourManagement.Domain/TourManagement.Domain.csproj" (5:19) on node 1 (GetNativeManifest target(s)).
  5:19>Target "GetNativeManifest" skipped. Previously built successfully.
  5:19>Done Building Project "/modernize-data/studio-data/TNT1001/APP1166/transformed-code/344/studio-workspace/TMS22/src/TourManagement.Domain/TourManagement.Domain.csproj" (GetNativeManifest target(s)).
   4:6>Project "/modernize-data/studio-data/TNT1001/APP1166/transformed-code/344/studio-workspace/TMS22/src/TourManagement.Web/TourManagement.Web.csproj" (4:6) is building "/modernize-data/studio-data/TNT1001/APP1166/transformed-code/344/studio-workspace/TMS22/src/TourManagement.Infrastructure/TourManagement.Infrastructure.csproj" (3:10) on node 4 (GetNativeManifest target(s)).
  3:10>Target "GetNativeManifest" in file "/usr/share/dotnet/sdk/8.0.417/Microsoft.Common.CurrentVersion.targets" from project "/modernize-data/studio-data/TNT1001/APP1166/transformed-code/344/studio-workspace/TMS22/src/TourManagement.Infrastructure/TourManagement.Infrastructure.csproj" (entry point):
  3:10>Done building target "GetNativeManifest" in project "TourManagement.Infrastructure.csproj".
  3:10>Done Building Project "/modernize-data/studio-data/TNT1001/APP1166/transformed-code/344/studio-workspace/TMS22/src/TourManagement.Infrastructure/TourManagement.Infrastructure.csproj" (GetNativeManifest target(s)).
   4:6>Done executing task "MSBuild".
       Task "Warning" skipped, due to false condition; ('@(ProjectReferenceWithConfiguration)' != '' and '@(_MSBuildProjectReferenceNonexistent)' != '') was evaluated as ('../TourManagement.Infrastructure/TourManagement.Infrastructure.csproj;../TourManagement.Application/TourManagement.Application.csproj;../TourManagement.Domain/TourManagement.Domain.csproj' != '' and '' != '').
   4:6>Done building target "ResolveProjectReferences" in project "TourManagement.Web.csproj".
       Target "FindInvalidProjectReferences" skipped, due to false condition; ('$(FindInvalidProjectReferences)' == 'true') was evaluated as ('' == 'true').
       Target "ResolveNativeReferences" skipped, due to false condition; ('@(NativeReference)'!='') was evaluated as (''!='').
       Target "ResolveProjectReferences" skipped. Previously built successfully.
       Target "FindInvalidProjectReferences" skipped, due to false condition; ('$(FindInvalidProjectReferences)' == 'true') was evaluated as ('' == 'true').
       Target "GetFrameworkPaths" skipped. Previously built successfully.
       Target "GetReferenceAssemblyPaths" skipped. Previously built successfully.
       Target "PrepareForBuild" skipped. Previously built successfully.
       Target "GetInstalledSDKLocations" skipped, due to false condition; ('@(SDKReference)' != '') was evaluated as ('' != '').
   4:6>Target "ResolveSDKReferences" in file "/usr/share/dotnet/sdk/8.0.417/Microsoft.Common.CurrentVersion.targets" from project "/modernize-data/studio-data/TNT1001/APP1166/transformed-code/344/studio-workspace/TMS22/src/TourManagement.Web/TourManagement.Web.csproj" (target "ResolveAssemblyReferences" depends on it):
       Task "ResolveSDKReference" skipped, due to false condition; ('@(SDKReference)'!='') was evaluated as (''!='').
   4:6>Done building target "ResolveSDKReferences" in project "TourManagement.Web.csproj".
       Target "ResolveSDKReferences" skipped. Previously built successfully.
   4:6>Target "ExpandSDKReferences" in file "/usr/share/dotnet/sdk/8.0.417/Microsoft.Common.CurrentVersion.targets" from project "/modernize-data/studio-data/TNT1001/APP1166/transformed-code/344/studio-workspace/TMS22/src/TourManagement.Web/TourManagement.Web.csproj" (target "ResolveAssemblyReferences" depends on it):
       Task "GetSDKReferenceFiles" skipped, due to false condition; ('@(ResolvedSDKReference)'!='') was evaluated as (''!='').
   4:6>Done building target "ExpandSDKReferences" in project "TourManagement.Web.csproj".
       Target "ResolvePackageDependenciesForBuild" skipped. Previously built successfully.
       Target "GetFrameworkPaths" skipped. Previously built successfully.
       Target "GetReferenceAssemblyPaths" skipped. Previously built successfully.
       Target "ProcessFrameworkReferences" skipped. Previously built successfully.
       Target "ResolvePackageAssets" skipped. Previously built successfully.
   4:6>Target "ResolveFrameworkReferences" in file "/usr/share/dotnet/sdk/8.0.417/Sdks/Microsoft.NET.Sdk/targets/Microsoft.NET.Sdk.FrameworkReferenceResolution.targets" from project "/modernize-data/studio-data/TNT1001/APP1166/transformed-code/344/studio-workspace/TMS22/src/TourManagement.Web/TourManagement.Web.csproj" (target "ResolveTargetingPackAssets" depends on it):
       Using "GetPackageDirectory" task from assembly "/usr/share/dotnet/sdk/8.0.417/Sdks/Microsoft.NET.Sdk/targets/../tools/net8.0/Microsoft.NET.Build.Tasks.dll".
       Task "GetPackageDirectory"
       Done executing task "GetPackageDirectory".
       Task "GetPackageDirectory"
       Done executing task "GetPackageDirectory".
       Task "GetPackageDirectory"
       Done executing task "GetPackageDirectory".
       Task "GetPackageDirectory"
       Done executing task "GetPackageDirectory".
       Task "GetPackageDirectory"
       Done executing task "GetPackageDirectory".
       Task "GetPackageDirectory"
       Done executing task "GetPackageDirectory".
       Task "GetPackageDirectory"
       Done executing task "GetPackageDirectory".
       Task "GetPackageDirectory"
       Done executing task "GetPackageDirectory".
       Task "GetPackageDirectory"
       Done executing task "GetPackageDirectory".
       Task "GetPackageDirectory"
       Done executing task "GetPackageDirectory".
       Using "ResolveFrameworkReferences" task from assembly "/usr/share/dotnet/sdk/8.0.417/Sdks/Microsoft.NET.Sdk/targets/../tools/net8.0/Microsoft.NET.Build.Tasks.dll".
       Task "ResolveFrameworkReferences"
       Done executing task "ResolveFrameworkReferences".
   4:6>Done building target "ResolveFrameworkReferences" in project "TourManagement.Web.csproj".
   4:6>Target "ResolveTargetingPackAssets" in file "/usr/share/dotnet/sdk/8.0.417/Sdks/Microsoft.NET.Sdk/targets/Microsoft.NET.Sdk.FrameworkReferenceResolution.targets" from project "/modernize-data/studio-data/TNT1001/APP1166/transformed-code/344/studio-workspace/TMS22/src/TourManagement.Web/TourManagement.Web.csproj" (target "_HandlePackageFileConflicts" depends on it):
       Using "ResolveTargetingPackAssets" task from assembly "/usr/share/dotnet/sdk/8.0.417/Sdks/Microsoft.NET.Sdk/targets/../tools/net8.0/Microsoft.NET.Build.Tasks.dll".
       Task "ResolveTargetingPackAssets"
       Done executing task "ResolveTargetingPackAssets".
   4:6>Done building target "ResolveTargetingPackAssets" in project "TourManagement.Web.csproj".
   4:6>Target "ResolveOffByDefaultAnalyzers" in file "/usr/share/dotnet/sdk/8.0.417/Sdks/Microsoft.NET.Sdk/targets/Microsoft.NET.Sdk.FrameworkReferenceResolution.targets" from project "/modernize-data/studio-data/TNT1001/APP1166/transformed-code/344/studio-workspace/TMS22/src/TourManagement.Web/TourManagement.Web.csproj" (target "_HandlePackageFileConflicts" depends on it):
   4:6>Done building target "ResolveOffByDefaultAnalyzers" in project "TourManagement.Web.csproj".
   4:6>Target "_HandlePackageFileConflicts" in file "/usr/share/dotnet/sdk/8.0.417/Sdks/Microsoft.NET.Sdk/targets/Microsoft.NET.ConflictResolution.targets" from project "/modernize-data/studio-data/TNT1001/APP1166/transformed-code/344/studio-workspace/TMS22/src/TourManagement.Web/TourManagement.Web.csproj" (target "ResolveAssemblyReferences" depends on it):
       Using "ResolvePackageFileConflicts" task from assembly "/usr/share/dotnet/sdk/8.0.417/Sdks/Microsoft.NET.Sdk/targets/../tools/net8.0/Microsoft.NET.Build.Tasks.dll".
       Task "ResolvePackageFileConflicts"
         Encountered conflict between 'Reference:/home/studioai/.nuget/packages/system.diagnostics.diagnosticsource/8.0.0/lib/net8.0/System.Diagnostics.DiagnosticSource.dll' and 'Reference:/usr/share/dotnet/packs/Microsoft.NETCore.App.Ref/8.0.23/ref/net8.0/System.Diagnostics.DiagnosticSource.dll'. Choosing 'Reference:/usr/share/dotnet/packs/Microsoft.NETCore.App.Ref/8.0.23/ref/net8.0/System.Diagnostics.DiagnosticSource.dll' because file version '8.0.2325.60607' is greater than '8.0.23.53103'.
         Encountered conflict between 'Reference:/home/studioai/.nuget/packages/system.text.encodings.web/8.0.0/lib/net8.0/System.Text.Encodings.Web.dll' and 'Reference:/usr/share/dotnet/packs/Microsoft.NETCore.App.Ref/8.0.23/ref/net8.0/System.Text.Encodings.Web.dll'. Choosing 'Reference:/usr/share/dotnet/packs/Microsoft.NETCore.App.Ref/8.0.23/ref/net8.0/System.Text.Encodings.Web.dll' because file version '8.0.2325.60607' is greater than '8.0.23.53103'.
         Encountered conflict between 'Reference:/home/studioai/.nuget/packages/system.text.json/8.0.0/lib/net8.0/System.Text.Json.dll' and 'Reference:/usr/share/dotnet/packs/Microsoft.NETCore.App.Ref/8.0.23/ref/net8.0/System.Text.Json.dll'. Choosing 'Reference:/usr/share/dotnet/packs/Microsoft.NETCore.App.Ref/8.0.23/ref/net8.0/System.Text.Json.dll' because file version '8.0.2325.60607' is greater than '8.0.23.53103'.
         Encountered conflict between 'Analyzer:/home/studioai/.nuget/packages/system.text.json/8.0.0/analyzers/dotnet/roslyn4.4/cs/System.Text.Json.SourceGeneration.dll' and 'Analyzer:/usr/share/dotnet/packs/Microsoft.NETCore.App.Ref/8.0.23/analyzers/dotnet/cs/System.Text.Json.SourceGeneration.dll'. Choosing 'Analyzer:/usr/share/dotnet/packs/Microsoft.NETCore.App.Ref/8.0.23/analyzers/dotnet/cs/System.Text.Json.SourceGeneration.dll' because AssemblyVersion '8.0.13.10607' is greater than '8.0.9.3103'.
         Encountered conflict between 'Platform:System.Collections.Immutable.dll' and 'CopyLocal:/home/studioai/.nuget/packages/system.collections.immutable/6.0.0/lib/net6.0/System.Collections.Immutable.dll'. Choosing 'Platform:System.Collections.Immutable.dll' because AssemblyVersion '8.0.0.0' is greater than '6.0.0.0'.
         Encountered conflict between 'Platform:System.Diagnostics.DiagnosticSource.dll' and 'CopyLocal:/home/studioai/.nuget/packages/system.diagnostics.diagnosticsource/8.0.0/lib/net8.0/System.Diagnostics.DiagnosticSource.dll'. Choosing 'Platform:System.Diagnostics.DiagnosticSource.dll' because file version '8.0.2325.60607' is greater than '8.0.23.53103'.
         Encountered conflict between 'Platform:System.Reflection.Metadata.dll' and 'CopyLocal:/home/studioai/.nuget/packages/system.reflection.metadata/6.0.1/lib/net6.0/System.Reflection.Metadata.dll'. Choosing 'Platform:System.Reflection.Metadata.dll' because AssemblyVersion '8.0.0.0' is greater than '6.0.0.0'.
         Encountered conflict between 'Platform:System.Runtime.CompilerServices.Unsafe.dll' and 'CopyLocal:/home/studioai/.nuget/packages/system.runtime.compilerservices.unsafe/6.0.0/lib/net6.0/System.Runtime.CompilerServices.Unsafe.dll'. Choosing 'Platform:System.Runtime.CompilerServices.Unsafe.dll' because AssemblyVersion '8.0.0.0' is greater than '6.0.0.0'.
         Encountered conflict between 'Platform:System.Text.Encoding.CodePages.dll' and 'CopyLocal:/home/studioai/.nuget/packages/system.text.encoding.codepages/6.0.0/lib/net6.0/System.Text.Encoding.CodePages.dll'. Choosing 'Platform:System.Text.Encoding.CodePages.dll' because AssemblyVersion '8.0.0.0' is greater than '6.0.0.0'.
         Encountered conflict between 'Platform:System.Text.Encodings.Web.dll' and 'CopyLocal:/home/studioai/.nuget/packages/system.text.encodings.web/8.0.0/lib/net8.0/System.Text.Encodings.Web.dll'. Choosing 'Platform:System.Text.Encodings.Web.dll' because file version '8.0.2325.60607' is greater than '8.0.23.53103'.
         Encountered conflict between 'Platform:System.Text.Json.dll' and 'CopyLocal:/home/studioai/.nuget/packages/system.text.json/8.0.0/lib/net8.0/System.Text.Json.dll'. Choosing 'Platform:System.Text.Json.dll' because file version '8.0.2325.60607' is greater than '8.0.23.53103'.
         Encountered conflict between 'Platform:System.Threading.Channels.dll' and 'CopyLocal:/home/studioai/.nuget/packages/system.threading.channels/6.0.0/lib/net6.0/System.Threading.Channels.dll'. Choosing 'Platform:System.Threading.Channels.dll' because AssemblyVersion '8.0.0.0' is greater than '6.0.0.0'.
         Encountered conflict between 'Platform:System.Text.Encoding.CodePages.dll' and 'CopyLocal:/home/studioai/.nuget/packages/system.text.encoding.codepages/6.0.0/runtimes/win/lib/net6.0/System.Text.Encoding.CodePages.dll'. Choosing 'Platform:System.Text.Encoding.CodePages.dll' because AssemblyVersion '8.0.0.0' is greater than '6.0.0.0'.
         Encountered conflict between 'Platform:System.Text.Encodings.Web.dll' and 'CopyLocal:/home/studioai/.nuget/packages/system.text.encodings.web/8.0.0/runtimes/browser/lib/net8.0/System.Text.Encodings.Web.dll'. Choosing 'Platform:System.Text.Encodings.Web.dll' because file version '8.0.2325.60607' is greater than '8.0.23.53103'.
         Encountered conflict between 'Platform:mscorlib.dll' and 'Platform:mscorlib.dll'. Could not determine winner due to equal file and assembly versions.
         Encountered conflict between 'Platform:Microsoft.VisualBasic.dll' and 'Platform:Microsoft.VisualBasic.dll'. Could not determine winner due to equal file and assembly versions.
         Encountered conflict between 'Platform:System.dll' and 'Platform:System.dll'. Could not determine winner due to equal file and assembly versions.
         Encountered conflict between 'Platform:System.ComponentModel.DataAnnotations.dll' and 'Platform:System.ComponentModel.DataAnnotations.dll'. Could not determine winner due to equal file and assembly versions.
         Encountered conflict between 'Platform:System.Configuration.dll' and 'Platform:System.Configuration.dll'. Could not determine winner due to equal file and assembly versions.
         Encountered conflict between 'Platform:System.Core.dll' and 'Platform:System.Core.dll'. Could not determine winner due to equal file and assembly versions.
         Encountered conflict between 'Platform:System.Data.dll' and 'Platform:System.Data.dll'. Could not determine winner due to equal file and assembly versions.
         Encountered conflict between 'Platform:System.Drawing.dll' and 'Platform:System.Drawing.dll'. Could not determine winner due to equal file and assembly versions.
         Encountered conflict between 'Platform:System.IO.Compression.FileSystem.dll' and 'Platform:System.IO.Compression.FileSystem.dll'. Could not determine winner due to equal file and assembly versions.
         Encountered conflict between 'Platform:System.Net.dll' and 'Platform:System.Net.dll'. Could not determine winner due to equal file and assembly versions.
         Encountered conflict between 'Platform:System.Numerics.dll' and 'Platform:System.Numerics.dll'. Could not determine winner due to equal file and assembly versions.
         Encountered conflict between 'Platform:System.Runtime.Serialization.dll' and 'Platform:System.Runtime.Serialization.dll'. Could not determine winner due to equal file and assembly versions.
         Encountered conflict between 'Platform:System.Security.dll' and 'Platform:System.Security.dll'. Could not determine winner due to equal file and assembly versions.
         Encountered conflict between 'Platform:System.ServiceProcess.dll' and 'Platform:System.ServiceProcess.dll'. Could not determine winner due to equal file and assembly versions.
         Encountered conflict between 'Platform:System.ServiceModel.Web.dll' and 'Platform:System.ServiceModel.Web.dll'. Could not determine winner due to equal file and assembly versions.
         Encountered conflict between 'Platform:System.Transactions.dll' and 'Platform:System.Transactions.dll'. Could not determine winner due to equal file and assembly versions.
         Encountered conflict between 'Platform:System.Web.dll' and 'Platform:System.Web.dll'. Could not determine winner due to equal file and assembly versions.
         Encountered conflict between 'Platform:System.Windows.dll' and 'Platform:System.Windows.dll'. Could not determine winner due to equal file and assembly versions.
         Encountered conflict between 'Platform:System.Xml.dll' and 'Platform:System.Xml.dll'. Could not determine winner due to equal file and assembly versions.
         Encountered conflict between 'Platform:System.Xml.Serialization.dll' and 'Platform:System.Xml.Serialization.dll'. Could not determine winner due to equal file and assembly versions.
         Encountered conflict between 'Platform:System.Xml.Linq.dll' and 'Platform:System.Xml.Linq.dll'. Could not determine winner due to equal file and assembly versions.
         Encountered conflict between 'Platform:WindowsBase.dll' and 'Platform:WindowsBase.dll'. Could not determine winner due to equal file and assembly versions.
         Encountered conflict between 'Platform:netstandard.dll' and 'Platform:netstandard.dll'. Could not determine winner due to equal file and assembly versions.
         Encountered conflict between 'Platform:System.Private.CoreLib.dll' and 'Platform:System.Private.CoreLib.dll'. Could not determine winner due to equal file and assembly versions.
         Encountered conflict between 'Platform:System.Private.DataContractSerialization.dll' and 'Platform:System.Private.DataContractSerialization.dll'. Could not determine winner due to equal file and assembly versions.
         Encountered conflict between 'Platform:System.Private.Uri.dll' and 'Platform:System.Private.Uri.dll'. Could not determine winner due to equal file and assembly versions.
         Encountered conflict between 'Platform:System.Private.Xml.dll' and 'Platform:System.Private.Xml.dll'. Could not determine winner due to equal file and assembly versions.
         Encountered conflict between 'Platform:System.Private.Xml.Linq.dll' and 'Platform:System.Private.Xml.Linq.dll'. Could not determine winner due to equal file and assembly versions.
         Encountered conflict between 'Platform:mscordaccore_amd64_amd64_8.0.2325.60607.dll' and 'Platform:mscordaccore_amd64_amd64_8.0.2325.60607.dll'. Could not determine winner due to equal file and assembly versions.
       Done executing task "ResolvePackageFileConflicts".
   4:6>Done building target "_HandlePackageFileConflicts" in project "TourManagement.Web.csproj".
       Target "ResolveTargetingPackAssets" skipped. Previously built successfully.
   4:6>Target "ResolveAssemblyReferences" in file "/usr/share/dotnet/sdk/8.0.417/Microsoft.Common.CurrentVersion.targets" from project "/modernize-data/studio-data/TNT1001/APP1166/transformed-code/344/studio-workspace/TMS22/src/TourManagement.Web/TourManagement.Web.csproj" (target "ResolveReferences" depends on it):
       Using "ResolveAssemblyReference" task from assembly "Microsoft.Build.Tasks.Core, Version=15.1.0.0, Culture=neutral, PublicKeyToken=b03f5f7f11d50a3a".
       Task "ResolveAssemblyReference"
         TargetFrameworkMoniker:
             .NETCoreApp,Version=v8.0
         TargetFrameworkMonikerDisplayName:
             .NET 8.0
         TargetedRuntimeVersion:
             
         Assemblies:
             /home/studioai/.nuget/packages/bcrypt.net-next/4.0.3/lib/net6.0/BCrypt.Net-Next.dll
                 Private = 'false'
                 HintPath = '/home/studioai/.nuget/packages/bcrypt.net-next/4.0.3/lib/net6.0/BCrypt.Net-Next.dll'
             /home/studioai/.nuget/packages/efcore.namingconventions/8.0.0/lib/net8.0/EFCore.NamingConventions.dll
                 Private = 'false'
                 HintPath = '/home/studioai/.nuget/packages/efcore.namingconventions/8.0.0/lib/net8.0/EFCore.NamingConventions.dll'
             /home/studioai/.nuget/packages/microsoft.aspnetcore.identity.entityframeworkcore/8.0.0/lib/net8.0/Microsoft.AspNetCore.Identity.EntityFrameworkCore.dll
                 Private = 'false'
                 HintPath = '/home/studioai/.nuget/packages/microsoft.aspnetcore.identity.entityframeworkcore/8.0.0/lib/net8.0/Microsoft.AspNetCore.Identity.EntityFrameworkCore.dll'
             /home/studioai/.nuget/packages/microsoft.entityframeworkcore/8.0.0/lib/net8.0/Microsoft.EntityFrameworkCore.dll
                 Private = 'false'
                 HintPath = '/home/studioai/.nuget/packages/microsoft.entityframeworkcore/8.0.0/lib/net8.0/Microsoft.EntityFrameworkCore.dll'
             /home/studioai/.nuget/packages/microsoft.entityframeworkcore.abstractions/8.0.0/lib/net8.0/Microsoft.EntityFrameworkCore.Abstractions.dll
                 Private = 'false'
                 HintPath = '/home/studioai/.nuget/packages/microsoft.entityframeworkcore.abstractions/8.0.0/lib/net8.0/Microsoft.EntityFrameworkCore.Abstractions.dll'
             /home/studioai/.nuget/packages/microsoft.entityframeworkcore.relational/8.0.0/lib/net8.0/Microsoft.EntityFrameworkCore.Relational.dll
                 Private = 'false'
                 HintPath = '/home/studioai/.nuget/packages/microsoft.entityframeworkcore.relational/8.0.0/lib/net8.0/Microsoft.EntityFrameworkCore.Relational.dll'
             /home/studioai/.nuget/packages/microsoft.extensions.dependencymodel/8.0.0/lib/net8.0/Microsoft.Extensions.DependencyModel.dll
                 Private = 'false'
                 HintPath = '/home/studioai/.nuget/packages/microsoft.extensions.dependencymodel/8.0.0/lib/net8.0/Microsoft.Extensions.DependencyModel.dll'
             /home/studioai/.nuget/packages/npgsql/8.0.0/lib/net8.0/Npgsql.dll
                 Private = 'false'
                 HintPath = '/home/studioai/.nuget/packages/npgsql/8.0.0/lib/net8.0/Npgsql.dll'
             /home/studioai/.nuget/packages/npgsql.entityframeworkcore.postgresql/8.0.0/lib/net8.0/Npgsql.EntityFrameworkCore.PostgreSQL.dll
                 Private = 'false'
                 HintPath = '/home/studioai/.nuget/packages/npgsql.entityframeworkcore.postgresql/8.0.0/lib/net8.0/Npgsql.EntityFrameworkCore.PostgreSQL.dll'
             /home/studioai/.nuget/packages/serilog/3.1.1/lib/net7.0/Serilog.dll
                 Private = 'false'
                 HintPath = '/home/studioai/.nuget/packages/serilog/3.1.1/lib/net7.0/Serilog.dll'
             /home/studioai/.nuget/packages/serilog.aspnetcore/8.0.0/lib/net8.0/Serilog.AspNetCore.dll
                 Private = 'false'
                 HintPath = '/home/studioai/.nuget/packages/serilog.aspnetcore/8.0.0/lib/net8.0/Serilog.AspNetCore.dll'
             /home/studioai/.nuget/packages/serilog.extensions.hosting/8.0.0/lib/net8.0/Serilog.Extensions.Hosting.dll
                 Private = 'false'
                 HintPath = '/home/studioai/.nuget/packages/serilog.extensions.hosting/8.0.0/lib/net8.0/Serilog.Extensions.Hosting.dll'
             /home/studioai/.nuget/packages/serilog.extensions.logging/8.0.0/lib/net8.0/Serilog.Extensions.Logging.dll
                 Private = 'false'
                 HintPath = '/home/studioai/.nuget/packages/serilog.extensions.logging/8.0.0/lib/net8.0/Serilog.Extensions.Logging.dll'
             /home/studioai/.nuget/packages/serilog.formatting.compact/2.0.0/lib/net7.0/Serilog.Formatting.Compact.dll
                 Private = 'false'
                 HintPath = '/home/studioai/.nuget/packages/serilog.formatting.compact/2.0.0/lib/net7.0/Serilog.Formatting.Compact.dll'
             /home/studioai/.nuget/packages/serilog.settings.configuration/8.0.0/lib/net8.0/Serilog.Settings.Configuration.dll
                 Private = 'false'
                 HintPath = '/home/studioai/.nuget/packages/serilog.settings.configuration/8.0.0/lib/net8.0/Serilog.Settings.Configuration.dll'
             /home/studioai/.nuget/packages/serilog.sinks.console/5.0.1/lib/net7.0/Serilog.Sinks.Console.dll
                 Private = 'false'
                 HintPath = '/home/studioai/.nuget/packages/serilog.sinks.console/5.0.1/lib/net7.0/Serilog.Sinks.Console.dll'
             /home/studioai/.nuget/packages/serilog.sinks.debug/2.0.0/lib/netstandard2.1/Serilog.Sinks.Debug.dll
                 Private = 'false'
                 HintPath = '/home/studioai/.nuget/packages/serilog.sinks.debug/2.0.0/lib/netstandard2.1/Serilog.Sinks.Debug.dll'
             /home/studioai/.nuget/packages/serilog.sinks.file/5.0.0/lib/net5.0/Serilog.Sinks.File.dll
                 Private = 'false'
                 HintPath = '/home/studioai/.nuget/packages/serilog.sinks.file/5.0.0/lib/net5.0/Serilog.Sinks.File.dll'
             /usr/share/dotnet/packs/Microsoft.NETCore.App.Ref/8.0.23/ref/net8.0/Microsoft.CSharp.dll
                 Private = 'false'
             /usr/share/dotnet/packs/Microsoft.NETCore.App.Ref/8.0.23/ref/net8.0/Microsoft.VisualBasic.Core.dll
                 Private = 'false'
             /usr/share/dotnet/packs/Microsoft.NETCore.App.Ref/8.0.23/ref/net8.0/Microsoft.VisualBasic.dll
                 Private = 'false'
             /usr/share/dotnet/packs/Microsoft.NETCore.App.Ref/8.0.23/ref/net8.0/Microsoft.Win32.Primitives.dll
                 Private = 'false'
             /usr/share/dotnet/packs/Microsoft.NETCore.App.Ref/8.0.23/ref/net8.0/Microsoft.Win32.Registry.dll
                 Private = 'false'
             /usr/share/dotnet/packs/Microsoft.NETCore.App.Ref/8.0.23/ref/net8.0/System.AppContext.dll
                 Private = 'false'
             /usr/share/dotnet/packs/Microsoft.NETCore.App.Ref/8.0.23/ref/net8.0/System.Buffers.dll
                 Private = 'false'
             /usr/share/dotnet/packs/Microsoft.NETCore.App.Ref/8.0.23/ref/net8.0/System.Collections.Concurrent.dll
                 Private = 'false'
             /usr/share/dotnet/packs/Microsoft.NETCore.App.Ref/8.0.23/ref/net8.0/System.Collections.Immutable.dll
                 Private = 'false'
             /usr/share/dotnet/packs/Microsoft.NETCore.App.Ref/8.0.23/ref/net8.0/System.Collections.NonGeneric.dll
                 Private = 'false'
             /usr/share/dotnet/packs/Microsoft.NETCore.App.Ref/8.0.23/ref/net8.0/System.Collections.Specialized.dll
                 Private = 'false'
             /usr/share/dotnet/packs/Microsoft.NETCore.App.Ref/8.0.23/ref/net8.0/System.Collections.dll
                 Private = 'false'
             /usr/share/dotnet/packs/Microsoft.NETCore.App.Ref/8.0.23/ref/net8.0/System.ComponentModel.Annotations.dll
                 Private = 'false'
             /usr/share/dotnet/packs/Microsoft.NETCore.App.Ref/8.0.23/ref/net8.0/System.ComponentModel.DataAnnotations.dll
                 Private = 'false'
             /usr/share/dotnet/packs/Microsoft.NETCore.App.Ref/8.0.23/ref/net8.0/System.ComponentModel.EventBasedAsync.dll
                 Private = 'false'
             /usr/share/dotnet/packs/Microsoft.NETCore.App.Ref/8.0.23/ref/net8.0/System.ComponentModel.Primitives.dll
                 Private = 'false'
             /usr/share/dotnet/packs/Microsoft.NETCore.App.Ref/8.0.23/ref/net8.0/System.ComponentModel.TypeConverter.dll
                 Private = 'false'
             /usr/share/dotnet/packs/Microsoft.NETCore.App.Ref/8.0.23/ref/net8.0/System.ComponentModel.dll
                 Private = 'false'
             /usr/share/dotnet/packs/Microsoft.NETCore.App.Ref/8.0.23/ref/net8.0/System.Configuration.dll
                 Private = 'false'
             /usr/share/dotnet/packs/Microsoft.NETCore.App.Ref/8.0.23/ref/net8.0/System.Console.dll
                 Private = 'false'
             /usr/share/dotnet/packs/Microsoft.NETCore.App.Ref/8.0.23/ref/net8.0/System.Core.dll
                 Private = 'false'
             /usr/share/dotnet/packs/Microsoft.NETCore.App.Ref/8.0.23/ref/net8.0/System.Data.Common.dll
                 Private = 'false'
             /usr/share/dotnet/packs/Microsoft.NETCore.App.Ref/8.0.23/ref/net8.0/System.Data.DataSetExtensions.dll
                 Private = 'false'
             /usr/share/dotnet/packs/Microsoft.NETCore.App.Ref/8.0.23/ref/net8.0/System.Data.dll
                 Private = 'false'
             /usr/share/dotnet/packs/Microsoft.NETCore.App.Ref/8.0.23/ref/net8.0/System.Diagnostics.Contracts.dll
                 Private = 'false'
             /usr/share/dotnet/packs/Microsoft.NETCore.App.Ref/8.0.23/ref/net8.0/System.Diagnostics.Debug.dll
                 Private = 'false'
             /usr/share/dotnet/packs/Microsoft.NETCore.App.Ref/8.0.23/ref/net8.0/System.Diagnostics.DiagnosticSource.dll
                 Private = 'false'
             /usr/share/dotnet/packs/Microsoft.NETCore.App.Ref/8.0.23/ref/net8.0/System.Diagnostics.FileVersionInfo.dll
                 Private = 'false'
             /usr/share/dotnet/packs/Microsoft.NETCore.App.Ref/8.0.23/ref/net8.0/System.Diagnostics.Process.dll
                 Private = 'false'
             /usr/share/dotnet/packs/Microsoft.NETCore.App.Ref/8.0.23/ref/net8.0/System.Diagnostics.StackTrace.dll
                 Private = 'false'
             /usr/share/dotnet/packs/Microsoft.NETCore.App.Ref/8.0.23/ref/net8.0/System.Diagnostics.TextWriterTraceListener.dll
                 Private = 'false'
             /usr/share/dotnet/packs/Microsoft.NETCore.App.Ref/8.0.23/ref/net8.0/System.Diagnostics.Tools.dll
                 Private = 'false'
             /usr/share/dotnet/packs/Microsoft.NETCore.App.Ref/8.0.23/ref/net8.0/System.Diagnostics.TraceSource.dll
                 Private = 'false'
             /usr/share/dotnet/packs/Microsoft.NETCore.App.Ref/8.0.23/ref/net8.0/System.Diagnostics.Tracing.dll
                 Private = 'false'
             /usr/share/dotnet/packs/Microsoft.NETCore.App.Ref/8.0.23/ref/net8.0/System.Drawing.Primitives.dll
                 Private = 'false'
             /usr/share/dotnet/packs/Microsoft.NETCore.App.Ref/8.0.23/ref/net8.0/System.Drawing.dll
                 Private = 'false'
             /usr/share/dotnet/packs/Microsoft.NETCore.App.Ref/8.0.23/ref/net8.0/System.Dynamic.Runtime.dll
                 Private = 'false'
             /usr/share/dotnet/packs/Microsoft.NETCore.App.Ref/8.0.23/ref/net8.0/System.Formats.Asn1.dll
                 Private = 'false'
             /usr/share/dotnet/packs/Microsoft.NETCore.App.Ref/8.0.23/ref/net8.0/System.Formats.Tar.dll
                 Private = 'false'
             /usr/share/dotnet/packs/Microsoft.NETCore.App.Ref/8.0.23/ref/net8.0/System.Globalization.Calendars.dll
                 Private = 'false'
             /usr/share/dotnet/packs/Microsoft.NETCore.App.Ref/8.0.23/ref/net8.0/System.Globalization.Extensions.dll
                 Private = 'false'
             /usr/share/dotnet/packs/Microsoft.NETCore.App.Ref/8.0.23/ref/net8.0/System.Globalization.dll
                 Private = 'false'
             /usr/share/dotnet/packs/Microsoft.NETCore.App.Ref/8.0.23/ref/net8.0/System.IO.Compression.Brotli.dll
                 Private = 'false'
             /usr/share/dotnet/packs/Microsoft.NETCore.App.Ref/8.0.23/ref/net8.0/System.IO.Compression.FileSystem.dll
                 Private = 'false'
             /usr/share/dotnet/packs/Microsoft.NETCore.App.Ref/8.0.23/ref/net8.0/System.IO.Compression.ZipFile.dll
                 Private = 'false'
             /usr/share/dotnet/packs/Microsoft.NETCore.App.Ref/8.0.23/ref/net8.0/System.IO.Compression.dll
                 Private = 'false'
             /usr/share/dotnet/packs/Microsoft.NETCore.App.Ref/8.0.23/ref/net8.0/System.IO.FileSystem.AccessControl.dll
                 Private = 'false'
             /usr/share/dotnet/packs/Microsoft.NETCore.App.Ref/8.0.23/ref/net8.0/System.IO.FileSystem.DriveInfo.dll
                 Private = 'false'
             /usr/share/dotnet/packs/Microsoft.NETCore.App.Ref/8.0.23/ref/net8.0/System.IO.FileSystem.Primitives.dll
                 Private = 'false'
             /usr/share/dotnet/packs/Microsoft.NETCore.App.Ref/8.0.23/ref/net8.0/System.IO.FileSystem.Watcher.dll
                 Private = 'false'
             /usr/share/dotnet/packs/Microsoft.NETCore.App.Ref/8.0.23/ref/net8.0/System.IO.FileSystem.dll
                 Private = 'false'
             /usr/share/dotnet/packs/Microsoft.NETCore.App.Ref/8.0.23/ref/net8.0/System.IO.IsolatedStorage.dll
                 Private = 'false'
             /usr/share/dotnet/packs/Microsoft.NETCore.App.Ref/8.0.23/ref/net8.0/System.IO.MemoryMappedFiles.dll
                 Private = 'false'
             /usr/share/dotnet/packs/Microsoft.NETCore.App.Ref/8.0.23/ref/net8.0/System.IO.Pipes.AccessControl.dll
                 Private = 'false'
             /usr/share/dotnet/packs/Microsoft.NETCore.App.Ref/8.0.23/ref/net8.0/System.IO.Pipes.dll
                 Private = 'false'
             /usr/share/dotnet/packs/Microsoft.NETCore.App.Ref/8.0.23/ref/net8.0/System.IO.UnmanagedMemoryStream.dll
                 Private = 'false'
             /usr/share/dotnet/packs/Microsoft.NETCore.App.Ref/8.0.23/ref/net8.0/System.IO.dll
                 Private = 'false'
             /usr/share/dotnet/packs/Microsoft.NETCore.App.Ref/8.0.23/ref/net8.0/System.Linq.Expressions.dll
                 Private = 'false'
             /usr/share/dotnet/packs/Microsoft.NETCore.App.Ref/8.0.23/ref/net8.0/System.Linq.Parallel.dll
                 Private = 'false'
             /usr/share/dotnet/packs/Microsoft.NETCore.App.Ref/8.0.23/ref/net8.0/System.Linq.Queryable.dll
                 Private = 'false'
             /usr/share/dotnet/packs/Microsoft.NETCore.App.Ref/8.0.23/ref/net8.0/System.Linq.dll
                 Private = 'false'
             /usr/share/dotnet/packs/Microsoft.NETCore.App.Ref/8.0.23/ref/net8.0/System.Memory.dll
                 Private = 'false'
             /usr/share/dotnet/packs/Microsoft.NETCore.App.Ref/8.0.23/ref/net8.0/System.Net.Http.Json.dll
                 Private = 'false'
             /usr/share/dotnet/packs/Microsoft.NETCore.App.Ref/8.0.23/ref/net8.0/System.Net.Http.dll
                 Private = 'false'
             /usr/share/dotnet/packs/Microsoft.NETCore.App.Ref/8.0.23/ref/net8.0/System.Net.HttpListener.dll
                 Private = 'false'
             /usr/share/dotnet/packs/Microsoft.NETCore.App.Ref/8.0.23/ref/net8.0/System.Net.Mail.dll
                 Private = 'false'
             /usr/share/dotnet/packs/Microsoft.NETCore.App.Ref/8.0.23/ref/net8.0/System.Net.NameResolution.dll
                 Private = 'false'
             /usr/share/dotnet/packs/Microsoft.NETCore.App.Ref/8.0.23/ref/net8.0/System.Net.NetworkInformation.dll
                 Private = 'false'
             /usr/share/dotnet/packs/Microsoft.NETCore.App.Ref/8.0.23/ref/net8.0/System.Net.Ping.dll
                 Private = 'false'
             /usr/share/dotnet/packs/Microsoft.NETCore.App.Ref/8.0.23/ref/net8.0/System.Net.Primitives.dll
                 Private = 'false'
             /usr/share/dotnet/packs/Microsoft.NETCore.App.Ref/8.0.23/ref/net8.0/System.Net.Quic.dll
                 Private = 'false'
             /usr/share/dotnet/packs/Microsoft.NETCore.App.Ref/8.0.23/ref/net8.0/System.Net.Requests.dll
                 Private = 'false'
             /usr/share/dotnet/packs/Microsoft.NETCore.App.Ref/8.0.23/ref/net8.0/System.Net.Security.dll
                 Private = 'false'
             /usr/share/dotnet/packs/Microsoft.NETCore.App.Ref/8.0.23/ref/net8.0/System.Net.ServicePoint.dll
                 Private = 'false'
             /usr/share/dotnet/packs/Microsoft.NETCore.App.Ref/8.0.23/ref/net8.0/System.Net.Sockets.dll
                 Private = 'false'
             /usr/share/dotnet/packs/Microsoft.NETCore.App.Ref/8.0.23/ref/net8.0/System.Net.WebClient.dll
                 Private = 'false'
             /usr/share/dotnet/packs/Microsoft.NETCore.App.Ref/8.0.23/ref/net8.0/System.Net.WebHeaderCollection.dll
                 Private = 'false'
             /usr/share/dotnet/packs/Microsoft.NETCore.App.Ref/8.0.23/ref/net8.0/System.Net.WebProxy.dll
                 Private = 'false'
             /usr/share/dotnet/packs/Microsoft.NETCore.App.Ref/8.0.23/ref/net8.0/System.Net.WebSockets.Client.dll
                 Private = 'false'
             /usr/share/dotnet/packs/Microsoft.NETCore.App.Ref/8.0.23/ref/net8.0/System.Net.WebSockets.dll
                 Private = 'false'
             /usr/share/dotnet/packs/Microsoft.NETCore.App.Ref/8.0.23/ref/net8.0/System.Net.dll
                 Private = 'false'
             /usr/share/dotnet/packs/Microsoft.NETCore.App.Ref/8.0.23/ref/net8.0/System.Numerics.Vectors.dll
                 Private = 'false'
             /usr/share/dotnet/packs/Microsoft.NETCore.App.Ref/8.0.23/ref/net8.0/System.Numerics.dll
                 Private = 'false'
             /usr/share/dotnet/packs/Microsoft.NETCore.App.Ref/8.0.23/ref/net8.0/System.ObjectModel.dll
                 Private = 'false'
             /usr/share/dotnet/packs/Microsoft.NETCore.App.Ref/8.0.23/ref/net8.0/System.Reflection.DispatchProxy.dll
                 Private = 'false'
             /usr/share/dotnet/packs/Microsoft.NETCore.App.Ref/8.0.23/ref/net8.0/System.Reflection.Emit.ILGeneration.dll
                 Private = 'false'
             /usr/share/dotnet/packs/Microsoft.NETCore.App.Ref/8.0.23/ref/net8.0/System.Reflection.Emit.Lightweight.dll
                 Private = 'false'
             /usr/share/dotnet/packs/Microsoft.NETCore.App.Ref/8.0.23/ref/net8.0/System.Reflection.Emit.dll
                 Private = 'false'
             /usr/share/dotnet/packs/Microsoft.NETCore.App.Ref/8.0.23/ref/net8.0/System.Reflection.Extensions.dll
                 Private = 'false'
             /usr/share/dotnet/packs/Microsoft.NETCore.App.Ref/8.0.23/ref/net8.0/System.Reflection.Metadata.dll
                 Private = 'false'
             /usr/share/dotnet/packs/Microsoft.NETCore.App.Ref/8.0.23/ref/net8.0/System.Reflection.Primitives.dll
                 Private = 'false'
             /usr/share/dotnet/packs/Microsoft.NETCore.App.Ref/8.0.23/ref/net8.0/System.Reflection.TypeExtensions.dll
                 Private = 'false'
             /usr/share/dotnet/packs/Microsoft.NETCore.App.Ref/8.0.23/ref/net8.0/System.Reflection.dll
                 Private = 'false'
             /usr/share/dotnet/packs/Microsoft.NETCore.App.Ref/8.0.23/ref/net8.0/System.Resources.Reader.dll
                 Private = 'false'
             /usr/share/dotnet/packs/Microsoft.NETCore.App.Ref/8.0.23/ref/net8.0/System.Resources.ResourceManager.dll
                 Private = 'false'
             /usr/share/dotnet/packs/Microsoft.NETCore.App.Ref/8.0.23/ref/net8.0/System.Resources.Writer.dll
                 Private = 'false'
             /usr/share/dotnet/packs/Microsoft.NETCore.App.Ref/8.0.23/ref/net8.0/System.Runtime.CompilerServices.Unsafe.dll
                 Private = 'false'
             /usr/share/dotnet/packs/Microsoft.NETCore.App.Ref/8.0.23/ref/net8.0/System.Runtime.CompilerServices.VisualC.dll
                 Private = 'false'
             /usr/share/dotnet/packs/Microsoft.NETCore.App.Ref/8.0.23/ref/net8.0/System.Runtime.Extensions.dll
                 Private = 'false'
             /usr/share/dotnet/packs/Microsoft.NETCore.App.Ref/8.0.23/ref/net8.0/System.Runtime.Handles.dll
                 Private = 'false'
             /usr/share/dotnet/packs/Microsoft.NETCore.App.Ref/8.0.23/ref/net8.0/System.Runtime.InteropServices.JavaScript.dll
                 Private = 'false'
             /usr/share/dotnet/packs/Microsoft.NETCore.App.Ref/8.0.23/ref/net8.0/System.Runtime.InteropServices.RuntimeInformation.dll
                 Private = 'false'
             /usr/share/dotnet/packs/Microsoft.NETCore.App.Ref/8.0.23/ref/net8.0/System.Runtime.InteropServices.dll
                 Private = 'false'
             /usr/share/dotnet/packs/Microsoft.NETCore.App.Ref/8.0.23/ref/net8.0/System.Runtime.Intrinsics.dll
                 Private = 'false'
             /usr/share/dotnet/packs/Microsoft.NETCore.App.Ref/8.0.23/ref/net8.0/System.Runtime.Loader.dll
                 Private = 'false'
             /usr/share/dotnet/packs/Microsoft.NETCore.App.Ref/8.0.23/ref/net8.0/System.Runtime.Numerics.dll
                 Private = 'false'
             /usr/share/dotnet/packs/Microsoft.NETCore.App.Ref/8.0.23/ref/net8.0/System.Runtime.Serialization.Formatters.dll
                 Private = 'false'
             /usr/share/dotnet/packs/Microsoft.NETCore.App.Ref/8.0.23/ref/net8.0/System.Runtime.Serialization.Json.dll
                 Private = 'false'
             /usr/share/dotnet/packs/Microsoft.NETCore.App.Ref/8.0.23/ref/net8.0/System.Runtime.Serialization.Primitives.dll
                 Private = 'false'
             /usr/share/dotnet/packs/Microsoft.NETCore.App.Ref/8.0.23/ref/net8.0/System.Runtime.Serialization.Xml.dll
                 Private = 'false'
             /usr/share/dotnet/packs/Microsoft.NETCore.App.Ref/8.0.23/ref/net8.0/System.Runtime.Serialization.dll
                 Private = 'false'
             /usr/share/dotnet/packs/Microsoft.NETCore.App.Ref/8.0.23/ref/net8.0/System.Runtime.dll
                 Private = 'false'
             /usr/share/dotnet/packs/Microsoft.NETCore.App.Ref/8.0.23/ref/net8.0/System.Security.AccessControl.dll
                 Private = 'false'
             /usr/share/dotnet/packs/Microsoft.NETCore.App.Ref/8.0.23/ref/net8.0/System.Security.Claims.dll
                 Private = 'false'
             /usr/share/dotnet/packs/Microsoft.NETCore.App.Ref/8.0.23/ref/net8.0/System.Security.Cryptography.Algorithms.dll
                 Private = 'false'
             /usr/share/dotnet/packs/Microsoft.NETCore.App.Ref/8.0.23/ref/net8.0/System.Security.Cryptography.Cng.dll
                 Private = 'false'
             /usr/share/dotnet/packs/Microsoft.NETCore.App.Ref/8.0.23/ref/net8.0/System.Security.Cryptography.Csp.dll
                 Private = 'false'
             /usr/share/dotnet/packs/Microsoft.NETCore.App.Ref/8.0.23/ref/net8.0/System.Security.Cryptography.Encoding.dll
                 Private = 'false'
             /usr/share/dotnet/packs/Microsoft.NETCore.App.Ref/8.0.23/ref/net8.0/System.Security.Cryptography.OpenSsl.dll
                 Private = 'false'
             /usr/share/dotnet/packs/Microsoft.NETCore.App.Ref/8.0.23/ref/net8.0/System.Security.Cryptography.Primitives.dll
                 Private = 'false'
             /usr/share/dotnet/packs/Microsoft.NETCore.App.Ref/8.0.23/ref/net8.0/System.Security.Cryptography.X509Certificates.dll
                 Private = 'false'
             /usr/share/dotnet/packs/Microsoft.NETCore.App.Ref/8.0.23/ref/net8.0/System.Security.Cryptography.dll
                 Private = 'false'
             /usr/share/dotnet/packs/Microsoft.NETCore.App.Ref/8.0.23/ref/net8.0/System.Security.Principal.Windows.dll
                 Private = 'false'
             /usr/share/dotnet/packs/Microsoft.NETCore.App.Ref/8.0.23/ref/net8.0/System.Security.Principal.dll
                 Private = 'false'
             /usr/share/dotnet/packs/Microsoft.NETCore.App.Ref/8.0.23/ref/net8.0/System.Security.SecureString.dll
                 Private = 'false'
             /usr/share/dotnet/packs/Microsoft.NETCore.App.Ref/8.0.23/ref/net8.0/System.Security.dll
                 Private = 'false'
             /usr/share/dotnet/packs/Microsoft.NETCore.App.Ref/8.0.23/ref/net8.0/System.ServiceModel.Web.dll
                 Private = 'false'
             /usr/share/dotnet/packs/Microsoft.NETCore.App.Ref/8.0.23/ref/net8.0/System.ServiceProcess.dll
                 Private = 'false'
             /usr/share/dotnet/packs/Microsoft.NETCore.App.Ref/8.0.23/ref/net8.0/System.Text.Encoding.CodePages.dll
                 Private = 'false'
             /usr/share/dotnet/packs/Microsoft.NETCore.App.Ref/8.0.23/ref/net8.0/System.Text.Encoding.Extensions.dll
                 Private = 'false'
             /usr/share/dotnet/packs/Microsoft.NETCore.App.Ref/8.0.23/ref/net8.0/System.Text.Encoding.dll
                 Private = 'false'
             /usr/share/dotnet/packs/Microsoft.NETCore.App.Ref/8.0.23/ref/net8.0/System.Text.Encodings.Web.dll
                 Private = 'false'
             /usr/share/dotnet/packs/Microsoft.NETCore.App.Ref/8.0.23/ref/net8.0/System.Text.Json.dll
                 Private = 'false'
             /usr/share/dotnet/packs/Microsoft.NETCore.App.Ref/8.0.23/ref/net8.0/System.Text.RegularExpressions.dll
                 Private = 'false'
             /usr/share/dotnet/packs/Microsoft.NETCore.App.Ref/8.0.23/ref/net8.0/System.Threading.Channels.dll
                 Private = 'false'
             /usr/share/dotnet/packs/Microsoft.NETCore.App.Ref/8.0.23/ref/net8.0/System.Threading.Overlapped.dll
                 Private = 'false'
             /usr/share/dotnet/packs/Microsoft.NETCore.App.Ref/8.0.23/ref/net8.0/System.Threading.Tasks.Dataflow.dll
                 Private = 'false'
             /usr/share/dotnet/packs/Microsoft.NETCore.App.Ref/8.0.23/ref/net8.0/System.Threading.Tasks.Extensions.dll
                 Private = 'false'
             /usr/share/dotnet/packs/Microsoft.NETCore.App.Ref/8.0.23/ref/net8.0/System.Threading.Tasks.Parallel.dll
                 Private = 'false'
             /usr/share/dotnet/packs/Microsoft.NETCore.App.Ref/8.0.23/ref/net8.0/System.Threading.Tasks.dll
                 Private = 'false'
             /usr/share/dotnet/packs/Microsoft.NETCore.App.Ref/8.0.23/ref/net8.0/System.Threading.Thread.dll
                 Private = 'false'
             /usr/share/dotnet/packs/Microsoft.NETCore.App.Ref/8.0.23/ref/net8.0/System.Threading.ThreadPool.dll
                 Private = 'false'
             /usr/share/dotnet/packs/Microsoft.NETCore.App.Ref/8.0.23/ref/net8.0/System.Threading.Timer.dll
                 Private = 'false'
             /usr/share/dotnet/packs/Microsoft.NETCore.App.Ref/8.0.23/ref/net8.0/System.Threading.dll
                 Private = 'false'
             /usr/share/dotnet/packs/Microsoft.NETCore.App.Ref/8.0.23/ref/net8.0/System.Transactions.Local.dll
                 Private = 'false'
             /usr/share/dotnet/packs/Microsoft.NETCore.App.Ref/8.0.23/ref/net8.0/System.Transactions.dll
                 Private = 'false'
             /usr/share/dotnet/packs/Microsoft.NETCore.App.Ref/8.0.23/ref/net8.0/System.ValueTuple.dll
                 Private = 'false'
             /usr/share/dotnet/packs/Microsoft.NETCore.App.Ref/8.0.23/ref/net8.0/System.Web.HttpUtility.dll
                 Private = 'false'
             /usr/share/dotnet/packs/Microsoft.NETCore.App.Ref/8.0.23/ref/net8.0/System.Web.dll
                 Private = 'false'
             /usr/share/dotnet/packs/Microsoft.NETCore.App.Ref/8.0.23/ref/net8.0/System.Windows.dll
                 Private = 'false'
             /usr/share/dotnet/packs/Microsoft.NETCore.App.Ref/8.0.23/ref/net8.0/System.Xml.Linq.dll
                 Private = 'false'
             /usr/share/dotnet/packs/Microsoft.NETCore.App.Ref/8.0.23/ref/net8.0/System.Xml.ReaderWriter.dll
                 Private = 'false'
             /usr/share/dotnet/packs/Microsoft.NETCore.App.Ref/8.0.23/ref/net8.0/System.Xml.Serialization.dll
                 Private = 'false'
             /usr/share/dotnet/packs/Microsoft.NETCore.App.Ref/8.0.23/ref/net8.0/System.Xml.XDocument.dll
                 Private = 'false'
             /usr/share/dotnet/packs/Microsoft.NETCore.App.Ref/8.0.23/ref/net8.0/System.Xml.XPath.XDocument.dll
                 Private = 'false'
             /usr/share/dotnet/packs/Microsoft.NETCore.App.Ref/8.0.23/ref/net8.0/System.Xml.XPath.dll
                 Private = 'false'
             /usr/share/dotnet/packs/Microsoft.NETCore.App.Ref/8.0.23/ref/net8.0/System.Xml.XmlDocument.dll
                 Private = 'false'
             /usr/share/dotnet/packs/Microsoft.NETCore.App.Ref/8.0.23/ref/net8.0/System.Xml.XmlSerializer.dll
                 Private = 'false'
             /usr/share/dotnet/packs/Microsoft.NETCore.App.Ref/8.0.23/ref/net8.0/System.Xml.dll
                 Private = 'false'
             /usr/share/dotnet/packs/Microsoft.NETCore.App.Ref/8.0.23/ref/net8.0/System.dll
                 Private = 'false'
             /usr/share/dotnet/packs/Microsoft.NETCore.App.Ref/8.0.23/ref/net8.0/WindowsBase.dll
                 Private = 'false'
             /usr/share/dotnet/packs/Microsoft.NETCore.App.Ref/8.0.23/ref/net8.0/mscorlib.dll
                 Private = 'false'
             /usr/share/dotnet/packs/Microsoft.NETCore.App.Ref/8.0.23/ref/net8.0/netstandard.dll
                 Private = 'false'
             /usr/share/dotnet/packs/Microsoft.AspNetCore.App.Ref/8.0.23/ref/net8.0/Microsoft.AspNetCore.Antiforgery.dll
                 Private = 'false'
             /usr/share/dotnet/packs/Microsoft.AspNetCore.App.Ref/8.0.23/ref/net8.0/Microsoft.AspNetCore.Authentication.Abstractions.dll
                 Private = 'false'
             /usr/share/dotnet/packs/Microsoft.AspNetCore.App.Ref/8.0.23/ref/net8.0/Microsoft.AspNetCore.Authentication.BearerToken.dll
                 Private = 'false'
             /usr/share/dotnet/packs/Microsoft.AspNetCore.App.Ref/8.0.23/ref/net8.0/Microsoft.AspNetCore.Authentication.Cookies.dll
                 Private = 'false'
             /usr/share/dotnet/packs/Microsoft.AspNetCore.App.Ref/8.0.23/ref/net8.0/Microsoft.AspNetCore.Authentication.Core.dll
                 Private = 'false'
             /usr/share/dotnet/packs/Microsoft.AspNetCore.App.Ref/8.0.23/ref/net8.0/Microsoft.AspNetCore.Authentication.OAuth.dll
                 Private = 'false'
             /usr/share/dotnet/packs/Microsoft.AspNetCore.App.Ref/8.0.23/ref/net8.0/Microsoft.AspNetCore.Authentication.dll
                 Private = 'false'
             /usr/share/dotnet/packs/Microsoft.AspNetCore.App.Ref/8.0.23/ref/net8.0/Microsoft.AspNetCore.Authorization.Policy.dll
                 Private = 'false'
             /usr/share/dotnet/packs/Microsoft.AspNetCore.App.Ref/8.0.23/ref/net8.0/Microsoft.AspNetCore.Authorization.dll
                 Private = 'false'
             /usr/share/dotnet/packs/Microsoft.AspNetCore.App.Ref/8.0.23/ref/net8.0/Microsoft.AspNetCore.Components.Authorization.dll
                 Private = 'false'
             /usr/share/dotnet/packs/Microsoft.AspNetCore.App.Ref/8.0.23/ref/net8.0/Microsoft.AspNetCore.Components.Endpoints.dll
                 Private = 'false'
             /usr/share/dotnet/packs/Microsoft.AspNetCore.App.Ref/8.0.23/ref/net8.0/Microsoft.AspNetCore.Components.Forms.dll
                 Private = 'false'
             /usr/share/dotnet/packs/Microsoft.AspNetCore.App.Ref/8.0.23/ref/net8.0/Microsoft.AspNetCore.Components.Server.dll
                 Private = 'false'
             /usr/share/dotnet/packs/Microsoft.AspNetCore.App.Ref/8.0.23/ref/net8.0/Microsoft.AspNetCore.Components.Web.dll
                 Private = 'false'
             /usr/share/dotnet/packs/Microsoft.AspNetCore.App.Ref/8.0.23/ref/net8.0/Microsoft.AspNetCore.Components.dll
                 Private = 'false'
             /usr/share/dotnet/packs/Microsoft.AspNetCore.App.Ref/8.0.23/ref/net8.0/Microsoft.AspNetCore.Connections.Abstractions.dll
                 Private = 'false'
             /usr/share/dotnet/packs/Microsoft.AspNetCore.App.Ref/8.0.23/ref/net8.0/Microsoft.AspNetCore.CookiePolicy.dll
                 Private = 'false'
             /usr/share/dotnet/packs/Microsoft.AspNetCore.App.Ref/8.0.23/ref/net8.0/Microsoft.AspNetCore.Cors.dll
                 Private = 'false'
             /usr/share/dotnet/packs/Microsoft.AspNetCore.App.Ref/8.0.23/ref/net8.0/Microsoft.AspNetCore.Cryptography.Internal.dll
                 Private = 'false'
             /usr/share/dotnet/packs/Microsoft.AspNetCore.App.Ref/8.0.23/ref/net8.0/Microsoft.AspNetCore.Cryptography.KeyDerivation.dll
                 Private = 'false'
             /usr/share/dotnet/packs/Microsoft.AspNetCore.App.Ref/8.0.23/ref/net8.0/Microsoft.AspNetCore.DataProtection.Abstractions.dll
                 Private = 'false'
             /usr/share/dotnet/packs/Microsoft.AspNetCore.App.Ref/8.0.23/ref/net8.0/Microsoft.AspNetCore.DataProtection.Extensions.dll
                 Private = 'false'
             /usr/share/dotnet/packs/Microsoft.AspNetCore.App.Ref/8.0.23/ref/net8.0/Microsoft.AspNetCore.DataProtection.dll
                 Private = 'false'
             /usr/share/dotnet/packs/Microsoft.AspNetCore.App.Ref/8.0.23/ref/net8.0/Microsoft.AspNetCore.Diagnostics.Abstractions.dll
                 Private = 'false'
             /usr/share/dotnet/packs/Microsoft.AspNetCore.App.Ref/8.0.23/ref/net8.0/Microsoft.AspNetCore.Diagnostics.HealthChecks.dll
                 Private = 'false'
             /usr/share/dotnet/packs/Microsoft.AspNetCore.App.Ref/8.0.23/ref/net8.0/Microsoft.AspNetCore.Diagnostics.dll
                 Private = 'false'
             /usr/share/dotnet/packs/Microsoft.AspNetCore.App.Ref/8.0.23/ref/net8.0/Microsoft.AspNetCore.HostFiltering.dll
                 Private = 'false'
             /usr/share/dotnet/packs/Microsoft.AspNetCore.App.Ref/8.0.23/ref/net8.0/Microsoft.AspNetCore.Hosting.Abstractions.dll
                 Private = 'false'
             /usr/share/dotnet/packs/Microsoft.AspNetCore.App.Ref/8.0.23/ref/net8.0/Microsoft.AspNetCore.Hosting.Server.Abstractions.dll
                 Private = 'false'
             /usr/share/dotnet/packs/Microsoft.AspNetCore.App.Ref/8.0.23/ref/net8.0/Microsoft.AspNetCore.Hosting.dll
                 Private = 'false'
             /usr/share/dotnet/packs/Microsoft.AspNetCore.App.Ref/8.0.23/ref/net8.0/Microsoft.AspNetCore.Html.Abstractions.dll
                 Private = 'false'
             /usr/share/dotnet/packs/Microsoft.AspNetCore.App.Ref/8.0.23/ref/net8.0/Microsoft.AspNetCore.Http.Abstractions.dll
                 Private = 'false'
             /usr/share/dotnet/packs/Microsoft.AspNetCore.App.Ref/8.0.23/ref/net8.0/Microsoft.AspNetCore.Http.Connections.Common.dll
                 Private = 'false'
             /usr/share/dotnet/packs/Microsoft.AspNetCore.App.Ref/8.0.23/ref/net8.0/Microsoft.AspNetCore.Http.Connections.dll
                 Private = 'false'
             /usr/share/dotnet/packs/Microsoft.AspNetCore.App.Ref/8.0.23/ref/net8.0/Microsoft.AspNetCore.Http.Extensions.dll
                 Private = 'false'
             /usr/share/dotnet/packs/Microsoft.AspNetCore.App.Ref/8.0.23/ref/net8.0/Microsoft.AspNetCore.Http.Features.dll
                 Private = 'false'
             /usr/share/dotnet/packs/Microsoft.AspNetCore.App.Ref/8.0.23/ref/net8.0/Microsoft.AspNetCore.Http.Results.dll
                 Private = 'false'
             /usr/share/dotnet/packs/Microsoft.AspNetCore.App.Ref/8.0.23/ref/net8.0/Microsoft.AspNetCore.Http.dll
                 Private = 'false'
             /usr/share/dotnet/packs/Microsoft.AspNetCore.App.Ref/8.0.23/ref/net8.0/Microsoft.AspNetCore.HttpLogging.dll
                 Private = 'false'
             /usr/share/dotnet/packs/Microsoft.AspNetCore.App.Ref/8.0.23/ref/net8.0/Microsoft.AspNetCore.HttpOverrides.dll
                 Private = 'false'
             /usr/share/dotnet/packs/Microsoft.AspNetCore.App.Ref/8.0.23/ref/net8.0/Microsoft.AspNetCore.HttpsPolicy.dll
                 Private = 'false'
             /usr/share/dotnet/packs/Microsoft.AspNetCore.App.Ref/8.0.23/ref/net8.0/Microsoft.AspNetCore.Identity.dll
                 Private = 'false'
             /usr/share/dotnet/packs/Microsoft.AspNetCore.App.Ref/8.0.23/ref/net8.0/Microsoft.AspNetCore.Localization.Routing.dll
                 Private = 'false'
             /usr/share/dotnet/packs/Microsoft.AspNetCore.App.Ref/8.0.23/ref/net8.0/Microsoft.AspNetCore.Localization.dll
                 Private = 'false'
             /usr/share/dotnet/packs/Microsoft.AspNetCore.App.Ref/8.0.23/ref/net8.0/Microsoft.AspNetCore.Metadata.dll
                 Private = 'false'
             /usr/share/dotnet/packs/Microsoft.AspNetCore.App.Ref/8.0.23/ref/net8.0/Microsoft.AspNetCore.Mvc.Abstractions.dll
                 Private = 'false'
             /usr/share/dotnet/packs/Microsoft.AspNetCore.App.Ref/8.0.23/ref/net8.0/Microsoft.AspNetCore.Mvc.ApiExplorer.dll
                 Private = 'false'
             /usr/share/dotnet/packs/Microsoft.AspNetCore.App.Ref/8.0.23/ref/net8.0/Microsoft.AspNetCore.Mvc.Core.dll
                 Private = 'false'
             /usr/share/dotnet/packs/Microsoft.AspNetCore.App.Ref/8.0.23/ref/net8.0/Microsoft.AspNetCore.Mvc.Cors.dll
                 Private = 'false'
             /usr/share/dotnet/packs/Microsoft.AspNetCore.App.Ref/8.0.23/ref/net8.0/Microsoft.AspNetCore.Mvc.DataAnnotations.dll
                 Private = 'false'
             /usr/share/dotnet/packs/Microsoft.AspNetCore.App.Ref/8.0.23/ref/net8.0/Microsoft.AspNetCore.Mvc.Formatters.Json.dll
                 Private = 'false'
             /usr/share/dotnet/packs/Microsoft.AspNetCore.App.Ref/8.0.23/ref/net8.0/Microsoft.AspNetCore.Mvc.Formatters.Xml.dll
                 Private = 'false'
             /usr/share/dotnet/packs/Microsoft.AspNetCore.App.Ref/8.0.23/ref/net8.0/Microsoft.AspNetCore.Mvc.Localization.dll
                 Private = 'false'
             /usr/share/dotnet/packs/Microsoft.AspNetCore.App.Ref/8.0.23/ref/net8.0/Microsoft.AspNetCore.Mvc.Razor.dll
                 Private = 'false'
             /usr/share/dotnet/packs/Microsoft.AspNetCore.App.Ref/8.0.23/ref/net8.0/Microsoft.AspNetCore.Mvc.RazorPages.dll
                 Private = 'false'
             /usr/share/dotnet/packs/Microsoft.AspNetCore.App.Ref/8.0.23/ref/net8.0/Microsoft.AspNetCore.Mvc.TagHelpers.dll
                 Private = 'false'
             /usr/share/dotnet/packs/Microsoft.AspNetCore.App.Ref/8.0.23/ref/net8.0/Microsoft.AspNetCore.Mvc.ViewFeatures.dll
                 Private = 'false'
             /usr/share/dotnet/packs/Microsoft.AspNetCore.App.Ref/8.0.23/ref/net8.0/Microsoft.AspNetCore.Mvc.dll
                 Private = 'false'
             /usr/share/dotnet/packs/Microsoft.AspNetCore.App.Ref/8.0.23/ref/net8.0/Microsoft.AspNetCore.OutputCaching.dll
                 Private = 'false'
             /usr/share/dotnet/packs/Microsoft.AspNetCore.App.Ref/8.0.23/ref/net8.0/Microsoft.AspNetCore.RateLimiting.dll
                 Private = 'false'
             /usr/share/dotnet/packs/Microsoft.AspNetCore.App.Ref/8.0.23/ref/net8.0/Microsoft.AspNetCore.Razor.Runtime.dll
                 Private = 'false'
             /usr/share/dotnet/packs/Microsoft.AspNetCore.App.Ref/8.0.23/ref/net8.0/Microsoft.AspNetCore.Razor.dll
                 Private = 'false'
             /usr/share/dotnet/packs/Microsoft.AspNetCore.App.Ref/8.0.23/ref/net8.0/Microsoft.AspNetCore.RequestDecompression.dll
                 Private = 'false'
             /usr/share/dotnet/packs/Microsoft.AspNetCore.App.Ref/8.0.23/ref/net8.0/Microsoft.AspNetCore.ResponseCaching.Abstractions.dll
                 Private = 'false'
             /usr/share/dotnet/packs/Microsoft.AspNetCore.App.Ref/8.0.23/ref/net8.0/Microsoft.AspNetCore.ResponseCaching.dll
                 Private = 'false'
             /usr/share/dotnet/packs/Microsoft.AspNetCore.App.Ref/8.0.23/ref/net8.0/Microsoft.AspNetCore.ResponseCompression.dll
                 Private = 'false'
             /usr/share/dotnet/packs/Microsoft.AspNetCore.App.Ref/8.0.23/ref/net8.0/Microsoft.AspNetCore.Rewrite.dll
                 Private = 'false'
             /usr/share/dotnet/packs/Microsoft.AspNetCore.App.Ref/8.0.23/ref/net8.0/Microsoft.AspNetCore.Routing.Abstractions.dll
                 Private = 'false'
             /usr/share/dotnet/packs/Microsoft.AspNetCore.App.Ref/8.0.23/ref/net8.0/Microsoft.AspNetCore.Routing.dll
                 Private = 'false'
             /usr/share/dotnet/packs/Microsoft.AspNetCore.App.Ref/8.0.23/ref/net8.0/Microsoft.AspNetCore.Server.HttpSys.dll
                 Private = 'false'
             /usr/share/dotnet/packs/Microsoft.AspNetCore.App.Ref/8.0.23/ref/net8.0/Microsoft.AspNetCore.Server.IIS.dll
                 Private = 'false'
             /usr/share/dotnet/packs/Microsoft.AspNetCore.App.Ref/8.0.23/ref/net8.0/Microsoft.AspNetCore.Server.IISIntegration.dll
                 Private = 'false'
             /usr/share/dotnet/packs/Microsoft.AspNetCore.App.Ref/8.0.23/ref/net8.0/Microsoft.AspNetCore.Server.Kestrel.Core.dll
                 Private = 'false'
             /usr/share/dotnet/packs/Microsoft.AspNetCore.App.Ref/8.0.23/ref/net8.0/Microsoft.AspNetCore.Server.Kestrel.Transport.NamedPipes.dll
                 Private = 'false'
             /usr/share/dotnet/packs/Microsoft.AspNetCore.App.Ref/8.0.23/ref/net8.0/Microsoft.AspNetCore.Server.Kestrel.Transport.Quic.dll
                 Private = 'false'
             /usr/share/dotnet/packs/Microsoft.AspNetCore.App.Ref/8.0.23/ref/net8.0/Microsoft.AspNetCore.Server.Kestrel.Transport.Sockets.dll
                 Private = 'false'
             /usr/share/dotnet/packs/Microsoft.AspNetCore.App.Ref/8.0.23/ref/net8.0/Microsoft.AspNetCore.Server.Kestrel.dll
                 Private = 'false'
             /usr/share/dotnet/packs/Microsoft.AspNetCore.App.Ref/8.0.23/ref/net8.0/Microsoft.AspNetCore.Session.dll
                 Private = 'false'
             /usr/share/dotnet/packs/Microsoft.AspNetCore.App.Ref/8.0.23/ref/net8.0/Microsoft.AspNetCore.SignalR.Common.dll
                 Private = 'false'
             /usr/share/dotnet/packs/Microsoft.AspNetCore.App.Ref/8.0.23/ref/net8.0/Microsoft.AspNetCore.SignalR.Core.dll
                 Private = 'false'
             /usr/share/dotnet/packs/Microsoft.AspNetCore.App.Ref/8.0.23/ref/net8.0/Microsoft.AspNetCore.SignalR.Protocols.Json.dll
                 Private = 'false'
             /usr/share/dotnet/packs/Microsoft.AspNetCore.App.Ref/8.0.23/ref/net8.0/Microsoft.AspNetCore.SignalR.dll
                 Private = 'false'
             /usr/share/dotnet/packs/Microsoft.AspNetCore.App.Ref/8.0.23/ref/net8.0/Microsoft.AspNetCore.StaticFiles.dll
                 Private = 'false'
             /usr/share/dotnet/packs/Microsoft.AspNetCore.App.Ref/8.0.23/ref/net8.0/Microsoft.AspNetCore.WebSockets.dll
                 Private = 'false'
             /usr/share/dotnet/packs/Microsoft.AspNetCore.App.Ref/8.0.23/ref/net8.0/Microsoft.AspNetCore.WebUtilities.dll
                 Private = 'false'
             /usr/share/dotnet/packs/Microsoft.AspNetCore.App.Ref/8.0.23/ref/net8.0/Microsoft.AspNetCore.dll
                 Private = 'false'
             /usr/share/dotnet/packs/Microsoft.AspNetCore.App.Ref/8.0.23/ref/net8.0/Microsoft.Extensions.Caching.Abstractions.dll
                 Private = 'false'
             /usr/share/dotnet/packs/Microsoft.AspNetCore.App.Ref/8.0.23/ref/net8.0/Microsoft.Extensions.Caching.Memory.dll
                 Private = 'false'
             /usr/share/dotnet/packs/Microsoft.AspNetCore.App.Ref/8.0.23/ref/net8.0/Microsoft.Extensions.Configuration.Abstractions.dll
                 Private = 'false'
             /usr/share/dotnet/packs/Microsoft.AspNetCore.App.Ref/8.0.23/ref/net8.0/Microsoft.Extensions.Configuration.Binder.dll
                 Private = 'false'
             /usr/share/dotnet/packs/Microsoft.AspNetCore.App.Ref/8.0.23/ref/net8.0/Microsoft.Extensions.Configuration.CommandLine.dll
                 Private = 'false'
             /usr/share/dotnet/packs/Microsoft.AspNetCore.App.Ref/8.0.23/ref/net8.0/Microsoft.Extensions.Configuration.EnvironmentVariables.dll
                 Private = 'false'
             /usr/share/dotnet/packs/Microsoft.AspNetCore.App.Ref/8.0.23/ref/net8.0/Microsoft.Extensions.Configuration.FileExtensions.dll
                 Private = 'false'
             /usr/share/dotnet/packs/Microsoft.AspNetCore.App.Ref/8.0.23/ref/net8.0/Microsoft.Extensions.Configuration.Ini.dll
                 Private = 'false'
             /usr/share/dotnet/packs/Microsoft.AspNetCore.App.Ref/8.0.23/ref/net8.0/Microsoft.Extensions.Configuration.Json.dll
                 Private = 'false'
             /usr/share/dotnet/packs/Microsoft.AspNetCore.App.Ref/8.0.23/ref/net8.0/Microsoft.Extensions.Configuration.KeyPerFile.dll
                 Private = 'false'
             /usr/share/dotnet/packs/Microsoft.AspNetCore.App.Ref/8.0.23/ref/net8.0/Microsoft.Extensions.Configuration.UserSecrets.dll
                 Private = 'false'
             /usr/share/dotnet/packs/Microsoft.AspNetCore.App.Ref/8.0.23/ref/net8.0/Microsoft.Extensions.Configuration.Xml.dll
                 Private = 'false'
             /usr/share/dotnet/packs/Microsoft.AspNetCore.App.Ref/8.0.23/ref/net8.0/Microsoft.Extensions.Configuration.dll
                 Private = 'false'
             /usr/share/dotnet/packs/Microsoft.AspNetCore.App.Ref/8.0.23/ref/net8.0/Microsoft.Extensions.DependencyInjection.Abstractions.dll
                 Private = 'false'
             /usr/share/dotnet/packs/Microsoft.AspNetCore.App.Ref/8.0.23/ref/net8.0/Microsoft.Extensions.DependencyInjection.dll
                 Private = 'false'
             /usr/share/dotnet/packs/Microsoft.AspNetCore.App.Ref/8.0.23/ref/net8.0/Microsoft.Extensions.Diagnostics.Abstractions.dll
                 Private = 'false'
             /usr/share/dotnet/packs/Microsoft.AspNetCore.App.Ref/8.0.23/ref/net8.0/Microsoft.Extensions.Diagnostics.HealthChecks.Abstractions.dll
                 Private = 'false'
             /usr/share/dotnet/packs/Microsoft.AspNetCore.App.Ref/8.0.23/ref/net8.0/Microsoft.Extensions.Diagnostics.HealthChecks.dll
                 Private = 'false'
             /usr/share/dotnet/packs/Microsoft.AspNetCore.App.Ref/8.0.23/ref/net8.0/Microsoft.Extensions.Diagnostics.dll
                 Private = 'false'
             /usr/share/dotnet/packs/Microsoft.AspNetCore.App.Ref/8.0.23/ref/net8.0/Microsoft.Extensions.Features.dll
                 Private = 'false'
             /usr/share/dotnet/packs/Microsoft.AspNetCore.App.Ref/8.0.23/ref/net8.0/Microsoft.Extensions.FileProviders.Abstractions.dll
                 Private = 'false'
             /usr/share/dotnet/packs/Microsoft.AspNetCore.App.Ref/8.0.23/ref/net8.0/Microsoft.Extensions.FileProviders.Composite.dll
                 Private = 'false'
             /usr/share/dotnet/packs/Microsoft.AspNetCore.App.Ref/8.0.23/ref/net8.0/Microsoft.Extensions.FileProviders.Embedded.dll
                 Private = 'false'
             /usr/share/dotnet/packs/Microsoft.AspNetCore.App.Ref/8.0.23/ref/net8.0/Microsoft.Extensions.FileProviders.Physical.dll
                 Private = 'false'
             /usr/share/dotnet/packs/Microsoft.AspNetCore.App.Ref/8.0.23/ref/net8.0/Microsoft.Extensions.FileSystemGlobbing.dll
                 Private = 'false'
             /usr/share/dotnet/packs/Microsoft.AspNetCore.App.Ref/8.0.23/ref/net8.0/Microsoft.Extensions.Hosting.Abstractions.dll
                 Private = 'false'
             /usr/share/dotnet/packs/Microsoft.AspNetCore.App.Ref/8.0.23/ref/net8.0/Microsoft.Extensions.Hosting.dll
                 Private = 'false'
             /usr/share/dotnet/packs/Microsoft.AspNetCore.App.Ref/8.0.23/ref/net8.0/Microsoft.Extensions.Http.dll
                 Private = 'false'
             /usr/share/dotnet/packs/Microsoft.AspNetCore.App.Ref/8.0.23/ref/net8.0/Microsoft.Extensions.Identity.Core.dll
                 Private = 'false'
             /usr/share/dotnet/packs/Microsoft.AspNetCore.App.Ref/8.0.23/ref/net8.0/Microsoft.Extensions.Identity.Stores.dll
                 Private = 'false'
             /usr/share/dotnet/packs/Microsoft.AspNetCore.App.Ref/8.0.23/ref/net8.0/Microsoft.Extensions.Localization.Abstractions.dll
                 Private = 'false'
             /usr/share/dotnet/packs/Microsoft.AspNetCore.App.Ref/8.0.23/ref/net8.0/Microsoft.Extensions.Localization.dll
                 Private = 'false'
             /usr/share/dotnet/packs/Microsoft.AspNetCore.App.Ref/8.0.23/ref/net8.0/Microsoft.Extensions.Logging.Abstractions.dll
                 Private = 'false'
             /usr/share/dotnet/packs/Microsoft.AspNetCore.App.Ref/8.0.23/ref/net8.0/Microsoft.Extensions.Logging.Configuration.dll
                 Private = 'false'
             /usr/share/dotnet/packs/Microsoft.AspNetCore.App.Ref/8.0.23/ref/net8.0/Microsoft.Extensions.Logging.Console.dll
                 Private = 'false'
             /usr/share/dotnet/packs/Microsoft.AspNetCore.App.Ref/8.0.23/ref/net8.0/Microsoft.Extensions.Logging.Debug.dll
                 Private = 'false'
             /usr/share/dotnet/packs/Microsoft.AspNetCore.App.Ref/8.0.23/ref/net8.0/Microsoft.Extensions.Logging.EventLog.dll
                 Private = 'false'
             /usr/share/dotnet/packs/Microsoft.AspNetCore.App.Ref/8.0.23/ref/net8.0/Microsoft.Extensions.Logging.EventSource.dll
                 Private = 'false'
             /usr/share/dotnet/packs/Microsoft.AspNetCore.App.Ref/8.0.23/ref/net8.0/Microsoft.Extensions.Logging.TraceSource.dll
                 Private = 'false'
             /usr/share/dotnet/packs/Microsoft.AspNetCore.App.Ref/8.0.23/ref/net8.0/Microsoft.Extensions.Logging.dll
                 Private = 'false'
             /usr/share/dotnet/packs/Microsoft.AspNetCore.App.Ref/8.0.23/ref/net8.0/Microsoft.Extensions.ObjectPool.dll
                 Private = 'false'
             /usr/share/dotnet/packs/Microsoft.AspNetCore.App.Ref/8.0.23/ref/net8.0/Microsoft.Extensions.Options.ConfigurationExtensions.dll
                 Private = 'false'
             /usr/share/dotnet/packs/Microsoft.AspNetCore.App.Ref/8.0.23/ref/net8.0/Microsoft.Extensions.Options.DataAnnotations.dll
                 Private = 'false'
             /usr/share/dotnet/packs/Microsoft.AspNetCore.App.Ref/8.0.23/ref/net8.0/Microsoft.Extensions.Options.dll
                 Private = 'false'
             /usr/share/dotnet/packs/Microsoft.AspNetCore.App.Ref/8.0.23/ref/net8.0/Microsoft.Extensions.Primitives.dll
                 Private = 'false'
             /usr/share/dotnet/packs/Microsoft.AspNetCore.App.Ref/8.0.23/ref/net8.0/Microsoft.Extensions.WebEncoders.dll
                 Private = 'false'
             /usr/share/dotnet/packs/Microsoft.AspNetCore.App.Ref/8.0.23/ref/net8.0/Microsoft.JSInterop.dll
                 Private = 'false'
             /usr/share/dotnet/packs/Microsoft.AspNetCore.App.Ref/8.0.23/ref/net8.0/Microsoft.Net.Http.Headers.dll
                 Private = 'false'
             /usr/share/dotnet/packs/Microsoft.AspNetCore.App.Ref/8.0.23/ref/net8.0/System.Diagnostics.EventLog.dll
                 Private = 'false'
             /usr/share/dotnet/packs/Microsoft.AspNetCore.App.Ref/8.0.23/ref/net8.0/System.IO.Pipelines.dll
                 Private = 'false'
             /usr/share/dotnet/packs/Microsoft.AspNetCore.App.Ref/8.0.23/ref/net8.0/System.Security.Cryptography.Xml.dll
                 Private = 'false'
             /usr/share/dotnet/packs/Microsoft.AspNetCore.App.Ref/8.0.23/ref/net8.0/System.Threading.RateLimiting.dll
                 Private = 'false'
         AssemblyFiles:
             /modernize-data/studio-data/TNT1001/APP1166/transformed-code/344/studio-workspace/TMS22/src/TourManagement.Infrastructure/bin/Debug/net8.0/TourManagement.Infrastructure.dll
             /modernize-data/studio-data/TNT1001/APP1166/transformed-code/344/studio-workspace/TMS22/src/TourManagement.Application/bin/Debug/net8.0/TourManagement.Application.dll
             /modernize-data/studio-data/TNT1001/APP1166/transformed-code/344/studio-workspace/TMS22/src/TourManagement.Domain/bin/Debug/net8.0/TourManagement.Domain.dll
         CandidateAssemblyFiles:
         TargetFrameworkDirectories:
             
         InstalledAssemblyTables:
         IgnoreInstalledAssemblyTable:
             False
         SearchPaths:
             {CandidateAssemblyFiles}
             {HintPathFromItem}
             {TargetFrameworkDirectory}
             {RawFileName}
         AllowedAssemblyExtensions:
             .winmd
             .dll
             .exe
         AllowedRelatedFileExtensions:
             .pdb
             .xml
             .pri
             .dll.config
             .exe.config
         AppConfigFile:
             
         AutoUnify:
             True
         CopyLocalDependenciesWhenParentReferenceInGac:
             True
         FindDependencies:
             True
         TargetProcessorArchitecture:
             msil
         StateFile:
             obj/Debug/net8.0/TourManagement.Web.csproj.AssemblyReference.cache
         InstalledAssemblySubsetTables:
         IgnoreInstalledAssemblySubsetTable:
             False
         TargetFrameworkSubsets:
         FullTargetFrameworkSubsetNames:
             Full
         ProfileName:
             
         FullFrameworkFolders:
         LatestTargetFrameworkDirectories:
         ProfileTablesLocation:
         Primary reference "TourManagement.Infrastructure, Version=1.0.0.0, Culture=neutral, PublicKeyToken=null".
             Resolved file path is "/modernize-data/studio-data/TNT1001/APP1166/transformed-code/344/studio-workspace/TMS22/src/TourManagement.Infrastructure/bin/Debug/net8.0/TourManagement.Infrastructure.dll".
             Reference found at search path location "/modernize-data/studio-data/TNT1001/APP1166/transformed-code/344/studio-workspace/TMS22/src/TourManagement.Infrastructure/bin/Debug/net8.0/TourManagement.Infrastructure.dll".
             Found related file "/modernize-data/studio-data/TNT1001/APP1166/transformed-code/344/studio-workspace/TMS22/src/TourManagement.Infrastructure/bin/Debug/net8.0/TourManagement.Infrastructure.pdb".
             The ImageRuntimeVersion for this reference is "".
         Primary reference "TourManagement.Application, Version=1.0.0.0, Culture=neutral, PublicKeyToken=null".
             Resolved file path is "/modernize-data/studio-data/TNT1001/APP1166/transformed-code/344/studio-workspace/TMS22/src/TourManagement.Application/bin/Debug/net8.0/TourManagement.Application.dll".
             Reference found at search path location "/modernize-data/studio-data/TNT1001/APP1166/transformed-code/344/studio-workspace/TMS22/src/TourManagement.Application/bin/Debug/net8.0/TourManagement.Application.dll".
             Found related file "/modernize-data/studio-data/TNT1001/APP1166/transformed-code/344/studio-workspace/TMS22/src/TourManagement.Application/bin/Debug/net8.0/TourManagement.Application.pdb".
             The ImageRuntimeVersion for this reference is "".
         Primary reference "TourManagement.Domain, Version=1.0.0.0, Culture=neutral, PublicKeyToken=null".
             Resolved file path is "/modernize-data/studio-data/TNT1001/APP1166/transformed-code/344/studio-workspace/TMS22/src/TourManagement.Domain/bin/Debug/net8.0/TourManagement.Domain.dll".
             Reference found at search path location "/modernize-data/studio-data/TNT1001/APP1166/transformed-code/344/studio-workspace/TMS22/src/TourManagement.Domain/bin/Debug/net8.0/TourManagement.Domain.dll".
             Found related file "/modernize-data/studio-data/TNT1001/APP1166/transformed-code/344/studio-workspace/TMS22/src/TourManagement.Domain/bin/Debug/net8.0/TourManagement.Domain.pdb".
             The ImageRuntimeVersion for this reference is "".
         Primary reference "BCrypt.Net-Next, Version=4.0.3.0, Culture=neutral, PublicKeyToken=1e11be04b6288443".
             Resolved file path is "/home/studioai/.nuget/packages/bcrypt.net-next/4.0.3/lib/net6.0/BCrypt.Net-Next.dll".
             Reference found at search path location "{HintPathFromItem}".
             This reference is not "CopyLocal" because at least one source item had "Private" set to "false" and no source items had "Private" set to "true".
             The ImageRuntimeVersion for this reference is "".
         Primary reference "EFCore.NamingConventions, Version=8.0.0.0, Culture=neutral, PublicKeyToken=5d8b90d52f46fda7".
             Resolved file path is "/home/studioai/.nuget/packages/efcore.namingconventions/8.0.0/lib/net8.0/EFCore.NamingConventions.dll".
             Reference found at search path location "{HintPathFromItem}".
             This reference is not "CopyLocal" because at least one source item had "Private" set to "false" and no source items had "Private" set to "true".
             The ImageRuntimeVersion for this reference is "".
         Primary reference "Microsoft.AspNetCore.Identity.EntityFrameworkCore, Version=8.0.0.0, Culture=neutral, PublicKeyToken=adb9793829ddae60".
             Resolved file path is "/home/studioai/.nuget/packages/microsoft.aspnetcore.identity.entityframeworkcore/8.0.0/lib/net8.0/Microsoft.AspNetCore.Identity.EntityFrameworkCore.dll".
             Reference found at search path location "{HintPathFromItem}".
             This reference is not "CopyLocal" because at least one source item had "Private" set to "false" and no source items had "Private" set to "true".
             The ImageRuntimeVersion for this reference is "".
         Primary reference "Microsoft.EntityFrameworkCore, Version=8.0.0.0, Culture=neutral, PublicKeyToken=adb9793829ddae60".
             Resolved file path is "/home/studioai/.nuget/packages/microsoft.entityframeworkcore/8.0.0/lib/net8.0/Microsoft.EntityFrameworkCore.dll".
             Reference found at search path location "{HintPathFromItem}".
             This reference is not "CopyLocal" because at least one source item had "Private" set to "false" and no source items had "Private" set to "true".
             The ImageRuntimeVersion for this reference is "".
         Primary reference "Microsoft.EntityFrameworkCore.Abstractions, Version=8.0.0.0, Culture=neutral, PublicKeyToken=adb9793829ddae60".
             Resolved file path is "/home/studioai/.nuget/packages/microsoft.entityframeworkcore.abstractions/8.0.0/lib/net8.0/Microsoft.EntityFrameworkCore.Abstractions.dll".
             Reference found at search path location "{HintPathFromItem}".
             This reference is not "CopyLocal" because at least one source item had "Private" set to "false" and no source items had "Private" set to "true".
             The ImageRuntimeVersion for this reference is "".
         Primary reference "Microsoft.EntityFrameworkCore.Relational, Version=8.0.0.0, Culture=neutral, PublicKeyToken=adb9793829ddae60".
             Resolved file path is "/home/studioai/.nuget/packages/microsoft.entityframeworkcore.relational/8.0.0/lib/net8.0/Microsoft.EntityFrameworkCore.Relational.dll".
             Reference found at search path location "{HintPathFromItem}".
             This reference is not "CopyLocal" because at least one source item had "Private" set to "false" and no source items had "Private" set to "true".
             The ImageRuntimeVersion for this reference is "".
         Primary reference "Microsoft.Extensions.DependencyModel, Version=8.0.0.0, Culture=neutral, PublicKeyToken=adb9793829ddae60".
             Resolved file path is "/home/studioai/.nuget/packages/microsoft.extensions.dependencymodel/8.0.0/lib/net8.0/Microsoft.Extensions.DependencyModel.dll".
             Reference found at search path location "{HintPathFromItem}".
             This reference is not "CopyLocal" because at least one source item had "Private" set to "false" and no source items had "Private" set to "true".
             The ImageRuntimeVersion for this reference is "".
         Primary reference "Npgsql, Version=8.0.0.0, Culture=neutral, PublicKeyToken=5d8b90d52f46fda7".
             Resolved file path is "/home/studioai/.nuget/packages/npgsql/8.0.0/lib/net8.0/Npgsql.dll".
             Reference found at search path location "{HintPathFromItem}".
             This reference is not "CopyLocal" because at least one source item had "Private" set to "false" and no source items had "Private" set to "true".
             The ImageRuntimeVersion for this reference is "".
         Primary reference "Npgsql.EntityFrameworkCore.PostgreSQL, Version=8.0.0.0, Culture=neutral, PublicKeyToken=5d8b90d52f46fda7".
             Resolved file path is "/home/studioai/.nuget/packages/npgsql.entityframeworkcore.postgresql/8.0.0/lib/net8.0/Npgsql.EntityFrameworkCore.PostgreSQL.dll".
             Reference found at search path location "{HintPathFromItem}".
             This reference is not "CopyLocal" because at least one source item had "Private" set to "false" and no source items had "Private" set to "true".
             The ImageRuntimeVersion for this reference is "".
         Primary reference "Serilog, Version=2.0.0.0, Culture=neutral, PublicKeyToken=24c2f752a8e58a10".
             Resolved file path is "/home/studioai/.nuget/packages/serilog/3.1.1/lib/net7.0/Serilog.dll".
             Reference found at search path location "{HintPathFromItem}".
             This reference is not "CopyLocal" because at least one source item had "Private" set to "false" and no source items had "Private" set to "true".
             The ImageRuntimeVersion for this reference is "".
         Primary reference "Serilog.AspNetCore, Version=0.0.0.0, Culture=neutral, PublicKeyToken=24c2f752a8e58a10".
             Resolved file path is "/home/studioai/.nuget/packages/serilog.aspnetcore/8.0.0/lib/net8.0/Serilog.AspNetCore.dll".
             Reference found at search path location "{HintPathFromItem}".
             This reference is not "CopyLocal" because at least one source item had "Private" set to "false" and no source items had "Private" set to "true".
             The ImageRuntimeVersion for this reference is "".
         Primary reference "Serilog.Extensions.Hosting, Version=7.0.0.0, Culture=neutral, PublicKeyToken=24c2f752a8e58a10".
             Resolved file path is "/home/studioai/.nuget/packages/serilog.extensions.hosting/8.0.0/lib/net8.0/Serilog.Extensions.Hosting.dll".
             Reference found at search path location "{HintPathFromItem}".
             This reference is not "CopyLocal" because at least one source item had "Private" set to "false" and no source items had "Private" set to "true".
             The ImageRuntimeVersion for this reference is "".
         Primary reference "Serilog.Extensions.Logging, Version=7.0.0.0, Culture=neutral, PublicKeyToken=24c2f752a8e58a10".
             Resolved file path is "/home/studioai/.nuget/packages/serilog.extensions.logging/8.0.0/lib/net8.0/Serilog.Extensions.Logging.dll".
             Reference found at search path location "{HintPathFromItem}".
             This reference is not "CopyLocal" because at least one source item had "Private" set to "false" and no source items had "Private" set to "true".
             The ImageRuntimeVersion for this reference is "".
         Primary reference "Serilog.Formatting.Compact, Version=2.0.0.0, Culture=neutral, PublicKeyToken=24c2f752a8e58a10".
             Resolved file path is "/home/studioai/.nuget/packages/serilog.formatting.compact/2.0.0/lib/net7.0/Serilog.Formatting.Compact.dll".
             Reference found at search path location "{HintPathFromItem}".
             This reference is not "CopyLocal" because at least one source item had "Private" set to "false" and no source items had "Private" set to "true".
             The ImageRuntimeVersion for this reference is "".
         Primary reference "Serilog.Settings.Configuration, Version=8.0.0.0, Culture=neutral, PublicKeyToken=24c2f752a8e58a10".
             Resolved file path is "/home/studioai/.nuget/packages/serilog.settings.configuration/8.0.0/lib/net8.0/Serilog.Settings.Configuration.dll".
             Reference found at search path location "{HintPathFromItem}".
             This reference is not "CopyLocal" because at least one source item had "Private" set to "false" and no source items had "Private" set to "true".
             The ImageRuntimeVersion for this reference is "".
         Primary reference "Serilog.Sinks.Console, Version=5.0.1.0, Culture=neutral, PublicKeyToken=24c2f752a8e58a10".
             Resolved file path is "/home/studioai/.nuget/packages/serilog.sinks.console/5.0.1/lib/net7.0/Serilog.Sinks.Console.dll".
             Reference found at search path location "{HintPathFromItem}".
             This reference is not "CopyLocal" because at least one source item had "Private" set to "false" and no source items had "Private" set to "true".
             The ImageRuntimeVersion for this reference is "".
         Primary reference "Serilog.Sinks.Debug, Version=2.0.0.0, Culture=neutral, PublicKeyToken=24c2f752a8e58a10".
             Resolved file path is "/home/studioai/.nuget/packages/serilog.sinks.debug/2.0.0/lib/netstandard2.1/Serilog.Sinks.Debug.dll".
             Reference found at search path location "{HintPathFromItem}".
             This reference is not "CopyLocal" because at least one source item had "Private" set to "false" and no source items had "Private" set to "true".
             The ImageRuntimeVersion for this reference is "".
         Primary reference "Serilog.Sinks.File, Version=5.0.0.0, Culture=neutral, PublicKeyToken=24c2f752a8e58a10".
             Resolved file path is "/home/studioai/.nuget/packages/serilog.sinks.file/5.0.0/lib/net5.0/Serilog.Sinks.File.dll".
             Reference found at search path location "{HintPathFromItem}".
             This reference is not "CopyLocal" because at least one source item had "Private" set to "false" and no source items had "Private" set to "true".
             The ImageRuntimeVersion for this reference is "".
         Primary reference "Microsoft.CSharp, Version=8.0.0.0, Culture=neutral, PublicKeyToken=b03f5f7f11d50a3a".
             Resolved file path is "/usr/share/dotnet/packs/Microsoft.NETCore.App.Ref/8.0.23/ref/net8.0/Microsoft.CSharp.dll".
             Reference found at search path location "{RawFileName}".
             This reference is not "CopyLocal" because at least one source item had "Private" set to "false" and no source items had "Private" set to "true".
             The ImageRuntimeVersion for this reference is "".
         Primary reference "Microsoft.VisualBasic.Core, Version=13.0.0.0, Culture=neutral, PublicKeyToken=b03f5f7f11d50a3a".
             Resolved file path is "/usr/share/dotnet/packs/Microsoft.NETCore.App.Ref/8.0.23/ref/net8.0/Microsoft.VisualBasic.Core.dll".
             Reference found at search path location "{RawFileName}".
             This reference is not "CopyLocal" because at least one source item had "Private" set to "false" and no source items had "Private" set to "true".
             The ImageRuntimeVersion for this reference is "".
         Primary reference "Microsoft.VisualBasic, Version=10.0.0.0, Culture=neutral, PublicKeyToken=b03f5f7f11d50a3a".
             Resolved file path is "/usr/share/dotnet/packs/Microsoft.NETCore.App.Ref/8.0.23/ref/net8.0/Microsoft.VisualBasic.dll".
             Reference found at search path location "{RawFileName}".
             This reference is not "CopyLocal" because at least one source item had "Private" set to "false" and no source items had "Private" set to "true".
             The ImageRuntimeVersion for this reference is "".
         Primary reference "Microsoft.Win32.Primitives, Version=8.0.0.0, Culture=neutral, PublicKeyToken=b03f5f7f11d50a3a".
             Resolved file path is "/usr/share/dotnet/packs/Microsoft.NETCore.App.Ref/8.0.23/ref/net8.0/Microsoft.Win32.Primitives.dll".
             Reference found at search path location "{RawFileName}".
             This reference is not "CopyLocal" because at least one source item had "Private" set to "false" and no source items had "Private" set to "true".
             The ImageRuntimeVersion for this reference is "".
         Primary reference "Microsoft.Win32.Registry, Version=8.0.0.0, Culture=neutral, PublicKeyToken=b03f5f7f11d50a3a".
             Resolved file path is "/usr/share/dotnet/packs/Microsoft.NETCore.App.Ref/8.0.23/ref/net8.0/Microsoft.Win32.Registry.dll".
             Reference found at search path location "{RawFileName}".
             This reference is not "CopyLocal" because at least one source item had "Private" set to "false" and no source items had "Private" set to "true".
             The ImageRuntimeVersion for this reference is "".
         Primary reference "System.AppContext, Version=8.0.0.0, Culture=neutral, PublicKeyToken=b03f5f7f11d50a3a".
             Resolved file path is "/usr/share/dotnet/packs/Microsoft.NETCore.App.Ref/8.0.23/ref/net8.0/System.AppContext.dll".
             Reference found at search path location "{RawFileName}".
             This reference is not "CopyLocal" because at least one source item had "Private" set to "false" and no source items had "Private" set to "true".
             The ImageRuntimeVersion for this reference is "".
         Primary reference "System.Buffers, Version=8.0.0.0, Culture=neutral, PublicKeyToken=cc7b13ffcd2ddd51".
             Resolved file path is "/usr/share/dotnet/packs/Microsoft.NETCore.App.Ref/8.0.23/ref/net8.0/System.Buffers.dll".
             Reference found at search path location "{RawFileName}".
             This reference is not "CopyLocal" because at least one source item had "Private" set to "false" and no source items had "Private" set to "true".
             The ImageRuntimeVersion for this reference is "".
         Primary reference "System.Collections.Concurrent, Version=8.0.0.0, Culture=neutral, PublicKeyToken=b03f5f7f11d50a3a".
             Resolved file path is "/usr/share/dotnet/packs/Microsoft.NETCore.App.Ref/8.0.23/ref/net8.0/System.Collections.Concurrent.dll".
             Reference found at search path location "{RawFileName}".
             This reference is not "CopyLocal" because at least one source item had "Private" set to "false" and no source items had "Private" set to "true".
             The ImageRuntimeVersion for this reference is "".
         Primary reference "System.Collections.Immutable, Version=8.0.0.0, Culture=neutral, PublicKeyToken=b03f5f7f11d50a3a".
             Resolved file path is "/usr/share/dotnet/packs/Microsoft.NETCore.App.Ref/8.0.23/ref/net8.0/System.Collections.Immutable.dll".
             Reference found at search path location "{RawFileName}".
             This reference is not "CopyLocal" because at least one source item had "Private" set to "false" and no source items had "Private" set to "true".
             The ImageRuntimeVersion for this reference is "".
         Primary reference "System.Collections.NonGeneric, Version=8.0.0.0, Culture=neutral, PublicKeyToken=b03f5f7f11d50a3a".
             Resolved file path is "/usr/share/dotnet/packs/Microsoft.NETCore.App.Ref/8.0.23/ref/net8.0/System.Collections.NonGeneric.dll".
             Reference found at search path location "{RawFileName}".
             This reference is not "CopyLocal" because at least one source item had "Private" set to "false" and no source items had "Private" set to "true".
             The ImageRuntimeVersion for this reference is "".
         Primary reference "System.Collections.Specialized, Version=8.0.0.0, Culture=neutral, PublicKeyToken=b03f5f7f11d50a3a".
             Resolved file path is "/usr/share/dotnet/packs/Microsoft.NETCore.App.Ref/8.0.23/ref/net8.0/System.Collections.Specialized.dll".
             Reference found at search path location "{RawFileName}".
             This reference is not "CopyLocal" because at least one source item had "Private" set to "false" and no source items had "Private" set to "true".
             The ImageRuntimeVersion for this reference is "".
         Primary reference "System.Collections, Version=8.0.0.0, Culture=neutral, PublicKeyToken=b03f5f7f11d50a3a".
             Resolved file path is "/usr/share/dotnet/packs/Microsoft.NETCore.App.Ref/8.0.23/ref/net8.0/System.Collections.dll".
             Reference found at search path location "{RawFileName}".
             This reference is not "CopyLocal" because at least one source item had "Private" set to "false" and no source items had "Private" set to "true".
             The ImageRuntimeVersion for this reference is "".
         Primary reference "System.ComponentModel.Annotations, Version=8.0.0.0, Culture=neutral, PublicKeyToken=b03f5f7f11d50a3a".
             Resolved file path is "/usr/share/dotnet/packs/Microsoft.NETCore.App.Ref/8.0.23/ref/net8.0/System.ComponentModel.Annotations.dll".
             Reference found at search path location "{RawFileName}".
             This reference is not "CopyLocal" because at least one source item had "Private" set to "false" and no source items had "Private" set to "true".
             The ImageRuntimeVersion for this reference is "".
         Primary reference "System.ComponentModel.DataAnnotations, Version=4.0.0.0, Culture=neutral, PublicKeyToken=31bf3856ad364e35".
             Resolved file path is "/usr/share/dotnet/packs/Microsoft.NETCore.App.Ref/8.0.23/ref/net8.0/System.ComponentModel.DataAnnotations.dll".
             Reference found at search path location "{RawFileName}".
             This reference is not "CopyLocal" because at least one source item had "Private" set to "false" and no source items had "Private" set to "true".
             The ImageRuntimeVersion for this reference is "".
         Primary reference "System.ComponentModel.EventBasedAsync, Version=8.0.0.0, Culture=neutral, PublicKeyToken=b03f5f7f11d50a3a".
             Resolved file path is "/usr/share/dotnet/packs/Microsoft.NETCore.App.Ref/8.0.23/ref/net8.0/System.ComponentModel.EventBasedAsync.dll".
             Reference found at search path location "{RawFileName}".
             This reference is not "CopyLocal" because at least one source item had "Private" set to "false" and no source items had "Private" set to "true".
             The ImageRuntimeVersion for this reference is "".
         Primary reference "System.ComponentModel.Primitives, Version=8.0.0.0, Culture=neutral, PublicKeyToken=b03f5f7f11d50a3a".
             Resolved file path is "/usr/share/dotnet/packs/Microsoft.NETCore.App.Ref/8.0.23/ref/net8.0/System.ComponentModel.Primitives.dll".
             Reference found at search path location "{RawFileName}".
             This reference is not "CopyLocal" because at least one source item had "Private" set to "false" and no source items had "Private" set to "true".
             The ImageRuntimeVersion for this reference is "".
         Primary reference "System.ComponentModel.TypeConverter, Version=8.0.0.0, Culture=neutral, PublicKeyToken=b03f5f7f11d50a3a".
             Resolved file path is "/usr/share/dotnet/packs/Microsoft.NETCore.App.Ref/8.0.23/ref/net8.0/System.ComponentModel.TypeConverter.dll".
             Reference found at search path location "{RawFileName}".
             This reference is not "CopyLocal" because at least one source item had "Private" set to "false" and no source items had "Private" set to "true".
             The ImageRuntimeVersion for this reference is "".
         Primary reference "System.ComponentModel, Version=8.0.0.0, Culture=neutral, PublicKeyToken=b03f5f7f11d50a3a".
             Resolved file path is "/usr/share/dotnet/packs/Microsoft.NETCore.App.Ref/8.0.23/ref/net8.0/System.ComponentModel.dll".
             Reference found at search path location "{RawFileName}".
             This reference is not "CopyLocal" because at least one source item had "Private" set to "false" and no source items had "Private" set to "true".
             The ImageRuntimeVersion for this reference is "".
         Primary reference "System.Configuration, Version=4.0.0.0, Culture=neutral, PublicKeyToken=b03f5f7f11d50a3a".
             Resolved file path is "/usr/share/dotnet/packs/Microsoft.NETCore.App.Ref/8.0.23/ref/net8.0/System.Configuration.dll".
             Reference found at search path location "{RawFileName}".
             This reference is not "CopyLocal" because at least one source item had "Private" set to "false" and no source items had "Private" set to "true".
             The ImageRuntimeVersion for this reference is "".
         Primary reference "System.Console, Version=8.0.0.0, Culture=neutral, PublicKeyToken=b03f5f7f11d50a3a".
             Resolved file path is "/usr/share/dotnet/packs/Microsoft.NETCore.App.Ref/8.0.23/ref/net8.0/System.Console.dll".
             Reference found at search path location "{RawFileName}".
             This reference is not "CopyLocal" because at least one source item had "Private" set to "false" and no source items had "Private" set to "true".
             The ImageRuntimeVersion for this reference is "".
         Primary reference "System.Core, Version=4.0.0.0, Culture=neutral, PublicKeyToken=b77a5c561934e089".
             Resolved file path is "/usr/share/dotnet/packs/Microsoft.NETCore.App.Ref/8.0.23/ref/net8.0/System.Core.dll".
             Reference found at search path location "{RawFileName}".
             This reference is not "CopyLocal" because at least one source item had "Private" set to "false" and no source items had "Private" set to "true".
             The ImageRuntimeVersion for this reference is "".
         Primary reference "System.Data.Common, Version=8.0.0.0, Culture=neutral, PublicKeyToken=b03f5f7f11d50a3a".
             Resolved file path is "/usr/share/dotnet/packs/Microsoft.NETCore.App.Ref/8.0.23/ref/net8.0/System.Data.Common.dll".
             Reference found at search path location "{RawFileName}".
             This reference is not "CopyLocal" because at least one source item had "Private" set to "false" and no source items had "Private" set to "true".
             The ImageRuntimeVersion for this reference is "".
         Primary reference "System.Data.DataSetExtensions, Version=8.0.0.0, Culture=neutral, PublicKeyToken=b77a5c561934e089".
             Resolved file path is "/usr/share/dotnet/packs/Microsoft.NETCore.App.Ref/8.0.23/ref/net8.0/System.Data.DataSetExtensions.dll".
             Reference found at search path location "{RawFileName}".
             This reference is not "CopyLocal" because at least one source item had "Private" set to "false" and no source items had "Private" set to "true".
             The ImageRuntimeVersion for this reference is "".
         Primary reference "System.Data, Version=4.0.0.0, Culture=neutral, PublicKeyToken=b77a5c561934e089".
             Resolved file path is "/usr/share/dotnet/packs/Microsoft.NETCore.App.Ref/8.0.23/ref/net8.0/System.Data.dll".
             Reference found at search path location "{RawFileName}".
             This reference is not "CopyLocal" because at least one source item had "Private" set to "false" and no source items had "Private" set to "true".
             The ImageRuntimeVersion for this reference is "".
         Primary reference "System.Diagnostics.Contracts, Version=8.0.0.0, Culture=neutral, PublicKeyToken=b03f5f7f11d50a3a".
             Resolved file path is "/usr/share/dotnet/packs/Microsoft.NETCore.App.Ref/8.0.23/ref/net8.0/System.Diagnostics.Contracts.dll".
             Reference found at search path location "{RawFileName}".
             This reference is not "CopyLocal" because at least one source item had "Private" set to "false" and no source items had "Private" set to "true".
             The ImageRuntimeVersion for this reference is "".
         Primary reference "System.Diagnostics.Debug, Version=8.0.0.0, Culture=neutral, PublicKeyToken=b03f5f7f11d50a3a".
             Resolved file path is "/usr/share/dotnet/packs/Microsoft.NETCore.App.Ref/8.0.23/ref/net8.0/System.Diagnostics.Debug.dll".
             Reference found at search path location "{RawFileName}".
             This reference is not "CopyLocal" because at least one source item had "Private" set to "false" and no source items had "Private" set to "true".
             The ImageRuntimeVersion for this reference is "".
         Primary reference "System.Diagnostics.DiagnosticSource, Version=8.0.0.0, Culture=neutral, PublicKeyToken=cc7b13ffcd2ddd51".
             Resolved file path is "/usr/share/dotnet/packs/Microsoft.NETCore.App.Ref/8.0.23/ref/net8.0/System.Diagnostics.DiagnosticSource.dll".
             Reference found at search path location "{RawFileName}".
             This reference is not "CopyLocal" because at least one source item had "Private" set to "false" and no source items had "Private" set to "true".
             The ImageRuntimeVersion for this reference is "".
         Primary reference "System.Diagnostics.FileVersionInfo, Version=8.0.0.0, Culture=neutral, PublicKeyToken=b03f5f7f11d50a3a".
             Resolved file path is "/usr/share/dotnet/packs/Microsoft.NETCore.App.Ref/8.0.23/ref/net8.0/System.Diagnostics.FileVersionInfo.dll".
             Reference found at search path location "{RawFileName}".
             This reference is not "CopyLocal" because at least one source item had "Private" set to "false" and no source items had "Private" set to "true".
             The ImageRuntimeVersion for this reference is "".
         Primary reference "System.Diagnostics.Process, Version=8.0.0.0, Culture=neutral, PublicKeyToken=b03f5f7f11d50a3a".
             Resolved file path is "/usr/share/dotnet/packs/Microsoft.NETCore.App.Ref/8.0.23/ref/net8.0/System.Diagnostics.Process.dll".
             Reference found at search path location "{RawFileName}".
             This reference is not "CopyLocal" because at least one source item had "Private" set to "false" and no source items had "Private" set to "true".
             The ImageRuntimeVersion for this reference is "".
         Primary reference "System.Diagnostics.StackTrace, Version=8.0.0.0, Culture=neutral, PublicKeyToken=b03f5f7f11d50a3a".
             Resolved file path is "/usr/share/dotnet/packs/Microsoft.NETCore.App.Ref/8.0.23/ref/net8.0/System.Diagnostics.StackTrace.dll".
             Reference found at search path location "{RawFileName}".
             This reference is not "CopyLocal" because at least one source item had "Private" set to "false" and no source items had "Private" set to "true".
             The ImageRuntimeVersion for this reference is "".
         Primary reference "System.Diagnostics.TextWriterTraceListener, Version=8.0.0.0, Culture=neutral, PublicKeyToken=b03f5f7f11d50a3a".
             Resolved file path is "/usr/share/dotnet/packs/Microsoft.NETCore.App.Ref/8.0.23/ref/net8.0/System.Diagnostics.TextWriterTraceListener.dll".
             Reference found at search path location "{RawFileName}".
             This reference is not "CopyLocal" because at least one source item had "Private" set to "false" and no source items had "Private" set to "true".
             The ImageRuntimeVersion for this reference is "".
         Primary reference "System.Diagnostics.Tools, Version=8.0.0.0, Culture=neutral, PublicKeyToken=b03f5f7f11d50a3a".
             Resolved file path is "/usr/share/dotnet/packs/Microsoft.NETCore.App.Ref/8.0.23/ref/net8.0/System.Diagnostics.Tools.dll".
             Reference found at search path location "{RawFileName}".
             This reference is not "CopyLocal" because at least one source item had "Private" set to "false" and no source items had "Private" set to "true".
             The ImageRuntimeVersion for this reference is "".
         Primary reference "System.Diagnostics.TraceSource, Version=8.0.0.0, Culture=neutral, PublicKeyToken=b03f5f7f11d50a3a".
             Resolved file path is "/usr/share/dotnet/packs/Microsoft.NETCore.App.Ref/8.0.23/ref/net8.0/System.Diagnostics.TraceSource.dll".
             Reference found at search path location "{RawFileName}".
             This reference is not "CopyLocal" because at least one source item had "Private" set to "false" and no source items had "Private" set to "true".
             The ImageRuntimeVersion for this reference is "".
         Primary reference "System.Diagnostics.Tracing, Version=8.0.0.0, Culture=neutral, PublicKeyToken=b03f5f7f11d50a3a".
             Resolved file path is "/usr/share/dotnet/packs/Microsoft.NETCore.App.Ref/8.0.23/ref/net8.0/System.Diagnostics.Tracing.dll".
             Reference found at search path location "{RawFileName}".
             This reference is not "CopyLocal" because at least one source item had "Private" set to "false" and no source items had "Private" set to "true".
             The ImageRuntimeVersion for this reference is "".
         Primary reference "System.Drawing.Primitives, Version=8.0.0.0, Culture=neutral, PublicKeyToken=b03f5f7f11d50a3a".
             Resolved file path is "/usr/share/dotnet/packs/Microsoft.NETCore.App.Ref/8.0.23/ref/net8.0/System.Drawing.Primitives.dll".
             Reference found at search path location "{RawFileName}".
             This reference is not "CopyLocal" because at least one source item had "Private" set to "false" and no source items had "Private" set to "true".
             The ImageRuntimeVersion for this reference is "".
         Primary reference "System.Drawing, Version=4.0.0.0, Culture=neutral, PublicKeyToken=b03f5f7f11d50a3a".
             Resolved file path is "/usr/share/dotnet/packs/Microsoft.NETCore.App.Ref/8.0.23/ref/net8.0/System.Drawing.dll".
             Reference found at search path location "{RawFileName}".
             This reference is not "CopyLocal" because at least one source item had "Private" set to "false" and no source items had "Private" set to "true".
             The ImageRuntimeVersion for this reference is "".
         Primary reference "System.Dynamic.Runtime, Version=8.0.0.0, Culture=neutral, PublicKeyToken=b03f5f7f11d50a3a".
             Resolved file path is "/usr/share/dotnet/packs/Microsoft.NETCore.App.Ref/8.0.23/ref/net8.0/System.Dynamic.Runtime.dll".
             Reference found at search path location "{RawFileName}".
             This reference is not "CopyLocal" because at least one source item had "Private" set to "false" and no source items had "Private" set to "true".
             The ImageRuntimeVersion for this reference is "".
         Primary reference "System.Formats.Asn1, Version=8.0.0.0, Culture=neutral, PublicKeyToken=cc7b13ffcd2ddd51".
             Resolved file path is "/usr/share/dotnet/packs/Microsoft.NETCore.App.Ref/8.0.23/ref/net8.0/System.Formats.Asn1.dll".
             Reference found at search path location "{RawFileName}".
             This reference is not "CopyLocal" because at least one source item had "Private" set to "false" and no source items had "Private" set to "true".
             The ImageRuntimeVersion for this reference is "".
         Primary reference "System.Formats.Tar, Version=8.0.0.0, Culture=neutral, PublicKeyToken=cc7b13ffcd2ddd51".
             Resolved file path is "/usr/share/dotnet/packs/Microsoft.NETCore.App.Ref/8.0.23/ref/net8.0/System.Formats.Tar.dll".
             Reference found at search path location "{RawFileName}".
             This reference is not "CopyLocal" because at least one source item had "Private" set to "false" and no source items had "Private" set to "true".
             The ImageRuntimeVersion for this reference is "".
         Primary reference "System.Globalization.Calendars, Version=8.0.0.0, Culture=neutral, PublicKeyToken=b03f5f7f11d50a3a".
             Resolved file path is "/usr/share/dotnet/packs/Microsoft.NETCore.App.Ref/8.0.23/ref/net8.0/System.Globalization.Calendars.dll".
             Reference found at search path location "{RawFileName}".
             This reference is not "CopyLocal" because at least one source item had "Private" set to "false" and no source items had "Private" set to "true".
             The ImageRuntimeVersion for this reference is "".
         Primary reference "System.Globalization.Extensions, Version=8.0.0.0, Culture=neutral, PublicKeyToken=b03f5f7f11d50a3a".
             Resolved file path is "/usr/share/dotnet/packs/Microsoft.NETCore.App.Ref/8.0.23/ref/net8.0/System.Globalization.Extensions.dll".
             Reference found at search path location "{RawFileName}".
             This reference is not "CopyLocal" because at least one source item had "Private" set to "false" and no source items had "Private" set to "true".
             The ImageRuntimeVersion for this reference is "".
         Primary reference "System.Globalization, Version=8.0.0.0, Culture=neutral, PublicKeyToken=b03f5f7f11d50a3a".
             Resolved file path is "/usr/share/dotnet/packs/Microsoft.NETCore.App.Ref/8.0.23/ref/net8.0/System.Globalization.dll".
             Reference found at search path location "{RawFileName}".
             This reference is not "CopyLocal" because at least one source item had "Private" set to "false" and no source items had "Private" set to "true".
             The ImageRuntimeVersion for this reference is "".
         Primary reference "System.IO.Compression.Brotli, Version=8.0.0.0, Culture=neutral, PublicKeyToken=b77a5c561934e089".
             Resolved file path is "/usr/share/dotnet/packs/Microsoft.NETCore.App.Ref/8.0.23/ref/net8.0/System.IO.Compression.Brotli.dll".
             Reference found at search path location "{RawFileName}".
             This reference is not "CopyLocal" because at least one source item had "Private" set to "false" and no source items had "Private" set to "true".
             The ImageRuntimeVersion for this reference is "".
         Primary reference "System.IO.Compression.FileSystem, Version=4.0.0.0, Culture=neutral, PublicKeyToken=b77a5c561934e089".
             Resolved file path is "/usr/share/dotnet/packs/Microsoft.NETCore.App.Ref/8.0.23/ref/net8.0/System.IO.Compression.FileSystem.dll".
             Reference found at search path location "{RawFileName}".
             This reference is not "CopyLocal" because at least one source item had "Private" set to "false" and no source items had "Private" set to "true".
             The ImageRuntimeVersion for this reference is "".
         Primary reference "System.IO.Compression.ZipFile, Version=8.0.0.0, Culture=neutral, PublicKeyToken=b77a5c561934e089".
             Resolved file path is "/usr/share/dotnet/packs/Microsoft.NETCore.App.Ref/8.0.23/ref/net8.0/System.IO.Compression.ZipFile.dll".
             Reference found at search path location "{RawFileName}".
             This reference is not "CopyLocal" because at least one source item had "Private" set to "false" and no source items had "Private" set to "true".
             The ImageRuntimeVersion for this reference is "".
         Primary reference "System.IO.Compression, Version=8.0.0.0, Culture=neutral, PublicKeyToken=b77a5c561934e089".
             Resolved file path is "/usr/share/dotnet/packs/Microsoft.NETCore.App.Ref/8.0.23/ref/net8.0/System.IO.Compression.dll".
             Reference found at search path location "{RawFileName}".
             This reference is not "CopyLocal" because at least one source item had "Private" set to "false" and no source items had "Private" set to "true".
             The ImageRuntimeVersion for this reference is "".
         Primary reference "System.IO.FileSystem.AccessControl, Version=8.0.0.0, Culture=neutral, PublicKeyToken=b03f5f7f11d50a3a".
             Resolved file path is "/usr/share/dotnet/packs/Microsoft.NETCore.App.Ref/8.0.23/ref/net8.0/System.IO.FileSystem.AccessControl.dll".
             Reference found at search path location "{RawFileName}".
             This reference is not "CopyLocal" because at least one source item had "Private" set to "false" and no source items had "Private" set to "true".
             The ImageRuntimeVersion for this reference is "".
         Primary reference "System.IO.FileSystem.DriveInfo, Version=8.0.0.0, Culture=neutral, PublicKeyToken=b03f5f7f11d50a3a".
             Resolved file path is "/usr/share/dotnet/packs/Microsoft.NETCore.App.Ref/8.0.23/ref/net8.0/System.IO.FileSystem.DriveInfo.dll".
             Reference found at search path location "{RawFileName}".
             This reference is not "CopyLocal" because at least one source item had "Private" set to "false" and no source items had "Private" set to "true".
             The ImageRuntimeVersion for this reference is "".
         Primary reference "System.IO.FileSystem.Primitives, Version=8.0.0.0, Culture=neutral, PublicKeyToken=b03f5f7f11d50a3a".
             Resolved file path is "/usr/share/dotnet/packs/Microsoft.NETCore.App.Ref/8.0.23/ref/net8.0/System.IO.FileSystem.Primitives.dll".
             Reference found at search path location "{RawFileName}".
             This reference is not "CopyLocal" because at least one source item had "Private" set to "false" and no source items had "Private" set to "true".
             The ImageRuntimeVersion for this reference is "".
         Primary reference "System.IO.FileSystem.Watcher, Version=8.0.0.0, Culture=neutral, PublicKeyToken=b03f5f7f11d50a3a".
             Resolved file path is "/usr/share/dotnet/packs/Microsoft.NETCore.App.Ref/8.0.23/ref/net8.0/System.IO.FileSystem.Watcher.dll".
             Reference found at search path location "{RawFileName}".
             This reference is not "CopyLocal" because at least one source item had "Private" set to "false" and no source items had "Private" set to "true".
             The ImageRuntimeVersion for this reference is "".
         Primary reference "System.IO.FileSystem, Version=8.0.0.0, Culture=neutral, PublicKeyToken=b03f5f7f11d50a3a".
             Resolved file path is "/usr/share/dotnet/packs/Microsoft.NETCore.App.Ref/8.0.23/ref/net8.0/System.IO.FileSystem.dll".
             Reference found at search path location "{RawFileName}".
             This reference is not "CopyLocal" because at least one source item had "Private" set to "false" and no source items had "Private" set to "true".
             The ImageRuntimeVersion for this reference is "".
         Primary reference "System.IO.IsolatedStorage, Version=8.0.0.0, Culture=neutral, PublicKeyToken=b03f5f7f11d50a3a".
             Resolved file path is "/usr/share/dotnet/packs/Microsoft.NETCore.App.Ref/8.0.23/ref/net8.0/System.IO.IsolatedStorage.dll".
             Reference found at search path location "{RawFileName}".
             This reference is not "CopyLocal" because at least one source item had "Private" set to "false" and no source items had "Private" set to "true".
             The ImageRuntimeVersion for this reference is "".
         Primary reference "System.IO.MemoryMappedFiles, Version=8.0.0.0, Culture=neutral, PublicKeyToken=b03f5f7f11d50a3a".
             Resolved file path is "/usr/share/dotnet/packs/Microsoft.NETCore.App.Ref/8.0.23/ref/net8.0/System.IO.MemoryMappedFiles.dll".
             Reference found at search path location "{RawFileName}".
             This reference is not "CopyLocal" because at least one source item had "Private" set to "false" and no source items had "Private" set to "true".
             The ImageRuntimeVersion for this reference is "".
         Primary reference "System.IO.Pipes.AccessControl, Version=8.0.0.0, Culture=neutral, PublicKeyToken=b03f5f7f11d50a3a".
             Resolved file path is "/usr/share/dotnet/packs/Microsoft.NETCore.App.Ref/8.0.23/ref/net8.0/System.IO.Pipes.AccessControl.dll".
             Reference found at search path location "{RawFileName}".
             This reference is not "CopyLocal" because at least one source item had "Private" set to "false" and no source items had "Private" set to "true".
             The ImageRuntimeVersion for this reference is "".
         Primary reference "System.IO.Pipes, Version=8.0.0.0, Culture=neutral, PublicKeyToken=b03f5f7f11d50a3a".
             Resolved file path is "/usr/share/dotnet/packs/Microsoft.NETCore.App.Ref/8.0.23/ref/net8.0/System.IO.Pipes.dll".
             Reference found at search path location "{RawFileName}".
             This reference is not "CopyLocal" because at least one source item had "Private" set to "false" and no source items had "Private" set to "true".
             The ImageRuntimeVersion for this reference is "".
         Primary reference "System.IO.UnmanagedMemoryStream, Version=8.0.0.0, Culture=neutral, PublicKeyToken=b03f5f7f11d50a3a".
             Resolved file path is "/usr/share/dotnet/packs/Microsoft.NETCore.App.Ref/8.0.23/ref/net8.0/System.IO.UnmanagedMemoryStream.dll".
             Reference found at search path location "{RawFileName}".
             This reference is not "CopyLocal" because at least one source item had "Private" set to "false" and no source items had "Private" set to "true".
             The ImageRuntimeVersion for this reference is "".
         Primary reference "System.IO, Version=8.0.0.0, Culture=neutral, PublicKeyToken=b03f5f7f11d50a3a".
             Resolved file path is "/usr/share/dotnet/packs/Microsoft.NETCore.App.Ref/8.0.23/ref/net8.0/System.IO.dll".
             Reference found at search path location "{RawFileName}".
             This reference is not "CopyLocal" because at least one source item had "Private" set to "false" and no source items had "Private" set to "true".
             The ImageRuntimeVersion for this reference is "".
         Primary reference "System.Linq.Expressions, Version=8.0.0.0, Culture=neutral, PublicKeyToken=b03f5f7f11d50a3a".
             Resolved file path is "/usr/share/dotnet/packs/Microsoft.NETCore.App.Ref/8.0.23/ref/net8.0/System.Linq.Expressions.dll".
             Reference found at search path location "{RawFileName}".
             This reference is not "CopyLocal" because at least one source item had "Private" set to "false" and no source items had "Private" set to "true".
             The ImageRuntimeVersion for this reference is "".
         Primary reference "System.Linq.Parallel, Version=8.0.0.0, Culture=neutral, PublicKeyToken=b03f5f7f11d50a3a".
             Resolved file path is "/usr/share/dotnet/packs/Microsoft.NETCore.App.Ref/8.0.23/ref/net8.0/System.Linq.Parallel.dll".
             Reference found at search path location "{RawFileName}".
             This reference is not "CopyLocal" because at least one source item had "Private" set to "false" and no source items had "Private" set to "true".
             The ImageRuntimeVersion for this reference is "".
         Primary reference "System.Linq.Queryable, Version=8.0.0.0, Culture=neutral, PublicKeyToken=b03f5f7f11d50a3a".
             Resolved file path is "/usr/share/dotnet/packs/Microsoft.NETCore.App.Ref/8.0.23/ref/net8.0/System.Linq.Queryable.dll".
             Reference found at search path location "{RawFileName}".
             This reference is not "CopyLocal" because at least one source item had "Private" set to "false" and no source items had "Private" set to "true".
             The ImageRuntimeVersion for this reference is "".
         Primary reference "System.Linq, Version=8.0.0.0, Culture=neutral, PublicKeyToken=b03f5f7f11d50a3a".
             Resolved file path is "/usr/share/dotnet/packs/Microsoft.NETCore.App.Ref/8.0.23/ref/net8.0/System.Linq.dll".
             Reference found at search path location "{RawFileName}".
             This reference is not "CopyLocal" because at least one source item had "Private" set to "false" and no source items had "Private" set to "true".
             The ImageRuntimeVersion for this reference is "".
         Primary reference "System.Memory, Version=8.0.0.0, Culture=neutral, PublicKeyToken=cc7b13ffcd2ddd51".
             Resolved file path is "/usr/share/dotnet/packs/Microsoft.NETCore.App.Ref/8.0.23/ref/net8.0/System.Memory.dll".
             Reference found at search path location "{RawFileName}".
             This reference is not "CopyLocal" because at least one source item had "Private" set to "false" and no source items had "Private" set to "true".
             The ImageRuntimeVersion for this reference is "".
         Primary reference "System.Net.Http.Json, Version=8.0.0.0, Culture=neutral, PublicKeyToken=cc7b13ffcd2ddd51".
             Resolved file path is "/usr/share/dotnet/packs/Microsoft.NETCore.App.Ref/8.0.23/ref/net8.0/System.Net.Http.Json.dll".
             Reference found at search path location "{RawFileName}".
             This reference is not "CopyLocal" because at least one source item had "Private" set to "false" and no source items had "Private" set to "true".
             The ImageRuntimeVersion for this reference is "".
         Primary reference "System.Net.Http, Version=8.0.0.0, Culture=neutral, PublicKeyToken=b03f5f7f11d50a3a".
             Resolved file path is "/usr/share/dotnet/packs/Microsoft.NETCore.App.Ref/8.0.23/ref/net8.0/System.Net.Http.dll".
             Reference found at search path location "{RawFileName}".
             This reference is not "CopyLocal" because at least one source item had "Private" set to "false" and no source items had "Private" set to "true".
             The ImageRuntimeVersion for this reference is "".
         Primary reference "System.Net.HttpListener, Version=8.0.0.0, Culture=neutral, PublicKeyToken=cc7b13ffcd2ddd51".
             Resolved file path is "/usr/share/dotnet/packs/Microsoft.NETCore.App.Ref/8.0.23/ref/net8.0/System.Net.HttpListener.dll".
             Reference found at search path location "{RawFileName}".
             This reference is not "CopyLocal" because at least one source item had "Private" set to "false" and no source items had "Private" set to "true".
             The ImageRuntimeVersion for this reference is "".
         Primary reference "System.Net.Mail, Version=8.0.0.0, Culture=neutral, PublicKeyToken=cc7b13ffcd2ddd51".
             Resolved file path is "/usr/share/dotnet/packs/Microsoft.NETCore.App.Ref/8.0.23/ref/net8.0/System.Net.Mail.dll".
             Reference found at search path location "{RawFileName}".
             This reference is not "CopyLocal" because at least one source item had "Private" set to "false" and no source items had "Private" set to "true".
             The ImageRuntimeVersion for this reference is "".
         Primary reference "System.Net.NameResolution, Version=8.0.0.0, Culture=neutral, PublicKeyToken=b03f5f7f11d50a3a".
             Resolved file path is "/usr/share/dotnet/packs/Microsoft.NETCore.App.Ref/8.0.23/ref/net8.0/System.Net.NameResolution.dll".
             Reference found at search path location "{RawFileName}".
             This reference is not "CopyLocal" because at least one source item had "Private" set to "false" and no source items had "Private" set to "true".
             The ImageRuntimeVersion for this reference is "".
         Primary reference "System.Net.NetworkInformation, Version=8.0.0.0, Culture=neutral, PublicKeyToken=b03f5f7f11d50a3a".
             Resolved file path is "/usr/share/dotnet/packs/Microsoft.NETCore.App.Ref/8.0.23/ref/net8.0/System.Net.NetworkInformation.dll".
             Reference found at search path location "{RawFileName}".
             This reference is not "CopyLocal" because at least one source item had "Private" set to "false" and no source items had "Private" set to "true".
             The ImageRuntimeVersion for this reference is "".
         Primary reference "System.Net.Ping, Version=8.0.0.0, Culture=neutral, PublicKeyToken=b03f5f7f11d50a3a".
             Resolved file path is "/usr/share/dotnet/packs/Microsoft.NETCore.App.Ref/8.0.23/ref/net8.0/System.Net.Ping.dll".
             Reference found at search path location "{RawFileName}".
             This reference is not "CopyLocal" because at least one source item had "Private" set to "false" and no source items had "Private" set to "true".
             The ImageRuntimeVersion for this reference is "".
         Primary reference "System.Net.Primitives, Version=8.0.0.0, Culture=neutral, PublicKeyToken=b03f5f7f11d50a3a".
             Resolved file path is "/usr/share/dotnet/packs/Microsoft.NETCore.App.Ref/8.0.23/ref/net8.0/System.Net.Primitives.dll".
             Reference found at search path location "{RawFileName}".
             This reference is not "CopyLocal" because at least one source item had "Private" set to "false" and no source items had "Private" set to "true".
             The ImageRuntimeVersion for this reference is "".
         Primary reference "System.Net.Quic, Version=8.0.0.0, Culture=neutral, PublicKeyToken=b03f5f7f11d50a3a".
             Resolved file path is "/usr/share/dotnet/packs/Microsoft.NETCore.App.Ref/8.0.23/ref/net8.0/System.Net.Quic.dll".
             Reference found at search path location "{RawFileName}".
             This reference is not "CopyLocal" because at least one source item had "Private" set to "false" and no source items had "Private" set to "true".
             The ImageRuntimeVersion for this reference is "".
         Primary reference "System.Net.Requests, Version=8.0.0.0, Culture=neutral, PublicKeyToken=b03f5f7f11d50a3a".
             Resolved file path is "/usr/share/dotnet/packs/Microsoft.NETCore.App.Ref/8.0.23/ref/net8.0/System.Net.Requests.dll".
             Reference found at search path location "{RawFileName}".
             This reference is not "CopyLocal" because at least one source item had "Private" set to "false" and no source items had "Private" set to "true".
             The ImageRuntimeVersion for this reference is "".
         Primary reference "System.Net.Security, Version=8.0.0.0, Culture=neutral, PublicKeyToken=b03f5f7f11d50a3a".
             Resolved file path is "/usr/share/dotnet/packs/Microsoft.NETCore.App.Ref/8.0.23/ref/net8.0/System.Net.Security.dll".
             Reference found at search path location "{RawFileName}".
             This reference is not "CopyLocal" because at least one source item had "Private" set to "false" and no source items had "Private" set to "true".
             The ImageRuntimeVersion for this reference is "".
         Primary reference "System.Net.ServicePoint, Version=8.0.0.0, Culture=neutral, PublicKeyToken=cc7b13ffcd2ddd51".
             Resolved file path is "/usr/share/dotnet/packs/Microsoft.NETCore.App.Ref/8.0.23/ref/net8.0/System.Net.ServicePoint.dll".
             Reference found at search path location "{RawFileName}".
             This reference is not "CopyLocal" because at least one source item had "Private" set to "false" and no source items had "Private" set to "true".
             The ImageRuntimeVersion for this reference is "".
         Primary reference "System.Net.Sockets, Version=8.0.0.0, Culture=neutral, PublicKeyToken=b03f5f7f11d50a3a".
             Resolved file path is "/usr/share/dotnet/packs/Microsoft.NETCore.App.Ref/8.0.23/ref/net8.0/System.Net.Sockets.dll".
             Reference found at search path location "{RawFileName}".
             This reference is not "CopyLocal" because at least one source item had "Private" set to "false" and no source items had "Private" set to "true".
             The ImageRuntimeVersion for this reference is "".
         Primary reference "System.Net.WebClient, Version=8.0.0.0, Culture=neutral, PublicKeyToken=cc7b13ffcd2ddd51".
             Resolved file path is "/usr/share/dotnet/packs/Microsoft.NETCore.App.Ref/8.0.23/ref/net8.0/System.Net.WebClient.dll".
             Reference found at search path location "{RawFileName}".
             This reference is not "CopyLocal" because at least one source item had "Private" set to "false" and no source items had "Private" set to "true".
             The ImageRuntimeVersion for this reference is "".
         Primary reference "System.Net.WebHeaderCollection, Version=8.0.0.0, Culture=neutral, PublicKeyToken=b03f5f7f11d50a3a".
             Resolved file path is "/usr/share/dotnet/packs/Microsoft.NETCore.App.Ref/8.0.23/ref/net8.0/System.Net.WebHeaderCollection.dll".
             Reference found at search path location "{RawFileName}".
             This reference is not "CopyLocal" because at least one source item had "Private" set to "false" and no source items had "Private" set to "true".
             The ImageRuntimeVersion for this reference is "".
         Primary reference "System.Net.WebProxy, Version=8.0.0.0, Culture=neutral, PublicKeyToken=cc7b13ffcd2ddd51".
             Resolved file path is "/usr/share/dotnet/packs/Microsoft.NETCore.App.Ref/8.0.23/ref/net8.0/System.Net.WebProxy.dll".
             Reference found at search path location "{RawFileName}".
             This reference is not "CopyLocal" because at least one source item had "Private" set to "false" and no source items had "Private" set to "true".
             The ImageRuntimeVersion for this reference is "".
         Primary reference "System.Net.WebSockets.Client, Version=8.0.0.0, Culture=neutral, PublicKeyToken=b03f5f7f11d50a3a".
             Resolved file path is "/usr/share/dotnet/packs/Microsoft.NETCore.App.Ref/8.0.23/ref/net8.0/System.Net.WebSockets.Client.dll".
             Reference found at search path location "{RawFileName}".
             This reference is not "CopyLocal" because at least one source item had "Private" set to "false" and no source items had "Private" set to "true".
             The ImageRuntimeVersion for this reference is "".
         Primary reference "System.Net.WebSockets, Version=8.0.0.0, Culture=neutral, PublicKeyToken=b03f5f7f11d50a3a".
             Resolved file path is "/usr/share/dotnet/packs/Microsoft.NETCore.App.Ref/8.0.23/ref/net8.0/System.Net.WebSockets.dll".
             Reference found at search path location "{RawFileName}".
             This reference is not "CopyLocal" because at least one source item had "Private" set to "false" and no source items had "Private" set to "true".
             The ImageRuntimeVersion for this reference is "".
         Primary reference "System.Net, Version=4.0.0.0, Culture=neutral, PublicKeyToken=b03f5f7f11d50a3a".
             Resolved file path is "/usr/share/dotnet/packs/Microsoft.NETCore.App.Ref/8.0.23/ref/net8.0/System.Net.dll".
             Reference found at search path location "{RawFileName}".
             This reference is not "CopyLocal" because at least one source item had "Private" set to "false" and no source items had "Private" set to "true".
             The ImageRuntimeVersion for this reference is "".
         Primary reference "System.Numerics.Vectors, Version=8.0.0.0, Culture=neutral, PublicKeyToken=b03f5f7f11d50a3a".
             Resolved file path is "/usr/share/dotnet/packs/Microsoft.NETCore.App.Ref/8.0.23/ref/net8.0/System.Numerics.Vectors.dll".
             Reference found at search path location "{RawFileName}".
             This reference is not "CopyLocal" because at least one source item had "Private" set to "false" and no source items had "Private" set to "true".
             The ImageRuntimeVersion for this reference is "".
         Primary reference "System.Numerics, Version=4.0.0.0, Culture=neutral, PublicKeyToken=b77a5c561934e089".
             Resolved file path is "/usr/share/dotnet/packs/Microsoft.NETCore.App.Ref/8.0.23/ref/net8.0/System.Numerics.dll".
             Reference found at search path location "{RawFileName}".
             This reference is not "CopyLocal" because at least one source item had "Private" set to "false" and no source items had "Private" set to "true".
             The ImageRuntimeVersion for this reference is "".
         Primary reference "System.ObjectModel, Version=8.0.0.0, Culture=neutral, PublicKeyToken=b03f5f7f11d50a3a".
             Resolved file path is "/usr/share/dotnet/packs/Microsoft.NETCore.App.Ref/8.0.23/ref/net8.0/System.ObjectModel.dll".
             Reference found at search path location "{RawFileName}".
             This reference is not "CopyLocal" because at least one source item had "Private" set to "false" and no source items had "Private" set to "true".
             The ImageRuntimeVersion for this reference is "".
         Primary reference "System.Reflection.DispatchProxy, Version=8.0.0.0, Culture=neutral, PublicKeyToken=b03f5f7f11d50a3a".
             Resolved file path is "/usr/share/dotnet/packs/Microsoft.NETCore.App.Ref/8.0.23/ref/net8.0/System.Reflection.DispatchProxy.dll".
             Reference found at search path location "{RawFileName}".
             This reference is not "CopyLocal" because at least one source item had "Private" set to "false" and no source items had "Private" set to "true".
             The ImageRuntimeVersion for this reference is "".
         Primary reference "System.Reflection.Emit.ILGeneration, Version=8.0.0.0, Culture=neutral, PublicKeyToken=b03f5f7f11d50a3a".
             Resolved file path is "/usr/share/dotnet/packs/Microsoft.NETCore.App.Ref/8.0.23/ref/net8.0/System.Reflection.Emit.ILGeneration.dll".
             Reference found at search path location "{RawFileName}".
             This reference is not "CopyLocal" because at least one source item had "Private" set to "false" and no source items had "Private" set to "true".
             The ImageRuntimeVersion for this reference is "".
         Primary reference "System.Reflection.Emit.Lightweight, Version=8.0.0.0, Culture=neutral, PublicKeyToken=b03f5f7f11d50a3a".
             Resolved file path is "/usr/share/dotnet/packs/Microsoft.NETCore.App.Ref/8.0.23/ref/net8.0/System.Reflection.Emit.Lightweight.dll".
             Reference found at search path location "{RawFileName}".
             This reference is not "CopyLocal" because at least one source item had "Private" set to "false" and no source items had "Private" set to "true".
             The ImageRuntimeVersion for this reference is "".
         Primary reference "System.Reflection.Emit, Version=8.0.0.0, Culture=neutral, PublicKeyToken=b03f5f7f11d50a3a".
             Resolved file path is "/usr/share/dotnet/packs/Microsoft.NETCore.App.Ref/8.0.23/ref/net8.0/System.Reflection.Emit.dll".
             Reference found at search path location "{RawFileName}".
             This reference is not "CopyLocal" because at least one source item had "Private" set to "false" and no source items had "Private" set to "true".
             The ImageRuntimeVersion for this reference is "".
         Primary reference "System.Reflection.Extensions, Version=8.0.0.0, Culture=neutral, PublicKeyToken=b03f5f7f11d50a3a".
             Resolved file path is "/usr/share/dotnet/packs/Microsoft.NETCore.App.Ref/8.0.23/ref/net8.0/System.Reflection.Extensions.dll".
             Reference found at search path location "{RawFileName}".
             This reference is not "CopyLocal" because at least one source item had "Private" set to "false" and no source items had "Private" set to "true".
             The ImageRuntimeVersion for this reference is "".
         Primary reference "System.Reflection.Metadata, Version=8.0.0.0, Culture=neutral, PublicKeyToken=b03f5f7f11d50a3a".
             Resolved file path is "/usr/share/dotnet/packs/Microsoft.NETCore.App.Ref/8.0.23/ref/net8.0/System.Reflection.Metadata.dll".
             Reference found at search path location "{RawFileName}".
             This reference is not "CopyLocal" because at least one source item had "Private" set to "false" and no source items had "Private" set to "true".
             The ImageRuntimeVersion for this reference is "".
         Primary reference "System.Reflection.Primitives, Version=8.0.0.0, Culture=neutral, PublicKeyToken=b03f5f7f11d50a3a".
             Resolved file path is "/usr/share/dotnet/packs/Microsoft.NETCore.App.Ref/8.0.23/ref/net8.0/System.Reflection.Primitives.dll".
             Reference found at search path location "{RawFileName}".
             This reference is not "CopyLocal" because at least one source item had "Private" set to "false" and no source items had "Private" set to "true".
             The ImageRuntimeVersion for this reference is "".
         Primary reference "System.Reflection.TypeExtensions, Version=8.0.0.0, Culture=neutral, PublicKeyToken=b03f5f7f11d50a3a".
             Resolved file path is "/usr/share/dotnet/packs/Microsoft.NETCore.App.Ref/8.0.23/ref/net8.0/System.Reflection.TypeExtensions.dll".
             Reference found at search path location "{RawFileName}".
             This reference is not "CopyLocal" because at least one source item had "Private" set to "false" and no source items had "Private" set to "true".
             The ImageRuntimeVersion for this reference is "".
         Primary reference "System.Reflection, Version=8.0.0.0, Culture=neutral, PublicKeyToken=b03f5f7f11d50a3a".
             Resolved file path is "/usr/share/dotnet/packs/Microsoft.NETCore.App.Ref/8.0.23/ref/net8.0/System.Reflection.dll".
             Reference found at search path location "{RawFileName}".
             This reference is not "CopyLocal" because at least one source item had "Private" set to "false" and no source items had "Private" set to "true".
             The ImageRuntimeVersion for this reference is "".
         Primary reference "System.Resources.Reader, Version=8.0.0.0, Culture=neutral, PublicKeyToken=b03f5f7f11d50a3a".
             Resolved file path is "/usr/share/dotnet/packs/Microsoft.NETCore.App.Ref/8.0.23/ref/net8.0/System.Resources.Reader.dll".
             Reference found at search path location "{RawFileName}".
             This reference is not "CopyLocal" because at least one source item had "Private" set to "false" and no source items had "Private" set to "true".
             The ImageRuntimeVersion for this reference is "".
         Primary reference "System.Resources.ResourceManager, Version=8.0.0.0, Culture=neutral, PublicKeyToken=b03f5f7f11d50a3a".
             Resolved file path is "/usr/share/dotnet/packs/Microsoft.NETCore.App.Ref/8.0.23/ref/net8.0/System.Resources.ResourceManager.dll".
             Reference found at search path location "{RawFileName}".
             This reference is not "CopyLocal" because at least one source item had "Private" set to "false" and no source items had "Private" set to "true".
             The ImageRuntimeVersion for this reference is "".
         Primary reference "System.Resources.Writer, Version=8.0.0.0, Culture=neutral, PublicKeyToken=b03f5f7f11d50a3a".
             Resolved file path is "/usr/share/dotnet/packs/Microsoft.NETCore.App.Ref/8.0.23/ref/net8.0/System.Resources.Writer.dll".
             Reference found at search path location "{RawFileName}".
             This reference is not "CopyLocal" because at least one source item had "Private" set to "false" and no source items had "Private" set to "true".
             The ImageRuntimeVersion for this reference is "".
         Primary reference "System.Runtime.CompilerServices.Unsafe, Version=8.0.0.0, Culture=neutral, PublicKeyToken=b03f5f7f11d50a3a".
             Resolved file path is "/usr/share/dotnet/packs/Microsoft.NETCore.App.Ref/8.0.23/ref/net8.0/System.Runtime.CompilerServices.Unsafe.dll".
             Reference found at search path location "{RawFileName}".
             This reference is not "CopyLocal" because at least one source item had "Private" set to "false" and no source items had "Private" set to "true".
             The ImageRuntimeVersion for this reference is "".
         Primary reference "System.Runtime.CompilerServices.VisualC, Version=8.0.0.0, Culture=neutral, PublicKeyToken=b03f5f7f11d50a3a".
             Resolved file path is "/usr/share/dotnet/packs/Microsoft.NETCore.App.Ref/8.0.23/ref/net8.0/System.Runtime.CompilerServices.VisualC.dll".
             Reference found at search path location "{RawFileName}".
             This reference is not "CopyLocal" because at least one source item had "Private" set to "false" and no source items had "Private" set to "true".
             The ImageRuntimeVersion for this reference is "".
         Primary reference "System.Runtime.Extensions, Version=8.0.0.0, Culture=neutral, PublicKeyToken=b03f5f7f11d50a3a".
             Resolved file path is "/usr/share/dotnet/packs/Microsoft.NETCore.App.Ref/8.0.23/ref/net8.0/System.Runtime.Extensions.dll".
             Reference found at search path location "{RawFileName}".
             This reference is not "CopyLocal" because at least one source item had "Private" set to "false" and no source items had "Private" set to "true".
             The ImageRuntimeVersion for this reference is "".
         Primary reference "System.Runtime.Handles, Version=8.0.0.0, Culture=neutral, PublicKeyToken=b03f5f7f11d50a3a".
             Resolved file path is "/usr/share/dotnet/packs/Microsoft.NETCore.App.Ref/8.0.23/ref/net8.0/System.Runtime.Handles.dll".
             Reference found at search path location "{RawFileName}".
             This reference is not "CopyLocal" because at least one source item had "Private" set to "false" and no source items had "Private" set to "true".
             The ImageRuntimeVersion for this reference is "".
         Primary reference "System.Runtime.InteropServices.JavaScript, Version=8.0.0.0, Culture=neutral, PublicKeyToken=b03f5f7f11d50a3a".
             Resolved file path is "/usr/share/dotnet/packs/Microsoft.NETCore.App.Ref/8.0.23/ref/net8.0/System.Runtime.InteropServices.JavaScript.dll".
             Reference found at search path location "{RawFileName}".
             This reference is not "CopyLocal" because at least one source item had "Private" set to "false" and no source items had "Private" set to "true".
             The ImageRuntimeVersion for this reference is "".
         Primary reference "System.Runtime.InteropServices.RuntimeInformation, Version=8.0.0.0, Culture=neutral, PublicKeyToken=b03f5f7f11d50a3a".
             Resolved file path is "/usr/share/dotnet/packs/Microsoft.NETCore.App.Ref/8.0.23/ref/net8.0/System.Runtime.InteropServices.RuntimeInformation.dll".
             Reference found at search path location "{RawFileName}".
             This reference is not "CopyLocal" because at least one source item had "Private" set to "false" and no source items had "Private" set to "true".
             The ImageRuntimeVersion for this reference is "".
         Primary reference "System.Runtime.InteropServices, Version=8.0.0.0, Culture=neutral, PublicKeyToken=b03f5f7f11d50a3a".
             Resolved file path is "/usr/share/dotnet/packs/Microsoft.NETCore.App.Ref/8.0.23/ref/net8.0/System.Runtime.InteropServices.dll".
             Reference found at search path location "{RawFileName}".
             This reference is not "CopyLocal" because at least one source item had "Private" set to "false" and no source items had "Private" set to "true".
             The ImageRuntimeVersion for this reference is "".
         Primary reference "System.Runtime.Intrinsics, Version=8.0.0.0, Culture=neutral, PublicKeyToken=cc7b13ffcd2ddd51".
             Resolved file path is "/usr/share/dotnet/packs/Microsoft.NETCore.App.Ref/8.0.23/ref/net8.0/System.Runtime.Intrinsics.dll".
             Reference found at search path location "{RawFileName}".
             This reference is not "CopyLocal" because at least one source item had "Private" set to "false" and no source items had "Private" set to "true".
             The ImageRuntimeVersion for this reference is "".
         Primary reference "System.Runtime.Loader, Version=8.0.0.0, Culture=neutral, PublicKeyToken=b03f5f7f11d50a3a".
             Resolved file path is "/usr/share/dotnet/packs/Microsoft.NETCore.App.Ref/8.0.23/ref/net8.0/System.Runtime.Loader.dll".
             Reference found at search path location "{RawFileName}".
             This reference is not "CopyLocal" because at least one source item had "Private" set to "false" and no source items had "Private" set to "true".
             The ImageRuntimeVersion for this reference is "".
         Primary reference "System.Runtime.Numerics, Version=8.0.0.0, Culture=neutral, PublicKeyToken=b03f5f7f11d50a3a".
             Resolved file path is "/usr/share/dotnet/packs/Microsoft.NETCore.App.Ref/8.0.23/ref/net8.0/System.Runtime.Numerics.dll".
             Reference found at search path location "{RawFileName}".
             This reference is not "CopyLocal" because at least one source item had "Private" set to "false" and no source items had "Private" set to "true".
             The ImageRuntimeVersion for this reference is "".
         Primary reference "System.Runtime.Serialization.Formatters, Version=8.0.0.0, Culture=neutral, PublicKeyToken=b03f5f7f11d50a3a".
             Resolved file path is "/usr/share/dotnet/packs/Microsoft.NETCore.App.Ref/8.0.23/ref/net8.0/System.Runtime.Serialization.Formatters.dll".
             Reference found at search path location "{RawFileName}".
             This reference is not "CopyLocal" because at least one source item had "Private" set to "false" and no source items had "Private" set to "true".
             The ImageRuntimeVersion for this reference is "".
         Primary reference "System.Runtime.Serialization.Json, Version=8.0.0.0, Culture=neutral, PublicKeyToken=b03f5f7f11d50a3a".
             Resolved file path is "/usr/share/dotnet/packs/Microsoft.NETCore.App.Ref/8.0.23/ref/net8.0/System.Runtime.Serialization.Json.dll".
             Reference found at search path location "{RawFileName}".
             This reference is not "CopyLocal" because at least one source item had "Private" set to "false" and no source items had "Private" set to "true".
             The ImageRuntimeVersion for this reference is "".
         Primary reference "System.Runtime.Serialization.Primitives, Version=8.0.0.0, Culture=neutral, PublicKeyToken=b03f5f7f11d50a3a".
             Resolved file path is "/usr/share/dotnet/packs/Microsoft.NETCore.App.Ref/8.0.23/ref/net8.0/System.Runtime.Serialization.Primitives.dll".
             Reference found at search path location "{RawFileName}".
             This reference is not "CopyLocal" because at least one source item had "Private" set to "false" and no source items had "Private" set to "true".
             The ImageRuntimeVersion for this reference is "".
         Primary reference "System.Runtime.Serialization.Xml, Version=8.0.0.0, Culture=neutral, PublicKeyToken=b03f5f7f11d50a3a".
             Resolved file path is "/usr/share/dotnet/packs/Microsoft.NETCore.App.Ref/8.0.23/ref/net8.0/System.Runtime.Serialization.Xml.dll".
             Reference found at search path location "{RawFileName}".
             This reference is not "CopyLocal" because at least one source item had "Private" set to "false" and no source items had "Private" set to "true".
             The ImageRuntimeVersion for this reference is "".
         Primary reference "System.Runtime.Serialization, Version=4.0.0.0, Culture=neutral, PublicKeyToken=b77a5c561934e089".
             Resolved file path is "/usr/share/dotnet/packs/Microsoft.NETCore.App.Ref/8.0.23/ref/net8.0/System.Runtime.Serialization.dll".
             Reference found at search path location "{RawFileName}".
             This reference is not "CopyLocal" because at least one source item had "Private" set to "false" and no source items had "Private" set to "true".
             The ImageRuntimeVersion for this reference is "".
         Primary reference "System.Runtime, Version=8.0.0.0, Culture=neutral, PublicKeyToken=b03f5f7f11d50a3a".
             Resolved file path is "/usr/share/dotnet/packs/Microsoft.NETCore.App.Ref/8.0.23/ref/net8.0/System.Runtime.dll".
             Reference found at search path location "{RawFileName}".
             This reference is not "CopyLocal" because at least one source item had "Private" set to "false" and no source items had "Private" set to "true".
             The ImageRuntimeVersion for this reference is "".
         Primary reference "System.Security.AccessControl, Version=8.0.0.0, Culture=neutral, PublicKeyToken=b03f5f7f11d50a3a".
             Resolved file path is "/usr/share/dotnet/packs/Microsoft.NETCore.App.Ref/8.0.23/ref/net8.0/System.Security.AccessControl.dll".
             Reference found at search path location "{RawFileName}".
             This reference is not "CopyLocal" because at least one source item had "Private" set to "false" and no source items had "Private" set to "true".
             The ImageRuntimeVersion for this reference is "".
         Primary reference "System.Security.Claims, Version=8.0.0.0, Culture=neutral, PublicKeyToken=b03f5f7f11d50a3a".
             Resolved file path is "/usr/share/dotnet/packs/Microsoft.NETCore.App.Ref/8.0.23/ref/net8.0/System.Security.Claims.dll".
             Reference found at search path location "{RawFileName}".
             This reference is not "CopyLocal" because at least one source item had "Private" set to "false" and no source items had "Private" set to "true".
             The ImageRuntimeVersion for this reference is "".
         Primary reference "System.Security.Cryptography.Algorithms, Version=8.0.0.0, Culture=neutral, PublicKeyToken=b03f5f7f11d50a3a".
             Resolved file path is "/usr/share/dotnet/packs/Microsoft.NETCore.App.Ref/8.0.23/ref/net8.0/System.Security.Cryptography.Algorithms.dll".
             Reference found at search path location "{RawFileName}".
             This reference is not "CopyLocal" because at least one source item had "Private" set to "false" and no source items had "Private" set to "true".
             The ImageRuntimeVersion for this reference is "".
         Primary reference "System.Security.Cryptography.Cng, Version=8.0.0.0, Culture=neutral, PublicKeyToken=b03f5f7f11d50a3a".
             Resolved file path is "/usr/share/dotnet/packs/Microsoft.NETCore.App.Ref/8.0.23/ref/net8.0/System.Security.Cryptography.Cng.dll".
             Reference found at search path location "{RawFileName}".
             This reference is not "CopyLocal" because at least one source item had "Private" set to "false" and no source items had "Private" set to "true".
             The ImageRuntimeVersion for this reference is "".
         Primary reference "System.Security.Cryptography.Csp, Version=8.0.0.0, Culture=neutral, PublicKeyToken=b03f5f7f11d50a3a".
             Resolved file path is "/usr/share/dotnet/packs/Microsoft.NETCore.App.Ref/8.0.23/ref/net8.0/System.Security.Cryptography.Csp.dll".
             Reference found at search path location "{RawFileName}".
             This reference is not "CopyLocal" because at least one source item had "Private" set to "false" and no source items had "Private" set to "true".
             The ImageRuntimeVersion for this reference is "".
         Primary reference "System.Security.Cryptography.Encoding, Version=8.0.0.0, Culture=neutral, PublicKeyToken=b03f5f7f11d50a3a".
             Resolved file path is "/usr/share/dotnet/packs/Microsoft.NETCore.App.Ref/8.0.23/ref/net8.0/System.Security.Cryptography.Encoding.dll".
             Reference found at search path location "{RawFileName}".
             This reference is not "CopyLocal" because at least one source item had "Private" set to "false" and no source items had "Private" set to "true".
             The ImageRuntimeVersion for this reference is "".
         Primary reference "System.Security.Cryptography.OpenSsl, Version=8.0.0.0, Culture=neutral, PublicKeyToken=b03f5f7f11d50a3a".
             Resolved file path is "/usr/share/dotnet/packs/Microsoft.NETCore.App.Ref/8.0.23/ref/net8.0/System.Security.Cryptography.OpenSsl.dll".
             Reference found at search path location "{RawFileName}".
             This reference is not "CopyLocal" because at least one source item had "Private" set to "false" and no source items had "Private" set to "true".
             The ImageRuntimeVersion for this reference is "".
         Primary reference "System.Security.Cryptography.Primitives, Version=8.0.0.0, Culture=neutral, PublicKeyToken=b03f5f7f11d50a3a".
             Resolved file path is "/usr/share/dotnet/packs/Microsoft.NETCore.App.Ref/8.0.23/ref/net8.0/System.Security.Cryptography.Primitives.dll".
             Reference found at search path location "{RawFileName}".
             This reference is not "CopyLocal" because at least one source item had "Private" set to "false" and no source items had "Private" set to "true".
             The ImageRuntimeVersion for this reference is "".
         Primary reference "System.Security.Cryptography.X509Certificates, Version=8.0.0.0, Culture=neutral, PublicKeyToken=b03f5f7f11d50a3a".
             Resolved file path is "/usr/share/dotnet/packs/Microsoft.NETCore.App.Ref/8.0.23/ref/net8.0/System.Security.Cryptography.X509Certificates.dll".
             Reference found at search path location "{RawFileName}".
             This reference is not "CopyLocal" because at least one source item had "Private" set to "false" and no source items had "Private" set to "true".
             The ImageRuntimeVersion for this reference is "".
         Primary reference "System.Security.Cryptography, Version=8.0.0.0, Culture=neutral, PublicKeyToken=b03f5f7f11d50a3a".
             Resolved file path is "/usr/share/dotnet/packs/Microsoft.NETCore.App.Ref/8.0.23/ref/net8.0/System.Security.Cryptography.dll".
             Reference found at search path location "{RawFileName}".
             This reference is not "CopyLocal" because at least one source item had "Private" set to "false" and no source items had "Private" set to "true".
             The ImageRuntimeVersion for this reference is "".
         Primary reference "System.Security.Principal.Windows, Version=8.0.0.0, Culture=neutral, PublicKeyToken=b03f5f7f11d50a3a".
             Resolved file path is "/usr/share/dotnet/packs/Microsoft.NETCore.App.Ref/8.0.23/ref/net8.0/System.Security.Principal.Windows.dll".
             Reference found at search path location "{RawFileName}".
             This reference is not "CopyLocal" because at least one source item had "Private" set to "false" and no source items had "Private" set to "true".
             The ImageRuntimeVersion for this reference is "".
         Primary reference "System.Security.Principal, Version=8.0.0.0, Culture=neutral, PublicKeyToken=b03f5f7f11d50a3a".
             Resolved file path is "/usr/share/dotnet/packs/Microsoft.NETCore.App.Ref/8.0.23/ref/net8.0/System.Security.Principal.dll".
             Reference found at search path location "{RawFileName}".
             This reference is not "CopyLocal" because at least one source item had "Private" set to "false" and no source items had "Private" set to "true".
             The ImageRuntimeVersion for this reference is "".
         Primary reference "System.Security.SecureString, Version=8.0.0.0, Culture=neutral, PublicKeyToken=b03f5f7f11d50a3a".
             Resolved file path is "/usr/share/dotnet/packs/Microsoft.NETCore.App.Ref/8.0.23/ref/net8.0/System.Security.SecureString.dll".
             Reference found at search path location "{RawFileName}".
             This reference is not "CopyLocal" because at least one source item had "Private" set to "false" and no source items had "Private" set to "true".
             The ImageRuntimeVersion for this reference is "".
         Primary reference "System.Security, Version=4.0.0.0, Culture=neutral, PublicKeyToken=b03f5f7f11d50a3a".
             Resolved file path is "/usr/share/dotnet/packs/Microsoft.NETCore.App.Ref/8.0.23/ref/net8.0/System.Security.dll".
             Reference found at search path location "{RawFileName}".
             This reference is not "CopyLocal" because at least one source item had "Private" set to "false" and no source items had "Private" set to "true".
             The ImageRuntimeVersion for this reference is "".
         Primary reference "System.ServiceModel.Web, Version=4.0.0.0, Culture=neutral, PublicKeyToken=31bf3856ad364e35".
             Resolved file path is "/usr/share/dotnet/packs/Microsoft.NETCore.App.Ref/8.0.23/ref/net8.0/System.ServiceModel.Web.dll".
             Reference found at search path location "{RawFileName}".
             This reference is not "CopyLocal" because at least one source item had "Private" set to "false" and no source items had "Private" set to "true".
             The ImageRuntimeVersion for this reference is "".
         Primary reference "System.ServiceProcess, Version=4.0.0.0, Culture=neutral, PublicKeyToken=b03f5f7f11d50a3a".
             Resolved file path is "/usr/share/dotnet/packs/Microsoft.NETCore.App.Ref/8.0.23/ref/net8.0/System.ServiceProcess.dll".
             Reference found at search path location "{RawFileName}".
             This reference is not "CopyLocal" because at least one source item had "Private" set to "false" and no source items had "Private" set to "true".
             The ImageRuntimeVersion for this reference is "".
         Primary reference "System.Text.Encoding.CodePages, Version=8.0.0.0, Culture=neutral, PublicKeyToken=b03f5f7f11d50a3a".
             Resolved file path is "/usr/share/dotnet/packs/Microsoft.NETCore.App.Ref/8.0.23/ref/net8.0/System.Text.Encoding.CodePages.dll".
             Reference found at search path location "{RawFileName}".
             This reference is not "CopyLocal" because at least one source item had "Private" set to "false" and no source items had "Private" set to "true".
             The ImageRuntimeVersion for this reference is "".
         Primary reference "System.Text.Encoding.Extensions, Version=8.0.0.0, Culture=neutral, PublicKeyToken=b03f5f7f11d50a3a".
             Resolved file path is "/usr/share/dotnet/packs/Microsoft.NETCore.App.Ref/8.0.23/ref/net8.0/System.Text.Encoding.Extensions.dll".
             Reference found at search path location "{RawFileName}".
             This reference is not "CopyLocal" because at least one source item had "Private" set to "false" and no source items had "Private" set to "true".
             The ImageRuntimeVersion for this reference is "".
         Primary reference "System.Text.Encoding, Version=8.0.0.0, Culture=neutral, PublicKeyToken=b03f5f7f11d50a3a".
             Resolved file path is "/usr/share/dotnet/packs/Microsoft.NETCore.App.Ref/8.0.23/ref/net8.0/System.Text.Encoding.dll".
             Reference found at search path location "{RawFileName}".
             This reference is not "CopyLocal" because at least one source item had "Private" set to "false" and no source items had "Private" set to "true".
             The ImageRuntimeVersion for this reference is "".
         Primary reference "System.Text.Encodings.Web, Version=8.0.0.0, Culture=neutral, PublicKeyToken=cc7b13ffcd2ddd51".
             Resolved file path is "/usr/share/dotnet/packs/Microsoft.NETCore.App.Ref/8.0.23/ref/net8.0/System.Text.Encodings.Web.dll".
             Reference found at search path location "{RawFileName}".
             This reference is not "CopyLocal" because at least one source item had "Private" set to "false" and no source items had "Private" set to "true".
             The ImageRuntimeVersion for this reference is "".
         Primary reference "System.Text.Json, Version=8.0.0.0, Culture=neutral, PublicKeyToken=cc7b13ffcd2ddd51".
             Resolved file path is "/usr/share/dotnet/packs/Microsoft.NETCore.App.Ref/8.0.23/ref/net8.0/System.Text.Json.dll".
             Reference found at search path location "{RawFileName}".
             This reference is not "CopyLocal" because at least one source item had "Private" set to "false" and no source items had "Private" set to "true".
             The ImageRuntimeVersion for this reference is "".
         Primary reference "System.Text.RegularExpressions, Version=8.0.0.0, Culture=neutral, PublicKeyToken=b03f5f7f11d50a3a".
             Resolved file path is "/usr/share/dotnet/packs/Microsoft.NETCore.App.Ref/8.0.23/ref/net8.0/System.Text.RegularExpressions.dll".
             Reference found at search path location "{RawFileName}".
             This reference is not "CopyLocal" because at least one source item had "Private" set to "false" and no source items had "Private" set to "true".
             The ImageRuntimeVersion for this reference is "".
         Primary reference "System.Threading.Channels, Version=8.0.0.0, Culture=neutral, PublicKeyToken=cc7b13ffcd2ddd51".
             Resolved file path is "/usr/share/dotnet/packs/Microsoft.NETCore.App.Ref/8.0.23/ref/net8.0/System.Threading.Channels.dll".
             Reference found at search path location "{RawFileName}".
             This reference is not "CopyLocal" because at least one source item had "Private" set to "false" and no source items had "Private" set to "true".
             The ImageRuntimeVersion for this reference is "".
         Primary reference "System.Threading.Overlapped, Version=8.0.0.0, Culture=neutral, PublicKeyToken=b03f5f7f11d50a3a".
             Resolved file path is "/usr/share/dotnet/packs/Microsoft.NETCore.App.Ref/8.0.23/ref/net8.0/System.Threading.Overlapped.dll".
             Reference found at search path location "{RawFileName}".
             This reference is not "CopyLocal" because at least one source item had "Private" set to "false" and no source items had "Private" set to "true".
             The ImageRuntimeVersion for this reference is "".
         Primary reference "System.Threading.Tasks.Dataflow, Version=8.0.0.0, Culture=neutral, PublicKeyToken=b03f5f7f11d50a3a".
             Resolved file path is "/usr/share/dotnet/packs/Microsoft.NETCore.App.Ref/8.0.23/ref/net8.0/System.Threading.Tasks.Dataflow.dll".
             Reference found at search path location "{RawFileName}".
             This reference is not "CopyLocal" because at least one source item had "Private" set to "false" and no source items had "Private" set to "true".
             The ImageRuntimeVersion for this reference is "".
         Primary reference "System.Threading.Tasks.Extensions, Version=8.0.0.0, Culture=neutral, PublicKeyToken=cc7b13ffcd2ddd51".
             Resolved file path is "/usr/share/dotnet/packs/Microsoft.NETCore.App.Ref/8.0.23/ref/net8.0/System.Threading.Tasks.Extensions.dll".
             Reference found at search path location "{RawFileName}".
             This reference is not "CopyLocal" because at least one source item had "Private" set to "false" and no source items had "Private" set to "true".
             The ImageRuntimeVersion for this reference is "".
         Primary reference "System.Threading.Tasks.Parallel, Version=8.0.0.0, Culture=neutral, PublicKeyToken=b03f5f7f11d50a3a".
             Resolved file path is "/usr/share/dotnet/packs/Microsoft.NETCore.App.Ref/8.0.23/ref/net8.0/System.Threading.Tasks.Parallel.dll".
             Reference found at search path location "{RawFileName}".
             This reference is not "CopyLocal" because at least one source item had "Private" set to "false" and no source items had "Private" set to "true".
             The ImageRuntimeVersion for this reference is "".
         Primary reference "System.Threading.Tasks, Version=8.0.0.0, Culture=neutral, PublicKeyToken=b03f5f7f11d50a3a".
             Resolved file path is "/usr/share/dotnet/packs/Microsoft.NETCore.App.Ref/8.0.23/ref/net8.0/System.Threading.Tasks.dll".
             Reference found at search path location "{RawFileName}".
             This reference is not "CopyLocal" because at least one source item had "Private" set to "false" and no source items had "Private" set to "true".
             The ImageRuntimeVersion for this reference is "".
         Primary reference "System.Threading.Thread, Version=8.0.0.0, Culture=neutral, PublicKeyToken=b03f5f7f11d50a3a".
             Resolved file path is "/usr/share/dotnet/packs/Microsoft.NETCore.App.Ref/8.0.23/ref/net8.0/System.Threading.Thread.dll".
             Reference found at search path location "{RawFileName}".
             This reference is not "CopyLocal" because at least one source item had "Private" set to "false" and no source items had "Private" set to "true".
             The ImageRuntimeVersion for this reference is "".
         Primary reference "System.Threading.ThreadPool, Version=8.0.0.0, Culture=neutral, PublicKeyToken=b03f5f7f11d50a3a".
             Resolved file path is "/usr/share/dotnet/packs/Microsoft.NETCore.App.Ref/8.0.23/ref/net8.0/System.Threading.ThreadPool.dll".
             Reference found at search path location "{RawFileName}".
             This reference is not "CopyLocal" because at least one source item had "Private" set to "false" and no source items had "Private" set to "true".
             The ImageRuntimeVersion for this reference is "".
         Primary reference "System.Threading.Timer, Version=8.0.0.0, Culture=neutral, PublicKeyToken=b03f5f7f11d50a3a".
             Resolved file path is "/usr/share/dotnet/packs/Microsoft.NETCore.App.Ref/8.0.23/ref/net8.0/System.Threading.Timer.dll".
             Reference found at search path location "{RawFileName}".
             This reference is not "CopyLocal" because at least one source item had "Private" set to "false" and no source items had "Private" set to "true".
             The ImageRuntimeVersion for this reference is "".
         Primary reference "System.Threading, Version=8.0.0.0, Culture=neutral, PublicKeyToken=b03f5f7f11d50a3a".
             Resolved file path is "/usr/share/dotnet/packs/Microsoft.NETCore.App.Ref/8.0.23/ref/net8.0/System.Threading.dll".
             Reference found at search path location "{RawFileName}".
             This reference is not "CopyLocal" because at least one source item had "Private" set to "false" and no source items had "Private" set to "true".
             The ImageRuntimeVersion for this reference is "".
         Primary reference "System.Transactions.Local, Version=8.0.0.0, Culture=neutral, PublicKeyToken=cc7b13ffcd2ddd51".
             Resolved file path is "/usr/share/dotnet/packs/Microsoft.NETCore.App.Ref/8.0.23/ref/net8.0/System.Transactions.Local.dll".
             Reference found at search path location "{RawFileName}".
             This reference is not "CopyLocal" because at least one source item had "Private" set to "false" and no source items had "Private" set to "true".
             The ImageRuntimeVersion for this reference is "".
         Primary reference "System.Transactions, Version=4.0.0.0, Culture=neutral, PublicKeyToken=b77a5c561934e089".
             Resolved file path is "/usr/share/dotnet/packs/Microsoft.NETCore.App.Ref/8.0.23/ref/net8.0/System.Transactions.dll".
             Reference found at search path location "{RawFileName}".
             This reference is not "CopyLocal" because at least one source item had "Private" set to "false" and no source items had "Private" set to "true".
             The ImageRuntimeVersion for this reference is "".
         Primary reference "System.ValueTuple, Version=8.0.0.0, Culture=neutral, PublicKeyToken=cc7b13ffcd2ddd51".
             Resolved file path is "/usr/share/dotnet/packs/Microsoft.NETCore.App.Ref/8.0.23/ref/net8.0/System.ValueTuple.dll".
             Reference found at search path location "{RawFileName}".
             This reference is not "CopyLocal" because at least one source item had "Private" set to "false" and no source items had "Private" set to "true".
             The ImageRuntimeVersion for this reference is "".
         Primary reference "System.Web.HttpUtility, Version=8.0.0.0, Culture=neutral, PublicKeyToken=cc7b13ffcd2ddd51".
             Resolved file path is "/usr/share/dotnet/packs/Microsoft.NETCore.App.Ref/8.0.23/ref/net8.0/System.Web.HttpUtility.dll".
             Reference found at search path location "{RawFileName}".
             This reference is not "CopyLocal" because at least one source item had "Private" set to "false" and no source items had "Private" set to "true".
             The ImageRuntimeVersion for this reference is "".
         Primary reference "System.Web, Version=4.0.0.0, Culture=neutral, PublicKeyToken=b03f5f7f11d50a3a".
             Resolved file path is "/usr/share/dotnet/packs/Microsoft.NETCore.App.Ref/8.0.23/ref/net8.0/System.Web.dll".
             Reference found at search path location "{RawFileName}".
             This reference is not "CopyLocal" because at least one source item had "Private" set to "false" and no source items had "Private" set to "true".
             The ImageRuntimeVersion for this reference is "".
         Primary reference "System.Windows, Version=4.0.0.0, Culture=neutral, PublicKeyToken=b03f5f7f11d50a3a".
             Resolved file path is "/usr/share/dotnet/packs/Microsoft.NETCore.App.Ref/8.0.23/ref/net8.0/System.Windows.dll".
             Reference found at search path location "{RawFileName}".
             This reference is not "CopyLocal" because at least one source item had "Private" set to "false" and no source items had "Private" set to "true".
             The ImageRuntimeVersion for this reference is "".
         Primary reference "System.Xml.Linq, Version=4.0.0.0, Culture=neutral, PublicKeyToken=b77a5c561934e089".
             Resolved file path is "/usr/share/dotnet/packs/Microsoft.NETCore.App.Ref/8.0.23/ref/net8.0/System.Xml.Linq.dll".
             Reference found at search path location "{RawFileName}".
             This reference is not "CopyLocal" because at least one source item had "Private" set to "false" and no source items had "Private" set to "true".
             The ImageRuntimeVersion for this reference is "".
         Primary reference "System.Xml.ReaderWriter, Version=8.0.0.0, Culture=neutral, PublicKeyToken=b03f5f7f11d50a3a".
             Resolved file path is "/usr/share/dotnet/packs/Microsoft.NETCore.App.Ref/8.0.23/ref/net8.0/System.Xml.ReaderWriter.dll".
             Reference found at search path location "{RawFileName}".
             This reference is not "CopyLocal" because at least one source item had "Private" set to "false" and no source items had "Private" set to "true".
             The ImageRuntimeVersion for this reference is "".
         Primary reference "System.Xml.Serialization, Version=4.0.0.0, Culture=neutral, PublicKeyToken=b77a5c561934e089".
             Resolved file path is "/usr/share/dotnet/packs/Microsoft.NETCore.App.Ref/8.0.23/ref/net8.0/System.Xml.Serialization.dll".
             Reference found at search path location "{RawFileName}".
             This reference is not "CopyLocal" because at least one source item had "Private" set to "false" and no source items had "Private" set to "true".
             The ImageRuntimeVersion for this reference is "".
         Primary reference "System.Xml.XDocument, Version=8.0.0.0, Culture=neutral, PublicKeyToken=b03f5f7f11d50a3a".
             Resolved file path is "/usr/share/dotnet/packs/Microsoft.NETCore.App.Ref/8.0.23/ref/net8.0/System.Xml.XDocument.dll".
             Reference found at search path location "{RawFileName}".
             This reference is not "CopyLocal" because at least one source item had "Private" set to "false" and no source items had "Private" set to "true".
             The ImageRuntimeVersion for this reference is "".
         Primary reference "System.Xml.XPath.XDocument, Version=8.0.0.0, Culture=neutral, PublicKeyToken=b03f5f7f11d50a3a".
             Resolved file path is "/usr/share/dotnet/packs/Microsoft.NETCore.App.Ref/8.0.23/ref/net8.0/System.Xml.XPath.XDocument.dll".
             Reference found at search path location "{RawFileName}".
             This reference is not "CopyLocal" because at least one source item had "Private" set to "false" and no source items had "Private" set to "true".
             The ImageRuntimeVersion for this reference is "".
         Primary reference "System.Xml.XPath, Version=8.0.0.0, Culture=neutral, PublicKeyToken=b03f5f7f11d50a3a".
             Resolved file path is "/usr/share/dotnet/packs/Microsoft.NETCore.App.Ref/8.0.23/ref/net8.0/System.Xml.XPath.dll".
             Reference found at search path location "{RawFileName}".
             This reference is not "CopyLocal" because at least one source item had "Private" set to "false" and no source items had "Private" set to "true".
             The ImageRuntimeVersion for this reference is "".
         Primary reference "System.Xml.XmlDocument, Version=8.0.0.0, Culture=neutral, PublicKeyToken=b03f5f7f11d50a3a".
             Resolved file path is "/usr/share/dotnet/packs/Microsoft.NETCore.App.Ref/8.0.23/ref/net8.0/System.Xml.XmlDocument.dll".
             Reference found at search path location "{RawFileName}".
             This reference is not "CopyLocal" because at least one source item had "Private" set to "false" and no source items had "Private" set to "true".
             The ImageRuntimeVersion for this reference is "".
         Primary reference "System.Xml.XmlSerializer, Version=8.0.0.0, Culture=neutral, PublicKeyToken=b03f5f7f11d50a3a".
             Resolved file path is "/usr/share/dotnet/packs/Microsoft.NETCore.App.Ref/8.0.23/ref/net8.0/System.Xml.XmlSerializer.dll".
             Reference found at search path location "{RawFileName}".
             This reference is not "CopyLocal" because at least one source item had "Private" set to "false" and no source items had "Private" set to "true".
             The ImageRuntimeVersion for this reference is "".
         Primary reference "System.Xml, Version=4.0.0.0, Culture=neutral, PublicKeyToken=b77a5c561934e089".
             Resolved file path is "/usr/share/dotnet/packs/Microsoft.NETCore.App.Ref/8.0.23/ref/net8.0/System.Xml.dll".
             Reference found at search path location "{RawFileName}".
             This reference is not "CopyLocal" because at least one source item had "Private" set to "false" and no source items had "Private" set to "true".
             The ImageRuntimeVersion for this reference is "".
         Primary reference "System, Version=4.0.0.0, Culture=neutral, PublicKeyToken=b77a5c561934e089".
             Resolved file path is "/usr/share/dotnet/packs/Microsoft.NETCore.App.Ref/8.0.23/ref/net8.0/System.dll".
             Reference found at search path location "{RawFileName}".
             This reference is not "CopyLocal" because at least one source item had "Private" set to "false" and no source items had "Private" set to "true".
             The ImageRuntimeVersion for this reference is "".
         Primary reference "WindowsBase, Version=4.0.0.0, Culture=neutral, PublicKeyToken=31bf3856ad364e35".
             Resolved file path is "/usr/share/dotnet/packs/Microsoft.NETCore.App.Ref/8.0.23/ref/net8.0/WindowsBase.dll".
             Reference found at search path location "{RawFileName}".
             This reference is not "CopyLocal" because at least one source item had "Private" set to "false" and no source items had "Private" set to "true".
             The ImageRuntimeVersion for this reference is "".
         Primary reference "mscorlib, Version=4.0.0.0, Culture=neutral, PublicKeyToken=b77a5c561934e089".
             Resolved file path is "/usr/share/dotnet/packs/Microsoft.NETCore.App.Ref/8.0.23/ref/net8.0/mscorlib.dll".
             Reference found at search path location "{RawFileName}".
             This reference is not "CopyLocal" because at least one source item had "Private" set to "false" and no source items had "Private" set to "true".
             The ImageRuntimeVersion for this reference is "".
         Primary reference "netstandard, Version=2.1.0.0, Culture=neutral, PublicKeyToken=cc7b13ffcd2ddd51".
             Resolved file path is "/usr/share/dotnet/packs/Microsoft.NETCore.App.Ref/8.0.23/ref/net8.0/netstandard.dll".
             Reference found at search path location "{RawFileName}".
             This reference is not "CopyLocal" because at least one source item had "Private" set to "false" and no source items had "Private" set to "true".
             The ImageRuntimeVersion for this reference is "".
         Primary reference "Microsoft.AspNetCore.Antiforgery, Version=8.0.0.0, Culture=neutral, PublicKeyToken=adb9793829ddae60".
             Resolved file path is "/usr/share/dotnet/packs/Microsoft.AspNetCore.App.Ref/8.0.23/ref/net8.0/Microsoft.AspNetCore.Antiforgery.dll".
             Reference found at search path location "{RawFileName}".
             This reference is not "CopyLocal" because at least one source item had "Private" set to "false" and no source items had "Private" set to "true".
             The ImageRuntimeVersion for this reference is "".
         Primary reference "Microsoft.AspNetCore.Authentication.Abstractions, Version=8.0.0.0, Culture=neutral, PublicKeyToken=adb9793829ddae60".
             Resolved file path is "/usr/share/dotnet/packs/Microsoft.AspNetCore.App.Ref/8.0.23/ref/net8.0/Microsoft.AspNetCore.Authentication.Abstractions.dll".
             Reference found at search path location "{RawFileName}".
             This reference is not "CopyLocal" because at least one source item had "Private" set to "false" and no source items had "Private" set to "true".
             The ImageRuntimeVersion for this reference is "".
         Primary reference "Microsoft.AspNetCore.Authentication.BearerToken, Version=8.0.0.0, Culture=neutral, PublicKeyToken=adb9793829ddae60".
             Resolved file path is "/usr/share/dotnet/packs/Microsoft.AspNetCore.App.Ref/8.0.23/ref/net8.0/Microsoft.AspNetCore.Authentication.BearerToken.dll".
             Reference found at search path location "{RawFileName}".
             This reference is not "CopyLocal" because at least one source item had "Private" set to "false" and no source items had "Private" set to "true".
             The ImageRuntimeVersion for this reference is "".
         Primary reference "Microsoft.AspNetCore.Authentication.Cookies, Version=8.0.0.0, Culture=neutral, PublicKeyToken=adb9793829ddae60".
             Resolved file path is "/usr/share/dotnet/packs/Microsoft.AspNetCore.App.Ref/8.0.23/ref/net8.0/Microsoft.AspNetCore.Authentication.Cookies.dll".
             Reference found at search path location "{RawFileName}".
             This reference is not "CopyLocal" because at least one source item had "Private" set to "false" and no source items had "Private" set to "true".
             The ImageRuntimeVersion for this reference is "".
         Primary reference "Microsoft.AspNetCore.Authentication.Core, Version=8.0.0.0, Culture=neutral, PublicKeyToken=adb9793829ddae60".
             Resolved file path is "/usr/share/dotnet/packs/Microsoft.AspNetCore.App.Ref/8.0.23/ref/net8.0/Microsoft.AspNetCore.Authentication.Core.dll".
             Reference found at search path location "{RawFileName}".
             This reference is not "CopyLocal" because at least one source item had "Private" set to "false" and no source items had "Private" set to "true".
             The ImageRuntimeVersion for this reference is "".
         Primary reference "Microsoft.AspNetCore.Authentication.OAuth, Version=8.0.0.0, Culture=neutral, PublicKeyToken=adb9793829ddae60".
             Resolved file path is "/usr/share/dotnet/packs/Microsoft.AspNetCore.App.Ref/8.0.23/ref/net8.0/Microsoft.AspNetCore.Authentication.OAuth.dll".
             Reference found at search path location "{RawFileName}".
             This reference is not "CopyLocal" because at least one source item had "Private" set to "false" and no source items had "Private" set to "true".
             The ImageRuntimeVersion for this reference is "".
         Primary reference "Microsoft.AspNetCore.Authentication, Version=8.0.0.0, Culture=neutral, PublicKeyToken=adb9793829ddae60".
             Resolved file path is "/usr/share/dotnet/packs/Microsoft.AspNetCore.App.Ref/8.0.23/ref/net8.0/Microsoft.AspNetCore.Authentication.dll".
             Reference found at search path location "{RawFileName}".
             This reference is not "CopyLocal" because at least one source item had "Private" set to "false" and no source items had "Private" set to "true".
             The ImageRuntimeVersion for this reference is "".
         Primary reference "Microsoft.AspNetCore.Authorization.Policy, Version=8.0.0.0, Culture=neutral, PublicKeyToken=adb9793829ddae60".
             Resolved file path is "/usr/share/dotnet/packs/Microsoft.AspNetCore.App.Ref/8.0.23/ref/net8.0/Microsoft.AspNetCore.Authorization.Policy.dll".
             Reference found at search path location "{RawFileName}".
             This reference is not "CopyLocal" because at least one source item had "Private" set to "false" and no source items had "Private" set to "true".
             The ImageRuntimeVersion for this reference is "".
         Primary reference "Microsoft.AspNetCore.Authorization, Version=8.0.0.0, Culture=neutral, PublicKeyToken=adb9793829ddae60".
             Resolved file path is "/usr/share/dotnet/packs/Microsoft.AspNetCore.App.Ref/8.0.23/ref/net8.0/Microsoft.AspNetCore.Authorization.dll".
             Reference found at search path location "{RawFileName}".
             This reference is not "CopyLocal" because at least one source item had "Private" set to "false" and no source items had "Private" set to "true".
             The ImageRuntimeVersion for this reference is "".
         Primary reference "Microsoft.AspNetCore.Components.Authorization, Version=8.0.0.0, Culture=neutral, PublicKeyToken=adb9793829ddae60".
             Resolved file path is "/usr/share/dotnet/packs/Microsoft.AspNetCore.App.Ref/8.0.23/ref/net8.0/Microsoft.AspNetCore.Components.Authorization.dll".
             Reference found at search path location "{RawFileName}".
             This reference is not "CopyLocal" because at least one source item had "Private" set to "false" and no source items had "Private" set to "true".
             The ImageRuntimeVersion for this reference is "".
         Primary reference "Microsoft.AspNetCore.Components.Endpoints, Version=8.0.0.0, Culture=neutral, PublicKeyToken=adb9793829ddae60".
             Resolved file path is "/usr/share/dotnet/packs/Microsoft.AspNetCore.App.Ref/8.0.23/ref/net8.0/Microsoft.AspNetCore.Components.Endpoints.dll".
             Reference found at search path location "{RawFileName}".
             This reference is not "CopyLocal" because at least one source item had "Private" set to "false" and no source items had "Private" set to "true".
             The ImageRuntimeVersion for this reference is "".
         Primary reference "Microsoft.AspNetCore.Components.Forms, Version=8.0.0.0, Culture=neutral, PublicKeyToken=adb9793829ddae60".
             Resolved file path is "/usr/share/dotnet/packs/Microsoft.AspNetCore.App.Ref/8.0.23/ref/net8.0/Microsoft.AspNetCore.Components.Forms.dll".
             Reference found at search path location "{RawFileName}".
             This reference is not "CopyLocal" because at least one source item had "Private" set to "false" and no source items had "Private" set to "true".
             The ImageRuntimeVersion for this reference is "".
         Primary reference "Microsoft.AspNetCore.Components.Server, Version=8.0.0.0, Culture=neutral, PublicKeyToken=adb9793829ddae60".
             Resolved file path is "/usr/share/dotnet/packs/Microsoft.AspNetCore.App.Ref/8.0.23/ref/net8.0/Microsoft.AspNetCore.Components.Server.dll".
             Reference found at search path location "{RawFileName}".
             This reference is not "CopyLocal" because at least one source item had "Private" set to "false" and no source items had "Private" set to "true".
             The ImageRuntimeVersion for this reference is "".
         Primary reference "Microsoft.AspNetCore.Components.Web, Version=8.0.0.0, Culture=neutral, PublicKeyToken=adb9793829ddae60".
             Resolved file path is "/usr/share/dotnet/packs/Microsoft.AspNetCore.App.Ref/8.0.23/ref/net8.0/Microsoft.AspNetCore.Components.Web.dll".
             Reference found at search path location "{RawFileName}".
             This reference is not "CopyLocal" because at least one source item had "Private" set to "false" and no source items had "Private" set to "true".
             The ImageRuntimeVersion for this reference is "".
         Primary reference "Microsoft.AspNetCore.Components, Version=8.0.0.0, Culture=neutral, PublicKeyToken=adb9793829ddae60".
             Resolved file path is "/usr/share/dotnet/packs/Microsoft.AspNetCore.App.Ref/8.0.23/ref/net8.0/Microsoft.AspNetCore.Components.dll".
             Reference found at search path location "{RawFileName}".
             This reference is not "CopyLocal" because at least one source item had "Private" set to "false" and no source items had "Private" set to "true".
             The ImageRuntimeVersion for this reference is "".
         Primary reference "Microsoft.AspNetCore.Connections.Abstractions, Version=8.0.0.0, Culture=neutral, PublicKeyToken=adb9793829ddae60".
             Resolved file path is "/usr/share/dotnet/packs/Microsoft.AspNetCore.App.Ref/8.0.23/ref/net8.0/Microsoft.AspNetCore.Connections.Abstractions.dll".
             Reference found at search path location "{RawFileName}".
             This reference is not "CopyLocal" because at least one source item had "Private" set to "false" and no source items had "Private" set to "true".
             The ImageRuntimeVersion for this reference is "".
         Primary reference "Microsoft.AspNetCore.CookiePolicy, Version=8.0.0.0, Culture=neutral, PublicKeyToken=adb9793829ddae60".
             Resolved file path is "/usr/share/dotnet/packs/Microsoft.AspNetCore.App.Ref/8.0.23/ref/net8.0/Microsoft.AspNetCore.CookiePolicy.dll".
             Reference found at search path location "{RawFileName}".
             This reference is not "CopyLocal" because at least one source item had "Private" set to "false" and no source items had "Private" set to "true".
             The ImageRuntimeVersion for this reference is "".
         Primary reference "Microsoft.AspNetCore.Cors, Version=8.0.0.0, Culture=neutral, PublicKeyToken=adb9793829ddae60".
             Resolved file path is "/usr/share/dotnet/packs/Microsoft.AspNetCore.App.Ref/8.0.23/ref/net8.0/Microsoft.AspNetCore.Cors.dll".
             Reference found at search path location "{RawFileName}".
             This reference is not "CopyLocal" because at least one source item had "Private" set to "false" and no source items had "Private" set to "true".
             The ImageRuntimeVersion for this reference is "".
         Primary reference "Microsoft.AspNetCore.Cryptography.Internal, Version=8.0.0.0, Culture=neutral, PublicKeyToken=adb9793829ddae60".
             Resolved file path is "/usr/share/dotnet/packs/Microsoft.AspNetCore.App.Ref/8.0.23/ref/net8.0/Microsoft.AspNetCore.Cryptography.Internal.dll".
             Reference found at search path location "{RawFileName}".
             This reference is not "CopyLocal" because at least one source item had "Private" set to "false" and no source items had "Private" set to "true".
             The ImageRuntimeVersion for this reference is "".
         Primary reference "Microsoft.AspNetCore.Cryptography.KeyDerivation, Version=8.0.0.0, Culture=neutral, PublicKeyToken=adb9793829ddae60".
             Resolved file path is "/usr/share/dotnet/packs/Microsoft.AspNetCore.App.Ref/8.0.23/ref/net8.0/Microsoft.AspNetCore.Cryptography.KeyDerivation.dll".
             Reference found at search path location "{RawFileName}".
             This reference is not "CopyLocal" because at least one source item had "Private" set to "false" and no source items had "Private" set to "true".
             The ImageRuntimeVersion for this reference is "".
         Primary reference "Microsoft.AspNetCore.DataProtection.Abstractions, Version=8.0.0.0, Culture=neutral, PublicKeyToken=adb9793829ddae60".
             Resolved file path is "/usr/share/dotnet/packs/Microsoft.AspNetCore.App.Ref/8.0.23/ref/net8.0/Microsoft.AspNetCore.DataProtection.Abstractions.dll".
             Reference found at search path location "{RawFileName}".
             This reference is not "CopyLocal" because at least one source item had "Private" set to "false" and no source items had "Private" set to "true".
             The ImageRuntimeVersion for this reference is "".
         Primary reference "Microsoft.AspNetCore.DataProtection.Extensions, Version=8.0.0.0, Culture=neutral, PublicKeyToken=adb9793829ddae60".
             Resolved file path is "/usr/share/dotnet/packs/Microsoft.AspNetCore.App.Ref/8.0.23/ref/net8.0/Microsoft.AspNetCore.DataProtection.Extensions.dll".
             Reference found at search path location "{RawFileName}".
             This reference is not "CopyLocal" because at least one source item had "Private" set to "false" and no source items had "Private" set to "true".
             The ImageRuntimeVersion for this reference is "".
         Primary reference "Microsoft.AspNetCore.DataProtection, Version=8.0.0.0, Culture=neutral, PublicKeyToken=adb9793829ddae60".
             Resolved file path is "/usr/share/dotnet/packs/Microsoft.AspNetCore.App.Ref/8.0.23/ref/net8.0/Microsoft.AspNetCore.DataProtection.dll".
             Reference found at search path location "{RawFileName}".
             This reference is not "CopyLocal" because at least one source item had "Private" set to "false" and no source items had "Private" set to "true".
             The ImageRuntimeVersion for this reference is "".
         Primary reference "Microsoft.AspNetCore.Diagnostics.Abstractions, Version=8.0.0.0, Culture=neutral, PublicKeyToken=adb9793829ddae60".
             Resolved file path is "/usr/share/dotnet/packs/Microsoft.AspNetCore.App.Ref/8.0.23/ref/net8.0/Microsoft.AspNetCore.Diagnostics.Abstractions.dll".
             Reference found at search path location "{RawFileName}".
             This reference is not "CopyLocal" because at least one source item had "Private" set to "false" and no source items had "Private" set to "true".
             The ImageRuntimeVersion for this reference is "".
         Primary reference "Microsoft.AspNetCore.Diagnostics.HealthChecks, Version=8.0.0.0, Culture=neutral, PublicKeyToken=adb9793829ddae60".
             Resolved file path is "/usr/share/dotnet/packs/Microsoft.AspNetCore.App.Ref/8.0.23/ref/net8.0/Microsoft.AspNetCore.Diagnostics.HealthChecks.dll".
             Reference found at search path location "{RawFileName}".
             This reference is not "CopyLocal" because at least one source item had "Private" set to "false" and no source items had "Private" set to "true".
             The ImageRuntimeVersion for this reference is "".
         Primary reference "Microsoft.AspNetCore.Diagnostics, Version=8.0.0.0, Culture=neutral, PublicKeyToken=adb9793829ddae60".
             Resolved file path is "/usr/share/dotnet/packs/Microsoft.AspNetCore.App.Ref/8.0.23/ref/net8.0/Microsoft.AspNetCore.Diagnostics.dll".
             Reference found at search path location "{RawFileName}".
             This reference is not "CopyLocal" because at least one source item had "Private" set to "false" and no source items had "Private" set to "true".
             The ImageRuntimeVersion for this reference is "".
         Primary reference "Microsoft.AspNetCore.HostFiltering, Version=8.0.0.0, Culture=neutral, PublicKeyToken=adb9793829ddae60".
             Resolved file path is "/usr/share/dotnet/packs/Microsoft.AspNetCore.App.Ref/8.0.23/ref/net8.0/Microsoft.AspNetCore.HostFiltering.dll".
             Reference found at search path location "{RawFileName}".
             This reference is not "CopyLocal" because at least one source item had "Private" set to "false" and no source items had "Private" set to "true".
             The ImageRuntimeVersion for this reference is "".
         Primary reference "Microsoft.AspNetCore.Hosting.Abstractions, Version=8.0.0.0, Culture=neutral, PublicKeyToken=adb9793829ddae60".
             Resolved file path is "/usr/share/dotnet/packs/Microsoft.AspNetCore.App.Ref/8.0.23/ref/net8.0/Microsoft.AspNetCore.Hosting.Abstractions.dll".
             Reference found at search path location "{RawFileName}".
             This reference is not "CopyLocal" because at least one source item had "Private" set to "false" and no source items had "Private" set to "true".
             The ImageRuntimeVersion for this reference is "".
         Primary reference "Microsoft.AspNetCore.Hosting.Server.Abstractions, Version=8.0.0.0, Culture=neutral, PublicKeyToken=adb9793829ddae60".
             Resolved file path is "/usr/share/dotnet/packs/Microsoft.AspNetCore.App.Ref/8.0.23/ref/net8.0/Microsoft.AspNetCore.Hosting.Server.Abstractions.dll".
             Reference found at search path location "{RawFileName}".
             This reference is not "CopyLocal" because at least one source item had "Private" set to "false" and no source items had "Private" set to "true".
             The ImageRuntimeVersion for this reference is "".
         Primary reference "Microsoft.AspNetCore.Hosting, Version=8.0.0.0, Culture=neutral, PublicKeyToken=adb9793829ddae60".
             Resolved file path is "/usr/share/dotnet/packs/Microsoft.AspNetCore.App.Ref/8.0.23/ref/net8.0/Microsoft.AspNetCore.Hosting.dll".
             Reference found at search path location "{RawFileName}".
             This reference is not "CopyLocal" because at least one source item had "Private" set to "false" and no source items had "Private" set to "true".
             The ImageRuntimeVersion for this reference is "".
         Primary reference "Microsoft.AspNetCore.Html.Abstractions, Version=8.0.0.0, Culture=neutral, PublicKeyToken=adb9793829ddae60".
             Resolved file path is "/usr/share/dotnet/packs/Microsoft.AspNetCore.App.Ref/8.0.23/ref/net8.0/Microsoft.AspNetCore.Html.Abstractions.dll".
             Reference found at search path location "{RawFileName}".
             This reference is not "CopyLocal" because at least one source item had "Private" set to "false" and no source items had "Private" set to "true".
             The ImageRuntimeVersion for this reference is "".
         Primary reference "Microsoft.AspNetCore.Http.Abstractions, Version=8.0.0.0, Culture=neutral, PublicKeyToken=adb9793829ddae60".
             Resolved file path is "/usr/share/dotnet/packs/Microsoft.AspNetCore.App.Ref/8.0.23/ref/net8.0/Microsoft.AspNetCore.Http.Abstractions.dll".
             Reference found at search path location "{RawFileName}".
             This reference is not "CopyLocal" because at least one source item had "Private" set to "false" and no source items had "Private" set to "true".
             The ImageRuntimeVersion for this reference is "".
         Primary reference "Microsoft.AspNetCore.Http.Connections.Common, Version=8.0.0.0, Culture=neutral, PublicKeyToken=adb9793829ddae60".
             Resolved file path is "/usr/share/dotnet/packs/Microsoft.AspNetCore.App.Ref/8.0.23/ref/net8.0/Microsoft.AspNetCore.Http.Connections.Common.dll".
             Reference found at search path location "{RawFileName}".
             This reference is not "CopyLocal" because at least one source item had "Private" set to "false" and no source items had "Private" set to "true".
             The ImageRuntimeVersion for this reference is "".
         Primary reference "Microsoft.AspNetCore.Http.Connections, Version=8.0.0.0, Culture=neutral, PublicKeyToken=adb9793829ddae60".
             Resolved file path is "/usr/share/dotnet/packs/Microsoft.AspNetCore.App.Ref/8.0.23/ref/net8.0/Microsoft.AspNetCore.Http.Connections.dll".
             Reference found at search path location "{RawFileName}".
             This reference is not "CopyLocal" because at least one source item had "Private" set to "false" and no source items had "Private" set to "true".
             The ImageRuntimeVersion for this reference is "".
         Primary reference "Microsoft.AspNetCore.Http.Extensions, Version=8.0.0.0, Culture=neutral, PublicKeyToken=adb9793829ddae60".
             Resolved file path is "/usr/share/dotnet/packs/Microsoft.AspNetCore.App.Ref/8.0.23/ref/net8.0/Microsoft.AspNetCore.Http.Extensions.dll".
             Reference found at search path location "{RawFileName}".
             This reference is not "CopyLocal" because at least one source item had "Private" set to "false" and no source items had "Private" set to "true".
             The ImageRuntimeVersion for this reference is "".
         Primary reference "Microsoft.AspNetCore.Http.Features, Version=8.0.0.0, Culture=neutral, PublicKeyToken=adb9793829ddae60".
             Resolved file path is "/usr/share/dotnet/packs/Microsoft.AspNetCore.App.Ref/8.0.23/ref/net8.0/Microsoft.AspNetCore.Http.Features.dll".
             Reference found at search path location "{RawFileName}".
             This reference is not "CopyLocal" because at least one source item had "Private" set to "false" and no source items had "Private" set to "true".
             The ImageRuntimeVersion for this reference is "".
         Primary reference "Microsoft.AspNetCore.Http.Results, Version=8.0.0.0, Culture=neutral, PublicKeyToken=adb9793829ddae60".
             Resolved file path is "/usr/share/dotnet/packs/Microsoft.AspNetCore.App.Ref/8.0.23/ref/net8.0/Microsoft.AspNetCore.Http.Results.dll".
             Reference found at search path location "{RawFileName}".
             This reference is not "CopyLocal" because at least one source item had "Private" set to "false" and no source items had "Private" set to "true".
             The ImageRuntimeVersion for this reference is "".
         Primary reference "Microsoft.AspNetCore.Http, Version=8.0.0.0, Culture=neutral, PublicKeyToken=adb9793829ddae60".
             Resolved file path is "/usr/share/dotnet/packs/Microsoft.AspNetCore.App.Ref/8.0.23/ref/net8.0/Microsoft.AspNetCore.Http.dll".
             Reference found at search path location "{RawFileName}".
             This reference is not "CopyLocal" because at least one source item had "Private" set to "false" and no source items had "Private" set to "true".
             The ImageRuntimeVersion for this reference is "".
         Primary reference "Microsoft.AspNetCore.HttpLogging, Version=8.0.0.0, Culture=neutral, PublicKeyToken=adb9793829ddae60".
             Resolved file path is "/usr/share/dotnet/packs/Microsoft.AspNetCore.App.Ref/8.0.23/ref/net8.0/Microsoft.AspNetCore.HttpLogging.dll".
             Reference found at search path location "{RawFileName}".
             This reference is not "CopyLocal" because at least one source item had "Private" set to "false" and no source items had "Private" set to "true".
             The ImageRuntimeVersion for this reference is "".
         Primary reference "Microsoft.AspNetCore.HttpOverrides, Version=8.0.0.0, Culture=neutral, PublicKeyToken=adb9793829ddae60".
             Resolved file path is "/usr/share/dotnet/packs/Microsoft.AspNetCore.App.Ref/8.0.23/ref/net8.0/Microsoft.AspNetCore.HttpOverrides.dll".
             Reference found at search path location "{RawFileName}".
             This reference is not "CopyLocal" because at least one source item had "Private" set to "false" and no source items had "Private" set to "true".
             The ImageRuntimeVersion for this reference is "".
         Primary reference "Microsoft.AspNetCore.HttpsPolicy, Version=8.0.0.0, Culture=neutral, PublicKeyToken=adb9793829ddae60".
             Resolved file path is "/usr/share/dotnet/packs/Microsoft.AspNetCore.App.Ref/8.0.23/ref/net8.0/Microsoft.AspNetCore.HttpsPolicy.dll".
             Reference found at search path location "{RawFileName}".
             This reference is not "CopyLocal" because at least one source item had "Private" set to "false" and no source items had "Private" set to "true".
             The ImageRuntimeVersion for this reference is "".
         Primary reference "Microsoft.AspNetCore.Identity, Version=8.0.0.0, Culture=neutral, PublicKeyToken=adb9793829ddae60".
             Resolved file path is "/usr/share/dotnet/packs/Microsoft.AspNetCore.App.Ref/8.0.23/ref/net8.0/Microsoft.AspNetCore.Identity.dll".
             Reference found at search path location "{RawFileName}".
             This reference is not "CopyLocal" because at least one source item had "Private" set to "false" and no source items had "Private" set to "true".
             The ImageRuntimeVersion for this reference is "".
         Primary reference "Microsoft.AspNetCore.Localization.Routing, Version=8.0.0.0, Culture=neutral, PublicKeyToken=adb9793829ddae60".
             Resolved file path is "/usr/share/dotnet/packs/Microsoft.AspNetCore.App.Ref/8.0.23/ref/net8.0/Microsoft.AspNetCore.Localization.Routing.dll".
             Reference found at search path location "{RawFileName}".
             This reference is not "CopyLocal" because at least one source item had "Private" set to "false" and no source items had "Private" set to "true".
             The ImageRuntimeVersion for this reference is "".
         Primary reference "Microsoft.AspNetCore.Localization, Version=8.0.0.0, Culture=neutral, PublicKeyToken=adb9793829ddae60".
             Resolved file path is "/usr/share/dotnet/packs/Microsoft.AspNetCore.App.Ref/8.0.23/ref/net8.0/Microsoft.AspNetCore.Localization.dll".
             Reference found at search path location "{RawFileName}".
             This reference is not "CopyLocal" because at least one source item had "Private" set to "false" and no source items had "Private" set to "true".
             The ImageRuntimeVersion for this reference is "".
         Primary reference "Microsoft.AspNetCore.Metadata, Version=8.0.0.0, Culture=neutral, PublicKeyToken=adb9793829ddae60".
             Resolved file path is "/usr/share/dotnet/packs/Microsoft.AspNetCore.App.Ref/8.0.23/ref/net8.0/Microsoft.AspNetCore.Metadata.dll".
             Reference found at search path location "{RawFileName}".
             This reference is not "CopyLocal" because at least one source item had "Private" set to "false" and no source items had "Private" set to "true".
             The ImageRuntimeVersion for this reference is "".
         Primary reference "Microsoft.AspNetCore.Mvc.Abstractions, Version=8.0.0.0, Culture=neutral, PublicKeyToken=adb9793829ddae60".
             Resolved file path is "/usr/share/dotnet/packs/Microsoft.AspNetCore.App.Ref/8.0.23/ref/net8.0/Microsoft.AspNetCore.Mvc.Abstractions.dll".
             Reference found at search path location "{RawFileName}".
             This reference is not "CopyLocal" because at least one source item had "Private" set to "false" and no source items had "Private" set to "true".
             The ImageRuntimeVersion for this reference is "".
         Primary reference "Microsoft.AspNetCore.Mvc.ApiExplorer, Version=8.0.0.0, Culture=neutral, PublicKeyToken=adb9793829ddae60".
             Resolved file path is "/usr/share/dotnet/packs/Microsoft.AspNetCore.App.Ref/8.0.23/ref/net8.0/Microsoft.AspNetCore.Mvc.ApiExplorer.dll".
             Reference found at search path location "{RawFileName}".
             This reference is not "CopyLocal" because at least one source item had "Private" set to "false" and no source items had "Private" set to "true".
             The ImageRuntimeVersion for this reference is "".
         Primary reference "Microsoft.AspNetCore.Mvc.Core, Version=8.0.0.0, Culture=neutral, PublicKeyToken=adb9793829ddae60".
             Resolved file path is "/usr/share/dotnet/packs/Microsoft.AspNetCore.App.Ref/8.0.23/ref/net8.0/Microsoft.AspNetCore.Mvc.Core.dll".
             Reference found at search path location "{RawFileName}".
             This reference is not "CopyLocal" because at least one source item had "Private" set to "false" and no source items had "Private" set to "true".
             The ImageRuntimeVersion for this reference is "".
         Primary reference "Microsoft.AspNetCore.Mvc.Cors, Version=8.0.0.0, Culture=neutral, PublicKeyToken=adb9793829ddae60".
             Resolved file path is "/usr/share/dotnet/packs/Microsoft.AspNetCore.App.Ref/8.0.23/ref/net8.0/Microsoft.AspNetCore.Mvc.Cors.dll".
             Reference found at search path location "{RawFileName}".
             This reference is not "CopyLocal" because at least one source item had "Private" set to "false" and no source items had "Private" set to "true".
             The ImageRuntimeVersion for this reference is "".
         Primary reference "Microsoft.AspNetCore.Mvc.DataAnnotations, Version=8.0.0.0, Culture=neutral, PublicKeyToken=adb9793829ddae60".
             Resolved file path is "/usr/share/dotnet/packs/Microsoft.AspNetCore.App.Ref/8.0.23/ref/net8.0/Microsoft.AspNetCore.Mvc.DataAnnotations.dll".
             Reference found at search path location "{RawFileName}".
             This reference is not "CopyLocal" because at least one source item had "Private" set to "false" and no source items had "Private" set to "true".
             The ImageRuntimeVersion for this reference is "".
         Primary reference "Microsoft.AspNetCore.Mvc.Formatters.Json, Version=8.0.0.0, Culture=neutral, PublicKeyToken=adb9793829ddae60".
             Resolved file path is "/usr/share/dotnet/packs/Microsoft.AspNetCore.App.Ref/8.0.23/ref/net8.0/Microsoft.AspNetCore.Mvc.Formatters.Json.dll".
             Reference found at search path location "{RawFileName}".
             This reference is not "CopyLocal" because at least one source item had "Private" set to "false" and no source items had "Private" set to "true".
             The ImageRuntimeVersion for this reference is "".
         Primary reference "Microsoft.AspNetCore.Mvc.Formatters.Xml, Version=8.0.0.0, Culture=neutral, PublicKeyToken=adb9793829ddae60".
             Resolved file path is "/usr/share/dotnet/packs/Microsoft.AspNetCore.App.Ref/8.0.23/ref/net8.0/Microsoft.AspNetCore.Mvc.Formatters.Xml.dll".
             Reference found at search path location "{RawFileName}".
             This reference is not "CopyLocal" because at least one source item had "Private" set to "false" and no source items had "Private" set to "true".
             The ImageRuntimeVersion for this reference is "".
         Primary reference "Microsoft.AspNetCore.Mvc.Localization, Version=8.0.0.0, Culture=neutral, PublicKeyToken=adb9793829ddae60".
             Resolved file path is "/usr/share/dotnet/packs/Microsoft.AspNetCore.App.Ref/8.0.23/ref/net8.0/Microsoft.AspNetCore.Mvc.Localization.dll".
             Reference found at search path location "{RawFileName}".
             This reference is not "CopyLocal" because at least one source item had "Private" set to "false" and no source items had "Private" set to "true".
             The ImageRuntimeVersion for this reference is "".
         Primary reference "Microsoft.AspNetCore.Mvc.Razor, Version=8.0.0.0, Culture=neutral, PublicKeyToken=adb9793829ddae60".
             Resolved file path is "/usr/share/dotnet/packs/Microsoft.AspNetCore.App.Ref/8.0.23/ref/net8.0/Microsoft.AspNetCore.Mvc.Razor.dll".
             Reference found at search path location "{RawFileName}".
             This reference is not "CopyLocal" because at least one source item had "Private" set to "false" and no source items had "Private" set to "true".
             The ImageRuntimeVersion for this reference is "".
         Primary reference "Microsoft.AspNetCore.Mvc.RazorPages, Version=8.0.0.0, Culture=neutral, PublicKeyToken=adb9793829ddae60".
             Resolved file path is "/usr/share/dotnet/packs/Microsoft.AspNetCore.App.Ref/8.0.23/ref/net8.0/Microsoft.AspNetCore.Mvc.RazorPages.dll".
             Reference found at search path location "{RawFileName}".
             This reference is not "CopyLocal" because at least one source item had "Private" set to "false" and no source items had "Private" set to "true".
             The ImageRuntimeVersion for this reference is "".
         Primary reference "Microsoft.AspNetCore.Mvc.TagHelpers, Version=8.0.0.0, Culture=neutral, PublicKeyToken=adb9793829ddae60".
             Resolved file path is "/usr/share/dotnet/packs/Microsoft.AspNetCore.App.Ref/8.0.23/ref/net8.0/Microsoft.AspNetCore.Mvc.TagHelpers.dll".
             Reference found at search path location "{RawFileName}".
             This reference is not "CopyLocal" because at least one source item had "Private" set to "false" and no source items had "Private" set to "true".
             The ImageRuntimeVersion for this reference is "".
         Primary reference "Microsoft.AspNetCore.Mvc.ViewFeatures, Version=8.0.0.0, Culture=neutral, PublicKeyToken=adb9793829ddae60".
             Resolved file path is "/usr/share/dotnet/packs/Microsoft.AspNetCore.App.Ref/8.0.23/ref/net8.0/Microsoft.AspNetCore.Mvc.ViewFeatures.dll".
             Reference found at search path location "{RawFileName}".
             This reference is not "CopyLocal" because at least one source item had "Private" set to "false" and no source items had "Private" set to "true".
             The ImageRuntimeVersion for this reference is "".
         Primary reference "Microsoft.AspNetCore.Mvc, Version=8.0.0.0, Culture=neutral, PublicKeyToken=adb9793829ddae60".
             Resolved file path is "/usr/share/dotnet/packs/Microsoft.AspNetCore.App.Ref/8.0.23/ref/net8.0/Microsoft.AspNetCore.Mvc.dll".
             Reference found at search path location "{RawFileName}".
             This reference is not "CopyLocal" because at least one source item had "Private" set to "false" and no source items had "Private" set to "true".
             The ImageRuntimeVersion for this reference is "".
         Primary reference "Microsoft.AspNetCore.OutputCaching, Version=8.0.0.0, Culture=neutral, PublicKeyToken=adb9793829ddae60".
             Resolved file path is "/usr/share/dotnet/packs/Microsoft.AspNetCore.App.Ref/8.0.23/ref/net8.0/Microsoft.AspNetCore.OutputCaching.dll".
             Reference found at search path location "{RawFileName}".
             This reference is not "CopyLocal" because at least one source item had "Private" set to "false" and no source items had "Private" set to "true".
             The ImageRuntimeVersion for this reference is "".
         Primary reference "Microsoft.AspNetCore.RateLimiting, Version=8.0.0.0, Culture=neutral, PublicKeyToken=adb9793829ddae60".
             Resolved file path is "/usr/share/dotnet/packs/Microsoft.AspNetCore.App.Ref/8.0.23/ref/net8.0/Microsoft.AspNetCore.RateLimiting.dll".
             Reference found at search path location "{RawFileName}".
             This reference is not "CopyLocal" because at least one source item had "Private" set to "false" and no source items had "Private" set to "true".
             The ImageRuntimeVersion for this reference is "".
         Primary reference "Microsoft.AspNetCore.Razor.Runtime, Version=8.0.0.0, Culture=neutral, PublicKeyToken=adb9793829ddae60".
             Resolved file path is "/usr/share/dotnet/packs/Microsoft.AspNetCore.App.Ref/8.0.23/ref/net8.0/Microsoft.AspNetCore.Razor.Runtime.dll".
             Reference found at search path location "{RawFileName}".
             This reference is not "CopyLocal" because at least one source item had "Private" set to "false" and no source items had "Private" set to "true".
             The ImageRuntimeVersion for this reference is "".
         Primary reference "Microsoft.AspNetCore.Razor, Version=8.0.0.0, Culture=neutral, PublicKeyToken=adb9793829ddae60".
             Resolved file path is "/usr/share/dotnet/packs/Microsoft.AspNetCore.App.Ref/8.0.23/ref/net8.0/Microsoft.AspNetCore.Razor.dll".
             Reference found at search path location "{RawFileName}".
             This reference is not "CopyLocal" because at least one source item had "Private" set to "false" and no source items had "Private" set to "true".
             The ImageRuntimeVersion for this reference is "".
         Primary reference "Microsoft.AspNetCore.RequestDecompression, Version=8.0.0.0, Culture=neutral, PublicKeyToken=adb9793829ddae60".
             Resolved file path is "/usr/share/dotnet/packs/Microsoft.AspNetCore.App.Ref/8.0.23/ref/net8.0/Microsoft.AspNetCore.RequestDecompression.dll".
             Reference found at search path location "{RawFileName}".
             This reference is not "CopyLocal" because at least one source item had "Private" set to "false" and no source items had "Private" set to "true".
             The ImageRuntimeVersion for this reference is "".
         Primary reference "Microsoft.AspNetCore.ResponseCaching.Abstractions, Version=8.0.0.0, Culture=neutral, PublicKeyToken=adb9793829ddae60".
             Resolved file path is "/usr/share/dotnet/packs/Microsoft.AspNetCore.App.Ref/8.0.23/ref/net8.0/Microsoft.AspNetCore.ResponseCaching.Abstractions.dll".
             Reference found at search path location "{RawFileName}".
             This reference is not "CopyLocal" because at least one source item had "Private" set to "false" and no source items had "Private" set to "true".
             The ImageRuntimeVersion for this reference is "".
         Primary reference "Microsoft.AspNetCore.ResponseCaching, Version=8.0.0.0, Culture=neutral, PublicKeyToken=adb9793829ddae60".
             Resolved file path is "/usr/share/dotnet/packs/Microsoft.AspNetCore.App.Ref/8.0.23/ref/net8.0/Microsoft.AspNetCore.ResponseCaching.dll".
             Reference found at search path location "{RawFileName}".
             This reference is not "CopyLocal" because at least one source item had "Private" set to "false" and no source items had "Private" set to "true".
             The ImageRuntimeVersion for this reference is "".
         Primary reference "Microsoft.AspNetCore.ResponseCompression, Version=8.0.0.0, Culture=neutral, PublicKeyToken=adb9793829ddae60".
             Resolved file path is "/usr/share/dotnet/packs/Microsoft.AspNetCore.App.Ref/8.0.23/ref/net8.0/Microsoft.AspNetCore.ResponseCompression.dll".
             Reference found at search path location "{RawFileName}".
             This reference is not "CopyLocal" because at least one source item had "Private" set to "false" and no source items had "Private" set to "true".
             The ImageRuntimeVersion for this reference is "".
         Primary reference "Microsoft.AspNetCore.Rewrite, Version=8.0.0.0, Culture=neutral, PublicKeyToken=adb9793829ddae60".
             Resolved file path is "/usr/share/dotnet/packs/Microsoft.AspNetCore.App.Ref/8.0.23/ref/net8.0/Microsoft.AspNetCore.Rewrite.dll".
             Reference found at search path location "{RawFileName}".
             This reference is not "CopyLocal" because at least one source item had "Private" set to "false" and no source items had "Private" set to "true".
             The ImageRuntimeVersion for this reference is "".
         Primary reference "Microsoft.AspNetCore.Routing.Abstractions, Version=8.0.0.0, Culture=neutral, PublicKeyToken=adb9793829ddae60".
             Resolved file path is "/usr/share/dotnet/packs/Microsoft.AspNetCore.App.Ref/8.0.23/ref/net8.0/Microsoft.AspNetCore.Routing.Abstractions.dll".
             Reference found at search path location "{RawFileName}".
             This reference is not "CopyLocal" because at least one source item had "Private" set to "false" and no source items had "Private" set to "true".
             The ImageRuntimeVersion for this reference is "".
         Primary reference "Microsoft.AspNetCore.Routing, Version=8.0.0.0, Culture=neutral, PublicKeyToken=adb9793829ddae60".
             Resolved file path is "/usr/share/dotnet/packs/Microsoft.AspNetCore.App.Ref/8.0.23/ref/net8.0/Microsoft.AspNetCore.Routing.dll".
             Reference found at search path location "{RawFileName}".
             This reference is not "CopyLocal" because at least one source item had "Private" set to "false" and no source items had "Private" set to "true".
             The ImageRuntimeVersion for this reference is "".
         Primary reference "Microsoft.AspNetCore.Server.HttpSys, Version=8.0.0.0, Culture=neutral, PublicKeyToken=adb9793829ddae60".
             Resolved file path is "/usr/share/dotnet/packs/Microsoft.AspNetCore.App.Ref/8.0.23/ref/net8.0/Microsoft.AspNetCore.Server.HttpSys.dll".
             Reference found at search path location "{RawFileName}".
             This reference is not "CopyLocal" because at least one source item had "Private" set to "false" and no source items had "Private" set to "true".
             The ImageRuntimeVersion for this reference is "".
         Primary reference "Microsoft.AspNetCore.Server.IIS, Version=8.0.0.0, Culture=neutral, PublicKeyToken=adb9793829ddae60".
             Resolved file path is "/usr/share/dotnet/packs/Microsoft.AspNetCore.App.Ref/8.0.23/ref/net8.0/Microsoft.AspNetCore.Server.IIS.dll".
             Reference found at search path location "{RawFileName}".
             This reference is not "CopyLocal" because at least one source item had "Private" set to "false" and no source items had "Private" set to "true".
             The ImageRuntimeVersion for this reference is "".
         Primary reference "Microsoft.AspNetCore.Server.IISIntegration, Version=8.0.0.0, Culture=neutral, PublicKeyToken=adb9793829ddae60".
             Resolved file path is "/usr/share/dotnet/packs/Microsoft.AspNetCore.App.Ref/8.0.23/ref/net8.0/Microsoft.AspNetCore.Server.IISIntegration.dll".
             Reference found at search path location "{RawFileName}".
             This reference is not "CopyLocal" because at least one source item had "Private" set to "false" and no source items had "Private" set to "true".
             The ImageRuntimeVersion for this reference is "".
         Primary reference "Microsoft.AspNetCore.Server.Kestrel.Core, Version=8.0.0.0, Culture=neutral, PublicKeyToken=adb9793829ddae60".
             Resolved file path is "/usr/share/dotnet/packs/Microsoft.AspNetCore.App.Ref/8.0.23/ref/net8.0/Microsoft.AspNetCore.Server.Kestrel.Core.dll".
             Reference found at search path location "{RawFileName}".
             This reference is not "CopyLocal" because at least one source item had "Private" set to "false" and no source items had "Private" set to "true".
             The ImageRuntimeVersion for this reference is "".
         Primary reference "Microsoft.AspNetCore.Server.Kestrel.Transport.NamedPipes, Version=8.0.0.0, Culture=neutral, PublicKeyToken=adb9793829ddae60".
             Resolved file path is "/usr/share/dotnet/packs/Microsoft.AspNetCore.App.Ref/8.0.23/ref/net8.0/Microsoft.AspNetCore.Server.Kestrel.Transport.NamedPipes.dll".
             Reference found at search path location "{RawFileName}".
             This reference is not "CopyLocal" because at least one source item had "Private" set to "false" and no source items had "Private" set to "true".
             The ImageRuntimeVersion for this reference is "".
         Primary reference "Microsoft.AspNetCore.Server.Kestrel.Transport.Quic, Version=8.0.0.0, Culture=neutral, PublicKeyToken=adb9793829ddae60".
             Resolved file path is "/usr/share/dotnet/packs/Microsoft.AspNetCore.App.Ref/8.0.23/ref/net8.0/Microsoft.AspNetCore.Server.Kestrel.Transport.Quic.dll".
             Reference found at search path location "{RawFileName}".
             This reference is not "CopyLocal" because at least one source item had "Private" set to "false" and no source items had "Private" set to "true".
             The ImageRuntimeVersion for this reference is "".
         Primary reference "Microsoft.AspNetCore.Server.Kestrel.Transport.Sockets, Version=8.0.0.0, Culture=neutral, PublicKeyToken=adb9793829ddae60".
             Resolved file path is "/usr/share/dotnet/packs/Microsoft.AspNetCore.App.Ref/8.0.23/ref/net8.0/Microsoft.AspNetCore.Server.Kestrel.Transport.Sockets.dll".
             Reference found at search path location "{RawFileName}".
             This reference is not "CopyLocal" because at least one source item had "Private" set to "false" and no source items had "Private" set to "true".
             The ImageRuntimeVersion for this reference is "".
         Primary reference "Microsoft.AspNetCore.Server.Kestrel, Version=8.0.0.0, Culture=neutral, PublicKeyToken=adb9793829ddae60".
             Resolved file path is "/usr/share/dotnet/packs/Microsoft.AspNetCore.App.Ref/8.0.23/ref/net8.0/Microsoft.AspNetCore.Server.Kestrel.dll".
             Reference found at search path location "{RawFileName}".
             This reference is not "CopyLocal" because at least one source item had "Private" set to "false" and no source items had "Private" set to "true".
             The ImageRuntimeVersion for this reference is "".
         Primary reference "Microsoft.AspNetCore.Session, Version=8.0.0.0, Culture=neutral, PublicKeyToken=adb9793829ddae60".
             Resolved file path is "/usr/share/dotnet/packs/Microsoft.AspNetCore.App.Ref/8.0.23/ref/net8.0/Microsoft.AspNetCore.Session.dll".
             Reference found at search path location "{RawFileName}".
             This reference is not "CopyLocal" because at least one source item had "Private" set to "false" and no source items had "Private" set to "true".
             The ImageRuntimeVersion for this reference is "".
         Primary reference "Microsoft.AspNetCore.SignalR.Common, Version=8.0.0.0, Culture=neutral, PublicKeyToken=adb9793829ddae60".
             Resolved file path is "/usr/share/dotnet/packs/Microsoft.AspNetCore.App.Ref/8.0.23/ref/net8.0/Microsoft.AspNetCore.SignalR.Common.dll".
             Reference found at search path location "{RawFileName}".
             This reference is not "CopyLocal" because at least one source item had "Private" set to "false" and no source items had "Private" set to "true".
             The ImageRuntimeVersion for this reference is "".
         Primary reference "Microsoft.AspNetCore.SignalR.Core, Version=8.0.0.0, Culture=neutral, PublicKeyToken=adb9793829ddae60".
             Resolved file path is "/usr/share/dotnet/packs/Microsoft.AspNetCore.App.Ref/8.0.23/ref/net8.0/Microsoft.AspNetCore.SignalR.Core.dll".
             Reference found at search path location "{RawFileName}".
             This reference is not "CopyLocal" because at least one source item had "Private" set to "false" and no source items had "Private" set to "true".
             The ImageRuntimeVersion for this reference is "".
         Primary reference "Microsoft.AspNetCore.SignalR.Protocols.Json, Version=8.0.0.0, Culture=neutral, PublicKeyToken=adb9793829ddae60".
             Resolved file path is "/usr/share/dotnet/packs/Microsoft.AspNetCore.App.Ref/8.0.23/ref/net8.0/Microsoft.AspNetCore.SignalR.Protocols.Json.dll".
             Reference found at search path location "{RawFileName}".
             This reference is not "CopyLocal" because at least one source item had "Private" set to "false" and no source items had "Private" set to "true".
             The ImageRuntimeVersion for this reference is "".
         Primary reference "Microsoft.AspNetCore.SignalR, Version=8.0.0.0, Culture=neutral, PublicKeyToken=adb9793829ddae60".
             Resolved file path is "/usr/share/dotnet/packs/Microsoft.AspNetCore.App.Ref/8.0.23/ref/net8.0/Microsoft.AspNetCore.SignalR.dll".
             Reference found at search path location "{RawFileName}".
             This reference is not "CopyLocal" because at least one source item had "Private" set to "false" and no source items had "Private" set to "true".
             The ImageRuntimeVersion for this reference is "".
         Primary reference "Microsoft.AspNetCore.StaticFiles, Version=8.0.0.0, Culture=neutral, PublicKeyToken=adb9793829ddae60".
             Resolved file path is "/usr/share/dotnet/packs/Microsoft.AspNetCore.App.Ref/8.0.23/ref/net8.0/Microsoft.AspNetCore.StaticFiles.dll".
             Reference found at search path location "{RawFileName}".
             This reference is not "CopyLocal" because at least one source item had "Private" set to "false" and no source items had "Private" set to "true".
             The ImageRuntimeVersion for this reference is "".
         Primary reference "Microsoft.AspNetCore.WebSockets, Version=8.0.0.0, Culture=neutral, PublicKeyToken=adb9793829ddae60".
             Resolved file path is "/usr/share/dotnet/packs/Microsoft.AspNetCore.App.Ref/8.0.23/ref/net8.0/Microsoft.AspNetCore.WebSockets.dll".
             Reference found at search path location "{RawFileName}".
             This reference is not "CopyLocal" because at least one source item had "Private" set to "false" and no source items had "Private" set to "true".
             The ImageRuntimeVersion for this reference is "".
         Primary reference "Microsoft.AspNetCore.WebUtilities, Version=8.0.0.0, Culture=neutral, PublicKeyToken=adb9793829ddae60".
             Resolved file path is "/usr/share/dotnet/packs/Microsoft.AspNetCore.App.Ref/8.0.23/ref/net8.0/Microsoft.AspNetCore.WebUtilities.dll".
             Reference found at search path location "{RawFileName}".
             This reference is not "CopyLocal" because at least one source item had "Private" set to "false" and no source items had "Private" set to "true".
             The ImageRuntimeVersion for this reference is "".
         Primary reference "Microsoft.AspNetCore, Version=8.0.0.0, Culture=neutral, PublicKeyToken=adb9793829ddae60".
             Resolved file path is "/usr/share/dotnet/packs/Microsoft.AspNetCore.App.Ref/8.0.23/ref/net8.0/Microsoft.AspNetCore.dll".
             Reference found at search path location "{RawFileName}".
             This reference is not "CopyLocal" because at least one source item had "Private" set to "false" and no source items had "Private" set to "true".
             The ImageRuntimeVersion for this reference is "".
         Primary reference "Microsoft.Extensions.Caching.Abstractions, Version=8.0.0.0, Culture=neutral, PublicKeyToken=adb9793829ddae60".
             Resolved file path is "/usr/share/dotnet/packs/Microsoft.AspNetCore.App.Ref/8.0.23/ref/net8.0/Microsoft.Extensions.Caching.Abstractions.dll".
             Reference found at search path location "{RawFileName}".
             This reference is not "CopyLocal" because at least one source item had "Private" set to "false" and no source items had "Private" set to "true".
             The ImageRuntimeVersion for this reference is "".
         Primary reference "Microsoft.Extensions.Caching.Memory, Version=8.0.0.0, Culture=neutral, PublicKeyToken=adb9793829ddae60".
             Resolved file path is "/usr/share/dotnet/packs/Microsoft.AspNetCore.App.Ref/8.0.23/ref/net8.0/Microsoft.Extensions.Caching.Memory.dll".
             Reference found at search path location "{RawFileName}".
             This reference is not "CopyLocal" because at least one source item had "Private" set to "false" and no source items had "Private" set to "true".
             The ImageRuntimeVersion for this reference is "".
         Primary reference "Microsoft.Extensions.Configuration.Abstractions, Version=8.0.0.0, Culture=neutral, PublicKeyToken=adb9793829ddae60".
             Resolved file path is "/usr/share/dotnet/packs/Microsoft.AspNetCore.App.Ref/8.0.23/ref/net8.0/Microsoft.Extensions.Configuration.Abstractions.dll".
             Reference found at search path location "{RawFileName}".
             This reference is not "CopyLocal" because at least one source item had "Private" set to "false" and no source items had "Private" set to "true".
             The ImageRuntimeVersion for this reference is "".
         Primary reference "Microsoft.Extensions.Configuration.Binder, Version=8.0.0.0, Culture=neutral, PublicKeyToken=adb9793829ddae60".
             Resolved file path is "/usr/share/dotnet/packs/Microsoft.AspNetCore.App.Ref/8.0.23/ref/net8.0/Microsoft.Extensions.Configuration.Binder.dll".
             Reference found at search path location "{RawFileName}".
             This reference is not "CopyLocal" because at least one source item had "Private" set to "false" and no source items had "Private" set to "true".
             The ImageRuntimeVersion for this reference is "".
         Primary reference "Microsoft.Extensions.Configuration.CommandLine, Version=8.0.0.0, Culture=neutral, PublicKeyToken=adb9793829ddae60".
             Resolved file path is "/usr/share/dotnet/packs/Microsoft.AspNetCore.App.Ref/8.0.23/ref/net8.0/Microsoft.Extensions.Configuration.CommandLine.dll".
             Reference found at search path location "{RawFileName}".
             This reference is not "CopyLocal" because at least one source item had "Private" set to "false" and no source items had "Private" set to "true".
             The ImageRuntimeVersion for this reference is "".
         Primary reference "Microsoft.Extensions.Configuration.EnvironmentVariables, Version=8.0.0.0, Culture=neutral, PublicKeyToken=adb9793829ddae60".
             Resolved file path is "/usr/share/dotnet/packs/Microsoft.AspNetCore.App.Ref/8.0.23/ref/net8.0/Microsoft.Extensions.Configuration.EnvironmentVariables.dll".
             Reference found at search path location "{RawFileName}".
             This reference is not "CopyLocal" because at least one source item had "Private" set to "false" and no source items had "Private" set to "true".
             The ImageRuntimeVersion for this reference is "".
         Primary reference "Microsoft.Extensions.Configuration.FileExtensions, Version=8.0.0.0, Culture=neutral, PublicKeyToken=adb9793829ddae60".
             Resolved file path is "/usr/share/dotnet/packs/Microsoft.AspNetCore.App.Ref/8.0.23/ref/net8.0/Microsoft.Extensions.Configuration.FileExtensions.dll".
             Reference found at search path location "{RawFileName}".
             This reference is not "CopyLocal" because at least one source item had "Private" set to "false" and no source items had "Private" set to "true".
             The ImageRuntimeVersion for this reference is "".
         Primary reference "Microsoft.Extensions.Configuration.Ini, Version=8.0.0.0, Culture=neutral, PublicKeyToken=adb9793829ddae60".
             Resolved file path is "/usr/share/dotnet/packs/Microsoft.AspNetCore.App.Ref/8.0.23/ref/net8.0/Microsoft.Extensions.Configuration.Ini.dll".
             Reference found at search path location "{RawFileName}".
             This reference is not "CopyLocal" because at least one source item had "Private" set to "false" and no source items had "Private" set to "true".
             The ImageRuntimeVersion for this reference is "".
         Primary reference "Microsoft.Extensions.Configuration.Json, Version=8.0.0.0, Culture=neutral, PublicKeyToken=adb9793829ddae60".
             Resolved file path is "/usr/share/dotnet/packs/Microsoft.AspNetCore.App.Ref/8.0.23/ref/net8.0/Microsoft.Extensions.Configuration.Json.dll".
             Reference found at search path location "{RawFileName}".
             This reference is not "CopyLocal" because at least one source item had "Private" set to "false" and no source items had "Private" set to "true".
             The ImageRuntimeVersion for this reference is "".
         Primary reference "Microsoft.Extensions.Configuration.KeyPerFile, Version=8.0.0.0, Culture=neutral, PublicKeyToken=adb9793829ddae60".
             Resolved file path is "/usr/share/dotnet/packs/Microsoft.AspNetCore.App.Ref/8.0.23/ref/net8.0/Microsoft.Extensions.Configuration.KeyPerFile.dll".
             Reference found at search path location "{RawFileName}".
             This reference is not "CopyLocal" because at least one source item had "Private" set to "false" and no source items had "Private" set to "true".
             The ImageRuntimeVersion for this reference is "".
         Primary reference "Microsoft.Extensions.Configuration.UserSecrets, Version=8.0.0.0, Culture=neutral, PublicKeyToken=adb9793829ddae60".
             Resolved file path is "/usr/share/dotnet/packs/Microsoft.AspNetCore.App.Ref/8.0.23/ref/net8.0/Microsoft.Extensions.Configuration.UserSecrets.dll".
             Reference found at search path location "{RawFileName}".
             This reference is not "CopyLocal" because at least one source item had "Private" set to "false" and no source items had "Private" set to "true".
             The ImageRuntimeVersion for this reference is "".
         Primary reference "Microsoft.Extensions.Configuration.Xml, Version=8.0.0.0, Culture=neutral, PublicKeyToken=adb9793829ddae60".
             Resolved file path is "/usr/share/dotnet/packs/Microsoft.AspNetCore.App.Ref/8.0.23/ref/net8.0/Microsoft.Extensions.Configuration.Xml.dll".
             Reference found at search path location "{RawFileName}".
             This reference is not "CopyLocal" because at least one source item had "Private" set to "false" and no source items had "Private" set to "true".
             The ImageRuntimeVersion for this reference is "".
         Primary reference "Microsoft.Extensions.Configuration, Version=8.0.0.0, Culture=neutral, PublicKeyToken=adb9793829ddae60".
             Resolved file path is "/usr/share/dotnet/packs/Microsoft.AspNetCore.App.Ref/8.0.23/ref/net8.0/Microsoft.Extensions.Configuration.dll".
             Reference found at search path location "{RawFileName}".
             This reference is not "CopyLocal" because at least one source item had "Private" set to "false" and no source items had "Private" set to "true".
             The ImageRuntimeVersion for this reference is "".
         Primary reference "Microsoft.Extensions.DependencyInjection.Abstractions, Version=8.0.0.0, Culture=neutral, PublicKeyToken=adb9793829ddae60".
             Resolved file path is "/usr/share/dotnet/packs/Microsoft.AspNetCore.App.Ref/8.0.23/ref/net8.0/Microsoft.Extensions.DependencyInjection.Abstractions.dll".
             Reference found at search path location "{RawFileName}".
             This reference is not "CopyLocal" because at least one source item had "Private" set to "false" and no source items had "Private" set to "true".
             The ImageRuntimeVersion for this reference is "".
         Primary reference "Microsoft.Extensions.DependencyInjection, Version=8.0.0.0, Culture=neutral, PublicKeyToken=adb9793829ddae60".
             Resolved file path is "/usr/share/dotnet/packs/Microsoft.AspNetCore.App.Ref/8.0.23/ref/net8.0/Microsoft.Extensions.DependencyInjection.dll".
             Reference found at search path location "{RawFileName}".
             This reference is not "CopyLocal" because at least one source item had "Private" set to "false" and no source items had "Private" set to "true".
             The ImageRuntimeVersion for this reference is "".
         Primary reference "Microsoft.Extensions.Diagnostics.Abstractions, Version=8.0.0.0, Culture=neutral, PublicKeyToken=adb9793829ddae60".
             Resolved file path is "/usr/share/dotnet/packs/Microsoft.AspNetCore.App.Ref/8.0.23/ref/net8.0/Microsoft.Extensions.Diagnostics.Abstractions.dll".
             Reference found at search path location "{RawFileName}".
             This reference is not "CopyLocal" because at least one source item had "Private" set to "false" and no source items had "Private" set to "true".
             The ImageRuntimeVersion for this reference is "".
         Primary reference "Microsoft.Extensions.Diagnostics.HealthChecks.Abstractions, Version=8.0.0.0, Culture=neutral, PublicKeyToken=adb9793829ddae60".
             Resolved file path is "/usr/share/dotnet/packs/Microsoft.AspNetCore.App.Ref/8.0.23/ref/net8.0/Microsoft.Extensions.Diagnostics.HealthChecks.Abstractions.dll".
             Reference found at search path location "{RawFileName}".
             This reference is not "CopyLocal" because at least one source item had "Private" set to "false" and no source items had "Private" set to "true".
             The ImageRuntimeVersion for this reference is "".
         Primary reference "Microsoft.Extensions.Diagnostics.HealthChecks, Version=8.0.0.0, Culture=neutral, PublicKeyToken=adb9793829ddae60".
             Resolved file path is "/usr/share/dotnet/packs/Microsoft.AspNetCore.App.Ref/8.0.23/ref/net8.0/Microsoft.Extensions.Diagnostics.HealthChecks.dll".
             Reference found at search path location "{RawFileName}".
             This reference is not "CopyLocal" because at least one source item had "Private" set to "false" and no source items had "Private" set to "true".
             The ImageRuntimeVersion for this reference is "".
         Primary reference "Microsoft.Extensions.Diagnostics, Version=8.0.0.0, Culture=neutral, PublicKeyToken=adb9793829ddae60".
             Resolved file path is "/usr/share/dotnet/packs/Microsoft.AspNetCore.App.Ref/8.0.23/ref/net8.0/Microsoft.Extensions.Diagnostics.dll".
             Reference found at search path location "{RawFileName}".
             This reference is not "CopyLocal" because at least one source item had "Private" set to "false" and no source items had "Private" set to "true".
             The ImageRuntimeVersion for this reference is "".
         Primary reference "Microsoft.Extensions.Features, Version=8.0.0.0, Culture=neutral, PublicKeyToken=adb9793829ddae60".
             Resolved file path is "/usr/share/dotnet/packs/Microsoft.AspNetCore.App.Ref/8.0.23/ref/net8.0/Microsoft.Extensions.Features.dll".
             Reference found at search path location "{RawFileName}".
             This reference is not "CopyLocal" because at least one source item had "Private" set to "false" and no source items had "Private" set to "true".
             The ImageRuntimeVersion for this reference is "".
         Primary reference "Microsoft.Extensions.FileProviders.Abstractions, Version=8.0.0.0, Culture=neutral, PublicKeyToken=adb9793829ddae60".
             Resolved file path is "/usr/share/dotnet/packs/Microsoft.AspNetCore.App.Ref/8.0.23/ref/net8.0/Microsoft.Extensions.FileProviders.Abstractions.dll".
             Reference found at search path location "{RawFileName}".
             This reference is not "CopyLocal" because at least one source item had "Private" set to "false" and no source items had "Private" set to "true".
             The ImageRuntimeVersion for this reference is "".
         Primary reference "Microsoft.Extensions.FileProviders.Composite, Version=8.0.0.0, Culture=neutral, PublicKeyToken=adb9793829ddae60".
             Resolved file path is "/usr/share/dotnet/packs/Microsoft.AspNetCore.App.Ref/8.0.23/ref/net8.0/Microsoft.Extensions.FileProviders.Composite.dll".
             Reference found at search path location "{RawFileName}".
             This reference is not "CopyLocal" because at least one source item had "Private" set to "false" and no source items had "Private" set to "true".
             The ImageRuntimeVersion for this reference is "".
         Primary reference "Microsoft.Extensions.FileProviders.Embedded, Version=8.0.0.0, Culture=neutral, PublicKeyToken=adb9793829ddae60".
             Resolved file path is "/usr/share/dotnet/packs/Microsoft.AspNetCore.App.Ref/8.0.23/ref/net8.0/Microsoft.Extensions.FileProviders.Embedded.dll".
             Reference found at search path location "{RawFileName}".
             This reference is not "CopyLocal" because at least one source item had "Private" set to "false" and no source items had "Private" set to "true".
             The ImageRuntimeVersion for this reference is "".
         Primary reference "Microsoft.Extensions.FileProviders.Physical, Version=8.0.0.0, Culture=neutral, PublicKeyToken=adb9793829ddae60".
             Resolved file path is "/usr/share/dotnet/packs/Microsoft.AspNetCore.App.Ref/8.0.23/ref/net8.0/Microsoft.Extensions.FileProviders.Physical.dll".
             Reference found at search path location "{RawFileName}".
             This reference is not "CopyLocal" because at least one source item had "Private" set to "false" and no source items had "Private" set to "true".
             The ImageRuntimeVersion for this reference is "".
         Primary reference "Microsoft.Extensions.FileSystemGlobbing, Version=8.0.0.0, Culture=neutral, PublicKeyToken=adb9793829ddae60".
             Resolved file path is "/usr/share/dotnet/packs/Microsoft.AspNetCore.App.Ref/8.0.23/ref/net8.0/Microsoft.Extensions.FileSystemGlobbing.dll".
             Reference found at search path location "{RawFileName}".
             This reference is not "CopyLocal" because at least one source item had "Private" set to "false" and no source items had "Private" set to "true".
             The ImageRuntimeVersion for this reference is "".
         Primary reference "Microsoft.Extensions.Hosting.Abstractions, Version=8.0.0.0, Culture=neutral, PublicKeyToken=adb9793829ddae60".
             Resolved file path is "/usr/share/dotnet/packs/Microsoft.AspNetCore.App.Ref/8.0.23/ref/net8.0/Microsoft.Extensions.Hosting.Abstractions.dll".
             Reference found at search path location "{RawFileName}".
             This reference is not "CopyLocal" because at least one source item had "Private" set to "false" and no source items had "Private" set to "true".
             The ImageRuntimeVersion for this reference is "".
         Primary reference "Microsoft.Extensions.Hosting, Version=8.0.0.0, Culture=neutral, PublicKeyToken=adb9793829ddae60".
             Resolved file path is "/usr/share/dotnet/packs/Microsoft.AspNetCore.App.Ref/8.0.23/ref/net8.0/Microsoft.Extensions.Hosting.dll".
             Reference found at search path location "{RawFileName}".
             This reference is not "CopyLocal" because at least one source item had "Private" set to "false" and no source items had "Private" set to "true".
             The ImageRuntimeVersion for this reference is "".
         Primary reference "Microsoft.Extensions.Http, Version=8.0.0.0, Culture=neutral, PublicKeyToken=adb9793829ddae60".
             Resolved file path is "/usr/share/dotnet/packs/Microsoft.AspNetCore.App.Ref/8.0.23/ref/net8.0/Microsoft.Extensions.Http.dll".
             Reference found at search path location "{RawFileName}".
             This reference is not "CopyLocal" because at least one source item had "Private" set to "false" and no source items had "Private" set to "true".
             The ImageRuntimeVersion for this reference is "".
         Primary reference "Microsoft.Extensions.Identity.Core, Version=8.0.0.0, Culture=neutral, PublicKeyToken=adb9793829ddae60".
             Resolved file path is "/usr/share/dotnet/packs/Microsoft.AspNetCore.App.Ref/8.0.23/ref/net8.0/Microsoft.Extensions.Identity.Core.dll".
             Reference found at search path location "{RawFileName}".
             This reference is not "CopyLocal" because at least one source item had "Private" set to "false" and no source items had "Private" set to "true".
             The ImageRuntimeVersion for this reference is "".
         Primary reference "Microsoft.Extensions.Identity.Stores, Version=8.0.0.0, Culture=neutral, PublicKeyToken=adb9793829ddae60".
             Resolved file path is "/usr/share/dotnet/packs/Microsoft.AspNetCore.App.Ref/8.0.23/ref/net8.0/Microsoft.Extensions.Identity.Stores.dll".
             Reference found at search path location "{RawFileName}".
             This reference is not "CopyLocal" because at least one source item had "Private" set to "false" and no source items had "Private" set to "true".
             The ImageRuntimeVersion for this reference is "".
         Primary reference "Microsoft.Extensions.Localization.Abstractions, Version=8.0.0.0, Culture=neutral, PublicKeyToken=adb9793829ddae60".
             Resolved file path is "/usr/share/dotnet/packs/Microsoft.AspNetCore.App.Ref/8.0.23/ref/net8.0/Microsoft.Extensions.Localization.Abstractions.dll".
             Reference found at search path location "{RawFileName}".
             This reference is not "CopyLocal" because at least one source item had "Private" set to "false" and no source items had "Private" set to "true".
             The ImageRuntimeVersion for this reference is "".
         Primary reference "Microsoft.Extensions.Localization, Version=8.0.0.0, Culture=neutral, PublicKeyToken=adb9793829ddae60".
             Resolved file path is "/usr/share/dotnet/packs/Microsoft.AspNetCore.App.Ref/8.0.23/ref/net8.0/Microsoft.Extensions.Localization.dll".
             Reference found at search path location "{RawFileName}".
             This reference is not "CopyLocal" because at least one source item had "Private" set to "false" and no source items had "Private" set to "true".
             The ImageRuntimeVersion for this reference is "".
         Primary reference "Microsoft.Extensions.Logging.Abstractions, Version=8.0.0.0, Culture=neutral, PublicKeyToken=adb9793829ddae60".
             Resolved file path is "/usr/share/dotnet/packs/Microsoft.AspNetCore.App.Ref/8.0.23/ref/net8.0/Microsoft.Extensions.Logging.Abstractions.dll".
             Reference found at search path location "{RawFileName}".
             This reference is not "CopyLocal" because at least one source item had "Private" set to "false" and no source items had "Private" set to "true".
             The ImageRuntimeVersion for this reference is "".
         Primary reference "Microsoft.Extensions.Logging.Configuration, Version=8.0.0.0, Culture=neutral, PublicKeyToken=adb9793829ddae60".
             Resolved file path is "/usr/share/dotnet/packs/Microsoft.AspNetCore.App.Ref/8.0.23/ref/net8.0/Microsoft.Extensions.Logging.Configuration.dll".
             Reference found at search path location "{RawFileName}".
             This reference is not "CopyLocal" because at least one source item had "Private" set to "false" and no source items had "Private" set to "true".
             The ImageRuntimeVersion for this reference is "".
         Primary reference "Microsoft.Extensions.Logging.Console, Version=8.0.0.0, Culture=neutral, PublicKeyToken=adb9793829ddae60".
             Resolved file path is "/usr/share/dotnet/packs/Microsoft.AspNetCore.App.Ref/8.0.23/ref/net8.0/Microsoft.Extensions.Logging.Console.dll".
             Reference found at search path location "{RawFileName}".
             This reference is not "CopyLocal" because at least one source item had "Private" set to "false" and no source items had "Private" set to "true".
             The ImageRuntimeVersion for this reference is "".
         Primary reference "Microsoft.Extensions.Logging.Debug, Version=8.0.0.0, Culture=neutral, PublicKeyToken=adb9793829ddae60".
             Resolved file path is "/usr/share/dotnet/packs/Microsoft.AspNetCore.App.Ref/8.0.23/ref/net8.0/Microsoft.Extensions.Logging.Debug.dll".
             Reference found at search path location "{RawFileName}".
             This reference is not "CopyLocal" because at least one source item had "Private" set to "false" and no source items had "Private" set to "true".
             The ImageRuntimeVersion for this reference is "".
         Primary reference "Microsoft.Extensions.Logging.EventLog, Version=8.0.0.0, Culture=neutral, PublicKeyToken=adb9793829ddae60".
             Resolved file path is "/usr/share/dotnet/packs/Microsoft.AspNetCore.App.Ref/8.0.23/ref/net8.0/Microsoft.Extensions.Logging.EventLog.dll".
             Reference found at search path location "{RawFileName}".
             This reference is not "CopyLocal" because at least one source item had "Private" set to "false" and no source items had "Private" set to "true".
             The ImageRuntimeVersion for this reference is "".
         Primary reference "Microsoft.Extensions.Logging.EventSource, Version=8.0.0.0, Culture=neutral, PublicKeyToken=adb9793829ddae60".
             Resolved file path is "/usr/share/dotnet/packs/Microsoft.AspNetCore.App.Ref/8.0.23/ref/net8.0/Microsoft.Extensions.Logging.EventSource.dll".
             Reference found at search path location "{RawFileName}".
             This reference is not "CopyLocal" because at least one source item had "Private" set to "false" and no source items had "Private" set to "true".
             The ImageRuntimeVersion for this reference is "".
         Primary reference "Microsoft.Extensions.Logging.TraceSource, Version=8.0.0.0, Culture=neutral, PublicKeyToken=adb9793829ddae60".
             Resolved file path is "/usr/share/dotnet/packs/Microsoft.AspNetCore.App.Ref/8.0.23/ref/net8.0/Microsoft.Extensions.Logging.TraceSource.dll".
             Reference found at search path location "{RawFileName}".
             This reference is not "CopyLocal" because at least one source item had "Private" set to "false" and no source items had "Private" set to "true".
             The ImageRuntimeVersion for this reference is "".
         Primary reference "Microsoft.Extensions.Logging, Version=8.0.0.0, Culture=neutral, PublicKeyToken=adb9793829ddae60".
             Resolved file path is "/usr/share/dotnet/packs/Microsoft.AspNetCore.App.Ref/8.0.23/ref/net8.0/Microsoft.Extensions.Logging.dll".
             Reference found at search path location "{RawFileName}".
             This reference is not "CopyLocal" because at least one source item had "Private" set to "false" and no source items had "Private" set to "true".
             The ImageRuntimeVersion for this reference is "".
         Primary reference "Microsoft.Extensions.ObjectPool, Version=8.0.0.0, Culture=neutral, PublicKeyToken=adb9793829ddae60".
             Resolved file path is "/usr/share/dotnet/packs/Microsoft.AspNetCore.App.Ref/8.0.23/ref/net8.0/Microsoft.Extensions.ObjectPool.dll".
             Reference found at search path location "{RawFileName}".
             This reference is not "CopyLocal" because at least one source item had "Private" set to "false" and no source items had "Private" set to "true".
             The ImageRuntimeVersion for this reference is "".
         Primary reference "Microsoft.Extensions.Options.ConfigurationExtensions, Version=8.0.0.0, Culture=neutral, PublicKeyToken=adb9793829ddae60".
             Resolved file path is "/usr/share/dotnet/packs/Microsoft.AspNetCore.App.Ref/8.0.23/ref/net8.0/Microsoft.Extensions.Options.ConfigurationExtensions.dll".
             Reference found at search path location "{RawFileName}".
             This reference is not "CopyLocal" because at least one source item had "Private" set to "false" and no source items had "Private" set to "true".
             The ImageRuntimeVersion for this reference is "".
         Primary reference "Microsoft.Extensions.Options.DataAnnotations, Version=8.0.0.0, Culture=neutral, PublicKeyToken=adb9793829ddae60".
             Resolved file path is "/usr/share/dotnet/packs/Microsoft.AspNetCore.App.Ref/8.0.23/ref/net8.0/Microsoft.Extensions.Options.DataAnnotations.dll".
             Reference found at search path location "{RawFileName}".
             This reference is not "CopyLocal" because at least one source item had "Private" set to "false" and no source items had "Private" set to "true".
             The ImageRuntimeVersion for this reference is "".
         Primary reference "Microsoft.Extensions.Options, Version=8.0.0.0, Culture=neutral, PublicKeyToken=adb9793829ddae60".
             Resolved file path is "/usr/share/dotnet/packs/Microsoft.AspNetCore.App.Ref/8.0.23/ref/net8.0/Microsoft.Extensions.Options.dll".
             Reference found at search path location "{RawFileName}".
             This reference is not "CopyLocal" because at least one source item had "Private" set to "false" and no source items had "Private" set to "true".
             The ImageRuntimeVersion for this reference is "".
         Primary reference "Microsoft.Extensions.Primitives, Version=8.0.0.0, Culture=neutral, PublicKeyToken=adb9793829ddae60".
             Resolved file path is "/usr/share/dotnet/packs/Microsoft.AspNetCore.App.Ref/8.0.23/ref/net8.0/Microsoft.Extensions.Primitives.dll".
             Reference found at search path location "{RawFileName}".
             This reference is not "CopyLocal" because at least one source item had "Private" set to "false" and no source items had "Private" set to "true".
             The ImageRuntimeVersion for this reference is "".
         Primary reference "Microsoft.Extensions.WebEncoders, Version=8.0.0.0, Culture=neutral, PublicKeyToken=adb9793829ddae60".
             Resolved file path is "/usr/share/dotnet/packs/Microsoft.AspNetCore.App.Ref/8.0.23/ref/net8.0/Microsoft.Extensions.WebEncoders.dll".
             Reference found at search path location "{RawFileName}".
             This reference is not "CopyLocal" because at least one source item had "Private" set to "false" and no source items had "Private" set to "true".
             The ImageRuntimeVersion for this reference is "".
         Primary reference "Microsoft.JSInterop, Version=8.0.0.0, Culture=neutral, PublicKeyToken=adb9793829ddae60".
             Resolved file path is "/usr/share/dotnet/packs/Microsoft.AspNetCore.App.Ref/8.0.23/ref/net8.0/Microsoft.JSInterop.dll".
             Reference found at search path location "{RawFileName}".
             This reference is not "CopyLocal" because at least one source item had "Private" set to "false" and no source items had "Private" set to "true".
             The ImageRuntimeVersion for this reference is "".
         Primary reference "Microsoft.Net.Http.Headers, Version=8.0.0.0, Culture=neutral, PublicKeyToken=adb9793829ddae60".
             Resolved file path is "/usr/share/dotnet/packs/Microsoft.AspNetCore.App.Ref/8.0.23/ref/net8.0/Microsoft.Net.Http.Headers.dll".
             Reference found at search path location "{RawFileName}".
             This reference is not "CopyLocal" because at least one source item had "Private" set to "false" and no source items had "Private" set to "true".
             The ImageRuntimeVersion for this reference is "".
         Primary reference "System.Diagnostics.EventLog, Version=8.0.0.0, Culture=neutral, PublicKeyToken=cc7b13ffcd2ddd51".
             Resolved file path is "/usr/share/dotnet/packs/Microsoft.AspNetCore.App.Ref/8.0.23/ref/net8.0/System.Diagnostics.EventLog.dll".
             Reference found at search path location "{RawFileName}".
             This reference is not "CopyLocal" because at least one source item had "Private" set to "false" and no source items had "Private" set to "true".
             The ImageRuntimeVersion for this reference is "".
         Primary reference "System.IO.Pipelines, Version=8.0.0.0, Culture=neutral, PublicKeyToken=cc7b13ffcd2ddd51".
             Resolved file path is "/usr/share/dotnet/packs/Microsoft.AspNetCore.App.Ref/8.0.23/ref/net8.0/System.IO.Pipelines.dll".
             Reference found at search path location "{RawFileName}".
             This reference is not "CopyLocal" because at least one source item had "Private" set to "false" and no source items had "Private" set to "true".
             The ImageRuntimeVersion for this reference is "".
         Primary reference "System.Security.Cryptography.Xml, Version=8.0.0.0, Culture=neutral, PublicKeyToken=cc7b13ffcd2ddd51".
             Resolved file path is "/usr/share/dotnet/packs/Microsoft.AspNetCore.App.Ref/8.0.23/ref/net8.0/System.Security.Cryptography.Xml.dll".
             Reference found at search path location "{RawFileName}".
             This reference is not "CopyLocal" because at least one source item had "Private" set to "false" and no source items had "Private" set to "true".
             The ImageRuntimeVersion for this reference is "".
         Primary reference "System.Threading.RateLimiting, Version=8.0.0.0, Culture=neutral, PublicKeyToken=cc7b13ffcd2ddd51".
             Resolved file path is "/usr/share/dotnet/packs/Microsoft.AspNetCore.App.Ref/8.0.23/ref/net8.0/System.Threading.RateLimiting.dll".
             Reference found at search path location "{RawFileName}".
             This reference is not "CopyLocal" because at least one source item had "Private" set to "false" and no source items had "Private" set to "true".
             The ImageRuntimeVersion for this reference is "".
       Done executing task "ResolveAssemblyReference".
   4:6>Done building target "ResolveAssemblyReferences" in project "TourManagement.Web.csproj".
       Target "GenerateBindingRedirects" skipped, due to false condition; ('$(AutoGenerateBindingRedirects)' == 'true' and '$(GenerateBindingRedirectsOutputType)' == 'true' and '@(SuggestedBindingRedirects)' != '' and '$(DesignTimeBuild)' != 'true' and '$(BuildingProject)' == 'true') was evaluated as ('' == 'true' and 'true' == 'true' and '' != '' and '' != 'true' and 'true' == 'true').
       Target "GenerateSupportedRuntime" skipped, due to false condition; ('$(GenerateSupportedRuntime)' != 'false' and '$(TargetFrameworkIdentifier)' == '.NETFramework' and '$(HasRuntimeOutput)' == 'true') was evaluated as ('' != 'false' and '.NETCoreApp' == '.NETFramework' and 'true' == 'true').
       Target "GenerateBindingRedirectsUpdateAppConfig" skipped, due to false condition; ('$(AutoGenerateBindingRedirects)' == 'true' and '$(GenerateBindingRedirectsOutputType)' == 'true') was evaluated as ('' == 'true' and 'true' == 'true').
       Target "ResolveComReferences" skipped, due to false condition; ('@(COMReference)'!='' or '@(COMFileReference)'!='') was evaluated as (''!='' or ''!='').
   4:6>Target "AfterResolveReferences" in file "/usr/share/dotnet/sdk/8.0.417/Microsoft.Common.CurrentVersion.targets" from project "/modernize-data/studio-data/TNT1001/APP1166/transformed-code/344/studio-workspace/TMS22/src/TourManagement.Web/TourManagement.Web.csproj" (target "ResolveReferences" depends on it):
   4:6>Done building target "AfterResolveReferences" in project "TourManagement.Web.csproj".
   4:6>Target "ResolveReferences" in file "/usr/share/dotnet/sdk/8.0.417/Microsoft.Common.CurrentVersion.targets" from project "/modernize-data/studio-data/TNT1001/APP1166/transformed-code/344/studio-workspace/TMS22/src/TourManagement.Web/TourManagement.Web.csproj" (target "_BlockWinMDsOnUnsupportedTFMs" depends on it):
   4:6>Done building target "ResolveReferences" in project "TourManagement.Web.csproj".
   4:6>Target "_BlockWinMDsOnUnsupportedTFMs" in file "/usr/share/dotnet/sdk/8.0.417/Sdks/Microsoft.NET.Sdk/targets/Microsoft.NET.Sdk.targets" from project "/modernize-data/studio-data/TNT1001/APP1166/transformed-code/344/studio-workspace/TMS22/src/TourManagement.Web/TourManagement.Web.csproj" (target "CoreBuild" depends on it):
       Using "CheckForUnsupportedWinMDReferences" task from assembly "/usr/share/dotnet/sdk/8.0.417/Sdks/Microsoft.NET.Sdk/targets/../tools/net8.0/Microsoft.NET.Build.Tasks.dll".
       Task "CheckForUnsupportedWinMDReferences"
       Done executing task "CheckForUnsupportedWinMDReferences".
       Task "NETSdkError" skipped, due to false condition; ('$(OutputType)' == 'winmdobj') was evaluated as ('Exe' == 'winmdobj').
   4:6>Done building target "_BlockWinMDsOnUnsupportedTFMs" in project "TourManagement.Web.csproj".
       Target "ResolveReferences" skipped. Previously built successfully.
       Target "ResolvePackageDependenciesForBuild" skipped. Previously built successfully.
       Target "_HandlePackageFileConflicts" skipped. Previously built successfully.
   4:6>Target "CopyAdditionalFiles" in file "/usr/share/dotnet/sdk/8.0.417/Roslyn/Microsoft.Managed.Core.targets" from project "/modernize-data/studio-data/TNT1001/APP1166/transformed-code/344/studio-workspace/TMS22/src/TourManagement.Web/TourManagement.Web.csproj" (target "AssignTargetPaths" depends on it):
   4:6>Done building target "CopyAdditionalFiles" in project "TourManagement.Web.csproj".
       Target "ResolvePackageAssets" skipped. Previously built successfully.
       Target "ResolveFrameworkReferences" skipped. Previously built successfully.
   4:6>Target "_GetAppHostPaths" in file "/usr/share/dotnet/sdk/8.0.417/Sdks/Microsoft.NET.Sdk/targets/Microsoft.NET.Sdk.targets" from project "/modernize-data/studio-data/TNT1001/APP1166/transformed-code/344/studio-workspace/TMS22/src/TourManagement.Web/TourManagement.Web.csproj" (target "_ChooseAppHost" depends on it):
       Task "NETSdkError" skipped, due to false condition; ('@(_NativeRestoredAppHostNETCore->Count())' > 1) was evaluated as ('0' > 1).
   4:6>Done building target "_GetAppHostPaths" in project "TourManagement.Web.csproj".
   4:6>Target "_ChooseAppHost" in file "/usr/share/dotnet/sdk/8.0.417/Sdks/Microsoft.NET.Sdk/targets/Microsoft.NET.Sdk.targets" from project "/modernize-data/studio-data/TNT1001/APP1166/transformed-code/344/studio-workspace/TMS22/src/TourManagement.Web/TourManagement.Web.csproj" (target "_ComputeNETCoreBuildOutputFiles" depends on it):
   4:6>Done building target "_ChooseAppHost" in project "TourManagement.Web.csproj".
       Target "_GetComHostPaths" skipped, due to false condition; ('$(EnableComHosting)' == 'true' and '$(_IsExecutable)' != 'true') was evaluated as ('' == 'true' and 'true' != 'true').
       Target "_GetIjwHostPaths" skipped, due to false condition; ('$(UseIJWHost)' == 'true') was evaluated as ('' == 'true').
   4:6>Target "_ComputeNETCoreBuildOutputFiles" in file "/usr/share/dotnet/sdk/8.0.417/Sdks/Microsoft.NET.Sdk/targets/Microsoft.NET.Sdk.targets" from project "/modernize-data/studio-data/TNT1001/APP1166/transformed-code/344/studio-workspace/TMS22/src/TourManagement.Web/TourManagement.Web.csproj" (target "AssignTargetPaths" depends on it):
   4:6>Done building target "_ComputeNETCoreBuildOutputFiles" in project "TourManagement.Web.csproj".
   4:6>Target "ResolveStaticWebAssetsConfiguration" in file "/usr/share/dotnet/sdk/8.0.417/Sdks/Microsoft.NET.Sdk.StaticWebAssets/targets/Microsoft.NET.Sdk.StaticWebAssets.targets" from project "/modernize-data/studio-data/TNT1001/APP1166/transformed-code/344/studio-workspace/TMS22/src/TourManagement.Web/TourManagement.Web.csproj" (target "ResolveProjectStaticWebAssets" depends on it):
       Task "MakeDir" skipped, due to false condition; (!Exists('$(_StaticWebAssetsManifestBase)')) was evaluated as (!Exists('obj/Debug/net8.0/')).
       Task "MakeDir" skipped, due to false condition; (!Exists('$(_StaticWebAssetsIntermediateOutputPath)')) was evaluated as (!Exists('obj/Debug/net8.0/staticwebassets/')).
   4:6>Done building target "ResolveStaticWebAssetsConfiguration" in project "TourManagement.Web.csproj".
   4:6>Target "ResolveProjectStaticWebAssets" in file "/usr/share/dotnet/sdk/8.0.417/Sdks/Microsoft.NET.Sdk.StaticWebAssets/targets/Microsoft.NET.Sdk.StaticWebAssets.targets" from project "/modernize-data/studio-data/TNT1001/APP1166/transformed-code/344/studio-workspace/TMS22/src/TourManagement.Web/TourManagement.Web.csproj" (target "AssignTargetPaths" depends on it):
       Using "DiscoverStaticWebAssets" task from assembly "/usr/share/dotnet/sdk/8.0.417/Sdks/Microsoft.NET.Sdk.StaticWebAssets/targets/../tasks/net8.0/Microsoft.NET.Sdk.StaticWebAssets.Tasks.dll".
       Task "DiscoverStaticWebAssets"
         Assembly loaded during TaskRun (Microsoft.AspNetCore.StaticWebAssets.Tasks.DiscoverStaticWebAssets): Microsoft.Extensions.FileSystemGlobbing, Version=8.0.0.0, Culture=neutral, PublicKeyToken=adb9793829ddae60 (location: /usr/share/dotnet/sdk/8.0.417/Sdks/Microsoft.NET.Sdk.StaticWebAssets/tasks/net8.0/Microsoft.Extensions.FileSystemGlobbing.dll, MVID: 323e76ff-b656-4dac-a245-a2c838eeed71, AssemblyLoadContext: MSBuild plugin /usr/share/dotnet/sdk/8.0.417/Sdks/Microsoft.NET.Sdk.StaticWebAssets/tasks/net8.0/Microsoft.NET.Sdk.StaticWebAssets.Tasks.dll)
         Accepted asset 'wwwroot/css/site.css' for pattern 'wwwroot/**' with relative path 'css/site.css'
         Accepted asset 'wwwroot/js/site.js' for pattern 'wwwroot/**' with relative path 'js/site.js'
         Rejected asset 'appsettings.Development.json' for pattern 'wwwroot/**'
         Rejected asset 'appsettings.json' for pattern 'wwwroot/**'
         Rejected asset 'Pages/Account/Login.cshtml' for pattern 'wwwroot/**'
         Rejected asset 'Pages/Account/Register.cshtml' for pattern 'wwwroot/**'
         Rejected asset 'Pages/Index.cshtml' for pattern 'wwwroot/**'
         Rejected asset 'Pages/Shared/_Layout.cshtml' for pattern 'wwwroot/**'
         Rejected asset 'Pages/Shared/_ValidationScriptsPartial.cshtml' for pattern 'wwwroot/**'
         Rejected asset 'Pages/Tours/Create.cshtml' for pattern 'wwwroot/**'
         Rejected asset 'Pages/Tours/Delete.cshtml' for pattern 'wwwroot/**'
         Rejected asset 'Pages/Tours/Details.cshtml' for pattern 'wwwroot/**'
         Rejected asset 'Pages/Tours/Edit.cshtml' for pattern 'wwwroot/**'
         Rejected asset 'Pages/Tours/Index.cshtml' for pattern 'wwwroot/**'
         Rejected asset 'Pages/_ViewImports.cshtml' for pattern 'wwwroot/**'
         Rejected asset 'Pages/_ViewStart.cshtml' for pattern 'wwwroot/**'
       Done executing task "DiscoverStaticWebAssets".
   4:6>Done building target "ResolveProjectStaticWebAssets" in project "TourManagement.Web.csproj".
   4:6>Target "AssignTargetPaths" in file "/usr/share/dotnet/sdk/8.0.417/Microsoft.Common.CurrentVersion.targets" from project "/modernize-data/studio-data/TNT1001/APP1166/transformed-code/344/studio-workspace/TMS22/src/TourManagement.Web/TourManagement.Web.csproj" (target "PrepareResourceNames" depends on it):
       Using "AssignTargetPath" task from assembly "Microsoft.Build.Tasks.Core, Version=15.1.0.0, Culture=neutral, PublicKeyToken=b03f5f7f11d50a3a".
       Task "AssignTargetPath"
       Done executing task "AssignTargetPath".
       Task "AssignTargetPath"
       Done executing task "AssignTargetPath".
       Task "AssignTargetPath"
       Done executing task "AssignTargetPath".
       Task "AssignTargetPath"
       Done executing task "AssignTargetPath".
       Task "AssignTargetPath" skipped, due to false condition; ('@(_DeploymentBaseManifestWithTargetPath)'=='' and '%(None.Extension)'=='.manifest') was evaluated as (''=='' and ''=='.manifest').
   4:6>Done building target "AssignTargetPaths" in project "TourManagement.Web.csproj".
       Target "AssignTargetPaths" skipped. Previously built successfully.
   4:6>Target "SplitResourcesByCulture" in file "/usr/share/dotnet/sdk/8.0.417/Microsoft.Common.CurrentVersion.targets" from project "/modernize-data/studio-data/TNT1001/APP1166/transformed-code/344/studio-workspace/TMS22/src/TourManagement.Web/TourManagement.Web.csproj" (target "PrepareResourceNames" depends on it):
       Task "Warning" skipped, due to false condition; ('@(ResxWithNoCulture)'!='') was evaluated as (''!='').
       Task "Warning" skipped, due to false condition; ('@(ResxWithCulture)'!='') was evaluated as (''!='').
       Task "Warning" skipped, due to false condition; ('@(NonResxWithCulture)'!='') was evaluated as (''!='').
       Task "Warning" skipped, due to false condition; ('@(NonResxWithNoCulture)'!='') was evaluated as (''!='').
       Using "AssignCulture" task from assembly "Microsoft.Build.Tasks.Core, Version=15.1.0.0, Culture=neutral, PublicKeyToken=b03f5f7f11d50a3a".
       Task "AssignCulture"
       Done executing task "AssignCulture".
   4:6>Done building target "SplitResourcesByCulture" in project "TourManagement.Web.csproj".
       Target "CreateManifestResourceNames" skipped, due to false condition; ('@(EmbeddedResource)' != '') was evaluated as ('' != '').
   4:6>Target "CreateCustomManifestResourceNames" in file "/usr/share/dotnet/sdk/8.0.417/Microsoft.Common.CurrentVersion.targets" from project "/modernize-data/studio-data/TNT1001/APP1166/transformed-code/344/studio-workspace/TMS22/src/TourManagement.Web/TourManagement.Web.csproj" (target "PrepareResourceNames" depends on it):
   4:6>Done building target "CreateCustomManifestResourceNames" in project "TourManagement.Web.csproj".
   4:6>Target "PrepareResourceNames" in file "/usr/share/dotnet/sdk/8.0.417/Microsoft.Common.CurrentVersion.targets" from project "/modernize-data/studio-data/TNT1001/APP1166/transformed-code/344/studio-workspace/TMS22/src/TourManagement.Web/TourManagement.Web.csproj" (target "PrepareResources" depends on it):
   4:6>Done building target "PrepareResourceNames" in project "TourManagement.Web.csproj".
       Target "ResolveAssemblyReferences" skipped. Previously built successfully.
       Target "SplitResourcesByCulture" skipped. Previously built successfully.
   4:6>Target "BeforeResGen" in file "/usr/share/dotnet/sdk/8.0.417/Microsoft.Common.CurrentVersion.targets" from project "/modernize-data/studio-data/TNT1001/APP1166/transformed-code/344/studio-workspace/TMS22/src/TourManagement.Web/TourManagement.Web.csproj" (target "ResGen" depends on it):
   4:6>Done building target "BeforeResGen" in project "TourManagement.Web.csproj".
       Target "ResolveReferences" skipped. Previously built successfully.
   4:6>Target "FindReferenceAssembliesForReferences" in file "/usr/share/dotnet/sdk/8.0.417/Microsoft.Common.CurrentVersion.targets" from project "/modernize-data/studio-data/TNT1001/APP1166/transformed-code/344/studio-workspace/TMS22/src/TourManagement.Web/TourManagement.Web.csproj" (target "CoreResGen" depends on it):
   4:6>Done building target "FindReferenceAssembliesForReferences" in project "TourManagement.Web.csproj".
   4:6>Target "CoreResGen" in file "/usr/share/dotnet/sdk/8.0.417/Microsoft.Common.CurrentVersion.targets" from project "/modernize-data/studio-data/TNT1001/APP1166/transformed-code/344/studio-workspace/TMS22/src/TourManagement.Web/TourManagement.Web.csproj" (target "ResGen" depends on it):
       Task "GenerateResource" skipped, due to false condition; ('%(EmbeddedResource.Type)' == 'Resx' and '%(EmbeddedResource.GenerateResource)' != 'false' and '$(GenerateResourceMSBuildRuntime)' != 'CLR2') was evaluated as ('' == 'Resx' and '' != 'false' and 'CurrentRuntime' != 'CLR2').
       Task "GenerateResource" skipped, due to false condition; ('%(EmbeddedResource.Type)' == 'Resx' and '%(EmbeddedResource.GenerateResource)' != 'false' and '$(GenerateResourceMSBuildRuntime)' == 'CLR2') was evaluated as ('' == 'Resx' and '' != 'false' and 'CurrentRuntime' == 'CLR2').
   4:6>Done building target "CoreResGen" in project "TourManagement.Web.csproj".
   4:6>Target "AfterResGen" in file "/usr/share/dotnet/sdk/8.0.417/Microsoft.Common.CurrentVersion.targets" from project "/modernize-data/studio-data/TNT1001/APP1166/transformed-code/344/studio-workspace/TMS22/src/TourManagement.Web/TourManagement.Web.csproj" (target "ResGen" depends on it):
   4:6>Done building target "AfterResGen" in project "TourManagement.Web.csproj".
   4:6>Target "ResGen" in file "/usr/share/dotnet/sdk/8.0.417/Microsoft.Common.CurrentVersion.targets" from project "/modernize-data/studio-data/TNT1001/APP1166/transformed-code/344/studio-workspace/TMS22/src/TourManagement.Web/TourManagement.Web.csproj" (target "PrepareResources" depends on it):
   4:6>Done building target "ResGen" in project "TourManagement.Web.csproj".
       Target "CompileLicxFiles" skipped, due to false condition; ('@(_LicxFile)'!='') was evaluated as (''!='').
   4:6>Target "PrepareResources" in file "/usr/share/dotnet/sdk/8.0.417/Microsoft.Common.CurrentVersion.targets" from project "/modernize-data/studio-data/TNT1001/APP1166/transformed-code/344/studio-workspace/TMS22/src/TourManagement.Web/TourManagement.Web.csproj" (target "CoreBuild" depends on it):
   4:6>Done building target "PrepareResources" in project "TourManagement.Web.csproj".
       Target "ResolveKeySource" skipped, due to false condition; ($(SignManifests) == 'true' or $(SignAssembly) == 'true') was evaluated as ( == 'true' or false == 'true').
       Target "ResolveReferences" skipped. Previously built successfully.
       Target "ResolveKeySource" skipped, due to false condition; ($(SignManifests) == 'true' or $(SignAssembly) == 'true') was evaluated as ( == 'true' or false == 'true').
       Target "ResolveComReferences" skipped, due to false condition; ('@(COMReference)'!='' or '@(COMFileReference)'!='') was evaluated as (''!='' or ''!='').
       Target "ResolveNativeReferences" skipped, due to false condition; ('@(NativeReference)'!='') was evaluated as (''!='').
       Target "_SetExternalWin32ManifestProperties" skipped, due to false condition; ('$(GenerateClickOnceManifests)'=='true' or '@(NativeReference)'!='' or '@(ResolvedIsolatedComModules)'!='') was evaluated as (''=='true' or ''!='' or ''!='').
   4:6>Target "_SetEmbeddedWin32ManifestProperties" in file "/usr/share/dotnet/sdk/8.0.417/Microsoft.Common.CurrentVersion.targets" from project "/modernize-data/studio-data/TNT1001/APP1166/transformed-code/344/studio-workspace/TMS22/src/TourManagement.Web/TourManagement.Web.csproj" (target "SetWin32ManifestProperties" depends on it):
       Using "GetFrameworkPath" task from assembly "Microsoft.Build.Tasks.Core, Version=15.1.0.0, Culture=neutral, PublicKeyToken=b03f5f7f11d50a3a".
       Task "GetFrameworkPath"
       Done executing task "GetFrameworkPath".
   4:6>Done building target "_SetEmbeddedWin32ManifestProperties" in project "TourManagement.Web.csproj".
   4:6>Target "SetWin32ManifestProperties" in file "/usr/share/dotnet/sdk/8.0.417/Microsoft.Common.CurrentVersion.targets" from project "/modernize-data/studio-data/TNT1001/APP1166/transformed-code/344/studio-workspace/TMS22/src/TourManagement.Web/TourManagement.Web.csproj" (target "Compile" depends on it):
   4:6>Done building target "SetWin32ManifestProperties" in project "TourManagement.Web.csproj".
       Target "_SetPreferNativeArm64Win32ManifestProperties" skipped, due to false condition; ( '$(PreferNativeArm64)'=='true' and '$(NoWin32Manifest)'!='true') was evaluated as ( ''=='true' and ''!='true').
       Target "FindReferenceAssembliesForReferences" skipped. Previously built successfully.
   4:6>Target "_GenerateCompileInputs" in file "/usr/share/dotnet/sdk/8.0.417/Microsoft.Common.CurrentVersion.targets" from project "/modernize-data/studio-data/TNT1001/APP1166/transformed-code/344/studio-workspace/TMS22/src/TourManagement.Web/TourManagement.Web.csproj" (target "Compile" depends on it):
       Task "Warning" skipped, due to false condition; ('@(ManifestResourceWithNoCulture)'!='' and '%(ManifestResourceWithNoCulture.EmittedForCompatibilityOnly)'=='') was evaluated as (''!='' and ''=='').
       Task "Warning" skipped, due to false condition; ('@(ManifestNonResxWithNoCultureOnDisk)'!='' and '%(ManifestNonResxWithNoCultureOnDisk.EmittedForCompatibilityOnly)'=='') was evaluated as (''!='' and ''=='').
   4:6>Done building target "_GenerateCompileInputs" in project "TourManagement.Web.csproj".
       Target "PrepareForBuild" skipped. Previously built successfully.
   4:6>Target "ResolveRazorConfiguration" in file "/usr/share/dotnet/sdk/8.0.417/Sdks/Microsoft.NET.Sdk.Razor/targets/Sdk.Razor.CurrentVersion.targets" from project "/modernize-data/studio-data/TNT1001/APP1166/transformed-code/344/studio-workspace/TMS22/src/TourManagement.Web/TourManagement.Web.csproj" (target "PrepareForRazorGenerate" depends on it):
       Task "Warning" skipped, due to false condition; ('$(_Targeting30OrNewerRazorLangVersion)' == 'true' AND '@(ResolvedRazorConfiguration->Count())' == '0') was evaluated as ('true' == 'true' AND '1' == '0').
       Task "Warning" skipped, due to false condition; ('$(_Targeting30OrNewerRazorLangVersion)' == 'true' AND '@(ResolvedRazorConfiguration->Count())' > '1') was evaluated as ('true' == 'true' AND '1' > '1').
       Task "Warning" skipped, due to false condition; ('$(_Targeting30OrNewerRazorLangVersion)' != 'true' AND '$(_TargetingNETCoreApp30OrLater)' == 'true') was evaluated as ('true' != 'true' AND 'true' == 'true').
       Using "FindInList" task from assembly "Microsoft.Build.Tasks.Core, Version=15.1.0.0, Culture=neutral, PublicKeyToken=b03f5f7f11d50a3a".
       Task "FindInList"
         Found "MVC-3.0".
       Done executing task "FindInList".
   4:6>Done building target "ResolveRazorConfiguration" in project "TourManagement.Web.csproj".
       Target "ResolveRazorGenerateInputs" skipped. Previously built successfully.
   4:6>Target "ResolveScopedCssInputs" in file "/usr/share/dotnet/sdk/8.0.417/Sdks/Microsoft.NET.Sdk.StaticWebAssets/targets/Microsoft.NET.Sdk.StaticWebAssets.ScopedCss.targets" from project "/modernize-data/studio-data/TNT1001/APP1166/transformed-code/344/studio-workspace/TMS22/src/TourManagement.Web/TourManagement.Web.csproj" (target "ComputeCssScope" depends on it):
       Using "DiscoverDefaultScopedCssItems" task from assembly "/usr/share/dotnet/sdk/8.0.417/Sdks/Microsoft.NET.Sdk.StaticWebAssets/targets/../tasks/net8.0/Microsoft.NET.Sdk.StaticWebAssets.Tasks.dll".
       Task "DiscoverDefaultScopedCssItems"
       Done executing task "DiscoverDefaultScopedCssItems".
   4:6>Done building target "ResolveScopedCssInputs" in project "TourManagement.Web.csproj".
   4:6>Target "ComputeCssScope" in file "/usr/share/dotnet/sdk/8.0.417/Sdks/Microsoft.NET.Sdk.StaticWebAssets/targets/Microsoft.NET.Sdk.StaticWebAssets.ScopedCss.targets" from project "/modernize-data/studio-data/TNT1001/APP1166/transformed-code/344/studio-workspace/TMS22/src/TourManagement.Web/TourManagement.Web.csproj" (target "ResolveCssScopes" depends on it):
       Using "ComputeCssScope" task from assembly "/usr/share/dotnet/sdk/8.0.417/Sdks/Microsoft.NET.Sdk.StaticWebAssets/targets/../tasks/net8.0/Microsoft.NET.Sdk.StaticWebAssets.Tasks.dll".
       Task "ComputeCssScope"
       Done executing task "ComputeCssScope".
   4:6>Done building target "ComputeCssScope" in project "TourManagement.Web.csproj".
   4:6>Target "ResolveRazorComponentInputs" in file "/usr/share/dotnet/sdk/8.0.417/Sdks/Microsoft.NET.Sdk.Razor/targets/Sdk.Razor.CurrentVersion.targets" from project "/modernize-data/studio-data/TNT1001/APP1166/transformed-code/344/studio-workspace/TMS22/src/TourManagement.Web/TourManagement.Web.csproj" (target "ResolveCssScopes" depends on it):
   4:6>Done building target "ResolveRazorComponentInputs" in project "TourManagement.Web.csproj".
       Target "ResolveRazorGenerateInputs" skipped. Previously built successfully.
   4:6>Target "ResolveCssScopes" in file "/usr/share/dotnet/sdk/8.0.417/Sdks/Microsoft.NET.Sdk.Razor/targets/Sdk.Razor.CurrentVersion.targets" from project "/modernize-data/studio-data/TNT1001/APP1166/transformed-code/344/studio-workspace/TMS22/src/TourManagement.Web/TourManagement.Web.csproj" (target "AssignRazorGenerateTargetPaths" depends on it):
       Using "ApplyCssScopes" task from assembly "/usr/share/dotnet/sdk/8.0.417/Sdks/Microsoft.NET.Sdk.StaticWebAssets/targets/../tasks/net8.0/Microsoft.NET.Sdk.StaticWebAssets.Tasks.dll".
       Task "ApplyCssScopes"
       Done executing task "ApplyCssScopes".
   4:6>Done building target "ResolveCssScopes" in project "TourManagement.Web.csproj".
   4:6>Target "AssignRazorGenerateTargetPaths" in file "/usr/share/dotnet/sdk/8.0.417/Sdks/Microsoft.NET.Sdk.Razor/targets/Sdk.Razor.CurrentVersion.targets" from project "/modernize-data/studio-data/TNT1001/APP1166/transformed-code/344/studio-workspace/TMS22/src/TourManagement.Web/TourManagement.Web.csproj" (target "PrepareForRazorGenerate" depends on it):
       Task "AssignTargetPath"
       Done executing task "AssignTargetPath".
   4:6>Done building target "AssignRazorGenerateTargetPaths" in project "TourManagement.Web.csproj".
   4:6>Target "_ResolveGeneratedRazorCompileInputs" in file "/usr/share/dotnet/sdk/8.0.417/Sdks/Microsoft.NET.Sdk.Razor/targets/Sdk.Razor.CurrentVersion.targets" from project "/modernize-data/studio-data/TNT1001/APP1166/transformed-code/344/studio-workspace/TMS22/src/TourManagement.Web/TourManagement.Web.csproj" (target "PrepareForRazorGenerate" depends on it):
   4:6>Done building target "_ResolveGeneratedRazorCompileInputs" in project "TourManagement.Web.csproj".
       Target "_CheckForIncorrectMvcConfiguration" skipped, due to false condition; ('@(ResolvedRazorConfiguration)' == 'Default' AND
             ('$(RazorCompileOnBuild)' == 'true' OR '$(RazorCompileOnPublish)' =='true') AND
             '@(RazorGenerate->Count())' != '0' AND
             '$(_Targeting30OrNewerRazorLangVersion)' == 'true' AND
             '$(_IsTargetingRazor2X)' != 'true') was evaluated as ('MVC-3.0' == 'Default' AND
             ('true' == 'true' OR 'true' =='true') AND
             '12' != '0' AND
             'true' == 'true' AND
             '' != 'true').
   4:6>Target "PrepareForRazorGenerate" in file "/usr/share/dotnet/sdk/8.0.417/Sdks/Microsoft.NET.Sdk.Razor/targets/Sdk.Razor.CurrentVersion.targets" from project "/modernize-data/studio-data/TNT1001/APP1166/transformed-code/344/studio-workspace/TMS22/src/TourManagement.Web/TourManagement.Web.csproj" (target "_PrepareRazorSourceGenerators" depends on it):
   4:6>Done building target "PrepareForRazorGenerate" in project "TourManagement.Web.csproj".
       Target "ResolveRazorConfiguration" skipped. Previously built successfully.
       Target "ResolveRazorComponentInputs" skipped. Previously built successfully.
       Target "_CheckForIncorrectComponentsConfiguration" skipped, due to false condition; (('$(RazorCompileOnBuild)' == 'true' OR '$(RazorCompileOnPublish)' =='true') AND
             '@(RazorComponent->Count())' != '0' AND
             '$(_Targeting30OrNewerRazorLangVersion)' != 'true' AND
             '$(_IsTargetingRazor2X)' != 'true') was evaluated as (('true' == 'true' OR 'true' =='true') AND
             '0' != '0' AND
             'true' != 'true' AND
             '' != 'true').
       Target "AssignRazorComponentTargetPaths" skipped, due to false condition; ('@(RazorComponent)' != '') was evaluated as ('' != '').
   4:6>Target "PrepareForRazorComponentGenerate" in file "/usr/share/dotnet/sdk/8.0.417/Sdks/Microsoft.NET.Sdk.Razor/targets/Sdk.Razor.CurrentVersion.targets" from project "/modernize-data/studio-data/TNT1001/APP1166/transformed-code/344/studio-workspace/TMS22/src/TourManagement.Web/TourManagement.Web.csproj" (target "_PrepareRazorSourceGenerators" depends on it):
   4:6>Done building target "PrepareForRazorComponentGenerate" in project "TourManagement.Web.csproj".
   4:6>Target "_PrepareRazorSourceGenerators" in file "/usr/share/dotnet/sdk/8.0.417/Sdks/Microsoft.NET.Sdk.Razor/targets/Microsoft.NET.Sdk.Razor.SourceGenerators.targets" from project "/modernize-data/studio-data/TNT1001/APP1166/transformed-code/344/studio-workspace/TMS22/src/TourManagement.Web/TourManagement.Web.csproj" (target "GenerateMSBuildEditorConfigFileShouldRun" depends on it):
       Using "EncodeRazorInputItem" task from assembly "/usr/share/dotnet/sdk/8.0.417/Sdks/Microsoft.NET.Sdk.Razor/targets/../tasks/net8.0/Microsoft.NET.Sdk.Razor.Tasks.dll".
       Task "EncodeRazorInputItem"
       Done executing task "EncodeRazorInputItem".
   4:6>Done building target "_PrepareRazorSourceGenerators" in project "TourManagement.Web.csproj".
   4:6>Target "GenerateMSBuildEditorConfigFileShouldRun" in file "/usr/share/dotnet/sdk/8.0.417/Roslyn/Microsoft.Managed.Core.targets" from project "/modernize-data/studio-data/TNT1001/APP1166/transformed-code/344/studio-workspace/TMS22/src/TourManagement.Web/TourManagement.Web.csproj" (target "GenerateMSBuildEditorConfigFile" depends on it):
   4:6>Done building target "GenerateMSBuildEditorConfigFileShouldRun" in project "TourManagement.Web.csproj".
   4:6>Target "GenerateMSBuildEditorConfigFileCore" in file "/usr/share/dotnet/sdk/8.0.417/Roslyn/Microsoft.Managed.Core.targets" from project "/modernize-data/studio-data/TNT1001/APP1166/transformed-code/344/studio-workspace/TMS22/src/TourManagement.Web/TourManagement.Web.csproj" (target "GenerateMSBuildEditorConfigFile" depends on it):
       Building target "GenerateMSBuildEditorConfigFileCore" completely.
       No input files were specified.
       Using "GenerateMSBuildEditorConfig" task from assembly "/usr/share/dotnet/sdk/8.0.417/Roslyn/Microsoft.Build.Tasks.CodeAnalysis.dll".
       Task "GenerateMSBuildEditorConfig"
       Done executing task "GenerateMSBuildEditorConfig".
   4:6>Done building target "GenerateMSBuildEditorConfigFileCore" in project "TourManagement.Web.csproj".
   4:6>Target "GenerateMSBuildEditorConfigFile" in file "/usr/share/dotnet/sdk/8.0.417/Roslyn/Microsoft.Managed.Core.targets" from project "/modernize-data/studio-data/TNT1001/APP1166/transformed-code/344/studio-workspace/TMS22/src/TourManagement.Web/TourManagement.Web.csproj" (target "BeforeCompile" depends on it):
   4:6>Done building target "GenerateMSBuildEditorConfigFile" in project "TourManagement.Web.csproj".
       Target "PrepareForBuild" skipped. Previously built successfully.
       Target "GetReferenceAssemblyPaths" skipped. Previously built successfully.
   4:6>Target "_SetTargetFrameworkMonikerAttribute" in file "/usr/share/dotnet/sdk/8.0.417/Microsoft.CSharp.CurrentVersion.targets" from project "/modernize-data/studio-data/TNT1001/APP1166/transformed-code/344/studio-workspace/TMS22/src/TourManagement.Web/TourManagement.Web.csproj" (target "GenerateTargetFrameworkMonikerAttribute" depends on it):
   4:6>Done building target "_SetTargetFrameworkMonikerAttribute" in project "TourManagement.Web.csproj".
   4:6>Target "GenerateTargetFrameworkMonikerAttribute" in file "/usr/share/dotnet/sdk/8.0.417/Microsoft.Common.CurrentVersion.targets" from project "/modernize-data/studio-data/TNT1001/APP1166/transformed-code/344/studio-workspace/TMS22/src/TourManagement.Web/TourManagement.Web.csproj" (target "BeforeCompile" depends on it):
       Skipping target "GenerateTargetFrameworkMonikerAttribute" because all output files are up-to-date with respect to the input files.
       Input files: /usr/share/dotnet/sdk/8.0.417/Microsoft.Common.targets
       Output files: obj/Debug/net8.0/.NETCoreApp,Version=v8.0.AssemblyAttributes.cs
   4:6>Done building target "GenerateTargetFrameworkMonikerAttribute" in project "TourManagement.Web.csproj".
       Target "GenerateAdditionalSources" skipped, due to false condition; ('@(AssemblyAttributes)' != '' and '$(GenerateAdditionalSources)' == 'true') was evaluated as ('' != '' and '' == 'true').
       Target "PrepareForBuild" skipped. Previously built successfully.
   4:6>Target "GetAssemblyVersion" in file "/usr/share/dotnet/sdk/8.0.417/Sdks/Microsoft.NET.Sdk/targets/Microsoft.NET.GenerateAssemblyInfo.targets" from project "/modernize-data/studio-data/TNT1001/APP1166/transformed-code/344/studio-workspace/TMS22/src/TourManagement.Web/TourManagement.Web.csproj" (target "GetAssemblyAttributes" depends on it):
       Using "GetAssemblyVersion" task from assembly "/usr/share/dotnet/sdk/8.0.417/Sdks/Microsoft.NET.Sdk/targets/../tools/net8.0/Microsoft.NET.Build.Tasks.dll".
       Task "GetAssemblyVersion"
       Done executing task "GetAssemblyVersion".
   4:6>Done building target "GetAssemblyVersion" in project "TourManagement.Web.csproj".
       Target "GetAssemblyVersion" skipped. Previously built successfully.
   4:6>Target "InitializeSourceControlInformationFromSourceControlManager" in file "/usr/share/dotnet/sdk/8.0.417/Sdks/Microsoft.Build.Tasks.Git/build/Microsoft.Build.Tasks.Git.targets" from project "/modernize-data/studio-data/TNT1001/APP1166/transformed-code/344/studio-workspace/TMS22/src/TourManagement.Web/TourManagement.Web.csproj" (target "_InitializeSourceControlInformationFromSourceControlManager" depends on it):
       Using "Microsoft.Build.Tasks.Git.LocateRepository" task from assembly "/usr/share/dotnet/sdk/8.0.417/Sdks/Microsoft.Build.Tasks.Git/build/../tools/core/Microsoft.Build.Tasks.Git.dll".
       Task "Microsoft.Build.Tasks.Git.LocateRepository"
         SourceLink: Repository instance not found in cache: '*:/modernize-data/studio-data/TNT1001/APP1166/transformed-code/344/studio-workspace/TMS22/.git'
       Done executing task "Microsoft.Build.Tasks.Git.LocateRepository".
   4:6>Done building target "InitializeSourceControlInformationFromSourceControlManager" in project "TourManagement.Web.csproj".
   4:6>Target "_SourceLinkHasSingleProvider" in file "/usr/share/dotnet/sdk/8.0.417/Sdks/Microsoft.SourceLink.Common/build/InitializeSourceControlInformation.targets" from project "/modernize-data/studio-data/TNT1001/APP1166/transformed-code/344/studio-workspace/TMS22/src/TourManagement.Web/TourManagement.Web.csproj" (target "_InitializeSourceControlInformationFromSourceControlManager" depends on it):
       Assembly loaded during TaskRun: Microsoft.SourceLink.Common, Version=8.0.9.11501, Culture=neutral, PublicKeyToken=31bf3856ad364e35 (location: /usr/share/dotnet/sdk/8.0.417/Sdks/Microsoft.SourceLink.Common/tools/core/Microsoft.SourceLink.Common.dll, MVID: d5b96578-81ec-438f-8487-2f5405206516, AssemblyLoadContext: MSBuild plugin /usr/share/dotnet/sdk/8.0.417/Sdks/Microsoft.SourceLink.Common/tools/core/Microsoft.SourceLink.Common.dll)
       Using "Microsoft.SourceLink.Common.SourceLinkHasSingleProvider" task from assembly "/usr/share/dotnet/sdk/8.0.417/Sdks/Microsoft.SourceLink.Common/build/../tools/core/Microsoft.SourceLink.Common.dll".
       Task "Microsoft.SourceLink.Common.SourceLinkHasSingleProvider"
       Done executing task "Microsoft.SourceLink.Common.SourceLinkHasSingleProvider".
   4:6>Done building target "_SourceLinkHasSingleProvider" in project "TourManagement.Web.csproj".
   4:6>Target "TranslateGitHubUrlsInSourceControlInformation" in file "/usr/share/dotnet/sdk/8.0.417/Sdks/Microsoft.SourceLink.GitHub/build/Microsoft.SourceLink.GitHub.targets" from project "/modernize-data/studio-data/TNT1001/APP1166/transformed-code/344/studio-workspace/TMS22/src/TourManagement.Web/TourManagement.Web.csproj" (target "_InitializeSourceControlInformationFromSourceControlManager" depends on it):
       Assembly loaded during TaskRun: Microsoft.SourceLink.GitHub, Version=8.0.9.11501, Culture=neutral, PublicKeyToken=31bf3856ad364e35 (location: /usr/share/dotnet/sdk/8.0.417/Sdks/Microsoft.SourceLink.GitHub/tools/core/Microsoft.SourceLink.GitHub.dll, MVID: 1fbac130-3a2a-4cf4-9c60-b0ae73333681, AssemblyLoadContext: MSBuild plugin /usr/share/dotnet/sdk/8.0.417/Sdks/Microsoft.SourceLink.GitHub/tools/core/Microsoft.SourceLink.GitHub.dll)
       Using "Microsoft.SourceLink.GitHub.TranslateRepositoryUrls" task from assembly "/usr/share/dotnet/sdk/8.0.417/Sdks/Microsoft.SourceLink.GitHub/build/../tools/core/Microsoft.SourceLink.GitHub.dll".
       Task "Microsoft.SourceLink.GitHub.TranslateRepositoryUrls"
       Done executing task "Microsoft.SourceLink.GitHub.TranslateRepositoryUrls".
   4:6>Done building target "TranslateGitHubUrlsInSourceControlInformation" in project "TourManagement.Web.csproj".
   4:6>Target "TranslateGitLabUrlsInSourceControlInformation" in file "/usr/share/dotnet/sdk/8.0.417/Sdks/Microsoft.SourceLink.GitLab/build/Microsoft.SourceLink.GitLab.targets" from project "/modernize-data/studio-data/TNT1001/APP1166/transformed-code/344/studio-workspace/TMS22/src/TourManagement.Web/TourManagement.Web.csproj" (target "_InitializeSourceControlInformationFromSourceControlManager" depends on it):
       Assembly loaded during TaskRun: Microsoft.SourceLink.GitLab, Version=8.0.9.11501, Culture=neutral, PublicKeyToken=31bf3856ad364e35 (location: /usr/share/dotnet/sdk/8.0.417/Sdks/Microsoft.SourceLink.GitLab/tools/core/Microsoft.SourceLink.GitLab.dll, MVID: 6b003cb9-36ef-4a5a-83ae-cc8fa7fbcb67, AssemblyLoadContext: MSBuild plugin /usr/share/dotnet/sdk/8.0.417/Sdks/Microsoft.SourceLink.GitLab/tools/core/Microsoft.SourceLink.GitLab.dll)
       Using "Microsoft.SourceLink.GitLab.TranslateRepositoryUrls" task from assembly "/usr/share/dotnet/sdk/8.0.417/Sdks/Microsoft.SourceLink.GitLab/build/../tools/core/Microsoft.SourceLink.GitLab.dll".
       Task "Microsoft.SourceLink.GitLab.TranslateRepositoryUrls"
       Done executing task "Microsoft.SourceLink.GitLab.TranslateRepositoryUrls".
   4:6>Done building target "TranslateGitLabUrlsInSourceControlInformation" in project "TourManagement.Web.csproj".
   4:6>Target "TranslateAzureReposGitUrlsInSourceControlInformation" in file "/usr/share/dotnet/sdk/8.0.417/Sdks/Microsoft.SourceLink.AzureRepos.Git/build/Microsoft.SourceLink.AzureRepos.Git.targets" from project "/modernize-data/studio-data/TNT1001/APP1166/transformed-code/344/studio-workspace/TMS22/src/TourManagement.Web/TourManagement.Web.csproj" (target "_InitializeSourceControlInformationFromSourceControlManager" depends on it):
       Assembly loaded during TaskRun: Microsoft.SourceLink.AzureRepos.Git, Version=8.0.9.11501, Culture=neutral, PublicKeyToken=31bf3856ad364e35 (location: /usr/share/dotnet/sdk/8.0.417/Sdks/Microsoft.SourceLink.AzureRepos.Git/tools/core/Microsoft.SourceLink.AzureRepos.Git.dll, MVID: 3a082d27-0e6b-4d51-92ea-8eaf3fc3120f, AssemblyLoadContext: MSBuild plugin /usr/share/dotnet/sdk/8.0.417/Sdks/Microsoft.SourceLink.AzureRepos.Git/tools/core/Microsoft.SourceLink.AzureRepos.Git.dll)
       Using "Microsoft.SourceLink.AzureRepos.Git.TranslateRepositoryUrls" task from assembly "/usr/share/dotnet/sdk/8.0.417/Sdks/Microsoft.SourceLink.AzureRepos.Git/build/../tools/core/Microsoft.SourceLink.AzureRepos.Git.dll".
       Task "Microsoft.SourceLink.AzureRepos.Git.TranslateRepositoryUrls"
       Done executing task "Microsoft.SourceLink.AzureRepos.Git.TranslateRepositoryUrls".
   4:6>Done building target "TranslateAzureReposGitUrlsInSourceControlInformation" in project "TourManagement.Web.csproj".
   4:6>Target "TranslateBitbucketGitUrlsInSourceControlInformation" in file "/usr/share/dotnet/sdk/8.0.417/Sdks/Microsoft.SourceLink.Bitbucket.Git/build/Microsoft.SourceLink.Bitbucket.Git.targets" from project "/modernize-data/studio-data/TNT1001/APP1166/transformed-code/344/studio-workspace/TMS22/src/TourManagement.Web/TourManagement.Web.csproj" (target "_InitializeSourceControlInformationFromSourceControlManager" depends on it):
       Assembly loaded during TaskRun: Microsoft.SourceLink.Bitbucket.Git, Version=8.0.9.11501, Culture=neutral, PublicKeyToken=31bf3856ad364e35 (location: /usr/share/dotnet/sdk/8.0.417/Sdks/Microsoft.SourceLink.Bitbucket.Git/tools/core/Microsoft.SourceLink.Bitbucket.Git.dll, MVID: 3994e8b0-7ae9-409e-bc2b-53baef289161, AssemblyLoadContext: MSBuild plugin /usr/share/dotnet/sdk/8.0.417/Sdks/Microsoft.SourceLink.Bitbucket.Git/tools/core/Microsoft.SourceLink.Bitbucket.Git.dll)
       Using "Microsoft.SourceLink.Bitbucket.Git.TranslateRepositoryUrls" task from assembly "/usr/share/dotnet/sdk/8.0.417/Sdks/Microsoft.SourceLink.Bitbucket.Git/build/../tools/core/Microsoft.SourceLink.Bitbucket.Git.dll".
       Task "Microsoft.SourceLink.Bitbucket.Git.TranslateRepositoryUrls"
       Done executing task "Microsoft.SourceLink.Bitbucket.Git.TranslateRepositoryUrls".
   4:6>Done building target "TranslateBitbucketGitUrlsInSourceControlInformation" in project "TourManagement.Web.csproj".
   4:6>Target "SourceControlManagerPublishTranslatedUrls" in file "/usr/share/dotnet/sdk/8.0.417/Sdks/Microsoft.SourceLink.Common/build/InitializeSourceControlInformation.targets" from project "/modernize-data/studio-data/TNT1001/APP1166/transformed-code/344/studio-workspace/TMS22/src/TourManagement.Web/TourManagement.Web.csproj" (target "_InitializeSourceControlInformationFromSourceControlManager" depends on it):
   4:6>Done building target "SourceControlManagerPublishTranslatedUrls" in project "TourManagement.Web.csproj".
   4:6>Target "_InitializeSourceControlInformationFromSourceControlManager" in file "/usr/share/dotnet/sdk/8.0.417/Sdks/Microsoft.SourceLink.Common/build/InitializeSourceControlInformation.targets" from project "/modernize-data/studio-data/TNT1001/APP1166/transformed-code/344/studio-workspace/TMS22/src/TourManagement.Web/TourManagement.Web.csproj" (target "InitializeSourceControlInformation" depends on it):
   4:6>Done building target "_InitializeSourceControlInformationFromSourceControlManager" in project "TourManagement.Web.csproj".
   4:6>Target "InitializeSourceControlInformation" in file "/usr/share/dotnet/sdk/8.0.417/Microsoft.Common.CurrentVersion.targets" from project "/modernize-data/studio-data/TNT1001/APP1166/transformed-code/344/studio-workspace/TMS22/src/TourManagement.Web/TourManagement.Web.csproj" (target "AddSourceRevisionToInformationalVersion" depends on it):
   4:6>Done building target "InitializeSourceControlInformation" in project "TourManagement.Web.csproj".
   4:6>Target "AddSourceRevisionToInformationalVersion" in file "/usr/share/dotnet/sdk/8.0.417/Sdks/Microsoft.NET.Sdk/targets/Microsoft.NET.GenerateAssemblyInfo.targets" from project "/modernize-data/studio-data/TNT1001/APP1166/transformed-code/344/studio-workspace/TMS22/src/TourManagement.Web/TourManagement.Web.csproj" (target "GetAssemblyAttributes" depends on it):
   4:6>Done building target "AddSourceRevisionToInformationalVersion" in project "TourManagement.Web.csproj".
       Target "_GetUserSecretsAssemblyAttribute" skipped, due to false condition; ( '$(UserSecretsId)' != '' AND '$(GenerateUserSecretsAttribute)' != 'false' AND '$(GeneratedUserSecretsAttributeFile)' == '' ) was evaluated as ( '' != '' AND '' != 'false' AND '' == '' ).
   4:6>Target "GetAssemblyAttributes" in file "/usr/share/dotnet/sdk/8.0.417/Sdks/Microsoft.NET.Sdk/targets/Microsoft.NET.GenerateAssemblyInfo.targets" from project "/modernize-data/studio-data/TNT1001/APP1166/transformed-code/344/studio-workspace/TMS22/src/TourManagement.Web/TourManagement.Web.csproj" (target "CreateGeneratedAssemblyInfoInputsCacheFile" depends on it):
   4:6>Done building target "GetAssemblyAttributes" in project "TourManagement.Web.csproj".
   4:6>Target "CreateGeneratedAssemblyInfoInputsCacheFile" in file "/usr/share/dotnet/sdk/8.0.417/Sdks/Microsoft.NET.Sdk/targets/Microsoft.NET.GenerateAssemblyInfo.targets" from project "/modernize-data/studio-data/TNT1001/APP1166/transformed-code/344/studio-workspace/TMS22/src/TourManagement.Web/TourManagement.Web.csproj" (target "CoreGenerateAssemblyInfo" depends on it):
       Using "Hash" task from assembly "Microsoft.Build.Tasks.Core, Version=15.1.0.0, Culture=neutral, PublicKeyToken=b03f5f7f11d50a3a".
       Task "Hash"
       Done executing task "Hash".
       Task "WriteLinesToFile"
       Done executing task "WriteLinesToFile".
   4:6>Done building target "CreateGeneratedAssemblyInfoInputsCacheFile" in project "TourManagement.Web.csproj".
   4:6>Target "CoreGenerateAssemblyInfo" in file "/usr/share/dotnet/sdk/8.0.417/Sdks/Microsoft.NET.Sdk/targets/Microsoft.NET.GenerateAssemblyInfo.targets" from project "/modernize-data/studio-data/TNT1001/APP1166/transformed-code/344/studio-workspace/TMS22/src/TourManagement.Web/TourManagement.Web.csproj" (target "GenerateAssemblyInfo" depends on it):
       Building target "CoreGenerateAssemblyInfo" completely.
       Output file "obj/Debug/net8.0/TourManagement.Web.AssemblyInfo.cs" does not exist.
       Using "WriteCodeFragment" task from assembly "Microsoft.Build.Tasks.Core, Version=15.1.0.0, Culture=neutral, PublicKeyToken=b03f5f7f11d50a3a".
       Task "WriteCodeFragment"
         Emitted specified code into "obj/Debug/net8.0/TourManagement.Web.AssemblyInfo.cs".
       Done executing task "WriteCodeFragment".
   4:6>Done building target "CoreGenerateAssemblyInfo" in project "TourManagement.Web.csproj".
   4:6>Target "GenerateAssemblyInfo" in file "/usr/share/dotnet/sdk/8.0.417/Sdks/Microsoft.NET.Sdk/targets/Microsoft.NET.GenerateAssemblyInfo.targets" from project "/modernize-data/studio-data/TNT1001/APP1166/transformed-code/344/studio-workspace/TMS22/src/TourManagement.Web/TourManagement.Web.csproj" (target "BeforeCompile" depends on it):
   4:6>Done building target "GenerateAssemblyInfo" in project "TourManagement.Web.csproj".
   4:6>Target "BeforeCompile" in file "/usr/share/dotnet/sdk/8.0.417/Microsoft.Common.CurrentVersion.targets" from project "/modernize-data/studio-data/TNT1001/APP1166/transformed-code/344/studio-workspace/TMS22/src/TourManagement.Web/TourManagement.Web.csproj" (target "Compile" depends on it):
   4:6>Done building target "BeforeCompile" in project "TourManagement.Web.csproj".
       Target "_TimeStampBeforeCompile" skipped, due to false condition; ('$(RunPostBuildEvent)'=='OnOutputUpdated' or ('$(RegisterForComInterop)'=='true' and '$(OutputType)'=='library')) was evaluated as (''=='OnOutputUpdated' or (''=='true' and 'Exe'=='library')).
       Target "ResolveAssemblyReferences" skipped. Previously built successfully.
   4:6>Target "_GenerateCompileDependencyCache" in file "/usr/share/dotnet/sdk/8.0.417/Microsoft.Common.CurrentVersion.targets" from project "/modernize-data/studio-data/TNT1001/APP1166/transformed-code/344/studio-workspace/TMS22/src/TourManagement.Web/TourManagement.Web.csproj" (target "Compile" depends on it):
       Task "Hash"
       Done executing task "Hash".
       Task "WriteLinesToFile"
       Done executing task "WriteLinesToFile".
   4:6>Done building target "_GenerateCompileDependencyCache" in project "TourManagement.Web.csproj".
       Target "ResolveAssemblyReferences" skipped. Previously built successfully.
   4:6>Target "_DiscoverMvcApplicationParts" in file "/usr/share/dotnet/sdk/8.0.417/Sdks/Microsoft.NET.Sdk.Razor/targets/Microsoft.NET.Sdk.Razor.MvcApplicationPartsDiscovery.targets" from project "/modernize-data/studio-data/TNT1001/APP1166/transformed-code/344/studio-workspace/TMS22/src/TourManagement.Web/TourManagement.Web.csproj" (target "CoreCompile" depends on it):
       Building target "_DiscoverMvcApplicationParts" completely.
       Output file "obj/Debug/net8.0/TourManagement.Web.MvcApplicationPartsAssemblyInfo.cache" does not exist.
       Using "FindAssembliesWithReferencesTo" task from assembly "/usr/share/dotnet/sdk/8.0.417/Sdks/Microsoft.NET.Sdk.Razor/targets/../tasks/net8.0/Microsoft.NET.Sdk.Razor.Tasks.dll".
       Task "FindAssembliesWithReferencesTo"
       Done executing task "FindAssembliesWithReferencesTo".
       Task "WriteCodeFragment" skipped, due to false condition; ('@(_ApplicationPartAssemblyNames->Count())' != '0') was evaluated as ('0' != '0').
       Task "Delete" skipped, due to false condition; ('@(_ApplicationPartAssemblyNames->Count())' == '0' AND Exists('$(_MvcApplicationPartAttributeGeneratedFile)')) was evaluated as ('0' == '0' AND Exists('obj/Debug/net8.0/TourManagement.Web.MvcApplicationPartsAssemblyInfo.cs')).
       Using "Touch" task from assembly "Microsoft.Build.Tasks.Core, Version=15.1.0.0, Culture=neutral, PublicKeyToken=b03f5f7f11d50a3a".
       Task "Touch"
         Creating "obj/Debug/net8.0/TourManagement.Web.MvcApplicationPartsAssemblyInfo.cache" because "AlwaysCreate" was specified.
         Touching "obj/Debug/net8.0/TourManagement.Web.MvcApplicationPartsAssemblyInfo.cache".
       Done executing task "Touch".
   4:6>Done building target "_DiscoverMvcApplicationParts" in project "TourManagement.Web.csproj".
       Target "_ComputeNonExistentFileProperty" skipped, due to false condition; (('$(BuildingInsideVisualStudio)' == 'true') and ('$(BuildingOutOfProcess)' != 'true') and (('$(BuildingProject)' == 'false') or ('$(UseHostCompilerIfAvailable)' == 'true'))) was evaluated as (('' == 'true') and ('' != 'true') and (('true' == 'false') or ('true' == 'true'))).
       Target "ResolveCodeAnalysisRuleSet" skipped, due to false condition; ('$(CodeAnalysisRuleSet)' != '') was evaluated as ('' != '').
       Target "ResolveRazorGenerateInputs" skipped. Previously built successfully.
   4:6>Target "_ResolveMvcAssemblyAttributes" in file "/usr/share/dotnet/sdk/8.0.417/Sdks/Microsoft.NET.Sdk.Razor/targets/Microsoft.NET.Sdk.Razor.Configuration.targets" from project "/modernize-data/studio-data/TNT1001/APP1166/transformed-code/344/studio-workspace/TMS22/src/TourManagement.Web/TourManagement.Web.csproj" (target "_GenerateRazorAssemblyInfo" depends on it):
   4:6>Done building target "_ResolveMvcAssemblyAttributes" in project "TourManagement.Web.csproj".
       Target "RazorGetAssemblyAttributes" skipped, due to false condition; ('$(GenerateRazorHostingAssemblyInfo)'=='true' and '$(RazorDefaultConfiguration)'!='') was evaluated as (''=='true' and 'MVC-3.0'!='').
       Target "PrepareForBuild" skipped. Previously built successfully.
   4:6>Target "_CreateRazorAssemblyInfoInputsCacheFile" in file "/usr/share/dotnet/sdk/8.0.417/Sdks/Microsoft.NET.Sdk.Razor/targets/Microsoft.NET.Sdk.Razor.GenerateAssemblyInfo.targets" from project "/modernize-data/studio-data/TNT1001/APP1166/transformed-code/344/studio-workspace/TMS22/src/TourManagement.Web/TourManagement.Web.csproj" (target "_CoreGenerateRazorAssemblyInfo" depends on it):
       Task "Hash"
       Done executing task "Hash".
       Task "WriteLinesToFile"
       Done executing task "WriteLinesToFile".
   4:6>Done building target "_CreateRazorAssemblyInfoInputsCacheFile" in project "TourManagement.Web.csproj".
   4:6>Target "_CoreGenerateRazorAssemblyInfo" in file "/usr/share/dotnet/sdk/8.0.417/Sdks/Microsoft.NET.Sdk.Razor/targets/Microsoft.NET.Sdk.Razor.GenerateAssemblyInfo.targets" from project "/modernize-data/studio-data/TNT1001/APP1166/transformed-code/344/studio-workspace/TMS22/src/TourManagement.Web/TourManagement.Web.csproj" (target "_GenerateRazorAssemblyInfo" depends on it):
       Building target "_CoreGenerateRazorAssemblyInfo" completely.
       Output file "obj/Debug/net8.0/TourManagement.Web.RazorAssemblyInfo.cs" does not exist.
       Task "WriteCodeFragment"
         Could not infer the type of parameter "#1" because the attribute type is unknown. The value will be treated as a string.
         Emitted specified code into "obj/Debug/net8.0/TourManagement.Web.RazorAssemblyInfo.cs".
       Done executing task "WriteCodeFragment".
   4:6>Done building target "_CoreGenerateRazorAssemblyInfo" in project "TourManagement.Web.csproj".
   4:6>Target "_GenerateRazorAssemblyInfo" in file "/usr/share/dotnet/sdk/8.0.417/Sdks/Microsoft.NET.Sdk.Razor/targets/Microsoft.NET.Sdk.Razor.GenerateAssemblyInfo.targets" from project "/modernize-data/studio-data/TNT1001/APP1166/transformed-code/344/studio-workspace/TMS22/src/TourManagement.Web/TourManagement.Web.csproj" (target "CoreCompile" depends on it):
   4:6>Done building target "_GenerateRazorAssemblyInfo" in project "TourManagement.Web.csproj".
       Target "ShimReferencePathsWhenCommonTargetsDoesNotUnderstandReferenceAssemblies" skipped, due to false condition; ('@(ReferencePathWithRefAssemblies)' == '') was evaluated as ('/home/studioai/.nuget/packages/bcrypt.net-next/4.0.3/lib/net6.0/BCrypt.Net-Next.dll;/home/studioai/.nuget/packages/efcore.namingconventions/8.0.0/lib/net8.0/EFCore.NamingConventions.dll;/usr/share/dotnet/packs/Microsoft.AspNetCore.App.Ref/8.0.23/ref/net8.0/Microsoft.AspNetCore.Antiforgery.dll;...' == '').
   4:6>Target "_BeforeVBCSCoreCompile" in file "/usr/share/dotnet/sdk/8.0.417/Roslyn/Microsoft.Managed.Core.targets" from project "/modernize-data/studio-data/TNT1001/APP1166/transformed-code/344/studio-workspace/TMS22/src/TourManagement.Web/TourManagement.Web.csproj" (target "CoreCompile" depends on it):
   4:6>Done building target "_BeforeVBCSCoreCompile" in project "TourManagement.Web.csproj".
       Target "AdjustDefaultPlatformTargetForNetFrameworkExeWithNoNativeCopyLocalItems" skipped, due to false condition; ('$(_UsingDefaultPlatformTarget)' == 'true' and
                            '$(_UsingDefaultRuntimeIdentifier)' == 'true') was evaluated as ('true' == 'true' and
                            '' == 'true').
       Target "_DisableDiagnosticTracing" skipped, due to false condition; ('$(DisableDiagnosticTracing)' == 'true') was evaluated as ('' == 'true').
       Target "GenerateTargetPlatformDefineConstants" skipped, due to false condition; ( '$(DisableImplicitFrameworkDefines)' != 'true' and '$(TargetPlatformIdentifier)' != '' and '$(TargetFrameworkIdentifier)' == '.NETCoreApp' and $([MSBuild]::VersionGreaterThanOrEquals($(TargetFrameworkVersion), 5.0)) ) was evaluated as ( '' != 'true' and '' != '' and '.NETCoreApp' == '.NETCoreApp' and True ).
   4:6>Target "GenerateNETCompatibleDefineConstants" in file "/usr/share/dotnet/sdk/8.0.417/Sdks/Microsoft.NET.Sdk/targets/Microsoft.NET.Sdk.BeforeCommon.targets" from project "/modernize-data/studio-data/TNT1001/APP1166/transformed-code/344/studio-workspace/TMS22/src/TourManagement.Web/TourManagement.Web.csproj" (target "AddImplicitDefineConstants" depends on it):
   4:6>Done building target "GenerateNETCompatibleDefineConstants" in project "TourManagement.Web.csproj".
       Target "GeneratePlatformCompatibleDefineConstants" skipped, due to false condition; ( '$(DisableImplicitFrameworkDefines)' != 'true' and '$(TargetPlatformIdentifier)' != '' and '$(TargetFrameworkIdentifier)' == '.NETCoreApp' and $([MSBuild]::VersionGreaterThanOrEquals($(TargetFrameworkVersion), 5.0)) ) was evaluated as ( '' != 'true' and '' != '' and '.NETCoreApp' == '.NETCoreApp' and True ).
       Target "_DisableDiagnosticTracing" skipped, due to false condition; ('$(DisableDiagnosticTracing)' == 'true') was evaluated as ('' == 'true').
   4:6>Target "AddImplicitDefineConstants" in file "/usr/share/dotnet/sdk/8.0.417/Sdks/Microsoft.NET.Sdk/targets/Microsoft.NET.Sdk.BeforeCommon.targets" from project "/modernize-data/studio-data/TNT1001/APP1166/transformed-code/344/studio-workspace/TMS22/src/TourManagement.Web/TourManagement.Web.csproj" (target "CoreCompile" depends on it):
   4:6>Done building target "AddImplicitDefineConstants" in project "TourManagement.Web.csproj".
       Target "ShimReferencePathsWhenCommonTargetsDoesNotUnderstandReferenceAssemblies" skipped, due to false condition; ('@(ReferencePathWithRefAssemblies)' == '') was evaluated as ('/home/studioai/.nuget/packages/bcrypt.net-next/4.0.3/lib/net6.0/BCrypt.Net-Next.dll;/home/studioai/.nuget/packages/efcore.namingconventions/8.0.0/lib/net8.0/EFCore.NamingConventions.dll;/usr/share/dotnet/packs/Microsoft.AspNetCore.App.Ref/8.0.23/ref/net8.0/Microsoft.AspNetCore.Antiforgery.dll;...' == '').
   4:6>Target "_ComputeSkipAnalyzers" in file "/usr/share/dotnet/sdk/8.0.417/Roslyn/Microsoft.Managed.Core.targets" from project "/modernize-data/studio-data/TNT1001/APP1166/transformed-code/344/studio-workspace/TMS22/src/TourManagement.Web/TourManagement.Web.csproj" (target "CoreCompile" depends on it):
       Task "ShowMessageForImplicitlySkipAnalyzers" skipped, due to false condition; ('$(_ImplicitlySkipAnalyzers)' == 'true') was evaluated as ('' == 'true').
   4:6>Done building target "_ComputeSkipAnalyzers" in project "TourManagement.Web.csproj".
       Target "_SetPathMapFromSourceRoots" skipped, due to false condition; ('$(DeterministicSourcePaths)' == 'true') was evaluated as ('' == 'true').
       Target "CreateCompilerGeneratedFilesOutputPath" skipped, due to false condition; ('$(EmitCompilerGeneratedFiles)' == 'true' and !('$(DesignTimeBuild)' == 'true' OR '$(BuildingProject)' != 'true')) was evaluated as ('false' == 'true' and !('' == 'true' OR 'true' != 'true')).
       Target "BeforeCompile" skipped. Previously built successfully.
       Target "InitializeSourceControlInformationFromSourceControlManager" skipped. Previously built successfully.
   4:6>Target "SetEmbeddedFilesFromSourceControlManagerUntrackedFiles" in file "/usr/share/dotnet/sdk/8.0.417/Sdks/Microsoft.Build.Tasks.Git/build/Microsoft.Build.Tasks.Git.targets" from project "/modernize-data/studio-data/TNT1001/APP1166/transformed-code/344/studio-workspace/TMS22/src/TourManagement.Web/TourManagement.Web.csproj" (target "_SetEmbeddedFilesFromSourceControlManagerUntrackedFiles" depends on it):
       Using "Microsoft.Build.Tasks.Git.GetUntrackedFiles" task from assembly "/usr/share/dotnet/sdk/8.0.417/Sdks/Microsoft.Build.Tasks.Git/build/../tools/core/Microsoft.Build.Tasks.Git.dll".
       Task "Microsoft.Build.Tasks.Git.GetUntrackedFiles"
         SourceLink: Reusing cached git repository information.
       Done executing task "Microsoft.Build.Tasks.Git.GetUntrackedFiles".
   4:6>Done building target "SetEmbeddedFilesFromSourceControlManagerUntrackedFiles" in project "TourManagement.Web.csproj".
   4:6>Target "_SetEmbeddedFilesFromSourceControlManagerUntrackedFiles" in file "/usr/share/dotnet/sdk/8.0.417/Sdks/Microsoft.SourceLink.Common/build/Microsoft.SourceLink.Common.targets" from project "/modernize-data/studio-data/TNT1001/APP1166/transformed-code/344/studio-workspace/TMS22/src/TourManagement.Web/TourManagement.Web.csproj" (target "CoreCompile" depends on it):
   4:6>Done building target "_SetEmbeddedFilesFromSourceControlManagerUntrackedFiles" in project "TourManagement.Web.csproj".
       Target "InitializeSourceControlInformation" skipped. Previously built successfully.
   4:6>Target "_SetSourceLinkFilePath" in file "/usr/share/dotnet/sdk/8.0.417/Sdks/Microsoft.SourceLink.Common/build/Microsoft.SourceLink.Common.targets" from project "/modernize-data/studio-data/TNT1001/APP1166/transformed-code/344/studio-workspace/TMS22/src/TourManagement.Web/TourManagement.Web.csproj" (target "_GenerateSourceLinkFile" depends on it):
   4:6>Done building target "_SetSourceLinkFilePath" in project "TourManagement.Web.csproj".
       Target "InitializeSourceControlInformation" skipped. Previously built successfully.
   4:6>Target "_InitializeSourceRootMappedPathsFromSourceControl" in file "/usr/share/dotnet/sdk/8.0.417/Roslyn/Microsoft.Managed.Core.targets" from project "/modernize-data/studio-data/TNT1001/APP1166/transformed-code/344/studio-workspace/TMS22/src/TourManagement.Web/TourManagement.Web.csproj" (target "InitializeSourceRootMappedPaths" depends on it):
   4:6>Done building target "_InitializeSourceRootMappedPathsFromSourceControl" in project "TourManagement.Web.csproj".
   4:6>Target "InitializeSourceRootMappedPaths" in file "/usr/share/dotnet/sdk/8.0.417/Roslyn/Microsoft.Managed.Core.targets" from project "/modernize-data/studio-data/TNT1001/APP1166/transformed-code/344/studio-workspace/TMS22/src/TourManagement.Web/TourManagement.Web.csproj" (target "_InitializeSourceRootMappedPathsOpt" depends on it):
       Using "Microsoft.CodeAnalysis.BuildTasks.MapSourceRoots" task from assembly "/usr/share/dotnet/sdk/8.0.417/Roslyn/Microsoft.Build.Tasks.CodeAnalysis.dll".
       Task "Microsoft.CodeAnalysis.BuildTasks.MapSourceRoots"
       Done executing task "Microsoft.CodeAnalysis.BuildTasks.MapSourceRoots".
   4:6>Done building target "InitializeSourceRootMappedPaths" in project "TourManagement.Web.csproj".
   4:6>Target "_InitializeSourceRootMappedPathsOpt" in file "/usr/share/dotnet/sdk/8.0.417/Sdks/Microsoft.SourceLink.Common/build/Microsoft.SourceLink.Common.targets" from project "/modernize-data/studio-data/TNT1001/APP1166/transformed-code/344/studio-workspace/TMS22/src/TourManagement.Web/TourManagement.Web.csproj" (target "_GenerateSourceLinkFile" depends on it):
   4:6>Done building target "_InitializeSourceRootMappedPathsOpt" in project "TourManagement.Web.csproj".
   4:6>Target "_InitializeGitHubSourceLinkUrl" in file "/usr/share/dotnet/sdk/8.0.417/Sdks/Microsoft.SourceLink.GitHub/build/Microsoft.SourceLink.GitHub.targets" from project "/modernize-data/studio-data/TNT1001/APP1166/transformed-code/344/studio-workspace/TMS22/src/TourManagement.Web/TourManagement.Web.csproj" (target "_GenerateSourceLinkFile" depends on it):
       Building target "_InitializeGitHubSourceLinkUrl" completely.
       No input files were specified.
       Using "Microsoft.SourceLink.GitHub.GetSourceLinkUrl" task from assembly "/usr/share/dotnet/sdk/8.0.417/Sdks/Microsoft.SourceLink.GitHub/build/../tools/core/Microsoft.SourceLink.GitHub.dll".
       Task "Microsoft.SourceLink.GitHub.GetSourceLinkUrl"
       Done executing task "Microsoft.SourceLink.GitHub.GetSourceLinkUrl".
   4:6>Done building target "_InitializeGitHubSourceLinkUrl" in project "TourManagement.Web.csproj".
   4:6>Target "_InitializeGitHubSourceLinkUrl" in file "/usr/share/dotnet/sdk/8.0.417/Sdks/Microsoft.SourceLink.GitHub/build/Microsoft.SourceLink.GitHub.targets" from project "/modernize-data/studio-data/TNT1001/APP1166/transformed-code/344/studio-workspace/TMS22/src/TourManagement.Web/TourManagement.Web.csproj" (target "_GenerateSourceLinkFile" depends on it):
       Building target "_InitializeGitHubSourceLinkUrl" completely.
       No input files were specified.
       Task "Microsoft.SourceLink.GitHub.GetSourceLinkUrl"
       Done executing task "Microsoft.SourceLink.GitHub.GetSourceLinkUrl".
   4:6>Done building target "_InitializeGitHubSourceLinkUrl" in project "TourManagement.Web.csproj".
   4:6>Target "_InitializeGitLabSourceLinkUrl" in file "/usr/share/dotnet/sdk/8.0.417/Sdks/Microsoft.SourceLink.GitLab/build/Microsoft.SourceLink.GitLab.targets" from project "/modernize-data/studio-data/TNT1001/APP1166/transformed-code/344/studio-workspace/TMS22/src/TourManagement.Web/TourManagement.Web.csproj" (target "_GenerateSourceLinkFile" depends on it):
       Building target "_InitializeGitLabSourceLinkUrl" completely.
       No input files were specified.
       Using "Microsoft.SourceLink.GitLab.GetSourceLinkUrl" task from assembly "/usr/share/dotnet/sdk/8.0.417/Sdks/Microsoft.SourceLink.GitLab/build/../tools/core/Microsoft.SourceLink.GitLab.dll".
       Task "Microsoft.SourceLink.GitLab.GetSourceLinkUrl"
       Done executing task "Microsoft.SourceLink.GitLab.GetSourceLinkUrl".
   4:6>Done building target "_InitializeGitLabSourceLinkUrl" in project "TourManagement.Web.csproj".
   4:6>Target "_InitializeGitLabSourceLinkUrl" in file "/usr/share/dotnet/sdk/8.0.417/Sdks/Microsoft.SourceLink.GitLab/build/Microsoft.SourceLink.GitLab.targets" from project "/modernize-data/studio-data/TNT1001/APP1166/transformed-code/344/studio-workspace/TMS22/src/TourManagement.Web/TourManagement.Web.csproj" (target "_GenerateSourceLinkFile" depends on it):
       Building target "_InitializeGitLabSourceLinkUrl" completely.
       No input files were specified.
       Task "Microsoft.SourceLink.GitLab.GetSourceLinkUrl"
       Done executing task "Microsoft.SourceLink.GitLab.GetSourceLinkUrl".
   4:6>Done building target "_InitializeGitLabSourceLinkUrl" in project "TourManagement.Web.csproj".
   4:6>Target "_InitializeAzureReposGitSourceLinkUrl" in file "/usr/share/dotnet/sdk/8.0.417/Sdks/Microsoft.SourceLink.AzureRepos.Git/build/Microsoft.SourceLink.AzureRepos.Git.targets" from project "/modernize-data/studio-data/TNT1001/APP1166/transformed-code/344/studio-workspace/TMS22/src/TourManagement.Web/TourManagement.Web.csproj" (target "_GenerateSourceLinkFile" depends on it):
       Building target "_InitializeAzureReposGitSourceLinkUrl" completely.
       No input files were specified.
       Using "Microsoft.SourceLink.AzureRepos.Git.GetSourceLinkUrl" task from assembly "/usr/share/dotnet/sdk/8.0.417/Sdks/Microsoft.SourceLink.AzureRepos.Git/build/../tools/core/Microsoft.SourceLink.AzureRepos.Git.dll".
       Task "Microsoft.SourceLink.AzureRepos.Git.GetSourceLinkUrl"
       Done executing task "Microsoft.SourceLink.AzureRepos.Git.GetSourceLinkUrl".
   4:6>Done building target "_InitializeAzureReposGitSourceLinkUrl" in project "TourManagement.Web.csproj".
   4:6>Target "_InitializeAzureReposGitSourceLinkUrl" in file "/usr/share/dotnet/sdk/8.0.417/Sdks/Microsoft.SourceLink.AzureRepos.Git/build/Microsoft.SourceLink.AzureRepos.Git.targets" from project "/modernize-data/studio-data/TNT1001/APP1166/transformed-code/344/studio-workspace/TMS22/src/TourManagement.Web/TourManagement.Web.csproj" (target "_GenerateSourceLinkFile" depends on it):
       Building target "_InitializeAzureReposGitSourceLinkUrl" completely.
       No input files were specified.
       Task "Microsoft.SourceLink.AzureRepos.Git.GetSourceLinkUrl"
       Done executing task "Microsoft.SourceLink.AzureRepos.Git.GetSourceLinkUrl".
   4:6>Done building target "_InitializeAzureReposGitSourceLinkUrl" in project "TourManagement.Web.csproj".
   4:6>Target "_InitializeBitbucketGitSourceLinkUrl" in file "/usr/share/dotnet/sdk/8.0.417/Sdks/Microsoft.SourceLink.Bitbucket.Git/build/Microsoft.SourceLink.Bitbucket.Git.targets" from project "/modernize-data/studio-data/TNT1001/APP1166/transformed-code/344/studio-workspace/TMS22/src/TourManagement.Web/TourManagement.Web.csproj" (target "_GenerateSourceLinkFile" depends on it):
       Building target "_InitializeBitbucketGitSourceLinkUrl" completely.
       No input files were specified.
       Using "Microsoft.SourceLink.Bitbucket.Git.GetSourceLinkUrl" task from assembly "/usr/share/dotnet/sdk/8.0.417/Sdks/Microsoft.SourceLink.Bitbucket.Git/build/../tools/core/Microsoft.SourceLink.Bitbucket.Git.dll".
       Task "Microsoft.SourceLink.Bitbucket.Git.GetSourceLinkUrl"
       Done executing task "Microsoft.SourceLink.Bitbucket.Git.GetSourceLinkUrl".
   4:6>Done building target "_InitializeBitbucketGitSourceLinkUrl" in project "TourManagement.Web.csproj".
   4:6>Target "_InitializeBitbucketGitSourceLinkUrl" in file "/usr/share/dotnet/sdk/8.0.417/Sdks/Microsoft.SourceLink.Bitbucket.Git/build/Microsoft.SourceLink.Bitbucket.Git.targets" from project "/modernize-data/studio-data/TNT1001/APP1166/transformed-code/344/studio-workspace/TMS22/src/TourManagement.Web/TourManagement.Web.csproj" (target "_GenerateSourceLinkFile" depends on it):
       Building target "_InitializeBitbucketGitSourceLinkUrl" completely.
       No input files were specified.
       Task "Microsoft.SourceLink.Bitbucket.Git.GetSourceLinkUrl"
       Done executing task "Microsoft.SourceLink.Bitbucket.Git.GetSourceLinkUrl".
   4:6>Done building target "_InitializeBitbucketGitSourceLinkUrl" in project "TourManagement.Web.csproj".
   4:6>Target "_GenerateSourceLinkFile" in file "/usr/share/dotnet/sdk/8.0.417/Sdks/Microsoft.SourceLink.Common/build/Microsoft.SourceLink.Common.targets" from project "/modernize-data/studio-data/TNT1001/APP1166/transformed-code/344/studio-workspace/TMS22/src/TourManagement.Web/TourManagement.Web.csproj" (target "GenerateSourceLinkFile" depends on it):
       Building target "_GenerateSourceLinkFile" completely.
       No input files were specified.
       Using "Microsoft.SourceLink.Common.GenerateSourceLinkFile" task from assembly "/usr/share/dotnet/sdk/8.0.417/Sdks/Microsoft.SourceLink.Common/build/../tools/core/Microsoft.SourceLink.Common.dll".
       Task "Microsoft.SourceLink.Common.GenerateSourceLinkFile"
         Updating Source Link file 'obj/Debug/net8.0/TourManagement.Web.sourcelink.json'.
       Done executing task "Microsoft.SourceLink.Common.GenerateSourceLinkFile".
   4:6>Done building target "_GenerateSourceLinkFile" in project "TourManagement.Web.csproj".
   4:6>Target "GenerateSourceLinkFile" in file "/usr/share/dotnet/sdk/8.0.417/Sdks/Microsoft.SourceLink.Common/build/Microsoft.SourceLink.Common.targets" from project "/modernize-data/studio-data/TNT1001/APP1166/transformed-code/344/studio-workspace/TMS22/src/TourManagement.Web/TourManagement.Web.csproj" (target "CoreCompile" depends on it):
   4:6>Done building target "GenerateSourceLinkFile" in project "TourManagement.Web.csproj".
   4:6>Target "AddGlobalAnalyzerConfigForPackage_MicrosoftCodeAnalysisNetAnalyzers" in file "/usr/share/dotnet/sdk/8.0.417/Sdks/Microsoft.NET.Sdk/analyzers/build/Microsoft.CodeAnalysis.NetAnalyzers.targets" from project "/modernize-data/studio-data/TNT1001/APP1166/transformed-code/344/studio-workspace/TMS22/src/TourManagement.Web/TourManagement.Web.csproj" (target "CoreCompile" depends on it):
   4:6>Done building target "AddGlobalAnalyzerConfigForPackage_MicrosoftCodeAnalysisNetAnalyzers" in project "TourManagement.Web.csproj".
       Target "AddGlobalAnalyzerConfigForPackage_MicrosoftCodeAnalysisNetAnalyzersDesign" skipped, due to false condition; ('$(SkipGlobalAnalyzerConfigForPackage)' != 'true' and ('$(AnalysisLevelDesign)' != '' or '$(AnalysisModeDesign)' != '')) was evaluated as ('' != 'true' and ('' != '' or '' != '')).
       Target "AddGlobalAnalyzerConfigForPackage_MicrosoftCodeAnalysisNetAnalyzersDocumentation" skipped, due to false condition; ('$(SkipGlobalAnalyzerConfigForPackage)' != 'true' and ('$(AnalysisLevelDocumentation)' != '' or '$(AnalysisModeDocumentation)' != '')) was evaluated as ('' != 'true' and ('' != '' or '' != '')).
       Target "AddGlobalAnalyzerConfigForPackage_MicrosoftCodeAnalysisNetAnalyzersGlobalization" skipped, due to false condition; ('$(SkipGlobalAnalyzerConfigForPackage)' != 'true' and ('$(AnalysisLevelGlobalization)' != '' or '$(AnalysisModeGlobalization)' != '')) was evaluated as ('' != 'true' and ('' != '' or '' != '')).
       Target "AddGlobalAnalyzerConfigForPackage_MicrosoftCodeAnalysisNetAnalyzersInteroperability" skipped, due to false condition; ('$(SkipGlobalAnalyzerConfigForPackage)' != 'true' and ('$(AnalysisLevelInteroperability)' != '' or '$(AnalysisModeInteroperability)' != '')) was evaluated as ('' != 'true' and ('' != '' or '' != '')).
       Target "AddGlobalAnalyzerConfigForPackage_MicrosoftCodeAnalysisNetAnalyzersMaintainability" skipped, due to false condition; ('$(SkipGlobalAnalyzerConfigForPackage)' != 'true' and ('$(AnalysisLevelMaintainability)' != '' or '$(AnalysisModeMaintainability)' != '')) was evaluated as ('' != 'true' and ('' != '' or '' != '')).
       Target "AddGlobalAnalyzerConfigForPackage_MicrosoftCodeAnalysisNetAnalyzersNaming" skipped, due to false condition; ('$(SkipGlobalAnalyzerConfigForPackage)' != 'true' and ('$(AnalysisLevelNaming)' != '' or '$(AnalysisModeNaming)' != '')) was evaluated as ('' != 'true' and ('' != '' or '' != '')).
       Target "AddGlobalAnalyzerConfigForPackage_MicrosoftCodeAnalysisNetAnalyzersPerformance" skipped, due to false condition; ('$(SkipGlobalAnalyzerConfigForPackage)' != 'true' and ('$(AnalysisLevelPerformance)' != '' or '$(AnalysisModePerformance)' != '')) was evaluated as ('' != 'true' and ('' != '' or '' != '')).
       Target "AddGlobalAnalyzerConfigForPackage_MicrosoftCodeAnalysisNetAnalyzersReliability" skipped, due to false condition; ('$(SkipGlobalAnalyzerConfigForPackage)' != 'true' and ('$(AnalysisLevelReliability)' != '' or '$(AnalysisModeReliability)' != '')) was evaluated as ('' != 'true' and ('' != '' or '' != '')).
       Target "AddGlobalAnalyzerConfigForPackage_MicrosoftCodeAnalysisNetAnalyzersSecurity" skipped, due to false condition; ('$(SkipGlobalAnalyzerConfigForPackage)' != 'true' and ('$(AnalysisLevelSecurity)' != '' or '$(AnalysisModeSecurity)' != '')) was evaluated as ('' != 'true' and ('' != '' or '' != '')).
       Target "AddGlobalAnalyzerConfigForPackage_MicrosoftCodeAnalysisNetAnalyzersUsage" skipped, due to false condition; ('$(SkipGlobalAnalyzerConfigForPackage)' != 'true' and ('$(AnalysisLevelUsage)' != '' or '$(AnalysisModeUsage)' != '')) was evaluated as ('' != 'true' and ('' != '' or '' != '')).
       Target "_CodeAnalysisTreatWarningsAsErrors" skipped, due to false condition; ('$(DesignTimeBuild)' == 'true' OR '$(BuildingProject)' != 'true') was evaluated as ('' == 'true' OR 'true' != 'true').
   4:6>Target "_ReportUpgradeNetAnalyzersNuGetWarning" in file "/usr/share/dotnet/sdk/8.0.417/Sdks/Microsoft.NET.Sdk/analyzers/build/Microsoft.CodeAnalysis.NetAnalyzers.targets" from project "/modernize-data/studio-data/TNT1001/APP1166/transformed-code/344/studio-workspace/TMS22/src/TourManagement.Web/TourManagement.Web.csproj" (target "CoreCompile" depends on it):
       Task "Warning" skipped, due to false condition; ('$(_NETAnalyzersNuGetAssemblyVersion)' != '' AND
                                '$(_NETAnalyzersSDKAssemblyVersion)' != '' AND
                                 $(_NETAnalyzersNuGetAssemblyVersion) < $(_NETAnalyzersSDKAssemblyVersion)) was evaluated as ('' != '' AND
                                '8.0.0' != '' AND
                                  < 8.0.0).
   4:6>Done building target "_ReportUpgradeNetAnalyzersNuGetWarning" in project "TourManagement.Web.csproj".
   4:6>Target "CoreCompile" in file "/usr/share/dotnet/sdk/8.0.417/Roslyn/Microsoft.CSharp.Core.targets" from project "/modernize-data/studio-data/TNT1001/APP1166/transformed-code/344/studio-workspace/TMS22/src/TourManagement.Web/TourManagement.Web.csproj" (target "Compile" depends on it):
       Building target "CoreCompile" completely.
       Output file "obj/Debug/net8.0/TourManagement.Web.dll" does not exist.
       Using "Csc" task from assembly "/usr/share/dotnet/sdk/8.0.417/Roslyn/Microsoft.Build.Tasks.CodeAnalysis.dll".
       Task "Csc"
         /usr/share/dotnet/dotnet exec "/usr/share/dotnet/sdk/8.0.417/Roslyn/bincore/csc.dll" /noconfig /unsafe- /checked- /nowarn:1701,1702,1701,1702 /fullpaths /nostdlib+ /errorreport:prompt /warn:8 /define:TRACE;DEBUG;NET;NET8_0;NETCOREAPP;NET5_0_OR_GREATER;NET6_0_OR_GREATER;NET7_0_OR_GREATER;NET8_0_OR_GREATER;NETCOREAPP1_0_OR_GREATER;NETCOREAPP1_1_OR_GREATER;NETCOREAPP2_0_OR_GREATER;NETCOREAPP2_1_OR_GREATER;NETCOREAPP2_2_OR_GREATER;NETCOREAPP3_0_OR_GREATER;NETCOREAPP3_1_OR_GREATER /highentropyva+ /nullable:enable /reference:/home/studioai/.nuget/packages/bcrypt.net-next/4.0.3/lib/net6.0/BCrypt.Net-Next.dll /reference:/home/studioai/.nuget/packages/efcore.namingconventions/8.0.0/lib/net8.0/EFCore.NamingConventions.dll /reference:/usr/share/dotnet/packs/Microsoft.AspNetCore.App.Ref/8.0.23/ref/net8.0/Microsoft.AspNetCore.Antiforgery.dll /reference:/usr/share/dotnet/packs/Microsoft.AspNetCore.App.Ref/8.0.23/ref/net8.0/Microsoft.AspNetCore.Authentication.Abstractions.dll /reference:/usr/share/dotnet/packs/Microsoft.AspNetCore.App.Ref/8.0.23/ref/net8.0/Microsoft.AspNetCore.Authentication.BearerToken.dll /reference:/usr/share/dotnet/packs/Microsoft.AspNetCore.App.Ref/8.0.23/ref/net8.0/Microsoft.AspNetCore.Authentication.Cookies.dll /reference:/usr/share/dotnet/packs/Microsoft.AspNetCore.App.Ref/8.0.23/ref/net8.0/Microsoft.AspNetCore.Authentication.Core.dll /reference:/usr/share/dotnet/packs/Microsoft.AspNetCore.App.Ref/8.0.23/ref/net8.0/Microsoft.AspNetCore.Authentication.dll /reference:/usr/share/dotnet/packs/Microsoft.AspNetCore.App.Ref/8.0.23/ref/net8.0/Microsoft.AspNetCore.Authentication.OAuth.dll /reference:/usr/share/dotnet/packs/Microsoft.AspNetCore.App.Ref/8.0.23/ref/net8.0/Microsoft.AspNetCore.Authorization.dll /reference:/usr/share/dotnet/packs/Microsoft.AspNetCore.App.Ref/8.0.23/ref/net8.0/Microsoft.AspNetCore.Authorization.Policy.dll /reference:/usr/share/dotnet/packs/Microsoft.AspNetCore.App.Ref/8.0.23/ref/net8.0/Microsoft.AspNetCore.Components.Authorization.dll /reference:/usr/share/dotnet/packs/Microsoft.AspNetCore.App.Ref/8.0.23/ref/net8.0/Microsoft.AspNetCore.Components.dll /reference:/usr/share/dotnet/packs/Microsoft.AspNetCore.App.Ref/8.0.23/ref/net8.0/Microsoft.AspNetCore.Components.Endpoints.dll /reference:/usr/share/dotnet/packs/Microsoft.AspNetCore.App.Ref/8.0.23/ref/net8.0/Microsoft.AspNetCore.Components.Forms.dll /reference:/usr/share/dotnet/packs/Microsoft.AspNetCore.App.Ref/8.0.23/ref/net8.0/Microsoft.AspNetCore.Components.Server.dll /reference:/usr/share/dotnet/packs/Microsoft.AspNetCore.App.Ref/8.0.23/ref/net8.0/Microsoft.AspNetCore.Components.Web.dll /reference:/usr/share/dotnet/packs/Microsoft.AspNetCore.App.Ref/8.0.23/ref/net8.0/Microsoft.AspNetCore.Connections.Abstractions.dll /reference:/usr/share/dotnet/packs/Microsoft.AspNetCore.App.Ref/8.0.23/ref/net8.0/Microsoft.AspNetCore.CookiePolicy.dll /reference:/usr/share/dotnet/packs/Microsoft.AspNetCore.App.Ref/8.0.23/ref/net8.0/Microsoft.AspNetCore.Cors.dll /reference:/usr/share/dotnet/packs/Microsoft.AspNetCore.App.Ref/8.0.23/ref/net8.0/Microsoft.AspNetCore.Cryptography.Internal.dll /reference:/usr/share/dotnet/packs/Microsoft.AspNetCore.App.Ref/8.0.23/ref/net8.0/Microsoft.AspNetCore.Cryptography.KeyDerivation.dll /reference:/usr/share/dotnet/packs/Microsoft.AspNetCore.App.Ref/8.0.23/ref/net8.0/Microsoft.AspNetCore.DataProtection.Abstractions.dll /reference:/usr/share/dotnet/packs/Microsoft.AspNetCore.App.Ref/8.0.23/ref/net8.0/Microsoft.AspNetCore.DataProtection.dll /reference:/usr/share/dotnet/packs/Microsoft.AspNetCore.App.Ref/8.0.23/ref/net8.0/Microsoft.AspNetCore.DataProtection.Extensions.dll /reference:/usr/share/dotnet/packs/Microsoft.AspNetCore.App.Ref/8.0.23/ref/net8.0/Microsoft.AspNetCore.Diagnostics.Abstractions.dll /reference:/usr/share/dotnet/packs/Microsoft.AspNetCore.App.Ref/8.0.23/ref/net8.0/Microsoft.AspNetCore.Diagnostics.dll /reference:/usr/share/dotnet/packs/Microsoft.AspNetCore.App.Ref/8.0.23/ref/net8.0/Microsoft.AspNetCore.Diagnostics.HealthChecks.dll /reference:/usr/share/dotnet/packs/Microsoft.AspNetCore.App.Ref/8.0.23/ref/net8.0/Microsoft.AspNetCore.dll /reference:/usr/share/dotnet/packs/Microsoft.AspNetCore.App.Ref/8.0.23/ref/net8.0/Microsoft.AspNetCore.HostFiltering.dll /reference:/usr/share/dotnet/packs/Microsoft.AspNetCore.App.Ref/8.0.23/ref/net8.0/Microsoft.AspNetCore.Hosting.Abstractions.dll /reference:/usr/share/dotnet/packs/Microsoft.AspNetCore.App.Ref/8.0.23/ref/net8.0/Microsoft.AspNetCore.Hosting.dll /reference:/usr/share/dotnet/packs/Microsoft.AspNetCore.App.Ref/8.0.23/ref/net8.0/Microsoft.AspNetCore.Hosting.Server.Abstractions.dll /reference:/usr/share/dotnet/packs/Microsoft.AspNetCore.App.Ref/8.0.23/ref/net8.0/Microsoft.AspNetCore.Html.Abstractions.dll /reference:/usr/share/dotnet/packs/Microsoft.AspNetCore.App.Ref/8.0.23/ref/net8.0/Microsoft.AspNetCore.Http.Abstractions.dll /reference:/usr/share/dotnet/packs/Microsoft.AspNetCore.App.Ref/8.0.23/ref/net8.0/Microsoft.AspNetCore.Http.Connections.Common.dll /reference:/usr/share/dotnet/packs/Microsoft.AspNetCore.App.Ref/8.0.23/ref/net8.0/Microsoft.AspNetCore.Http.Connections.dll /reference:/usr/share/dotnet/packs/Microsoft.AspNetCore.App.Ref/8.0.23/ref/net8.0/Microsoft.AspNetCore.Http.dll /reference:/usr/share/dotnet/packs/Microsoft.AspNetCore.App.Ref/8.0.23/ref/net8.0/Microsoft.AspNetCore.Http.Extensions.dll /reference:/usr/share/dotnet/packs/Microsoft.AspNetCore.App.Ref/8.0.23/ref/net8.0/Microsoft.AspNetCore.Http.Features.dll /reference:/usr/share/dotnet/packs/Microsoft.AspNetCore.App.Ref/8.0.23/ref/net8.0/Microsoft.AspNetCore.Http.Results.dll /reference:/usr/share/dotnet/packs/Microsoft.AspNetCore.App.Ref/8.0.23/ref/net8.0/Microsoft.AspNetCore.HttpLogging.dll /reference:/usr/share/dotnet/packs/Microsoft.AspNetCore.App.Ref/8.0.23/ref/net8.0/Microsoft.AspNetCore.HttpOverrides.dll /reference:/usr/share/dotnet/packs/Microsoft.AspNetCore.App.Ref/8.0.23/ref/net8.0/Microsoft.AspNetCore.HttpsPolicy.dll /reference:/usr/share/dotnet/packs/Microsoft.AspNetCore.App.Ref/8.0.23/ref/net8.0/Microsoft.AspNetCore.Identity.dll /reference:/home/studioai/.nuget/packages/microsoft.aspnetcore.identity.entityframeworkcore/8.0.0/lib/net8.0/Microsoft.AspNetCore.Identity.EntityFrameworkCore.dll /reference:/usr/share/dotnet/packs/Microsoft.AspNetCore.App.Ref/8.0.23/ref/net8.0/Microsoft.AspNetCore.Localization.dll /reference:/usr/share/dotnet/packs/Microsoft.AspNetCore.App.Ref/8.0.23/ref/net8.0/Microsoft.AspNetCore.Localization.Routing.dll /reference:/usr/share/dotnet/packs/Microsoft.AspNetCore.App.Ref/8.0.23/ref/net8.0/Microsoft.AspNetCore.Metadata.dll /reference:/usr/share/dotnet/packs/Microsoft.AspNetCore.App.Ref/8.0.23/ref/net8.0/Microsoft.AspNetCore.Mvc.Abstractions.dll /reference:/usr/share/dotnet/packs/Microsoft.AspNetCore.App.Ref/8.0.23/ref/net8.0/Microsoft.AspNetCore.Mvc.ApiExplorer.dll /reference:/usr/share/dotnet/packs/Microsoft.AspNetCore.App.Ref/8.0.23/ref/net8.0/Microsoft.AspNetCore.Mvc.Core.dll /reference:/usr/share/dotnet/packs/Microsoft.AspNetCore.App.Ref/8.0.23/ref/net8.0/Microsoft.AspNetCore.Mvc.Cors.dll /reference:/usr/share/dotnet/packs/Microsoft.AspNetCore.App.Ref/8.0.23/ref/net8.0/Microsoft.AspNetCore.Mvc.DataAnnotations.dll /reference:/usr/share/dotnet/packs/Microsoft.AspNetCore.App.Ref/8.0.23/ref/net8.0/Microsoft.AspNetCore.Mvc.dll /reference:/usr/share/dotnet/packs/Microsoft.AspNetCore.App.Ref/8.0.23/ref/net8.0/Microsoft.AspNetCore.Mvc.Formatters.Json.dll /reference:/usr/share/dotnet/packs/Microsoft.AspNetCore.App.Ref/8.0.23/ref/net8.0/Microsoft.AspNetCore.Mvc.Formatters.Xml.dll /reference:/usr/share/dotnet/packs/Microsoft.AspNetCore.App.Ref/8.0.23/ref/net8.0/Microsoft.AspNetCore.Mvc.Localization.dll /reference:/usr/share/dotnet/packs/Microsoft.AspNetCore.App.Ref/8.0.23/ref/net8.0/Microsoft.AspNetCore.Mvc.Razor.dll /reference:/usr/share/dotnet/packs/Microsoft.AspNetCore.App.Ref/8.0.23/ref/net8.0/Microsoft.AspNetCore.Mvc.RazorPages.dll /reference:/usr/share/dotnet/packs/Microsoft.AspNetCore.App.Ref/8.0.23/ref/net8.0/Microsoft.AspNetCore.Mvc.TagHelpers.dll /reference:/usr/share/dotnet/packs/Microsoft.AspNetCore.App.Ref/8.0.23/ref/net8.0/Microsoft.AspNetCore.Mvc.ViewFeatures.dll /reference:/usr/share/dotnet/packs/Microsoft.AspNetCore.App.Ref/8.0.23/ref/net8.0/Microsoft.AspNetCore.OutputCaching.dll /reference:/usr/share/dotnet/packs/Microsoft.AspNetCore.App.Ref/8.0.23/ref/net8.0/Microsoft.AspNetCore.RateLimiting.dll /reference:/usr/share/dotnet/packs/Microsoft.AspNetCore.App.Ref/8.0.23/ref/net8.0/Microsoft.AspNetCore.Razor.dll /reference:/usr/share/dotnet/packs/Microsoft.AspNetCore.App.Ref/8.0.23/ref/net8.0/Microsoft.AspNetCore.Razor.Runtime.dll /reference:/usr/share/dotnet/packs/Microsoft.AspNetCore.App.Ref/8.0.23/ref/net8.0/Microsoft.AspNetCore.RequestDecompression.dll /reference:/usr/share/dotnet/packs/Microsoft.AspNetCore.App.Ref/8.0.23/ref/net8.0/Microsoft.AspNetCore.ResponseCaching.Abstractions.dll /reference:/usr/share/dotnet/packs/Microsoft.AspNetCore.App.Ref/8.0.23/ref/net8.0/Microsoft.AspNetCore.ResponseCaching.dll /reference:/usr/share/dotnet/packs/Microsoft.AspNetCore.App.Ref/8.0.23/ref/net8.0/Microsoft.AspNetCore.ResponseCompression.dll /reference:/usr/share/dotnet/packs/Microsoft.AspNetCore.App.Ref/8.0.23/ref/net8.0/Microsoft.AspNetCore.Rewrite.dll /reference:/usr/share/dotnet/packs/Microsoft.AspNetCore.App.Ref/8.0.23/ref/net8.0/Microsoft.AspNetCore.Routing.Abstractions.dll /reference:/usr/share/dotnet/packs/Microsoft.AspNetCore.App.Ref/8.0.23/ref/net8.0/Microsoft.AspNetCore.Routing.dll /reference:/usr/share/dotnet/packs/Microsoft.AspNetCore.App.Ref/8.0.23/ref/net8.0/Microsoft.AspNetCore.Server.HttpSys.dll /reference:/usr/share/dotnet/packs/Microsoft.AspNetCore.App.Ref/8.0.23/ref/net8.0/Microsoft.AspNetCore.Server.IIS.dll /reference:/usr/share/dotnet/packs/Microsoft.AspNetCore.App.Ref/8.0.23/ref/net8.0/Microsoft.AspNetCore.Server.IISIntegration.dll /reference:/usr/share/dotnet/packs/Microsoft.AspNetCore.App.Ref/8.0.23/ref/net8.0/Microsoft.AspNetCore.Server.Kestrel.Core.dll /reference:/usr/share/dotnet/packs/Microsoft.AspNetCore.App.Ref/8.0.23/ref/net8.0/Microsoft.AspNetCore.Server.Kestrel.dll /reference:/usr/share/dotnet/packs/Microsoft.AspNetCore.App.Ref/8.0.23/ref/net8.0/Microsoft.AspNetCore.Server.Kestrel.Transport.NamedPipes.dll /reference:/usr/share/dotnet/packs/Microsoft.AspNetCore.App.Ref/8.0.23/ref/net8.0/Microsoft.AspNetCore.Server.Kestrel.Transport.Quic.dll /reference:/usr/share/dotnet/packs/Microsoft.AspNetCore.App.Ref/8.0.23/ref/net8.0/Microsoft.AspNetCore.Server.Kestrel.Transport.Sockets.dll /reference:/usr/share/dotnet/packs/Microsoft.AspNetCore.App.Ref/8.0.23/ref/net8.0/Microsoft.AspNetCore.Session.dll /reference:/usr/share/dotnet/packs/Microsoft.AspNetCore.App.Ref/8.0.23/ref/net8.0/Microsoft.AspNetCore.SignalR.Common.dll /reference:/usr/share/dotnet/packs/Microsoft.AspNetCore.App.Ref/8.0.23/ref/net8.0/Microsoft.AspNetCore.SignalR.Core.dll /reference:/usr/share/dotnet/packs/Microsoft.AspNetCore.App.Ref/8.0.23/ref/net8.0/Microsoft.AspNetCore.SignalR.dll /reference:/usr/share/dotnet/packs/Microsoft.AspNetCore.App.Ref/8.0.23/ref/net8.0/Microsoft.AspNetCore.SignalR.Protocols.Json.dll /reference:/usr/share/dotnet/packs/Microsoft.AspNetCore.App.Ref/8.0.23/ref/net8.0/Microsoft.AspNetCore.StaticFiles.dll /reference:/usr/share/dotnet/packs/Microsoft.AspNetCore.App.Ref/8.0.23/ref/net8.0/Microsoft.AspNetCore.WebSockets.dll /reference:/usr/share/dotnet/packs/Microsoft.AspNetCore.App.Ref/8.0.23/ref/net8.0/Microsoft.AspNetCore.WebUtilities.dll /reference:/usr/share/dotnet/packs/Microsoft.NETCore.App.Ref/8.0.23/ref/net8.0/Microsoft.CSharp.dll /reference:/home/studioai/.nuget/packages/microsoft.entityframeworkcore.abstractions/8.0.0/lib/net8.0/Microsoft.EntityFrameworkCore.Abstractions.dll /reference:/home/studioai/.nuget/packages/microsoft.entityframeworkcore/8.0.0/lib/net8.0/Microsoft.EntityFrameworkCore.dll /reference:/home/studioai/.nuget/packages/microsoft.entityframeworkcore.relational/8.0.0/lib/net8.0/Microsoft.EntityFrameworkCore.Relational.dll /reference:/usr/share/dotnet/packs/Microsoft.AspNetCore.App.Ref/8.0.23/ref/net8.0/Microsoft.Extensions.Caching.Abstractions.dll /reference:/usr/share/dotnet/packs/Microsoft.AspNetCore.App.Ref/8.0.23/ref/net8.0/Microsoft.Extensions.Caching.Memory.dll /reference:/usr/share/dotnet/packs/Microsoft.AspNetCore.App.Ref/8.0.23/ref/net8.0/Microsoft.Extensions.Configuration.Abstractions.dll /reference:/usr/share/dotnet/packs/Microsoft.AspNetCore.App.Ref/8.0.23/ref/net8.0/Microsoft.Extensions.Configuration.Binder.dll /reference:/usr/share/dotnet/packs/Microsoft.AspNetCore.App.Ref/8.0.23/ref/net8.0/Microsoft.Extensions.Configuration.CommandLine.dll /reference:/usr/share/dotnet/packs/Microsoft.AspNetCore.App.Ref/8.0.23/ref/net8.0/Microsoft.Extensions.Configuration.dll /reference:/usr/share/dotnet/packs/Microsoft.AspNetCore.App.Ref/8.0.23/ref/net8.0/Microsoft.Extensions.Configuration.EnvironmentVariables.dll /reference:/usr/share/dotnet/packs/Microsoft.AspNetCore.App.Ref/8.0.23/ref/net8.0/Microsoft.Extensions.Configuration.FileExtensions.dll /reference:/usr/share/dotnet/packs/Microsoft.AspNetCore.App.Ref/8.0.23/ref/net8.0/Microsoft.Extensions.Configuration.Ini.dll /reference:/usr/share/dotnet/packs/Microsoft.AspNetCore.App.Ref/8.0.23/ref/net8.0/Microsoft.Extensions.Configuration.Json.dll /reference:/usr/share/dotnet/packs/Microsoft.AspNetCore.App.Ref/8.0.23/ref/net8.0/Microsoft.Extensions.Configuration.KeyPerFile.dll /reference:/usr/share/dotnet/packs/Microsoft.AspNetCore.App.Ref/8.0.23/ref/net8.0/Microsoft.Extensions.Configuration.UserSecrets.dll /reference:/usr/share/dotnet/packs/Microsoft.AspNetCore.App.Ref/8.0.23/ref/net8.0/Microsoft.Extensions.Configuration.Xml.dll /reference:/usr/share/dotnet/packs/Microsoft.AspNetCore.App.Ref/8.0.23/ref/net8.0/Microsoft.Extensions.DependencyInjection.Abstractions.dll /reference:/usr/share/dotnet/packs/Microsoft.AspNetCore.App.Ref/8.0.23/ref/net8.0/Microsoft.Extensions.DependencyInjection.dll /reference:/home/studioai/.nuget/packages/microsoft.extensions.dependencymodel/8.0.0/lib/net8.0/Microsoft.Extensions.DependencyModel.dll /reference:/usr/share/dotnet/packs/Microsoft.AspNetCore.App.Ref/8.0.23/ref/net8.0/Microsoft.Extensions.Diagnostics.Abstractions.dll /reference:/usr/share/dotnet/packs/Microsoft.AspNetCore.App.Ref/8.0.23/ref/net8.0/Microsoft.Extensions.Diagnostics.dll /reference:/usr/share/dotnet/packs/Microsoft.AspNetCore.App.Ref/8.0.23/ref/net8.0/Microsoft.Extensions.Diagnostics.HealthChecks.Abstractions.dll /reference:/usr/share/dotnet/packs/Microsoft.AspNetCore.App.Ref/8.0.23/ref/net8.0/Microsoft.Extensions.Diagnostics.HealthChecks.dll /reference:/usr/share/dotnet/packs/Microsoft.AspNetCore.App.Ref/8.0.23/ref/net8.0/Microsoft.Extensions.Features.dll /reference:/usr/share/dotnet/packs/Microsoft.AspNetCore.App.Ref/8.0.23/ref/net8.0/Microsoft.Extensions.FileProviders.Abstractions.dll /reference:/usr/share/dotnet/packs/Microsoft.AspNetCore.App.Ref/8.0.23/ref/net8.0/Microsoft.Extensions.FileProviders.Composite.dll /reference:/usr/share/dotnet/packs/Microsoft.AspNetCore.App.Ref/8.0.23/ref/net8.0/Microsoft.Extensions.FileProviders.Embedded.dll /reference:/usr/share/dotnet/packs/Microsoft.AspNetCore.App.Ref/8.0.23/ref/net8.0/Microsoft.Extensions.FileProviders.Physical.dll /reference:/usr/share/dotnet/packs/Microsoft.AspNetCore.App.Ref/8.0.23/ref/net8.0/Microsoft.Extensions.FileSystemGlobbing.dll /reference:/usr/share/dotnet/packs/Microsoft.AspNetCore.App.Ref/8.0.23/ref/net8.0/Microsoft.Extensions.Hosting.Abstractions.dll /reference:/usr/share/dotnet/packs/Microsoft.AspNetCore.App.Ref/8.0.23/ref/net8.0/Microsoft.Extensions.Hosting.dll /reference:/usr/share/dotnet/packs/Microsoft.AspNetCore.App.Ref/8.0.23/ref/net8.0/Microsoft.Extensions.Http.dll /reference:/usr/share/dotnet/packs/Microsoft.AspNetCore.App.Ref/8.0.23/ref/net8.0/Microsoft.Extensions.Identity.Core.dll /reference:/usr/share/dotnet/packs/Microsoft.AspNetCore.App.Ref/8.0.23/ref/net8.0/Microsoft.Extensions.Identity.Stores.dll /reference:/usr/share/dotnet/packs/Microsoft.AspNetCore.App.Ref/8.0.23/ref/net8.0/Microsoft.Extensions.Localization.Abstractions.dll /reference:/usr/share/dotnet/packs/Microsoft.AspNetCore.App.Ref/8.0.23/ref/net8.0/Microsoft.Extensions.Localization.dll /reference:/usr/share/dotnet/packs/Microsoft.AspNetCore.App.Ref/8.0.23/ref/net8.0/Microsoft.Extensions.Logging.Abstractions.dll /reference:/usr/share/dotnet/packs/Microsoft.AspNetCore.App.Ref/8.0.23/ref/net8.0/Microsoft.Extensions.Logging.Configuration.dll /reference:/usr/share/dotnet/packs/Microsoft.AspNetCore.App.Ref/8.0.23/ref/net8.0/Microsoft.Extensions.Logging.Console.dll /reference:/usr/share/dotnet/packs/Microsoft.AspNetCore.App.Ref/8.0.23/ref/net8.0/Microsoft.Extensions.Logging.Debug.dll /reference:/usr/share/dotnet/packs/Microsoft.AspNetCore.App.Ref/8.0.23/ref/net8.0/Microsoft.Extensions.Logging.dll /reference:/usr/share/dotnet/packs/Microsoft.AspNetCore.App.Ref/8.0.23/ref/net8.0/Microsoft.Extensions.Logging.EventLog.dll /reference:/usr/share/dotnet/packs/Microsoft.AspNetCore.App.Ref/8.0.23/ref/net8.0/Microsoft.Extensions.Logging.EventSource.dll /reference:/usr/share/dotnet/packs/Microsoft.AspNetCore.App.Ref/8.0.23/ref/net8.0/Microsoft.Extensions.Logging.TraceSource.dll /reference:/usr/share/dotnet/packs/Microsoft.AspNetCore.App.Ref/8.0.23/ref/net8.0/Microsoft.Extensions.ObjectPool.dll /reference:/usr/share/dotnet/packs/Microsoft.AspNetCore.App.Ref/8.0.23/ref/net8.0/Microsoft.Extensions.Options.ConfigurationExtensions.dll /reference:/usr/share/dotnet/packs/Microsoft.AspNetCore.App.Ref/8.0.23/ref/net8.0/Microsoft.Extensions.Options.DataAnnotations.dll /reference:/usr/share/dotnet/packs/Microsoft.AspNetCore.App.Ref/8.0.23/ref/net8.0/Microsoft.Extensions.Options.dll /reference:/usr/share/dotnet/packs/Microsoft.AspNetCore.App.Ref/8.0.23/ref/net8.0/Microsoft.Extensions.Primitives.dll /reference:/usr/share/dotnet/packs/Microsoft.AspNetCore.App.Ref/8.0.23/ref/net8.0/Microsoft.Extensions.WebEncoders.dll /reference:/usr/share/dotnet/packs/Microsoft.AspNetCore.App.Ref/8.0.23/ref/net8.0/Microsoft.JSInterop.dll /reference:/usr/share/dotnet/packs/Microsoft.AspNetCore.App.Ref/8.0.23/ref/net8.0/Microsoft.Net.Http.Headers.dll /reference:/usr/share/dotnet/packs/Microsoft.NETCore.App.Ref/8.0.23/ref/net8.0/Microsoft.VisualBasic.Core.dll /reference:/usr/share/dotnet/packs/Microsoft.NETCore.App.Ref/8.0.23/ref/net8.0/Microsoft.VisualBasic.dll /reference:/usr/share/dotnet/packs/Microsoft.NETCore.App.Ref/8.0.23/ref/net8.0/Microsoft.Win32.Primitives.dll /reference:/usr/share/dotnet/packs/Microsoft.NETCore.App.Ref/8.0.23/ref/net8.0/Microsoft.Win32.Registry.dll /reference:/usr/share/dotnet/packs/Microsoft.NETCore.App.Ref/8.0.23/ref/net8.0/mscorlib.dll /reference:/usr/share/dotnet/packs/Microsoft.NETCore.App.Ref/8.0.23/ref/net8.0/netstandard.dll /reference:/home/studioai/.nuget/packages/npgsql/8.0.0/lib/net8.0/Npgsql.dll /reference:/home/studioai/.nuget/packages/npgsql.entityframeworkcore.postgresql/8.0.0/lib/net8.0/Npgsql.EntityFrameworkCore.PostgreSQL.dll /reference:/home/studioai/.nuget/packages/serilog.aspnetcore/8.0.0/lib/net8.0/Serilog.AspNetCore.dll /reference:/home/studioai/.nuget/packages/serilog/3.1.1/lib/net7.0/Serilog.dll /reference:/home/studioai/.nuget/packages/serilog.extensions.hosting/8.0.0/lib/net8.0/Serilog.Extensions.Hosting.dll /reference:/home/studioai/.nuget/packages/serilog.extensions.logging/8.0.0/lib/net8.0/Serilog.Extensions.Logging.dll /reference:/home/studioai/.nuget/packages/serilog.formatting.compact/2.0.0/lib/net7.0/Serilog.Formatting.Compact.dll /reference:/home/studioai/.nuget/packages/serilog.settings.configuration/8.0.0/lib/net8.0/Serilog.Settings.Configuration.dll /reference:/home/studioai/.nuget/packages/serilog.sinks.console/5.0.1/lib/net7.0/Serilog.Sinks.Console.dll /reference:/home/studioai/.nuget/packages/serilog.sinks.debug/2.0.0/lib/netstandard2.1/Serilog.Sinks.Debug.dll /reference:/home/studioai/.nuget/packages/serilog.sinks.file/5.0.0/lib/net5.0/Serilog.Sinks.File.dll /reference:/usr/share/dotnet/packs/Microsoft.NETCore.App.Ref/8.0.23/ref/net8.0/System.AppContext.dll /reference:/usr/share/dotnet/packs/Microsoft.NETCore.App.Ref/8.0.23/ref/net8.0/System.Buffers.dll /reference:/usr/share/dotnet/packs/Microsoft.NETCore.App.Ref/8.0.23/ref/net8.0/System.Collections.Concurrent.dll /reference:/usr/share/dotnet/packs/Microsoft.NETCore.App.Ref/8.0.23/ref/net8.0/System.Collections.dll /reference:/usr/share/dotnet/packs/Microsoft.NETCore.App.Ref/8.0.23/ref/net8.0/System.Collections.Immutable.dll /reference:/usr/share/dotnet/packs/Microsoft.NETCore.App.Ref/8.0.23/ref/net8.0/System.Collections.NonGeneric.dll /reference:/usr/share/dotnet/packs/Microsoft.NETCore.App.Ref/8.0.23/ref/net8.0/System.Collections.Specialized.dll /reference:/usr/share/dotnet/packs/Microsoft.NETCore.App.Ref/8.0.23/ref/net8.0/System.ComponentModel.Annotations.dll /reference:/usr/share/dotnet/packs/Microsoft.NETCore.App.Ref/8.0.23/ref/net8.0/System.ComponentModel.DataAnnotations.dll /reference:/usr/share/dotnet/packs/Microsoft.NETCore.App.Ref/8.0.23/ref/net8.0/System.ComponentModel.dll /reference:/usr/share/dotnet/packs/Microsoft.NETCore.App.Ref/8.0.23/ref/net8.0/System.ComponentModel.EventBasedAsync.dll /reference:/usr/share/dotnet/packs/Microsoft.NETCore.App.Ref/8.0.23/ref/net8.0/System.ComponentModel.Primitives.dll /reference:/usr/share/dotnet/packs/Microsoft.NETCore.App.Ref/8.0.23/ref/net8.0/System.ComponentModel.TypeConverter.dll /reference:/usr/share/dotnet/packs/Microsoft.NETCore.App.Ref/8.0.23/ref/net8.0/System.Configuration.dll /reference:/usr/share/dotnet/packs/Microsoft.NETCore.App.Ref/8.0.23/ref/net8.0/System.Console.dll /reference:/usr/share/dotnet/packs/Microsoft.NETCore.App.Ref/8.0.23/ref/net8.0/System.Core.dll /reference:/usr/share/dotnet/packs/Microsoft.NETCore.App.Ref/8.0.23/ref/net8.0/System.Data.Common.dll /reference:/usr/share/dotnet/packs/Microsoft.NETCore.App.Ref/8.0.23/ref/net8.0/System.Data.DataSetExtensions.dll /reference:/usr/share/dotnet/packs/Microsoft.NETCore.App.Ref/8.0.23/ref/net8.0/System.Data.dll /reference:/usr/share/dotnet/packs/Microsoft.NETCore.App.Ref/8.0.23/ref/net8.0/System.Diagnostics.Contracts.dll /reference:/usr/share/dotnet/packs/Microsoft.NETCore.App.Ref/8.0.23/ref/net8.0/System.Diagnostics.Debug.dll /reference:/usr/share/dotnet/packs/Microsoft.NETCore.App.Ref/8.0.23/ref/net8.0/System.Diagnostics.DiagnosticSource.dll /reference:/usr/share/dotnet/packs/Microsoft.AspNetCore.App.Ref/8.0.23/ref/net8.0/System.Diagnostics.EventLog.dll /reference:/usr/share/dotnet/packs/Microsoft.NETCore.App.Ref/8.0.23/ref/net8.0/System.Diagnostics.FileVersionInfo.dll /reference:/usr/share/dotnet/packs/Microsoft.NETCore.App.Ref/8.0.23/ref/net8.0/System.Diagnostics.Process.dll /reference:/usr/share/dotnet/packs/Microsoft.NETCore.App.Ref/8.0.23/ref/net8.0/System.Diagnostics.StackTrace.dll /reference:/usr/share/dotnet/packs/Microsoft.NETCore.App.Ref/8.0.23/ref/net8.0/System.Diagnostics.TextWriterTraceListener.dll /reference:/usr/share/dotnet/packs/Microsoft.NETCore.App.Ref/8.0.23/ref/net8.0/System.Diagnostics.Tools.dll /reference:/usr/share/dotnet/packs/Microsoft.NETCore.App.Ref/8.0.23/ref/net8.0/System.Diagnostics.TraceSource.dll /reference:/usr/share/dotnet/packs/Microsoft.NETCore.App.Ref/8.0.23/ref/net8.0/System.Diagnostics.Tracing.dll /reference:/usr/share/dotnet/packs/Microsoft.NETCore.App.Ref/8.0.23/ref/net8.0/System.dll /reference:/usr/share/dotnet/packs/Microsoft.NETCore.App.Ref/8.0.23/ref/net8.0/System.Drawing.dll /reference:/usr/share/dotnet/packs/Microsoft.NETCore.App.Ref/8.0.23/ref/net8.0/System.Drawing.Primitives.dll /reference:/usr/share/dotnet/packs/Microsoft.NETCore.App.Ref/8.0.23/ref/net8.0/System.Dynamic.Runtime.dll /reference:/usr/share/dotnet/packs/Microsoft.NETCore.App.Ref/8.0.23/ref/net8.0/System.Formats.Asn1.dll /reference:/usr/share/dotnet/packs/Microsoft.NETCore.App.Ref/8.0.23/ref/net8.0/System.Formats.Tar.dll /reference:/usr/share/dotnet/packs/Microsoft.NETCore.App.Ref/8.0.23/ref/net8.0/System.Globalization.Calendars.dll /reference:/usr/share/dotnet/packs/Microsoft.NETCore.App.Ref/8.0.23/ref/net8.0/System.Globalization.dll /reference:/usr/share/dotnet/packs/Microsoft.NETCore.App.Ref/8.0.23/ref/net8.0/System.Globalization.Extensions.dll /reference:/usr/share/dotnet/packs/Microsoft.NETCore.App.Ref/8.0.23/ref/net8.0/System.IO.Compression.Brotli.dll /reference:/usr/share/dotnet/packs/Microsoft.NETCore.App.Ref/8.0.23/ref/net8.0/System.IO.Compression.dll /reference:/usr/share/dotnet/packs/Microsoft.NETCore.App.Ref/8.0.23/ref/net8.0/System.IO.Compression.FileSystem.dll /reference:/usr/share/dotnet/packs/Microsoft.NETCore.App.Ref/8.0.23/ref/net8.0/System.IO.Compression.ZipFile.dll /reference:/usr/share/dotnet/packs/Microsoft.NETCore.App.Ref/8.0.23/ref/net8.0/System.IO.dll /reference:/usr/share/dotnet/packs/Microsoft.NETCore.App.Ref/8.0.23/ref/net8.0/System.IO.FileSystem.AccessControl.dll /reference:/usr/share/dotnet/packs/Microsoft.NETCore.App.Ref/8.0.23/ref/net8.0/System.IO.FileSystem.dll /reference:/usr/share/dotnet/packs/Microsoft.NETCore.App.Ref/8.0.23/ref/net8.0/System.IO.FileSystem.DriveInfo.dll /reference:/usr/share/dotnet/packs/Microsoft.NETCore.App.Ref/8.0.23/ref/net8.0/System.IO.FileSystem.Primitives.dll /reference:/usr/share/dotnet/packs/Microsoft.NETCore.App.Ref/8.0.23/ref/net8.0/System.IO.FileSystem.Watcher.dll /reference:/usr/share/dotnet/packs/Microsoft.NETCore.App.Ref/8.0.23/ref/net8.0/System.IO.IsolatedStorage.dll /reference:/usr/share/dotnet/packs/Microsoft.NETCore.App.Ref/8.0.23/ref/net8.0/System.IO.MemoryMappedFiles.dll /reference:/usr/share/dotnet/packs/Microsoft.AspNetCore.App.Ref/8.0.23/ref/net8.0/System.IO.Pipelines.dll /reference:/usr/share/dotnet/packs/Microsoft.NETCore.App.Ref/8.0.23/ref/net8.0/System.IO.Pipes.AccessControl.dll /reference:/usr/share/dotnet/packs/Microsoft.NETCore.App.Ref/8.0.23/ref/net8.0/System.IO.Pipes.dll /reference:/usr/share/dotnet/packs/Microsoft.NETCore.App.Ref/8.0.23/ref/net8.0/System.IO.UnmanagedMemoryStream.dll /reference:/usr/share/dotnet/packs/Microsoft.NETCore.App.Ref/8.0.23/ref/net8.0/System.Linq.dll /reference:/usr/share/dotnet/packs/Microsoft.NETCore.App.Ref/8.0.23/ref/net8.0/System.Linq.Expressions.dll /reference:/usr/share/dotnet/packs/Microsoft.NETCore.App.Ref/8.0.23/ref/net8.0/System.Linq.Parallel.dll /reference:/usr/share/dotnet/packs/Microsoft.NETCore.App.Ref/8.0.23/ref/net8.0/System.Linq.Queryable.dll /reference:/usr/share/dotnet/packs/Microsoft.NETCore.App.Ref/8.0.23/ref/net8.0/System.Memory.dll /reference:/usr/share/dotnet/packs/Microsoft.NETCore.App.Ref/8.0.23/ref/net8.0/System.Net.dll /reference:/usr/share/dotnet/packs/Microsoft.NETCore.App.Ref/8.0.23/ref/net8.0/System.Net.Http.dll /reference:/usr/share/dotnet/packs/Microsoft.NETCore.App.Ref/8.0.23/ref/net8.0/System.Net.Http.Json.dll /reference:/usr/share/dotnet/packs/Microsoft.NETCore.App.Ref/8.0.23/ref/net8.0/System.Net.HttpListener.dll /reference:/usr/share/dotnet/packs/Microsoft.NETCore.App.Ref/8.0.23/ref/net8.0/System.Net.Mail.dll /reference:/usr/share/dotnet/packs/Microsoft.NETCore.App.Ref/8.0.23/ref/net8.0/System.Net.NameResolution.dll /reference:/usr/share/dotnet/packs/Microsoft.NETCore.App.Ref/8.0.23/ref/net8.0/System.Net.NetworkInformation.dll /reference:/usr/share/dotnet/packs/Microsoft.NETCore.App.Ref/8.0.23/ref/net8.0/System.Net.Ping.dll /reference:/usr/share/dotnet/packs/Microsoft.NETCore.App.Ref/8.0.23/ref/net8.0/System.Net.Primitives.dll /reference:/usr/share/dotnet/packs/Microsoft.NETCore.App.Ref/8.0.23/ref/net8.0/System.Net.Quic.dll /reference:/usr/share/dotnet/packs/Microsoft.NETCore.App.Ref/8.0.23/ref/net8.0/System.Net.Requests.dll /reference:/usr/share/dotnet/packs/Microsoft.NETCore.App.Ref/8.0.23/ref/net8.0/System.Net.Security.dll /reference:/usr/share/dotnet/packs/Microsoft.NETCore.App.Ref/8.0.23/ref/net8.0/System.Net.ServicePoint.dll /reference:/usr/share/dotnet/packs/Microsoft.NETCore.App.Ref/8.0.23/ref/net8.0/System.Net.Sockets.dll /reference:/usr/share/dotnet/packs/Microsoft.NETCore.App.Ref/8.0.23/ref/net8.0/System.Net.WebClient.dll /reference:/usr/share/dotnet/packs/Microsoft.NETCore.App.Ref/8.0.23/ref/net8.0/System.Net.WebHeaderCollection.dll /reference:/usr/share/dotnet/packs/Microsoft.NETCore.App.Ref/8.0.23/ref/net8.0/System.Net.WebProxy.dll /reference:/usr/share/dotnet/packs/Microsoft.NETCore.App.Ref/8.0.23/ref/net8.0/System.Net.WebSockets.Client.dll /reference:/usr/share/dotnet/packs/Microsoft.NETCore.App.Ref/8.0.23/ref/net8.0/System.Net.WebSockets.dll /reference:/usr/share/dotnet/packs/Microsoft.NETCore.App.Ref/8.0.23/ref/net8.0/System.Numerics.dll /reference:/usr/share/dotnet/packs/Microsoft.NETCore.App.Ref/8.0.23/ref/net8.0/System.Numerics.Vectors.dll /reference:/usr/share/dotnet/packs/Microsoft.NETCore.App.Ref/8.0.23/ref/net8.0/System.ObjectModel.dll /reference:/usr/share/dotnet/packs/Microsoft.NETCore.App.Ref/8.0.23/ref/net8.0/System.Reflection.DispatchProxy.dll /reference:/usr/share/dotnet/packs/Microsoft.NETCore.App.Ref/8.0.23/ref/net8.0/System.Reflection.dll /reference:/usr/share/dotnet/packs/Microsoft.NETCore.App.Ref/8.0.23/ref/net8.0/System.Reflection.Emit.dll /reference:/usr/share/dotnet/packs/Microsoft.NETCore.App.Ref/8.0.23/ref/net8.0/System.Reflection.Emit.ILGeneration.dll /reference:/usr/share/dotnet/packs/Microsoft.NETCore.App.Ref/8.0.23/ref/net8.0/System.Reflection.Emit.Lightweight.dll /reference:/usr/share/dotnet/packs/Microsoft.NETCore.App.Ref/8.0.23/ref/net8.0/System.Reflection.Extensions.dll /reference:/usr/share/dotnet/packs/Microsoft.NETCore.App.Ref/8.0.23/ref/net8.0/System.Reflection.Metadata.dll /reference:/usr/share/dotnet/packs/Microsoft.NETCore.App.Ref/8.0.23/ref/net8.0/System.Reflection.Primitives.dll /reference:/usr/share/dotnet/packs/Microsoft.NETCore.App.Ref/8.0.23/ref/net8.0/System.Reflection.TypeExtensions.dll /reference:/usr/share/dotnet/packs/Microsoft.NETCore.App.Ref/8.0.23/ref/net8.0/System.Resources.Reader.dll /reference:/usr/share/dotnet/packs/Microsoft.NETCore.App.Ref/8.0.23/ref/net8.0/System.Resources.ResourceManager.dll /reference:/usr/share/dotnet/packs/Microsoft.NETCore.App.Ref/8.0.23/ref/net8.0/System.Resources.Writer.dll /reference:/usr/share/dotnet/packs/Microsoft.NETCore.App.Ref/8.0.23/ref/net8.0/System.Runtime.CompilerServices.Unsafe.dll /reference:/usr/share/dotnet/packs/Microsoft.NETCore.App.Ref/8.0.23/ref/net8.0/System.Runtime.CompilerServices.VisualC.dll /reference:/usr/share/dotnet/packs/Microsoft.NETCore.App.Ref/8.0.23/ref/net8.0/System.Runtime.dll /reference:/usr/share/dotnet/packs/Microsoft.NETCore.App.Ref/8.0.23/ref/net8.0/System.Runtime.Extensions.dll /reference:/usr/share/dotnet/packs/Microsoft.NETCore.App.Ref/8.0.23/ref/net8.0/System.Runtime.Handles.dll /reference:/usr/share/dotnet/packs/Microsoft.NETCore.App.Ref/8.0.23/ref/net8.0/System.Runtime.InteropServices.dll /reference:/usr/share/dotnet/packs/Microsoft.NETCore.App.Ref/8.0.23/ref/net8.0/System.Runtime.InteropServices.JavaScript.dll /reference:/usr/share/dotnet/packs/Microsoft.NETCore.App.Ref/8.0.23/ref/net8.0/System.Runtime.InteropServices.RuntimeInformation.dll /reference:/usr/share/dotnet/packs/Microsoft.NETCore.App.Ref/8.0.23/ref/net8.0/System.Runtime.Intrinsics.dll /reference:/usr/share/dotnet/packs/Microsoft.NETCore.App.Ref/8.0.23/ref/net8.0/System.Runtime.Loader.dll /reference:/usr/share/dotnet/packs/Microsoft.NETCore.App.Ref/8.0.23/ref/net8.0/System.Runtime.Numerics.dll /reference:/usr/share/dotnet/packs/Microsoft.NETCore.App.Ref/8.0.23/ref/net8.0/System.Runtime.Serialization.dll /reference:/usr/share/dotnet/packs/Microsoft.NETCore.App.Ref/8.0.23/ref/net8.0/System.Runtime.Serialization.Formatters.dll /reference:/usr/share/dotnet/packs/Microsoft.NETCore.App.Ref/8.0.23/ref/net8.0/System.Runtime.Serialization.Json.dll /reference:/usr/share/dotnet/packs/Microsoft.NETCore.App.Ref/8.0.23/ref/net8.0/System.Runtime.Serialization.Primitives.dll /reference:/usr/share/dotnet/packs/Microsoft.NETCore.App.Ref/8.0.23/ref/net8.0/System.Runtime.Serialization.Xml.dll /reference:/usr/share/dotnet/packs/Microsoft.NETCore.App.Ref/8.0.23/ref/net8.0/System.Security.AccessControl.dll /reference:/usr/share/dotnet/packs/Microsoft.NETCore.App.Ref/8.0.23/ref/net8.0/System.Security.Claims.dll /reference:/usr/share/dotnet/packs/Microsoft.NETCore.App.Ref/8.0.23/ref/net8.0/System.Security.Cryptography.Algorithms.dll /reference:/usr/share/dotnet/packs/Microsoft.NETCore.App.Ref/8.0.23/ref/net8.0/System.Security.Cryptography.Cng.dll /reference:/usr/share/dotnet/packs/Microsoft.NETCore.App.Ref/8.0.23/ref/net8.0/System.Security.Cryptography.Csp.dll /reference:/usr/share/dotnet/packs/Microsoft.NETCore.App.Ref/8.0.23/ref/net8.0/System.Security.Cryptography.dll /reference:/usr/share/dotnet/packs/Microsoft.NETCore.App.Ref/8.0.23/ref/net8.0/System.Security.Cryptography.Encoding.dll /reference:/usr/share/dotnet/packs/Microsoft.NETCore.App.Ref/8.0.23/ref/net8.0/System.Security.Cryptography.OpenSsl.dll /reference:/usr/share/dotnet/packs/Microsoft.NETCore.App.Ref/8.0.23/ref/net8.0/System.Security.Cryptography.Primitives.dll /reference:/usr/share/dotnet/packs/Microsoft.NETCore.App.Ref/8.0.23/ref/net8.0/System.Security.Cryptography.X509Certificates.dll /reference:/usr/share/dotnet/packs/Microsoft.AspNetCore.App.Ref/8.0.23/ref/net8.0/System.Security.Cryptography.Xml.dll /reference:/usr/share/dotnet/packs/Microsoft.NETCore.App.Ref/8.0.23/ref/net8.0/System.Security.dll /reference:/usr/share/dotnet/packs/Microsoft.NETCore.App.Ref/8.0.23/ref/net8.0/System.Security.Principal.dll /reference:/usr/share/dotnet/packs/Microsoft.NETCore.App.Ref/8.0.23/ref/net8.0/System.Security.Principal.Windows.dll /reference:/usr/share/dotnet/packs/Microsoft.NETCore.App.Ref/8.0.23/ref/net8.0/System.Security.SecureString.dll /reference:/usr/share/dotnet/packs/Microsoft.NETCore.App.Ref/8.0.23/ref/net8.0/System.ServiceModel.Web.dll /reference:/usr/share/dotnet/packs/Microsoft.NETCore.App.Ref/8.0.23/ref/net8.0/System.ServiceProcess.dll /reference:/usr/share/dotnet/packs/Microsoft.NETCore.App.Ref/8.0.23/ref/net8.0/System.Text.Encoding.CodePages.dll /reference:/usr/share/dotnet/packs/Microsoft.NETCore.App.Ref/8.0.23/ref/net8.0/System.Text.Encoding.dll /reference:/usr/share/dotnet/packs/Microsoft.NETCore.App.Ref/8.0.23/ref/net8.0/System.Text.Encoding.Extensions.dll /reference:/usr/share/dotnet/packs/Microsoft.NETCore.App.Ref/8.0.23/ref/net8.0/System.Text.Encodings.Web.dll /reference:/usr/share/dotnet/packs/Microsoft.NETCore.App.Ref/8.0.23/ref/net8.0/System.Text.Json.dll /reference:/usr/share/dotnet/packs/Microsoft.NETCore.App.Ref/8.0.23/ref/net8.0/System.Text.RegularExpressions.dll /reference:/usr/share/dotnet/packs/Microsoft.NETCore.App.Ref/8.0.23/ref/net8.0/System.Threading.Channels.dll /reference:/usr/share/dotnet/packs/Microsoft.NETCore.App.Ref/8.0.23/ref/net8.0/System.Threading.dll /reference:/usr/share/dotnet/packs/Microsoft.NETCore.App.Ref/8.0.23/ref/net8.0/System.Threading.Overlapped.dll /reference:/usr/share/dotnet/packs/Microsoft.AspNetCore.App.Ref/8.0.23/ref/net8.0/System.Threading.RateLimiting.dll /reference:/usr/share/dotnet/packs/Microsoft.NETCore.App.Ref/8.0.23/ref/net8.0/System.Threading.Tasks.Dataflow.dll /reference:/usr/share/dotnet/packs/Microsoft.NETCore.App.Ref/8.0.23/ref/net8.0/System.Threading.Tasks.dll /reference:/usr/share/dotnet/packs/Microsoft.NETCore.App.Ref/8.0.23/ref/net8.0/System.Threading.Tasks.Extensions.dll /reference:/usr/share/dotnet/packs/Microsoft.NETCore.App.Ref/8.0.23/ref/net8.0/System.Threading.Tasks.Parallel.dll /reference:/usr/share/dotnet/packs/Microsoft.NETCore.App.Ref/8.0.23/ref/net8.0/System.Threading.Thread.dll /reference:/usr/share/dotnet/packs/Microsoft.NETCore.App.Ref/8.0.23/ref/net8.0/System.Threading.ThreadPool.dll /reference:/usr/share/dotnet/packs/Microsoft.NETCore.App.Ref/8.0.23/ref/net8.0/System.Threading.Timer.dll /reference:/usr/share/dotnet/packs/Microsoft.NETCore.App.Ref/8.0.23/ref/net8.0/System.Transactions.dll /reference:/usr/share/dotnet/packs/Microsoft.NETCore.App.Ref/8.0.23/ref/net8.0/System.Transactions.Local.dll /reference:/usr/share/dotnet/packs/Microsoft.NETCore.App.Ref/8.0.23/ref/net8.0/System.ValueTuple.dll /reference:/usr/share/dotnet/packs/Microsoft.NETCore.App.Ref/8.0.23/ref/net8.0/System.Web.dll /reference:/usr/share/dotnet/packs/Microsoft.NETCore.App.Ref/8.0.23/ref/net8.0/System.Web.HttpUtility.dll /reference:/usr/share/dotnet/packs/Microsoft.NETCore.App.Ref/8.0.23/ref/net8.0/System.Windows.dll /reference:/usr/share/dotnet/packs/Microsoft.NETCore.App.Ref/8.0.23/ref/net8.0/System.Xml.dll /reference:/usr/share/dotnet/packs/Microsoft.NETCore.App.Ref/8.0.23/ref/net8.0/System.Xml.Linq.dll /reference:/usr/share/dotnet/packs/Microsoft.NETCore.App.Ref/8.0.23/ref/net8.0/System.Xml.ReaderWriter.dll /reference:/usr/share/dotnet/packs/Microsoft.NETCore.App.Ref/8.0.23/ref/net8.0/System.Xml.Serialization.dll /reference:/usr/share/dotnet/packs/Microsoft.NETCore.App.Ref/8.0.23/ref/net8.0/System.Xml.XDocument.dll /reference:/usr/share/dotnet/packs/Microsoft.NETCore.App.Ref/8.0.23/ref/net8.0/System.Xml.XmlDocument.dll /reference:/usr/share/dotnet/packs/Microsoft.NETCore.App.Ref/8.0.23/ref/net8.0/System.Xml.XmlSerializer.dll /reference:/usr/share/dotnet/packs/Microsoft.NETCore.App.Ref/8.0.23/ref/net8.0/System.Xml.XPath.dll /reference:/usr/share/dotnet/packs/Microsoft.NETCore.App.Ref/8.0.23/ref/net8.0/System.Xml.XPath.XDocument.dll /reference:/modernize-data/studio-data/TNT1001/APP1166/transformed-code/344/studio-workspace/TMS22/src/TourManagement.Application/obj/Debug/net8.0/ref/TourManagement.Application.dll /reference:/modernize-data/studio-data/TNT1001/APP1166/transformed-code/344/studio-workspace/TMS22/src/TourManagement.Domain/obj/Debug/net8.0/ref/TourManagement.Domain.dll /reference:/modernize-data/studio-data/TNT1001/APP1166/transformed-code/344/studio-workspace/TMS22/src/TourManagement.Infrastructure/obj/Debug/net8.0/ref/TourManagement.Infrastructure.dll /reference:/usr/share/dotnet/packs/Microsoft.NETCore.App.Ref/8.0.23/ref/net8.0/WindowsBase.dll /debug+ /debug:portable /filealign:512 /optimize- /out:obj/Debug/net8.0/TourManagement.Web.dll /refout:obj/Debug/net8.0/refint/TourManagement.Web.dll /target:exe /warnaserror- /utf8output /deterministic+ /sourcelink:obj/Debug/net8.0/TourManagement.Web.sourcelink.json /langversion:12.0 /analyzerconfig:obj/Debug/net8.0/TourManagement.Web.GeneratedMSBuildEditorConfig.editorconfig /analyzerconfig:/usr/share/dotnet/sdk/8.0.417/Sdks/Microsoft.NET.Sdk/analyzers/build/config/analysislevel_8_default.globalconfig /analyzer:/usr/share/dotnet/sdk/8.0.417/Sdks/Microsoft.NET.Sdk.Web/analyzers/cs/Microsoft.AspNetCore.Analyzers.dll /analyzer:/usr/share/dotnet/sdk/8.0.417/Sdks/Microsoft.NET.Sdk.Web/analyzers/cs/Microsoft.AspNetCore.Mvc.Analyzers.dll /analyzer:/usr/share/dotnet/sdk/8.0.417/Sdks/Microsoft.NET.Sdk/targets/../analyzers/Microsoft.CodeAnalysis.CSharp.NetAnalyzers.dll /analyzer:/usr/share/dotnet/sdk/8.0.417/Sdks/Microsoft.NET.Sdk/targets/../analyzers/Microsoft.CodeAnalysis.NetAnalyzers.dll /analyzer:/home/studioai/.nuget/packages/microsoft.codeanalysis.analyzers/3.3.3/analyzers/dotnet/cs/Microsoft.CodeAnalysis.Analyzers.dll /analyzer:/home/studioai/.nuget/packages/microsoft.codeanalysis.analyzers/3.3.3/analyzers/dotnet/cs/Microsoft.CodeAnalysis.CSharp.Analyzers.dll /analyzer:/home/studioai/.nuget/packages/microsoft.entityframeworkcore.analyzers/8.0.0/analyzers/dotnet/cs/Microsoft.EntityFrameworkCore.Analyzers.dll /analyzer:/usr/share/dotnet/packs/Microsoft.NETCore.App.Ref/8.0.23/analyzers/dotnet/cs/Microsoft.Interop.ComInterfaceGenerator.dll /analyzer:/usr/share/dotnet/packs/Microsoft.NETCore.App.Ref/8.0.23/analyzers/dotnet/cs/Microsoft.Interop.JavaScript.JSImportGenerator.dll /analyzer:/usr/share/dotnet/packs/Microsoft.NETCore.App.Ref/8.0.23/analyzers/dotnet/cs/Microsoft.Interop.LibraryImportGenerator.dll /analyzer:/usr/share/dotnet/packs/Microsoft.NETCore.App.Ref/8.0.23/analyzers/dotnet/cs/Microsoft.Interop.SourceGeneration.dll /analyzer:/usr/share/dotnet/packs/Microsoft.NETCore.App.Ref/8.0.23/analyzers/dotnet/cs/System.Text.Json.SourceGeneration.dll /analyzer:/usr/share/dotnet/packs/Microsoft.NETCore.App.Ref/8.0.23/analyzers/dotnet/cs/System.Text.RegularExpressions.Generator.dll /analyzer:/usr/share/dotnet/packs/Microsoft.AspNetCore.App.Ref/8.0.23/analyzers/dotnet/cs/Microsoft.AspNetCore.App.Analyzers.dll /analyzer:/usr/share/dotnet/packs/Microsoft.AspNetCore.App.Ref/8.0.23/analyzers/dotnet/cs/Microsoft.AspNetCore.App.CodeFixes.dll /analyzer:/usr/share/dotnet/packs/Microsoft.AspNetCore.App.Ref/8.0.23/analyzers/dotnet/cs/Microsoft.AspNetCore.Components.Analyzers.dll /analyzer:/usr/share/dotnet/packs/Microsoft.AspNetCore.App.Ref/8.0.23/analyzers/dotnet/roslyn4.4/cs/Microsoft.Extensions.Logging.Generators.dll /analyzer:/usr/share/dotnet/packs/Microsoft.AspNetCore.App.Ref/8.0.23/analyzers/dotnet/roslyn4.4/cs/Microsoft.Extensions.Options.SourceGeneration.dll /analyzer:/usr/share/dotnet/sdk/8.0.417/Sdks/Microsoft.NET.Sdk.Razor/targets/../source-generators/Microsoft.AspNetCore.Razor.Utilities.Shared.dll /analyzer:/usr/share/dotnet/sdk/8.0.417/Sdks/Microsoft.NET.Sdk.Razor/targets/../source-generators/Microsoft.CodeAnalysis.Razor.Compiler.dll /analyzer:/usr/share/dotnet/sdk/8.0.417/Sdks/Microsoft.NET.Sdk.Razor/targets/../source-generators/Microsoft.Extensions.ObjectPool.dll /analyzer:/usr/share/dotnet/sdk/8.0.417/Sdks/Microsoft.NET.Sdk.Razor/targets/../source-generators/System.Collections.Immutable.dll /additionalfile:Pages/Account/Login.cshtml /additionalfile:Pages/Account/Register.cshtml /additionalfile:Pages/Index.cshtml /additionalfile:Pages/Shared/_Layout.cshtml /additionalfile:Pages/Shared/_ValidationScriptsPartial.cshtml /additionalfile:Pages/Tours/Create.cshtml /additionalfile:Pages/Tours/Delete.cshtml /additionalfile:Pages/Tours/Details.cshtml /additionalfile:Pages/Tours/Edit.cshtml /additionalfile:Pages/Tours/Index.cshtml /additionalfile:Pages/_ViewImports.cshtml /additionalfile:Pages/_ViewStart.cshtml Pages/Account/Login.cshtml.cs Pages/Account/Register.cshtml.cs Pages/Index.cshtml.cs Pages/Tours/Create.cshtml.cs Pages/Tours/Delete.cshtml.cs Pages/Tours/Details.cshtml.cs Pages/Tours/Edit.cshtml.cs Pages/Tours/Index.cshtml.cs Program.cs obj/Debug/net8.0/TourManagement.Web.GlobalUsings.g.cs "obj/Debug/net8.0/.NETCoreApp,Version=v8.0.AssemblyAttributes.cs" obj/Debug/net8.0/TourManagement.Web.AssemblyInfo.cs obj/Debug/net8.0/TourManagement.Web.RazorAssemblyInfo.cs /warnaserror+:NU1605,SYSLIB0011
         Assembly loaded during TaskRun (Microsoft.CodeAnalysis.BuildTasks.Csc): System.Security.Principal.Windows, Version=8.0.0.0, Culture=neutral, PublicKeyToken=b03f5f7f11d50a3a (location: /usr/share/dotnet/shared/Microsoft.NETCore.App/8.0.23/System.Security.Principal.Windows.dll, MVID: 75b0e04d-0acc-4dfd-a314-1dc64f8642cf, AssemblyLoadContext: Default)
         Assembly loaded during TaskRun (Microsoft.CodeAnalysis.BuildTasks.Csc): System.Security.Claims, Version=8.0.0.0, Culture=neutral, PublicKeyToken=b03f5f7f11d50a3a (location: /usr/share/dotnet/shared/Microsoft.NETCore.App/8.0.23/System.Security.Claims.dll, MVID: ef982aee-3a68-4bdd-a22b-13c25be6d1d0, AssemblyLoadContext: Default)
         Microsoft (R) Visual C# Compiler version 4.11.0-3.25569.22 (3fb752d4)
         Copyright (C) Microsoft Corporation. All rights reserved.
         CompilerServer: server - server processed compilation - TourManagement.Web (net8.0)
       Done executing task "Csc".
       Task "CallTarget" skipped, due to false condition; ('$(TargetsTriggeredByCompilation)' != '') was evaluated as ('' != '').
   4:6>Done building target "CoreCompile" in project "TourManagement.Web.csproj".
       Target "_TouchLastBuildWithSkipAnalyzers" skipped, due to false condition; ('$(_SkipAnalyzers)' == 'true') was evaluated as ('' == 'true').
       Target "_TimeStampAfterCompile" skipped, due to false condition; ('$(RunPostBuildEvent)'=='OnOutputUpdated' or ('$(RegisterForComInterop)'=='true' and '$(OutputType)'=='library')) was evaluated as (''=='OnOutputUpdated' or (''=='true' and 'Exe'=='library')).
   4:6>Target "AfterCompile" in file "/usr/share/dotnet/sdk/8.0.417/Microsoft.Common.CurrentVersion.targets" from project "/modernize-data/studio-data/TNT1001/APP1166/transformed-code/344/studio-workspace/TMS22/src/TourManagement.Web/TourManagement.Web.csproj" (target "Compile" depends on it):
   4:6>Done building target "AfterCompile" in project "TourManagement.Web.csproj".
       Target "_ChooseAppHost" skipped. Previously built successfully.
       Target "CoreCompile" skipped. Previously built successfully.
   4:6>Target "_CreateAppHost" in file "/usr/share/dotnet/sdk/8.0.417/Sdks/Microsoft.NET.Sdk/targets/Microsoft.NET.Sdk.targets" from project "/modernize-data/studio-data/TNT1001/APP1166/transformed-code/344/studio-workspace/TMS22/src/TourManagement.Web/TourManagement.Web.csproj" (target "Compile" depends on it):
       Building target "_CreateAppHost" completely.
       Input file "obj/Debug/net8.0/TourManagement.Web.dll" is newer than output file "/modernize-data/studio-data/TNT1001/APP1166/transformed-code/344/studio-workspace/TMS22/src/TourManagement.Web/obj/Debug/net8.0/apphost".
       Using "CreateAppHost" task from assembly "/usr/share/dotnet/sdk/8.0.417/Sdks/Microsoft.NET.Sdk/targets/../tools/net8.0/Microsoft.NET.Build.Tasks.dll".
       Task "CreateAppHost"
       Done executing task "CreateAppHost".
   4:6>Done building target "_CreateAppHost" in project "TourManagement.Web.csproj".
       Target "_CreateComHost" skipped, due to false condition; ('$(ComputeNETCoreBuildOutputFiles)' == 'true' and
                            '$(ComHostIntermediatePath)' != '' and
                            Exists('@(IntermediateAssembly)') and
                            Exists('$(ComHostSourcePath)')) was evaluated as ('true' == 'true' and
                            '' != '' and
                            Exists('obj/Debug/net8.0/TourManagement.Web.dll') and
                            Exists('/usr/share/dotnet/packs/Microsoft.NETCore.App.Host.linux-x64/8.0.23/runtimes/linux-x64/native/comhost.dll')).
       Target "_GetIjwHostPaths" skipped, due to false condition; ('$(UseIJWHost)' == 'true') was evaluated as ('' == 'true').
   4:6>Target "Compile" in file "/usr/share/dotnet/sdk/8.0.417/Microsoft.Common.CurrentVersion.targets" from project "/modernize-data/studio-data/TNT1001/APP1166/transformed-code/344/studio-workspace/TMS22/src/TourManagement.Web/TourManagement.Web.csproj" (target "CoreBuild" depends on it):
   4:6>Done building target "Compile" in project "TourManagement.Web.csproj".
       Target "ExportWindowsMDFile" skipped, due to false condition; ('$(ExportWinMDFile)' == 'true') was evaluated as ('' == 'true').
       Target "UnmanagedUnregistration" skipped, due to false condition; ((('$(_AssemblyTimestampBeforeCompile)' != '$(_AssemblyTimestampAfterCompile)' or '$(RegisterForComInterop)' != 'true' or '$(OutputType)' != 'library') or
                           ('$(_AssemblyTimestampBeforeCompile)' == '')) and
                          Exists('@(_UnmanagedRegistrationCache)')) was evaluated as ((('' != '' or '' != 'true' or 'Exe' != 'library') or
                           ('' == '')) and
                          Exists('/modernize-data/studio-data/TNT1001/APP1166/transformed-code/344/studio-workspace/TMS22/src/TourManagement.Web/obj/TourManagement.Web.csproj.UnmanagedRegistration.cache')).
       Target "GenerateSerializationAssemblies" skipped, due to false condition; ('$(_SGenGenerateSerializationAssembliesConfig)' == 'On' or ('@(WebReferenceUrl)'!='' and '$(_SGenGenerateSerializationAssembliesConfig)' == 'Auto')) was evaluated as ('Off' == 'On' or (''!='' and 'Off' == 'Auto')).
   4:6>Target "_GenerateSatelliteAssemblyInputs" in file "/usr/share/dotnet/sdk/8.0.417/Microsoft.Common.CurrentVersion.targets" from project "/modernize-data/studio-data/TNT1001/APP1166/transformed-code/344/studio-workspace/TMS22/src/TourManagement.Web/TourManagement.Web.csproj" (target "CreateSatelliteAssemblies" depends on it):
       Task "Warning" skipped, due to false condition; ('@(ManifestResourceWithCulture)'!='' and '%(ManifestResourceWithCulture.EmittedForCompatibilityOnly)'=='') was evaluated as (''!='' and ''=='').
       Task "Warning" skipped, due to false condition; ('@(ManifestNonResxWithCultureOnDisk)'!='' and '%(ManifestNonResxWithCultureOnDisk.EmittedForCompatibilityOnly)'=='') was evaluated as (''!='' and ''=='').
   4:6>Done building target "_GenerateSatelliteAssemblyInputs" in project "TourManagement.Web.csproj".
       Target "ComputeIntermediateSatelliteAssemblies" skipped, due to false condition; (@(EmbeddedResource->'%(WithCulture)') != '') was evaluated as ( != '').
       Target "GenerateSatelliteAssemblies" skipped, due to false condition; ('@(_SatelliteAssemblyResourceInputs)' != '' and '$(GenerateSatelliteAssembliesForCore)' != 'true') was evaluated as ('' != '' and 'true' != 'true').
       Target "CoreGenerateSatelliteAssemblies" skipped, due to false condition; ('@(_SatelliteAssemblyResourceInputs)' != ''  and '$(GenerateSatelliteAssembliesForCore)' == 'true' ) was evaluated as ('' != ''  and 'true' == 'true' ).
   4:6>Target "CreateSatelliteAssemblies" in file "/usr/share/dotnet/sdk/8.0.417/Microsoft.Common.CurrentVersion.targets" from project "/modernize-data/studio-data/TNT1001/APP1166/transformed-code/344/studio-workspace/TMS22/src/TourManagement.Web/TourManagement.Web.csproj" (target "CoreBuild" depends on it):
   4:6>Done building target "CreateSatelliteAssemblies" in project "TourManagement.Web.csproj".
       Target "GenerateManifests" skipped, due to false condition; ('$(GenerateClickOnceManifests)'=='true' or '@(NativeReference)'!='' or '@(ResolvedIsolatedComModules)'!='' or '$(GenerateAppxManifest)' == 'true') was evaluated as (''=='true' or ''!='' or ''!='' or '' == 'true').
   4:6>Target "GetTargetPathWithTargetPlatformMoniker" in file "/usr/share/dotnet/sdk/8.0.417/Microsoft.Common.CurrentVersion.targets" from project "/modernize-data/studio-data/TNT1001/APP1166/transformed-code/344/studio-workspace/TMS22/src/TourManagement.Web/TourManagement.Web.csproj" (target "GetTargetPath" depends on it):
   4:6>Done building target "GetTargetPathWithTargetPlatformMoniker" in project "TourManagement.Web.csproj".
   4:6>Target "GetTargetPath" in file "/usr/share/dotnet/sdk/8.0.417/Microsoft.Common.CurrentVersion.targets" from project "/modernize-data/studio-data/TNT1001/APP1166/transformed-code/344/studio-workspace/TMS22/src/TourManagement.Web/TourManagement.Web.csproj" (target "CoreBuild" depends on it):
   4:6>Done building target "GetTargetPath" in project "TourManagement.Web.csproj".
   4:6>Target "RazorCompile" in file "/usr/share/dotnet/sdk/8.0.417/Sdks/Microsoft.NET.Sdk.Razor/targets/Sdk.Razor.CurrentVersion.targets" from project "/modernize-data/studio-data/TNT1001/APP1166/transformed-code/344/studio-workspace/TMS22/src/TourManagement.Web/TourManagement.Web.csproj" (target "_RazorPrepareForRun" depends on it):
   4:6>Done building target "RazorCompile" in project "TourManagement.Web.csproj".
   4:6>Target "_RazorPrepareForRun" in file "/usr/share/dotnet/sdk/8.0.417/Sdks/Microsoft.NET.Sdk.Razor/targets/Sdk.Razor.CurrentVersion.targets" from project "/modernize-data/studio-data/TNT1001/APP1166/transformed-code/344/studio-workspace/TMS22/src/TourManagement.Web/TourManagement.Web.csproj" (target "PrepareForRun" depends on it):
   4:6>Done building target "_RazorPrepareForRun" in project "TourManagement.Web.csproj".
   4:6>Target "UpdateExistingPackageStaticWebAssets" in file "/usr/share/dotnet/sdk/8.0.417/Sdks/Microsoft.NET.Sdk.StaticWebAssets/targets/Microsoft.NET.Sdk.StaticWebAssets.targets" from project "/modernize-data/studio-data/TNT1001/APP1166/transformed-code/344/studio-workspace/TMS22/src/TourManagement.Web/TourManagement.Web.csproj" (target "ResolveStaticWebAssetsInputs" depends on it):
       Using "UpdatePackageStaticWebAssets" task from assembly "/usr/share/dotnet/sdk/8.0.417/Sdks/Microsoft.NET.Sdk.StaticWebAssets/targets/../tasks/net8.0/Microsoft.NET.Sdk.StaticWebAssets.Tasks.dll".
       Task "UpdatePackageStaticWebAssets"
       Done executing task "UpdatePackageStaticWebAssets".
   4:6>Done building target "UpdateExistingPackageStaticWebAssets" in project "TourManagement.Web.csproj".
       Target "ResolveProjectStaticWebAssets" skipped. Previously built successfully.
       Target "ResolveStaticWebAssetsCrossTargetingConfiguration" skipped, due to false condition; ('$(TargetFrameworks)' != '' And '@(StaticWebAssetsEmbeddedConfiguration)' != '') was evaluated as ('' != '' And '' != '').
   4:6>Target "ResolveEmbeddedProjectsStaticWebAssets" in file "/usr/share/dotnet/sdk/8.0.417/Sdks/Microsoft.NET.Sdk.StaticWebAssets/targets/Microsoft.NET.Sdk.StaticWebAssets.EmbeddedAssets.targets" from project "/modernize-data/studio-data/TNT1001/APP1166/transformed-code/344/studio-workspace/TMS22/src/TourManagement.Web/TourManagement.Web.csproj" (target "ResolveStaticWebAssetsInputs" depends on it):
       Task "MSBuild" skipped, due to false condition; ('@(_StaticWebAssetsEmbeddedProjectAssetConfigurations)' != '' and %(_StaticWebAssetsEmbeddedProjectAssetConfigurations.TargetFramework) != '$(TargetFramework)') was evaluated as ('' != '' and  != 'net8.0').
   4:6>Done building target "ResolveEmbeddedProjectsStaticWebAssets" in project "TourManagement.Web.csproj".
       Target "ResolveStaticWebAssetsConfiguration" skipped. Previously built successfully.
       Target "PrepareProjectReferences" skipped. Previously built successfully.
   4:6>Target "ResolveReferencedProjectsStaticWebAssetsConfiguration" in file "/usr/share/dotnet/sdk/8.0.417/Sdks/Microsoft.NET.Sdk.StaticWebAssets/targets/Microsoft.NET.Sdk.StaticWebAssets.References.targets" from project "/modernize-data/studio-data/TNT1001/APP1166/transformed-code/344/studio-workspace/TMS22/src/TourManagement.Web/TourManagement.Web.csproj" (target "ResolveReferencedProjectsStaticWebAssets" depends on it):
       Task "MSBuild"
         Global Properties:
           Configuration=Debug
           Platform=AnyCPU
         Removing Properties:
           WebPublishProfileFile
         Removing Properties for project "../TourManagement.Infrastructure/TourManagement.Infrastructure.csproj":
           TargetFramework
           RuntimeIdentifier
           SelfContained
         Removing Properties for project "../TourManagement.Application/TourManagement.Application.csproj":
           TargetFramework
           RuntimeIdentifier
           SelfContained
         Removing Properties for project "../TourManagement.Domain/TourManagement.Domain.csproj":
           TargetFramework
           RuntimeIdentifier
           SelfContained
   4:6>Project "/modernize-data/studio-data/TNT1001/APP1166/transformed-code/344/studio-workspace/TMS22/src/TourManagement.Web/TourManagement.Web.csproj" (4:6) is building "/modernize-data/studio-data/TNT1001/APP1166/transformed-code/344/studio-workspace/TMS22/src/TourManagement.Domain/TourManagement.Domain.csproj" (5:20) on node 1 (GetStaticWebAssetsProjectConfiguration target(s)).
  5:20>Target "GetStaticWebAssetsProjectConfiguration" skipped. The target does not exist in the project and SkipNonexistentTargets is set to true.
  5:20>Done Building Project "/modernize-data/studio-data/TNT1001/APP1166/transformed-code/344/studio-workspace/TMS22/src/TourManagement.Domain/TourManagement.Domain.csproj" (GetStaticWebAssetsProjectConfiguration target(s)).
   4:6>Project "/modernize-data/studio-data/TNT1001/APP1166/transformed-code/344/studio-workspace/TMS22/src/TourManagement.Web/TourManagement.Web.csproj" (4:6) is building "/modernize-data/studio-data/TNT1001/APP1166/transformed-code/344/studio-workspace/TMS22/src/TourManagement.Infrastructure/TourManagement.Infrastructure.csproj" (3:11) on node 4 (GetStaticWebAssetsProjectConfiguration target(s)).
  3:11>Target "GetStaticWebAssetsProjectConfiguration" skipped. The target does not exist in the project and SkipNonexistentTargets is set to true.
   4:6>Project "/modernize-data/studio-data/TNT1001/APP1166/transformed-code/344/studio-workspace/TMS22/src/TourManagement.Web/TourManagement.Web.csproj" (4:6) is building "/modernize-data/studio-data/TNT1001/APP1166/transformed-code/344/studio-workspace/TMS22/src/TourManagement.Application/TourManagement.Application.csproj" (2:16) on node 2 (GetStaticWebAssetsProjectConfiguration target(s)).
  2:16>Target "GetStaticWebAssetsProjectConfiguration" skipped. The target does not exist in the project and SkipNonexistentTargets is set to true.
  2:16>Done Building Project "/modernize-data/studio-data/TNT1001/APP1166/transformed-code/344/studio-workspace/TMS22/src/TourManagement.Application/TourManagement.Application.csproj" (GetStaticWebAssetsProjectConfiguration target(s)).
  3:11>Done Building Project "/modernize-data/studio-data/TNT1001/APP1166/transformed-code/344/studio-workspace/TMS22/src/TourManagement.Infrastructure/TourManagement.Infrastructure.csproj" (GetStaticWebAssetsProjectConfiguration target(s)).
   4:6>Done executing task "MSBuild".
       Using "MergeConfigurationProperties" task from assembly "/usr/share/dotnet/sdk/8.0.417/Sdks/Microsoft.NET.Sdk.StaticWebAssets/targets/../tasks/net8.0/Microsoft.NET.Sdk.StaticWebAssets.Tasks.dll".
       Task "MergeConfigurationProperties"
       Done executing task "MergeConfigurationProperties".
   4:6>Done building target "ResolveReferencedProjectsStaticWebAssetsConfiguration" in project "TourManagement.Web.csproj".
   4:6>Target "ResolveReferencedProjectsStaticWebAssets" in file "/usr/share/dotnet/sdk/8.0.417/Sdks/Microsoft.NET.Sdk.StaticWebAssets/targets/Microsoft.NET.Sdk.StaticWebAssets.References.targets" from project "/modernize-data/studio-data/TNT1001/APP1166/transformed-code/344/studio-workspace/TMS22/src/TourManagement.Web/TourManagement.Web.csproj" (target "ResolveStaticWebAssetsInputs" depends on it):
       Task "MSBuild" skipped, due to false condition; ('@(StaticWebAssetProjectConfiguration)' != '') was evaluated as ('' != '').
   4:6>Done building target "ResolveReferencedProjectsStaticWebAssets" in project "TourManagement.Web.csproj".
       Target "UpdateExistingPackageStaticWebAssets" skipped. Previously built successfully.
   4:6>Target "UpdateLegacyPackageScopedCssBundles" in file "/usr/share/dotnet/sdk/8.0.417/Sdks/Microsoft.NET.Sdk.StaticWebAssets/targets/Microsoft.NET.Sdk.StaticWebAssets.ScopedCss.targets" from project "/modernize-data/studio-data/TNT1001/APP1166/transformed-code/344/studio-workspace/TMS22/src/TourManagement.Web/TourManagement.Web.csproj" (target "ResolveStaticWebAssetsInputs" depends on it):
       Using "DefineStaticWebAssets" task from assembly "/usr/share/dotnet/sdk/8.0.417/Sdks/Microsoft.NET.Sdk.StaticWebAssets/targets/../tasks/net8.0/Microsoft.NET.Sdk.StaticWebAssets.Tasks.dll".
       Task "DefineStaticWebAssets"
       Done executing task "DefineStaticWebAssets".
       Task "DefineStaticWebAssets"
       Done executing task "DefineStaticWebAssets".
   4:6>Done building target "UpdateLegacyPackageScopedCssBundles" in project "TourManagement.Web.csproj".
       Target "ResolveStaticWebAssetsConfiguration" skipped. Previously built successfully.
   4:6>Target "_ResolveBundlingConfiguration" in file "/usr/share/dotnet/sdk/8.0.417/Sdks/Microsoft.NET.Sdk.StaticWebAssets/targets/Microsoft.NET.Sdk.StaticWebAssets.ScopedCss.targets" from project "/modernize-data/studio-data/TNT1001/APP1166/transformed-code/344/studio-workspace/TMS22/src/TourManagement.Web/TourManagement.Web.csproj" (target "_AddScopedCssBundles" depends on it):
   4:6>Done building target "_ResolveBundlingConfiguration" in project "TourManagement.Web.csproj".
       Target "ResolveCssScopes" skipped. Previously built successfully.
   4:6>Target "ResolveScopedCssOutputs" in file "/usr/share/dotnet/sdk/8.0.417/Sdks/Microsoft.NET.Sdk.StaticWebAssets/targets/Microsoft.NET.Sdk.StaticWebAssets.ScopedCss.targets" from project "/modernize-data/studio-data/TNT1001/APP1166/transformed-code/344/studio-workspace/TMS22/src/TourManagement.Web/TourManagement.Web.csproj" (target "_ComputeScopedCssStaticWebAssets" depends on it):
   4:6>Done building target "ResolveScopedCssOutputs" in project "TourManagement.Web.csproj".
       Target "ResolveStaticWebAssetsConfiguration" skipped. Previously built successfully.
   4:6>Target "_ComputeScopedCssStaticWebAssets" in file "/usr/share/dotnet/sdk/8.0.417/Sdks/Microsoft.NET.Sdk.StaticWebAssets/targets/Microsoft.NET.Sdk.StaticWebAssets.ScopedCss.targets" from project "/modernize-data/studio-data/TNT1001/APP1166/transformed-code/344/studio-workspace/TMS22/src/TourManagement.Web/TourManagement.Web.csproj" (target "_CollectAllScopedCssAssets" depends on it):
       Task "DefineStaticWebAssets" skipped, due to false condition; (@(_ScopedCss) != '') was evaluated as ( != '').
   4:6>Done building target "_ComputeScopedCssStaticWebAssets" in project "TourManagement.Web.csproj".
   4:6>Target "_CollectAllScopedCssAssets" in file "/usr/share/dotnet/sdk/8.0.417/Sdks/Microsoft.NET.Sdk.StaticWebAssets/targets/Microsoft.NET.Sdk.StaticWebAssets.ScopedCss.targets" from project "/modernize-data/studio-data/TNT1001/APP1166/transformed-code/344/studio-workspace/TMS22/src/TourManagement.Web/TourManagement.Web.csproj" (target "_AddScopedCssBundles" depends on it):
       Using "ResolveAllScopedCssAssets" task from assembly "/usr/share/dotnet/sdk/8.0.417/Sdks/Microsoft.NET.Sdk.StaticWebAssets/targets/../tasks/net8.0/Microsoft.NET.Sdk.StaticWebAssets.Tasks.dll".
       Task "ResolveAllScopedCssAssets"
       Done executing task "ResolveAllScopedCssAssets".
   4:6>Done building target "_CollectAllScopedCssAssets" in project "TourManagement.Web.csproj".
   4:6>Target "_AddScopedCssBundles" in file "/usr/share/dotnet/sdk/8.0.417/Sdks/Microsoft.NET.Sdk.StaticWebAssets/targets/Microsoft.NET.Sdk.StaticWebAssets.ScopedCss.targets" from project "/modernize-data/studio-data/TNT1001/APP1166/transformed-code/344/studio-workspace/TMS22/src/TourManagement.Web/TourManagement.Web.csproj" (target "ResolveStaticWebAssetsInputs" depends on it):
       Task "DefineStaticWebAssets" skipped, due to false condition; (@(_AllScopedCss) != '') was evaluated as ( != '').
       Task "DefineStaticWebAssets" skipped, due to false condition; (@(_ScopedCss) != '') was evaluated as ( != '').
   4:6>Done building target "_AddScopedCssBundles" in project "TourManagement.Web.csproj".
       Target "ResolveProjectStaticWebAssets" skipped. Previously built successfully.
   4:6>Target "_ResolveJsModuleInputs" in file "/usr/share/dotnet/sdk/8.0.417/Sdks/Microsoft.NET.Sdk.StaticWebAssets/targets/Microsoft.NET.Sdk.StaticWebAssets.JSModules.targets" from project "/modernize-data/studio-data/TNT1001/APP1166/transformed-code/344/studio-workspace/TMS22/src/TourManagement.Web/TourManagement.Web.csproj" (target "_AddJsModulesToStaticWebAssets" depends on it):
       Task "DefineStaticWebAssets"
         RelativePath 'css/site.css' normalized to 'css/site.css' found for candidate '/modernize-data/studio-data/TNT1001/APP1166/transformed-code/344/studio-workspace/TMS22/src/TourManagement.Web/wwwroot/css/site.css' and will be used for matching.
         Skipping '/modernize-data/studio-data/TNT1001/APP1166/transformed-code/344/studio-workspace/TMS22/src/TourManagement.Web/wwwroot/css/site.css' because the relative path 'css/site.css' did not match the filter '**/TourManagement.Web.lib.module.js'.
         RelativePath 'js/site.js' normalized to 'js/site.js' found for candidate '/modernize-data/studio-data/TNT1001/APP1166/transformed-code/344/studio-workspace/TMS22/src/TourManagement.Web/wwwroot/js/site.js' and will be used for matching.
         Skipping '/modernize-data/studio-data/TNT1001/APP1166/transformed-code/344/studio-workspace/TMS22/src/TourManagement.Web/wwwroot/js/site.js' because the relative path 'js/site.js' did not match the filter '**/TourManagement.Web.lib.module.js'.
       Done executing task "DefineStaticWebAssets".
       Task "DiscoverStaticWebAssets"
         Rejected asset 'wwwroot/css/site.css' for pattern '**/*.razor.js'
         Rejected asset 'wwwroot/js/site.js' for pattern '**/*.razor.js'
         Rejected asset 'appsettings.Development.json' for pattern '**/*.razor.js'
         Rejected asset 'appsettings.json' for pattern '**/*.razor.js'
         Rejected asset 'Pages/Account/Login.cshtml' for pattern '**/*.razor.js'
         Rejected asset 'Pages/Account/Register.cshtml' for pattern '**/*.razor.js'
         Rejected asset 'Pages/Index.cshtml' for pattern '**/*.razor.js'
         Rejected asset 'Pages/Shared/_Layout.cshtml' for pattern '**/*.razor.js'
         Rejected asset 'Pages/Shared/_ValidationScriptsPartial.cshtml' for pattern '**/*.razor.js'
         Rejected asset 'Pages/Tours/Create.cshtml' for pattern '**/*.razor.js'
         Rejected asset 'Pages/Tours/Delete.cshtml' for pattern '**/*.razor.js'
         Rejected asset 'Pages/Tours/Details.cshtml' for pattern '**/*.razor.js'
         Rejected asset 'Pages/Tours/Edit.cshtml' for pattern '**/*.razor.js'
         Rejected asset 'Pages/Tours/Index.cshtml' for pattern '**/*.razor.js'
         Rejected asset 'Pages/_ViewImports.cshtml' for pattern '**/*.razor.js'
         Rejected asset 'Pages/_ViewStart.cshtml' for pattern '**/*.razor.js'
         Link 'TourManagement.Web' found for candidate '/modernize-data/studio-data/TNT1001/APP1166/transformed-code/344/studio-workspace/TMS22/src/TourManagement.Web/obj/Debug/net8.0/apphost' and will be used for matching.
         Rejected asset 'TourManagement.Web' for pattern '**/*.razor.js'
       Done executing task "DiscoverStaticWebAssets".
       Task "DiscoverStaticWebAssets"
         Rejected asset 'wwwroot/css/site.css' for pattern '**/*.cshtml.js'
         Rejected asset 'wwwroot/js/site.js' for pattern '**/*.cshtml.js'
         Rejected asset 'appsettings.Development.json' for pattern '**/*.cshtml.js'
         Rejected asset 'appsettings.json' for pattern '**/*.cshtml.js'
         Rejected asset 'Pages/Account/Login.cshtml' for pattern '**/*.cshtml.js'
         Rejected asset 'Pages/Account/Register.cshtml' for pattern '**/*.cshtml.js'
         Rejected asset 'Pages/Index.cshtml' for pattern '**/*.cshtml.js'
         Rejected asset 'Pages/Shared/_Layout.cshtml' for pattern '**/*.cshtml.js'
         Rejected asset 'Pages/Shared/_ValidationScriptsPartial.cshtml' for pattern '**/*.cshtml.js'
         Rejected asset 'Pages/Tours/Create.cshtml' for pattern '**/*.cshtml.js'
         Rejected asset 'Pages/Tours/Delete.cshtml' for pattern '**/*.cshtml.js'
         Rejected asset 'Pages/Tours/Details.cshtml' for pattern '**/*.cshtml.js'
         Rejected asset 'Pages/Tours/Edit.cshtml' for pattern '**/*.cshtml.js'
         Rejected asset 'Pages/Tours/Index.cshtml' for pattern '**/*.cshtml.js'
         Rejected asset 'Pages/_ViewImports.cshtml' for pattern '**/*.cshtml.js'
         Rejected asset 'Pages/_ViewStart.cshtml' for pattern '**/*.cshtml.js'
         Link 'TourManagement.Web' found for candidate '/modernize-data/studio-data/TNT1001/APP1166/transformed-code/344/studio-workspace/TMS22/src/TourManagement.Web/obj/Debug/net8.0/apphost' and will be used for matching.
         Rejected asset 'TourManagement.Web' for pattern '**/*.cshtml.js'
       Done executing task "DiscoverStaticWebAssets".
       Using "ApplyJsModules" task from assembly "/usr/share/dotnet/sdk/8.0.417/Sdks/Microsoft.NET.Sdk.StaticWebAssets/targets/../tasks/net8.0/Microsoft.NET.Sdk.StaticWebAssets.Tasks.dll".
       Task "ApplyJsModules"
       Done executing task "ApplyJsModules".
   4:6>Done building target "_ResolveJsModuleInputs" in project "TourManagement.Web.csproj".
   4:6>Target "_AddJsModulesToStaticWebAssets" in file "/usr/share/dotnet/sdk/8.0.417/Sdks/Microsoft.NET.Sdk.StaticWebAssets/targets/Microsoft.NET.Sdk.StaticWebAssets.JSModules.targets" from project "/modernize-data/studio-data/TNT1001/APP1166/transformed-code/344/studio-workspace/TMS22/src/TourManagement.Web/TourManagement.Web.csproj" (target "ResolveStaticWebAssetsInputs" depends on it):
   4:6>Done building target "_AddJsModulesToStaticWebAssets" in project "TourManagement.Web.csproj".
       Target "_ResolveJsModuleInputs" skipped. Previously built successfully.
       Target "ResolveReferencedProjectsStaticWebAssets" skipped. Previously built successfully.
   4:6>Target "_ResolveBuildJsModuleManifest" in file "/usr/share/dotnet/sdk/8.0.417/Sdks/Microsoft.NET.Sdk.StaticWebAssets/targets/Microsoft.NET.Sdk.StaticWebAssets.JSModules.targets" from project "/modernize-data/studio-data/TNT1001/APP1166/transformed-code/344/studio-workspace/TMS22/src/TourManagement.Web/TourManagement.Web.csproj" (target "_AddBuildJsModuleManifest" depends on it):
       Task "DefineStaticWebAssets" skipped, due to false condition; (@(_ExistingBuildJSModules) != '') was evaluated as ( != '').
   4:6>Done building target "_ResolveBuildJsModuleManifest" in project "TourManagement.Web.csproj".
   4:6>Target "_AddBuildJsModuleManifest" in file "/usr/share/dotnet/sdk/8.0.417/Sdks/Microsoft.NET.Sdk.StaticWebAssets/targets/Microsoft.NET.Sdk.StaticWebAssets.JSModules.targets" from project "/modernize-data/studio-data/TNT1001/APP1166/transformed-code/344/studio-workspace/TMS22/src/TourManagement.Web/TourManagement.Web.csproj" (target "ResolveStaticWebAssetsInputs" depends on it):
   4:6>Done building target "_AddBuildJsModuleManifest" in project "TourManagement.Web.csproj".
   4:6>Target "_ResolveCompressedFiles" in file "/usr/share/dotnet/sdk/8.0.417/Sdks/Microsoft.NET.Sdk.StaticWebAssets/targets/Microsoft.NET.Sdk.StaticWebAssets.Compression.targets" from project "/modernize-data/studio-data/TNT1001/APP1166/transformed-code/344/studio-workspace/TMS22/src/TourManagement.Web/TourManagement.Web.csproj" (target "ResolveStaticWebAssetsInputs" depends on it):
       Using "ResolveCompressedAssets" task from assembly "/usr/share/dotnet/sdk/8.0.417/Sdks/Microsoft.NET.Sdk.StaticWebAssets/targets/../tasks/net8.0/Microsoft.NET.Sdk.StaticWebAssets.Tasks.dll".
       Task "ResolveCompressedAssets"
         Asset '/modernize-data/studio-data/TNT1001/APP1166/transformed-code/344/studio-workspace/TMS22/src/TourManagement.Web/wwwroot/css/site.css' with relative path 'css/site.css' did not match include pattern '' or matched exclude pattern ''.
         Asset '/modernize-data/studio-data/TNT1001/APP1166/transformed-code/344/studio-workspace/TMS22/src/TourManagement.Web/wwwroot/js/site.js' with relative path 'js/site.js' did not match include pattern '' or matched exclude pattern ''.
       Done executing task "ResolveCompressedAssets".
   4:6>Done building target "_ResolveCompressedFiles" in project "TourManagement.Web.csproj".
   4:6>Target "ResolveStaticWebAssetsInputs" in file "/usr/share/dotnet/sdk/8.0.417/Sdks/Microsoft.NET.Sdk.StaticWebAssets/targets/Microsoft.NET.Sdk.StaticWebAssets.targets" from project "/modernize-data/studio-data/TNT1001/APP1166/transformed-code/344/studio-workspace/TMS22/src/TourManagement.Web/TourManagement.Web.csproj" (target "GenerateStaticWebAssetsManifest" depends on it):
   4:6>Done building target "ResolveStaticWebAssetsInputs" in project "TourManagement.Web.csproj".
   4:6>Target "GenerateStaticWebAssetsManifest" in file "/usr/share/dotnet/sdk/8.0.417/Sdks/Microsoft.NET.Sdk.StaticWebAssets/targets/Microsoft.NET.Sdk.StaticWebAssets.targets" from project "/modernize-data/studio-data/TNT1001/APP1166/transformed-code/344/studio-workspace/TMS22/src/TourManagement.Web/TourManagement.Web.csproj" (target "StaticWebAssetsPrepareForRun" depends on it):
       Task "MergeStaticWebAssets" skipped, due to false condition; ('@(StaticWebAssetsEmbeddedConfiguration)' != '') was evaluated as ('' != '').
       Using "GenerateStaticWebAssetsManifest" task from assembly "/usr/share/dotnet/sdk/8.0.417/Sdks/Microsoft.NET.Sdk.StaticWebAssets/targets/../tasks/net8.0/Microsoft.NET.Sdk.StaticWebAssets.Tasks.dll".
       Task "GenerateStaticWebAssetsManifest"
         Assembly loaded during TaskRun (Microsoft.AspNetCore.StaticWebAssets.Tasks.GenerateStaticWebAssetsManifest): System.Text.Encodings.Web, Version=8.0.0.0, Culture=neutral, PublicKeyToken=cc7b13ffcd2ddd51 (location: /usr/share/dotnet/shared/Microsoft.NETCore.App/8.0.23/System.Text.Encodings.Web.dll, MVID: 2fbace3d-000b-42d0-a0e3-1253a323d565, AssemblyLoadContext: Default)
         Assembly loaded during TaskRun (Microsoft.AspNetCore.StaticWebAssets.Tasks.GenerateStaticWebAssetsManifest): System.Runtime.Intrinsics, Version=8.0.0.0, Culture=neutral, PublicKeyToken=cc7b13ffcd2ddd51 (location: /usr/share/dotnet/shared/Microsoft.NETCore.App/8.0.23/System.Runtime.Intrinsics.dll, MVID: fbaf24ae-503d-4a4c-bd17-c897049e5334, AssemblyLoadContext: Default)
         Assembly loaded during TaskRun (Microsoft.AspNetCore.StaticWebAssets.Tasks.GenerateStaticWebAssetsManifest): System.Numerics.Vectors, Version=8.0.0.0, Culture=neutral, PublicKeyToken=b03f5f7f11d50a3a (location: /usr/share/dotnet/shared/Microsoft.NETCore.App/8.0.23/System.Numerics.Vectors.dll, MVID: c98d6d66-7fd6-428c-a34d-699d873ed241, AssemblyLoadContext: Default)
         Creating manifest because manifest file 'obj/Debug/net8.0/staticwebassets.build.json' does not exist.
       Done executing task "GenerateStaticWebAssetsManifest".
       Using "GenerateStaticWebAssetsDevelopmentManifest" task from assembly "/usr/share/dotnet/sdk/8.0.417/Sdks/Microsoft.NET.Sdk.StaticWebAssets/targets/../tasks/net8.0/Microsoft.NET.Sdk.StaticWebAssets.Tasks.dll".
       Task "GenerateStaticWebAssetsDevelopmentManifest"
         Creating manifest because manifest file 'obj/Debug/net8.0/staticwebassets.development.json' does not exist.
       Done executing task "GenerateStaticWebAssetsDevelopmentManifest".
   4:6>Done building target "GenerateStaticWebAssetsManifest" in project "TourManagement.Web.csproj".
   4:6>Target "GenerateStaticWebAssetsPackFiles" in file "/usr/share/dotnet/sdk/8.0.417/Sdks/Microsoft.NET.Sdk.StaticWebAssets/targets/Microsoft.NET.Sdk.StaticWebAssets.Pack.targets" from project "/modernize-data/studio-data/TNT1001/APP1166/transformed-code/344/studio-workspace/TMS22/src/TourManagement.Web/TourManagement.Web.csproj" (target "StaticWebAssetsPrepareForRun" depends on it):
       Using "ComputeReferenceStaticWebAssetItems" task from assembly "/usr/share/dotnet/sdk/8.0.417/Sdks/Microsoft.NET.Sdk.StaticWebAssets/targets/../tasks/net8.0/Microsoft.NET.Sdk.StaticWebAssets.Tasks.dll".
       Task "ComputeReferenceStaticWebAssetItems"
         Accepted candidate asset '/modernize-data/studio-data/TNT1001/APP1166/transformed-code/344/studio-workspace/TMS22/src/TourManagement.Web/wwwroot/css/site.css' because project mode is 'Default' and asset mode is 'All'
         Accepted candidate asset '/modernize-data/studio-data/TNT1001/APP1166/transformed-code/344/studio-workspace/TMS22/src/TourManagement.Web/wwwroot/js/site.js' because project mode is 'Default' and asset mode is 'All'
       Done executing task "ComputeReferenceStaticWebAssetItems".
       Using "GenerateStaticWebAsssetsPropsFile" task from assembly "/usr/share/dotnet/sdk/8.0.417/Sdks/Microsoft.NET.Sdk.StaticWebAssets/targets/../tasks/net8.0/Microsoft.NET.Sdk.StaticWebAssets.Tasks.dll".
       Task "GenerateStaticWebAsssetsPropsFile"
         Creating file 'obj/Debug/net8.0/staticwebassets/msbuild.TourManagement.Web.Microsoft.AspNetCore.StaticWebAssets.props' does not exist.
       Done executing task "GenerateStaticWebAsssetsPropsFile".
       Using "StaticWebAssetsGeneratePackagePropsFile" task from assembly "/usr/share/dotnet/sdk/8.0.417/Sdks/Microsoft.NET.Sdk.StaticWebAssets/targets/../tasks/net8.0/Microsoft.NET.Sdk.StaticWebAssets.Tasks.dll".
       Task "StaticWebAssetsGeneratePackagePropsFile"
         Creating file 'obj/Debug/net8.0/staticwebassets/msbuild.build.TourManagement.Web.props' does not exist.
       Done executing task "StaticWebAssetsGeneratePackagePropsFile".
       Task "StaticWebAssetsGeneratePackagePropsFile"
         Creating file 'obj/Debug/net8.0/staticwebassets/msbuild.buildMultiTargeting.TourManagement.Web.props' does not exist.
       Done executing task "StaticWebAssetsGeneratePackagePropsFile".
       Task "StaticWebAssetsGeneratePackagePropsFile"
         Creating file 'obj/Debug/net8.0/staticwebassets/msbuild.buildTransitive.TourManagement.Web.props' does not exist.
       Done executing task "StaticWebAssetsGeneratePackagePropsFile".
       Using "ComputeStaticWebAssetsTargetPaths" task from assembly "/usr/share/dotnet/sdk/8.0.417/Sdks/Microsoft.NET.Sdk.StaticWebAssets/targets/../tasks/net8.0/Microsoft.NET.Sdk.StaticWebAssets.Tasks.dll".
       Task "ComputeStaticWebAssetsTargetPaths"
         Using path prefix 'staticwebassets'
       Done executing task "ComputeStaticWebAssetsTargetPaths".
       Using "StaticWebAssetsGeneratePackManifest" task from assembly "/usr/share/dotnet/sdk/8.0.417/Sdks/Microsoft.NET.Sdk.StaticWebAssets/targets/../tasks/net8.0/Microsoft.NET.Sdk.StaticWebAssets.Tasks.dll".
       Task "StaticWebAssetsGeneratePackManifest"
         Creating manifest because manifest file 'obj/Debug/net8.0/staticwebassets.pack.json' does not exist.
       Done executing task "StaticWebAssetsGeneratePackManifest".
   4:6>Done building target "GenerateStaticWebAssetsPackFiles" in project "TourManagement.Web.csproj".
       Target "_ResolveBundlingConfiguration" skipped. Previously built successfully.
       Target "ResolveScopedCssOutputs" skipped. Previously built successfully.
   4:6>Target "_GenerateScopedCssFiles" in file "/usr/share/dotnet/sdk/8.0.417/Sdks/Microsoft.NET.Sdk.StaticWebAssets/targets/Microsoft.NET.Sdk.StaticWebAssets.ScopedCss.targets" from project "/modernize-data/studio-data/TNT1001/APP1166/transformed-code/344/studio-workspace/TMS22/src/TourManagement.Web/TourManagement.Web.csproj" (target "GenerateComputedBuildStaticWebAssets" depends on it):
       Skipping target "_GenerateScopedCssFiles" because it has no outputs.
       Though the target has declared its outputs, the output specification only references empty properties and/or empty item lists.
   4:6>Done building target "_GenerateScopedCssFiles" in project "TourManagement.Web.csproj".
       Target "_CollectAllScopedCssAssets" skipped. Previously built successfully.
       Target "ResolveScopedCssOutputs" skipped. Previously built successfully.
   4:6>Target "_GenerateScopedCssFiles" in file "/usr/share/dotnet/sdk/8.0.417/Sdks/Microsoft.NET.Sdk.StaticWebAssets/targets/Microsoft.NET.Sdk.StaticWebAssets.ScopedCss.targets" from project "/modernize-data/studio-data/TNT1001/APP1166/transformed-code/344/studio-workspace/TMS22/src/TourManagement.Web/TourManagement.Web.csproj" (target "BundleScopedCssFiles" depends on it):
       Skipping target "_GenerateScopedCssFiles" because it has no outputs.
       Though the target has declared its outputs, the output specification only references empty properties and/or empty item lists.
   4:6>Done building target "_GenerateScopedCssFiles" in project "TourManagement.Web.csproj".
       Target "_ResolveBundlingConfiguration" skipped. Previously built successfully.
   4:6>Target "BundleScopedCssFiles" in file "/usr/share/dotnet/sdk/8.0.417/Sdks/Microsoft.NET.Sdk.StaticWebAssets/targets/Microsoft.NET.Sdk.StaticWebAssets.ScopedCss.targets" from project "/modernize-data/studio-data/TNT1001/APP1166/transformed-code/344/studio-workspace/TMS22/src/TourManagement.Web/TourManagement.Web.csproj" (target "GenerateComputedBuildStaticWebAssets" depends on it):
       Task "ConcatenateCssFiles" skipped, due to false condition; ('@(_ScopedCssProjectBundles)' != '' or '@(_ScopedCss)' != '') was evaluated as ('' != '' or '' != '').
       Task "ConcatenateCssFiles" skipped, due to false condition; ('@(_ScopedCss)' != '') was evaluated as ('' != '').
   4:6>Done building target "BundleScopedCssFiles" in project "TourManagement.Web.csproj".
   4:6>Target "_CompressFiles" in file "/usr/share/dotnet/sdk/8.0.417/Sdks/Microsoft.NET.Sdk.StaticWebAssets/targets/Microsoft.NET.Sdk.StaticWebAssets.Compression.targets" from project "/modernize-data/studio-data/TNT1001/APP1166/transformed-code/344/studio-workspace/TMS22/src/TourManagement.Web/TourManagement.Web.csproj" (target "GenerateComputedBuildStaticWebAssets" depends on it):
       Task "GZipCompress" skipped, due to false condition; ('@(_GZipCompressedStaticWebAssets)' != '') was evaluated as ('' != '').
       Task "BrotliCompress" skipped, due to false condition; ('@(_BrotliCompressedStaticWebAssets)' != '') was evaluated as ('' != '').
   4:6>Done building target "_CompressFiles" in project "TourManagement.Web.csproj".
   4:6>Target "GenerateComputedBuildStaticWebAssets" in file "/usr/share/dotnet/sdk/8.0.417/Sdks/Microsoft.NET.Sdk.StaticWebAssets/targets/Microsoft.NET.Sdk.StaticWebAssets.targets" from project "/modernize-data/studio-data/TNT1001/APP1166/transformed-code/344/studio-workspace/TMS22/src/TourManagement.Web/TourManagement.Web.csproj" (target "StaticWebAssetsPrepareForRun" depends on it):
   4:6>Done building target "GenerateComputedBuildStaticWebAssets" in project "TourManagement.Web.csproj".
   4:6>Target "LoadStaticWebAssetsBuildManifest" in file "/usr/share/dotnet/sdk/8.0.417/Sdks/Microsoft.NET.Sdk.StaticWebAssets/targets/Microsoft.NET.Sdk.StaticWebAssets.Publish.targets" from project "/modernize-data/studio-data/TNT1001/APP1166/transformed-code/344/studio-workspace/TMS22/src/TourManagement.Web/TourManagement.Web.csproj" (target "CopyStaticWebAssetsToOutputDirectory" depends on it):
       Using "ReadStaticWebAssetsManifestFile" task from assembly "/usr/share/dotnet/sdk/8.0.417/Sdks/Microsoft.NET.Sdk.StaticWebAssets/targets/../tasks/net8.0/Microsoft.NET.Sdk.StaticWebAssets.Tasks.dll".
       Task "ReadStaticWebAssetsManifestFile"
       Done executing task "ReadStaticWebAssetsManifestFile".
   4:6>Done building target "LoadStaticWebAssetsBuildManifest" in project "TourManagement.Web.csproj".
   4:6>Target "_EnsureContentRootFolders" in file "/usr/share/dotnet/sdk/8.0.417/Sdks/Microsoft.NET.Sdk.StaticWebAssets/targets/Microsoft.NET.Sdk.StaticWebAssets.targets" from project "/modernize-data/studio-data/TNT1001/APP1166/transformed-code/344/studio-workspace/TMS22/src/TourManagement.Web/TourManagement.Web.csproj" (target "CopyStaticWebAssetsToOutputDirectory" depends on it):
       Task "MakeDir"
       Done executing task "MakeDir".
   4:6>Done building target "_EnsureContentRootFolders" in project "TourManagement.Web.csproj".
   4:6>Target "CopyStaticWebAssetsToOutputDirectory" in file "/usr/share/dotnet/sdk/8.0.417/Sdks/Microsoft.NET.Sdk.StaticWebAssets/targets/Microsoft.NET.Sdk.StaticWebAssets.targets" from project "/modernize-data/studio-data/TNT1001/APP1166/transformed-code/344/studio-workspace/TMS22/src/TourManagement.Web/TourManagement.Web.csproj" (target "StaticWebAssetsPrepareForRun" depends on it):
   4:6>Done building target "CopyStaticWebAssetsToOutputDirectory" in project "TourManagement.Web.csproj".
   4:6>Target "_SplitStaticWebAssetsByCopyOptions" in file "/usr/share/dotnet/sdk/8.0.417/Sdks/Microsoft.NET.Sdk.StaticWebAssets/targets/Microsoft.NET.Sdk.StaticWebAssets.targets" from project "/modernize-data/studio-data/TNT1001/APP1166/transformed-code/344/studio-workspace/TMS22/src/TourManagement.Web/TourManagement.Web.csproj" (target "StaticWebAssetsPrepareForRun" depends on it):
       Using "CollectStaticWebAssetsToCopy" task from assembly "/usr/share/dotnet/sdk/8.0.417/Sdks/Microsoft.NET.Sdk.StaticWebAssets/targets/../tasks/net8.0/Microsoft.NET.Sdk.StaticWebAssets.Tasks.dll".
       Task "CollectStaticWebAssetsToCopy"
         Skipping asset '/modernize-data/studio-data/TNT1001/APP1166/transformed-code/344/studio-workspace/TMS22/src/TourManagement.Web/wwwroot/css/site.css' since copy to output directory option is 'Never'
         Skipping asset '/modernize-data/studio-data/TNT1001/APP1166/transformed-code/344/studio-workspace/TMS22/src/TourManagement.Web/wwwroot/js/site.js' since copy to output directory option is 'Never'
       Done executing task "CollectStaticWebAssetsToCopy".
   4:6>Done building target "_SplitStaticWebAssetsByCopyOptions" in project "TourManagement.Web.csproj".
   4:6>Target "_BuildCopyStaticWebAssetsPreserveNewest" in file "/usr/share/dotnet/sdk/8.0.417/Sdks/Microsoft.NET.Sdk.StaticWebAssets/targets/Microsoft.NET.Sdk.StaticWebAssets.targets" from project "/modernize-data/studio-data/TNT1001/APP1166/transformed-code/344/studio-workspace/TMS22/src/TourManagement.Web/TourManagement.Web.csproj" (target "StaticWebAssetsPrepareForRun" depends on it):
       Skipping target "_BuildCopyStaticWebAssetsPreserveNewest" because it has no outputs.
       Though the target has declared its outputs, the output specification only references empty properties and/or empty item lists.
   4:6>Done building target "_BuildCopyStaticWebAssetsPreserveNewest" in project "TourManagement.Web.csproj".
   4:6>Target "_BuildCopyStaticWebAssetsAlways" in file "/usr/share/dotnet/sdk/8.0.417/Sdks/Microsoft.NET.Sdk.StaticWebAssets/targets/Microsoft.NET.Sdk.StaticWebAssets.targets" from project "/modernize-data/studio-data/TNT1001/APP1166/transformed-code/344/studio-workspace/TMS22/src/TourManagement.Web/TourManagement.Web.csproj" (target "StaticWebAssetsPrepareForRun" depends on it):
       Using "Copy" task from assembly "Microsoft.Build.Tasks.Core, Version=15.1.0.0, Culture=neutral, PublicKeyToken=b03f5f7f11d50a3a".
       Task "Copy"
       Done executing task "Copy".
   4:6>Done building target "_BuildCopyStaticWebAssetsAlways" in project "TourManagement.Web.csproj".
       Target "_GenerateBuildJsModuleManifest" skipped, due to false condition; (@(_ExistingBuildJSModules) != '') was evaluated as ( != '').
   4:6>Target "StaticWebAssetsPrepareForRun" in file "/usr/share/dotnet/sdk/8.0.417/Sdks/Microsoft.NET.Sdk.StaticWebAssets/targets/Microsoft.NET.Sdk.StaticWebAssets.targets" from project "/modernize-data/studio-data/TNT1001/APP1166/transformed-code/344/studio-workspace/TMS22/src/TourManagement.Web/TourManagement.Web.csproj" (target "PrepareForRun" depends on it):
   4:6>Done building target "StaticWebAssetsPrepareForRun" in project "TourManagement.Web.csproj".
       Target "ComputeIntermediateSatelliteAssemblies" skipped, due to false condition; (@(EmbeddedResource->'%(WithCulture)') != '') was evaluated as ( != '').
   4:6>Target "_CopyFilesMarkedCopyLocal" in file "/usr/share/dotnet/sdk/8.0.417/Microsoft.Common.CurrentVersion.targets" from project "/modernize-data/studio-data/TNT1001/APP1166/transformed-code/344/studio-workspace/TMS22/src/TourManagement.Web/TourManagement.Web.csproj" (target "CopyFilesToOutputDirectory" depends on it):
       Task "Copy"
         Copying file from "/home/studioai/.nuget/packages/humanizer.core/2.14.1/lib/net6.0/Humanizer.dll" to "/modernize-data/studio-data/TNT1001/APP1166/transformed-code/344/studio-workspace/TMS22/src/TourManagement.Web/bin/Debug/net8.0/Humanizer.dll".
         Copying file from "/home/studioai/.nuget/packages/efcore.namingconventions/8.0.0/lib/net8.0/EFCore.NamingConventions.dll" to "/modernize-data/studio-data/TNT1001/APP1166/transformed-code/344/studio-workspace/TMS22/src/TourManagement.Web/bin/Debug/net8.0/EFCore.NamingConventions.dll".
         Copying file from "/home/studioai/.nuget/packages/microsoft.codeanalysis.common/4.5.0/lib/netcoreapp3.1/Microsoft.CodeAnalysis.dll" to "/modernize-data/studio-data/TNT1001/APP1166/transformed-code/344/studio-workspace/TMS22/src/TourManagement.Web/bin/Debug/net8.0/Microsoft.CodeAnalysis.dll".
         Copying file from "/home/studioai/.nuget/packages/microsoft.aspnetcore.identity.entityframeworkcore/8.0.0/lib/net8.0/Microsoft.AspNetCore.Identity.EntityFrameworkCore.dll" to "/modernize-data/studio-data/TNT1001/APP1166/transformed-code/344/studio-workspace/TMS22/src/TourManagement.Web/bin/Debug/net8.0/Microsoft.AspNetCore.Identity.EntityFrameworkCore.dll".
         Copying file from "/home/studioai/.nuget/packages/microsoft.bcl.asyncinterfaces/6.0.0/lib/netstandard2.1/Microsoft.Bcl.AsyncInterfaces.dll" to "/modernize-data/studio-data/TNT1001/APP1166/transformed-code/344/studio-workspace/TMS22/src/TourManagement.Web/bin/Debug/net8.0/Microsoft.Bcl.AsyncInterfaces.dll".
         Copying file from "/home/studioai/.nuget/packages/bcrypt.net-next/4.0.3/lib/net6.0/BCrypt.Net-Next.dll" to "/modernize-data/studio-data/TNT1001/APP1166/transformed-code/344/studio-workspace/TMS22/src/TourManagement.Web/bin/Debug/net8.0/BCrypt.Net-Next.dll".
         Copying file from "/home/studioai/.nuget/packages/microsoft.codeanalysis.csharp/4.5.0/lib/netcoreapp3.1/Microsoft.CodeAnalysis.CSharp.dll" to "/modernize-data/studio-data/TNT1001/APP1166/transformed-code/344/studio-workspace/TMS22/src/TourManagement.Web/bin/Debug/net8.0/Microsoft.CodeAnalysis.CSharp.dll".
         Copying file from "/home/studioai/.nuget/packages/microsoft.codeanalysis.csharp.workspaces/4.5.0/lib/netcoreapp3.1/Microsoft.CodeAnalysis.CSharp.Workspaces.dll" to "/modernize-data/studio-data/TNT1001/APP1166/transformed-code/344/studio-workspace/TMS22/src/TourManagement.Web/bin/Debug/net8.0/Microsoft.CodeAnalysis.CSharp.Workspaces.dll".
         Copying file from "/home/studioai/.nuget/packages/microsoft.codeanalysis.workspaces.common/4.5.0/lib/netcoreapp3.1/Microsoft.CodeAnalysis.Workspaces.dll" to "/modernize-data/studio-data/TNT1001/APP1166/transformed-code/344/studio-workspace/TMS22/src/TourManagement.Web/bin/Debug/net8.0/Microsoft.CodeAnalysis.Workspaces.dll".
         Copying file from "/home/studioai/.nuget/packages/microsoft.entityframeworkcore/8.0.0/lib/net8.0/Microsoft.EntityFrameworkCore.dll" to "/modernize-data/studio-data/TNT1001/APP1166/transformed-code/344/studio-workspace/TMS22/src/TourManagement.Web/bin/Debug/net8.0/Microsoft.EntityFrameworkCore.dll".
         Copying file from "/home/studioai/.nuget/packages/microsoft.entityframeworkcore.abstractions/8.0.0/lib/net8.0/Microsoft.EntityFrameworkCore.Abstractions.dll" to "/modernize-data/studio-data/TNT1001/APP1166/transformed-code/344/studio-workspace/TMS22/src/TourManagement.Web/bin/Debug/net8.0/Microsoft.EntityFrameworkCore.Abstractions.dll".
         Copying file from "/home/studioai/.nuget/packages/microsoft.entityframeworkcore.design/8.0.0/lib/net8.0/Microsoft.EntityFrameworkCore.Design.dll" to "/modernize-data/studio-data/TNT1001/APP1166/transformed-code/344/studio-workspace/TMS22/src/TourManagement.Web/bin/Debug/net8.0/Microsoft.EntityFrameworkCore.Design.dll".
         Copying file from "/home/studioai/.nuget/packages/microsoft.entityframeworkcore.relational/8.0.0/lib/net8.0/Microsoft.EntityFrameworkCore.Relational.dll" to "/modernize-data/studio-data/TNT1001/APP1166/transformed-code/344/studio-workspace/TMS22/src/TourManagement.Web/bin/Debug/net8.0/Microsoft.EntityFrameworkCore.Relational.dll".
         Copying file from "/home/studioai/.nuget/packages/microsoft.extensions.dependencymodel/8.0.0/lib/net8.0/Microsoft.Extensions.DependencyModel.dll" to "/modernize-data/studio-data/TNT1001/APP1166/transformed-code/344/studio-workspace/TMS22/src/TourManagement.Web/bin/Debug/net8.0/Microsoft.Extensions.DependencyModel.dll".
         Copying file from "/home/studioai/.nuget/packages/mono.texttemplating/2.2.1/lib/netstandard2.0/Mono.TextTemplating.dll" to "/modernize-data/studio-data/TNT1001/APP1166/transformed-code/344/studio-workspace/TMS22/src/TourManagement.Web/bin/Debug/net8.0/Mono.TextTemplating.dll".
         Copying file from "/home/studioai/.nuget/packages/npgsql/8.0.0/lib/net8.0/Npgsql.dll" to "/modernize-data/studio-data/TNT1001/APP1166/transformed-code/344/studio-workspace/TMS22/src/TourManagement.Web/bin/Debug/net8.0/Npgsql.dll".
         Copying file from "/home/studioai/.nuget/packages/npgsql.entityframeworkcore.postgresql/8.0.0/lib/net8.0/Npgsql.EntityFrameworkCore.PostgreSQL.dll" to "/modernize-data/studio-data/TNT1001/APP1166/transformed-code/344/studio-workspace/TMS22/src/TourManagement.Web/bin/Debug/net8.0/Npgsql.EntityFrameworkCore.PostgreSQL.dll".
         Copying file from "/home/studioai/.nuget/packages/serilog/3.1.1/lib/net7.0/Serilog.dll" to "/modernize-data/studio-data/TNT1001/APP1166/transformed-code/344/studio-workspace/TMS22/src/TourManagement.Web/bin/Debug/net8.0/Serilog.dll".
         Copying file from "/home/studioai/.nuget/packages/serilog.aspnetcore/8.0.0/lib/net8.0/Serilog.AspNetCore.dll" to "/modernize-data/studio-data/TNT1001/APP1166/transformed-code/344/studio-workspace/TMS22/src/TourManagement.Web/bin/Debug/net8.0/Serilog.AspNetCore.dll".
         Copying file from "/home/studioai/.nuget/packages/serilog.extensions.hosting/8.0.0/lib/net8.0/Serilog.Extensions.Hosting.dll" to "/modernize-data/studio-data/TNT1001/APP1166/transformed-code/344/studio-workspace/TMS22/src/TourManagement.Web/bin/Debug/net8.0/Serilog.Extensions.Hosting.dll".
         Copying file from "/home/studioai/.nuget/packages/serilog.extensions.logging/8.0.0/lib/net8.0/Serilog.Extensions.Logging.dll" to "/modernize-data/studio-data/TNT1001/APP1166/transformed-code/344/studio-workspace/TMS22/src/TourManagement.Web/bin/Debug/net8.0/Serilog.Extensions.Logging.dll".
         Copying file from "/home/studioai/.nuget/packages/serilog.formatting.compact/2.0.0/lib/net7.0/Serilog.Formatting.Compact.dll" to "/modernize-data/studio-data/TNT1001/APP1166/transformed-code/344/studio-workspace/TMS22/src/TourManagement.Web/bin/Debug/net8.0/Serilog.Formatting.Compact.dll".
         Copying file from "/home/studioai/.nuget/packages/serilog.settings.configuration/8.0.0/lib/net8.0/Serilog.Settings.Configuration.dll" to "/modernize-data/studio-data/TNT1001/APP1166/transformed-code/344/studio-workspace/TMS22/src/TourManagement.Web/bin/Debug/net8.0/Serilog.Settings.Configuration.dll".
         Copying file from "/home/studioai/.nuget/packages/serilog.sinks.console/5.0.1/lib/net7.0/Serilog.Sinks.Console.dll" to "/modernize-data/studio-data/TNT1001/APP1166/transformed-code/344/studio-workspace/TMS22/src/TourManagement.Web/bin/Debug/net8.0/Serilog.Sinks.Console.dll".
         Copying file from "/home/studioai/.nuget/packages/serilog.sinks.debug/2.0.0/lib/netstandard2.1/Serilog.Sinks.Debug.dll" to "/modernize-data/studio-data/TNT1001/APP1166/transformed-code/344/studio-workspace/TMS22/src/TourManagement.Web/bin/Debug/net8.0/Serilog.Sinks.Debug.dll".
         Copying file from "/home/studioai/.nuget/packages/serilog.sinks.file/5.0.0/lib/net5.0/Serilog.Sinks.File.dll" to "/modernize-data/studio-data/TNT1001/APP1166/transformed-code/344/studio-workspace/TMS22/src/TourManagement.Web/bin/Debug/net8.0/Serilog.Sinks.File.dll".
         Copying file from "/home/studioai/.nuget/packages/system.codedom/4.4.0/lib/netstandard2.0/System.CodeDom.dll" to "/modernize-data/studio-data/TNT1001/APP1166/transformed-code/344/studio-workspace/TMS22/src/TourManagement.Web/bin/Debug/net8.0/System.CodeDom.dll".
         Copying file from "/home/studioai/.nuget/packages/system.composition.attributedmodel/6.0.0/lib/net6.0/System.Composition.AttributedModel.dll" to "/modernize-data/studio-data/TNT1001/APP1166/transformed-code/344/studio-workspace/TMS22/src/TourManagement.Web/bin/Debug/net8.0/System.Composition.AttributedModel.dll".
         Copying file from "/home/studioai/.nuget/packages/system.composition.convention/6.0.0/lib/net6.0/System.Composition.Convention.dll" to "/modernize-data/studio-data/TNT1001/APP1166/transformed-code/344/studio-workspace/TMS22/src/TourManagement.Web/bin/Debug/net8.0/System.Composition.Convention.dll".
         Copying file from "/home/studioai/.nuget/packages/system.composition.hosting/6.0.0/lib/net6.0/System.Composition.Hosting.dll" to "/modernize-data/studio-data/TNT1001/APP1166/transformed-code/344/studio-workspace/TMS22/src/TourManagement.Web/bin/Debug/net8.0/System.Composition.Hosting.dll".
         Copying file from "/home/studioai/.nuget/packages/system.composition.runtime/6.0.0/lib/net6.0/System.Composition.Runtime.dll" to "/modernize-data/studio-data/TNT1001/APP1166/transformed-code/344/studio-workspace/TMS22/src/TourManagement.Web/bin/Debug/net8.0/System.Composition.Runtime.dll".
         Copying file from "/home/studioai/.nuget/packages/system.composition.typedparts/6.0.0/lib/net6.0/System.Composition.TypedParts.dll" to "/modernize-data/studio-data/TNT1001/APP1166/transformed-code/344/studio-workspace/TMS22/src/TourManagement.Web/bin/Debug/net8.0/System.Composition.TypedParts.dll".
         Copying file from "/home/studioai/.nuget/packages/microsoft.codeanalysis.common/4.5.0/lib/netcoreapp3.1/cs/Microsoft.CodeAnalysis.resources.dll" to "/modernize-data/studio-data/TNT1001/APP1166/transformed-code/344/studio-workspace/TMS22/src/TourManagement.Web/bin/Debug/net8.0/cs/Microsoft.CodeAnalysis.resources.dll".
         Copying file from "/home/studioai/.nuget/packages/microsoft.codeanalysis.common/4.5.0/lib/netcoreapp3.1/de/Microsoft.CodeAnalysis.resources.dll" to "/modernize-data/studio-data/TNT1001/APP1166/transformed-code/344/studio-workspace/TMS22/src/TourManagement.Web/bin/Debug/net8.0/de/Microsoft.CodeAnalysis.resources.dll".
         Copying file from "/home/studioai/.nuget/packages/microsoft.codeanalysis.common/4.5.0/lib/netcoreapp3.1/fr/Microsoft.CodeAnalysis.resources.dll" to "/modernize-data/studio-data/TNT1001/APP1166/transformed-code/344/studio-workspace/TMS22/src/TourManagement.Web/bin/Debug/net8.0/fr/Microsoft.CodeAnalysis.resources.dll".
         Copying file from "/home/studioai/.nuget/packages/microsoft.codeanalysis.common/4.5.0/lib/netcoreapp3.1/es/Microsoft.CodeAnalysis.resources.dll" to "/modernize-data/studio-data/TNT1001/APP1166/transformed-code/344/studio-workspace/TMS22/src/TourManagement.Web/bin/Debug/net8.0/es/Microsoft.CodeAnalysis.resources.dll".
         Copying file from "/home/studioai/.nuget/packages/microsoft.codeanalysis.common/4.5.0/lib/netcoreapp3.1/it/Microsoft.CodeAnalysis.resources.dll" to "/modernize-data/studio-data/TNT1001/APP1166/transformed-code/344/studio-workspace/TMS22/src/TourManagement.Web/bin/Debug/net8.0/it/Microsoft.CodeAnalysis.resources.dll".
         Copying file from "/home/studioai/.nuget/packages/microsoft.codeanalysis.common/4.5.0/lib/netcoreapp3.1/ja/Microsoft.CodeAnalysis.resources.dll" to "/modernize-data/studio-data/TNT1001/APP1166/transformed-code/344/studio-workspace/TMS22/src/TourManagement.Web/bin/Debug/net8.0/ja/Microsoft.CodeAnalysis.resources.dll".
         Copying file from "/home/studioai/.nuget/packages/microsoft.codeanalysis.common/4.5.0/lib/netcoreapp3.1/ko/Microsoft.CodeAnalysis.resources.dll" to "/modernize-data/studio-data/TNT1001/APP1166/transformed-code/344/studio-workspace/TMS22/src/TourManagement.Web/bin/Debug/net8.0/ko/Microsoft.CodeAnalysis.resources.dll".
         Copying file from "/home/studioai/.nuget/packages/microsoft.codeanalysis.common/4.5.0/lib/netcoreapp3.1/pl/Microsoft.CodeAnalysis.resources.dll" to "/modernize-data/studio-data/TNT1001/APP1166/transformed-code/344/studio-workspace/TMS22/src/TourManagement.Web/bin/Debug/net8.0/pl/Microsoft.CodeAnalysis.resources.dll".
         Copying file from "/home/studioai/.nuget/packages/microsoft.codeanalysis.common/4.5.0/lib/netcoreapp3.1/pt-BR/Microsoft.CodeAnalysis.resources.dll" to "/modernize-data/studio-data/TNT1001/APP1166/transformed-code/344/studio-workspace/TMS22/src/TourManagement.Web/bin/Debug/net8.0/pt-BR/Microsoft.CodeAnalysis.resources.dll".
         Copying file from "/home/studioai/.nuget/packages/microsoft.codeanalysis.common/4.5.0/lib/netcoreapp3.1/ru/Microsoft.CodeAnalysis.resources.dll" to "/modernize-data/studio-data/TNT1001/APP1166/transformed-code/344/studio-workspace/TMS22/src/TourManagement.Web/bin/Debug/net8.0/ru/Microsoft.CodeAnalysis.resources.dll".
         Copying file from "/home/studioai/.nuget/packages/microsoft.codeanalysis.common/4.5.0/lib/netcoreapp3.1/tr/Microsoft.CodeAnalysis.resources.dll" to "/modernize-data/studio-data/TNT1001/APP1166/transformed-code/344/studio-workspace/TMS22/src/TourManagement.Web/bin/Debug/net8.0/tr/Microsoft.CodeAnalysis.resources.dll".
         Copying file from "/home/studioai/.nuget/packages/microsoft.codeanalysis.common/4.5.0/lib/netcoreapp3.1/zh-Hant/Microsoft.CodeAnalysis.resources.dll" to "/modernize-data/studio-data/TNT1001/APP1166/transformed-code/344/studio-workspace/TMS22/src/TourManagement.Web/bin/Debug/net8.0/zh-Hant/Microsoft.CodeAnalysis.resources.dll".
         Copying file from "/home/studioai/.nuget/packages/microsoft.codeanalysis.common/4.5.0/lib/netcoreapp3.1/zh-Hans/Microsoft.CodeAnalysis.resources.dll" to "/modernize-data/studio-data/TNT1001/APP1166/transformed-code/344/studio-workspace/TMS22/src/TourManagement.Web/bin/Debug/net8.0/zh-Hans/Microsoft.CodeAnalysis.resources.dll".
         Copying file from "/home/studioai/.nuget/packages/microsoft.codeanalysis.csharp/4.5.0/lib/netcoreapp3.1/cs/Microsoft.CodeAnalysis.CSharp.resources.dll" to "/modernize-data/studio-data/TNT1001/APP1166/transformed-code/344/studio-workspace/TMS22/src/TourManagement.Web/bin/Debug/net8.0/cs/Microsoft.CodeAnalysis.CSharp.resources.dll".
         Copying file from "/home/studioai/.nuget/packages/microsoft.codeanalysis.csharp/4.5.0/lib/netcoreapp3.1/es/Microsoft.CodeAnalysis.CSharp.resources.dll" to "/modernize-data/studio-data/TNT1001/APP1166/transformed-code/344/studio-workspace/TMS22/src/TourManagement.Web/bin/Debug/net8.0/es/Microsoft.CodeAnalysis.CSharp.resources.dll".
         Copying file from "/home/studioai/.nuget/packages/microsoft.codeanalysis.csharp/4.5.0/lib/netcoreapp3.1/fr/Microsoft.CodeAnalysis.CSharp.resources.dll" to "/modernize-data/studio-data/TNT1001/APP1166/transformed-code/344/studio-workspace/TMS22/src/TourManagement.Web/bin/Debug/net8.0/fr/Microsoft.CodeAnalysis.CSharp.resources.dll".
         Copying file from "/home/studioai/.nuget/packages/microsoft.codeanalysis.csharp/4.5.0/lib/netcoreapp3.1/de/Microsoft.CodeAnalysis.CSharp.resources.dll" to "/modernize-data/studio-data/TNT1001/APP1166/transformed-code/344/studio-workspace/TMS22/src/TourManagement.Web/bin/Debug/net8.0/de/Microsoft.CodeAnalysis.CSharp.resources.dll".
         Copying file from "/home/studioai/.nuget/packages/microsoft.codeanalysis.csharp/4.5.0/lib/netcoreapp3.1/it/Microsoft.CodeAnalysis.CSharp.resources.dll" to "/modernize-data/studio-data/TNT1001/APP1166/transformed-code/344/studio-workspace/TMS22/src/TourManagement.Web/bin/Debug/net8.0/it/Microsoft.CodeAnalysis.CSharp.resources.dll".
         Copying file from "/home/studioai/.nuget/packages/microsoft.codeanalysis.csharp/4.5.0/lib/netcoreapp3.1/ja/Microsoft.CodeAnalysis.CSharp.resources.dll" to "/modernize-data/studio-data/TNT1001/APP1166/transformed-code/344/studio-workspace/TMS22/src/TourManagement.Web/bin/Debug/net8.0/ja/Microsoft.CodeAnalysis.CSharp.resources.dll".
         Copying file from "/home/studioai/.nuget/packages/microsoft.codeanalysis.csharp/4.5.0/lib/netcoreapp3.1/pl/Microsoft.CodeAnalysis.CSharp.resources.dll" to "/modernize-data/studio-data/TNT1001/APP1166/transformed-code/344/studio-workspace/TMS22/src/TourManagement.Web/bin/Debug/net8.0/pl/Microsoft.CodeAnalysis.CSharp.resources.dll".
         Copying file from "/home/studioai/.nuget/packages/microsoft.codeanalysis.csharp/4.5.0/lib/netcoreapp3.1/pt-BR/Microsoft.CodeAnalysis.CSharp.resources.dll" to "/modernize-data/studio-data/TNT1001/APP1166/transformed-code/344/studio-workspace/TMS22/src/TourManagement.Web/bin/Debug/net8.0/pt-BR/Microsoft.CodeAnalysis.CSharp.resources.dll".
         Copying file from "/home/studioai/.nuget/packages/microsoft.codeanalysis.csharp/4.5.0/lib/netcoreapp3.1/ko/Microsoft.CodeAnalysis.CSharp.resources.dll" to "/modernize-data/studio-data/TNT1001/APP1166/transformed-code/344/studio-workspace/TMS22/src/TourManagement.Web/bin/Debug/net8.0/ko/Microsoft.CodeAnalysis.CSharp.resources.dll".
         Copying file from "/home/studioai/.nuget/packages/microsoft.codeanalysis.csharp/4.5.0/lib/netcoreapp3.1/ru/Microsoft.CodeAnalysis.CSharp.resources.dll" to "/modernize-data/studio-data/TNT1001/APP1166/transformed-code/344/studio-workspace/TMS22/src/TourManagement.Web/bin/Debug/net8.0/ru/Microsoft.CodeAnalysis.CSharp.resources.dll".
         Copying file from "/home/studioai/.nuget/packages/microsoft.codeanalysis.csharp/4.5.0/lib/netcoreapp3.1/tr/Microsoft.CodeAnalysis.CSharp.resources.dll" to "/modernize-data/studio-data/TNT1001/APP1166/transformed-code/344/studio-workspace/TMS22/src/TourManagement.Web/bin/Debug/net8.0/tr/Microsoft.CodeAnalysis.CSharp.resources.dll".
         Copying file from "/home/studioai/.nuget/packages/microsoft.codeanalysis.csharp/4.5.0/lib/netcoreapp3.1/zh-Hans/Microsoft.CodeAnalysis.CSharp.resources.dll" to "/modernize-data/studio-data/TNT1001/APP1166/transformed-code/344/studio-workspace/TMS22/src/TourManagement.Web/bin/Debug/net8.0/zh-Hans/Microsoft.CodeAnalysis.CSharp.resources.dll".
         Copying file from "/home/studioai/.nuget/packages/microsoft.codeanalysis.csharp/4.5.0/lib/netcoreapp3.1/zh-Hant/Microsoft.CodeAnalysis.CSharp.resources.dll" to "/modernize-data/studio-data/TNT1001/APP1166/transformed-code/344/studio-workspace/TMS22/src/TourManagement.Web/bin/Debug/net8.0/zh-Hant/Microsoft.CodeAnalysis.CSharp.resources.dll".
         Copying file from "/home/studioai/.nuget/packages/microsoft.codeanalysis.csharp.workspaces/4.5.0/lib/netcoreapp3.1/cs/Microsoft.CodeAnalysis.CSharp.Workspaces.resources.dll" to "/modernize-data/studio-data/TNT1001/APP1166/transformed-code/344/studio-workspace/TMS22/src/TourManagement.Web/bin/Debug/net8.0/cs/Microsoft.CodeAnalysis.CSharp.Workspaces.resources.dll".
         Copying file from "/home/studioai/.nuget/packages/microsoft.codeanalysis.csharp.workspaces/4.5.0/lib/netcoreapp3.1/de/Microsoft.CodeAnalysis.CSharp.Workspaces.resources.dll" to "/modernize-data/studio-data/TNT1001/APP1166/transformed-code/344/studio-workspace/TMS22/src/TourManagement.Web/bin/Debug/net8.0/de/Microsoft.CodeAnalysis.CSharp.Workspaces.resources.dll".
         Copying file from "/home/studioai/.nuget/packages/microsoft.codeanalysis.csharp.workspaces/4.5.0/lib/netcoreapp3.1/es/Microsoft.CodeAnalysis.CSharp.Workspaces.resources.dll" to "/modernize-data/studio-data/TNT1001/APP1166/transformed-code/344/studio-workspace/TMS22/src/TourManagement.Web/bin/Debug/net8.0/es/Microsoft.CodeAnalysis.CSharp.Workspaces.resources.dll".
         Copying file from "/home/studioai/.nuget/packages/microsoft.codeanalysis.csharp.workspaces/4.5.0/lib/netcoreapp3.1/fr/Microsoft.CodeAnalysis.CSharp.Workspaces.resources.dll" to "/modernize-data/studio-data/TNT1001/APP1166/transformed-code/344/studio-workspace/TMS22/src/TourManagement.Web/bin/Debug/net8.0/fr/Microsoft.CodeAnalysis.CSharp.Workspaces.resources.dll".
         Copying file from "/home/studioai/.nuget/packages/microsoft.codeanalysis.csharp.workspaces/4.5.0/lib/netcoreapp3.1/it/Microsoft.CodeAnalysis.CSharp.Workspaces.resources.dll" to "/modernize-data/studio-data/TNT1001/APP1166/transformed-code/344/studio-workspace/TMS22/src/TourManagement.Web/bin/Debug/net8.0/it/Microsoft.CodeAnalysis.CSharp.Workspaces.resources.dll".
         Copying file from "/home/studioai/.nuget/packages/microsoft.codeanalysis.csharp.workspaces/4.5.0/lib/netcoreapp3.1/ja/Microsoft.CodeAnalysis.CSharp.Workspaces.resources.dll" to "/modernize-data/studio-data/TNT1001/APP1166/transformed-code/344/studio-workspace/TMS22/src/TourManagement.Web/bin/Debug/net8.0/ja/Microsoft.CodeAnalysis.CSharp.Workspaces.resources.dll".
         Copying file from "/home/studioai/.nuget/packages/microsoft.codeanalysis.csharp.workspaces/4.5.0/lib/netcoreapp3.1/ko/Microsoft.CodeAnalysis.CSharp.Workspaces.resources.dll" to "/modernize-data/studio-data/TNT1001/APP1166/transformed-code/344/studio-workspace/TMS22/src/TourManagement.Web/bin/Debug/net8.0/ko/Microsoft.CodeAnalysis.CSharp.Workspaces.resources.dll".
         Copying file from "/home/studioai/.nuget/packages/microsoft.codeanalysis.csharp.workspaces/4.5.0/lib/netcoreapp3.1/pl/Microsoft.CodeAnalysis.CSharp.Workspaces.resources.dll" to "/modernize-data/studio-data/TNT1001/APP1166/transformed-code/344/studio-workspace/TMS22/src/TourManagement.Web/bin/Debug/net8.0/pl/Microsoft.CodeAnalysis.CSharp.Workspaces.resources.dll".
         Copying file from "/home/studioai/.nuget/packages/microsoft.codeanalysis.csharp.workspaces/4.5.0/lib/netcoreapp3.1/pt-BR/Microsoft.CodeAnalysis.CSharp.Workspaces.resources.dll" to "/modernize-data/studio-data/TNT1001/APP1166/transformed-code/344/studio-workspace/TMS22/src/TourManagement.Web/bin/Debug/net8.0/pt-BR/Microsoft.CodeAnalysis.CSharp.Workspaces.resources.dll".
         Copying file from "/home/studioai/.nuget/packages/microsoft.codeanalysis.csharp.workspaces/4.5.0/lib/netcoreapp3.1/ru/Microsoft.CodeAnalysis.CSharp.Workspaces.resources.dll" to "/modernize-data/studio-data/TNT1001/APP1166/transformed-code/344/studio-workspace/TMS22/src/TourManagement.Web/bin/Debug/net8.0/ru/Microsoft.CodeAnalysis.CSharp.Workspaces.resources.dll".
         Copying file from "/home/studioai/.nuget/packages/microsoft.codeanalysis.csharp.workspaces/4.5.0/lib/netcoreapp3.1/tr/Microsoft.CodeAnalysis.CSharp.Workspaces.resources.dll" to "/modernize-data/studio-data/TNT1001/APP1166/transformed-code/344/studio-workspace/TMS22/src/TourManagement.Web/bin/Debug/net8.0/tr/Microsoft.CodeAnalysis.CSharp.Workspaces.resources.dll".
         Copying file from "/home/studioai/.nuget/packages/microsoft.codeanalysis.csharp.workspaces/4.5.0/lib/netcoreapp3.1/zh-Hant/Microsoft.CodeAnalysis.CSharp.Workspaces.resources.dll" to "/modernize-data/studio-data/TNT1001/APP1166/transformed-code/344/studio-workspace/TMS22/src/TourManagement.Web/bin/Debug/net8.0/zh-Hant/Microsoft.CodeAnalysis.CSharp.Workspaces.resources.dll".
         Copying file from "/home/studioai/.nuget/packages/microsoft.codeanalysis.csharp.workspaces/4.5.0/lib/netcoreapp3.1/zh-Hans/Microsoft.CodeAnalysis.CSharp.Workspaces.resources.dll" to "/modernize-data/studio-data/TNT1001/APP1166/transformed-code/344/studio-workspace/TMS22/src/TourManagement.Web/bin/Debug/net8.0/zh-Hans/Microsoft.CodeAnalysis.CSharp.Workspaces.resources.dll".
         Copying file from "/home/studioai/.nuget/packages/microsoft.codeanalysis.workspaces.common/4.5.0/lib/netcoreapp3.1/cs/Microsoft.CodeAnalysis.Workspaces.resources.dll" to "/modernize-data/studio-data/TNT1001/APP1166/transformed-code/344/studio-workspace/TMS22/src/TourManagement.Web/bin/Debug/net8.0/cs/Microsoft.CodeAnalysis.Workspaces.resources.dll".
         Copying file from "/home/studioai/.nuget/packages/microsoft.codeanalysis.workspaces.common/4.5.0/lib/netcoreapp3.1/de/Microsoft.CodeAnalysis.Workspaces.resources.dll" to "/modernize-data/studio-data/TNT1001/APP1166/transformed-code/344/studio-workspace/TMS22/src/TourManagement.Web/bin/Debug/net8.0/de/Microsoft.CodeAnalysis.Workspaces.resources.dll".
         Copying file from "/home/studioai/.nuget/packages/microsoft.codeanalysis.workspaces.common/4.5.0/lib/netcoreapp3.1/es/Microsoft.CodeAnalysis.Workspaces.resources.dll" to "/modernize-data/studio-data/TNT1001/APP1166/transformed-code/344/studio-workspace/TMS22/src/TourManagement.Web/bin/Debug/net8.0/es/Microsoft.CodeAnalysis.Workspaces.resources.dll".
         Copying file from "/home/studioai/.nuget/packages/microsoft.codeanalysis.workspaces.common/4.5.0/lib/netcoreapp3.1/fr/Microsoft.CodeAnalysis.Workspaces.resources.dll" to "/modernize-data/studio-data/TNT1001/APP1166/transformed-code/344/studio-workspace/TMS22/src/TourManagement.Web/bin/Debug/net8.0/fr/Microsoft.CodeAnalysis.Workspaces.resources.dll".
         Copying file from "/home/studioai/.nuget/packages/microsoft.codeanalysis.workspaces.common/4.5.0/lib/netcoreapp3.1/it/Microsoft.CodeAnalysis.Workspaces.resources.dll" to "/modernize-data/studio-data/TNT1001/APP1166/transformed-code/344/studio-workspace/TMS22/src/TourManagement.Web/bin/Debug/net8.0/it/Microsoft.CodeAnalysis.Workspaces.resources.dll".
         Copying file from "/home/studioai/.nuget/packages/microsoft.codeanalysis.workspaces.common/4.5.0/lib/netcoreapp3.1/ja/Microsoft.CodeAnalysis.Workspaces.resources.dll" to "/modernize-data/studio-data/TNT1001/APP1166/transformed-code/344/studio-workspace/TMS22/src/TourManagement.Web/bin/Debug/net8.0/ja/Microsoft.CodeAnalysis.Workspaces.resources.dll".
         Copying file from "/home/studioai/.nuget/packages/microsoft.codeanalysis.workspaces.common/4.5.0/lib/netcoreapp3.1/ko/Microsoft.CodeAnalysis.Workspaces.resources.dll" to "/modernize-data/studio-data/TNT1001/APP1166/transformed-code/344/studio-workspace/TMS22/src/TourManagement.Web/bin/Debug/net8.0/ko/Microsoft.CodeAnalysis.Workspaces.resources.dll".
         Copying file from "/home/studioai/.nuget/packages/microsoft.codeanalysis.workspaces.common/4.5.0/lib/netcoreapp3.1/pl/Microsoft.CodeAnalysis.Workspaces.resources.dll" to "/modernize-data/studio-data/TNT1001/APP1166/transformed-code/344/studio-workspace/TMS22/src/TourManagement.Web/bin/Debug/net8.0/pl/Microsoft.CodeAnalysis.Workspaces.resources.dll".
         Copying file from "/home/studioai/.nuget/packages/microsoft.codeanalysis.workspaces.common/4.5.0/lib/netcoreapp3.1/pt-BR/Microsoft.CodeAnalysis.Workspaces.resources.dll" to "/modernize-data/studio-data/TNT1001/APP1166/transformed-code/344/studio-workspace/TMS22/src/TourManagement.Web/bin/Debug/net8.0/pt-BR/Microsoft.CodeAnalysis.Workspaces.resources.dll".
         Copying file from "/home/studioai/.nuget/packages/microsoft.codeanalysis.workspaces.common/4.5.0/lib/netcoreapp3.1/ru/Microsoft.CodeAnalysis.Workspaces.resources.dll" to "/modernize-data/studio-data/TNT1001/APP1166/transformed-code/344/studio-workspace/TMS22/src/TourManagement.Web/bin/Debug/net8.0/ru/Microsoft.CodeAnalysis.Workspaces.resources.dll".
         Copying file from "/home/studioai/.nuget/packages/microsoft.codeanalysis.workspaces.common/4.5.0/lib/netcoreapp3.1/tr/Microsoft.CodeAnalysis.Workspaces.resources.dll" to "/modernize-data/studio-data/TNT1001/APP1166/transformed-code/344/studio-workspace/TMS22/src/TourManagement.Web/bin/Debug/net8.0/tr/Microsoft.CodeAnalysis.Workspaces.resources.dll".
         Copying file from "/home/studioai/.nuget/packages/microsoft.codeanalysis.workspaces.common/4.5.0/lib/netcoreapp3.1/zh-Hans/Microsoft.CodeAnalysis.Workspaces.resources.dll" to "/modernize-data/studio-data/TNT1001/APP1166/transformed-code/344/studio-workspace/TMS22/src/TourManagement.Web/bin/Debug/net8.0/zh-Hans/Microsoft.CodeAnalysis.Workspaces.resources.dll".
         Copying file from "/home/studioai/.nuget/packages/microsoft.codeanalysis.workspaces.common/4.5.0/lib/netcoreapp3.1/zh-Hant/Microsoft.CodeAnalysis.Workspaces.resources.dll" to "/modernize-data/studio-data/TNT1001/APP1166/transformed-code/344/studio-workspace/TMS22/src/TourManagement.Web/bin/Debug/net8.0/zh-Hant/Microsoft.CodeAnalysis.Workspaces.resources.dll".
         Copying file from "/modernize-data/studio-data/TNT1001/APP1166/transformed-code/344/studio-workspace/TMS22/src/TourManagement.Application/bin/Debug/net8.0/TourManagement.Application.dll" to "/modernize-data/studio-data/TNT1001/APP1166/transformed-code/344/studio-workspace/TMS22/src/TourManagement.Web/bin/Debug/net8.0/TourManagement.Application.dll".
         Copying file from "/modernize-data/studio-data/TNT1001/APP1166/transformed-code/344/studio-workspace/TMS22/src/TourManagement.Domain/bin/Debug/net8.0/TourManagement.Domain.dll" to "/modernize-data/studio-data/TNT1001/APP1166/transformed-code/344/studio-workspace/TMS22/src/TourManagement.Web/bin/Debug/net8.0/TourManagement.Domain.dll".
         Copying file from "/modernize-data/studio-data/TNT1001/APP1166/transformed-code/344/studio-workspace/TMS22/src/TourManagement.Infrastructure/bin/Debug/net8.0/TourManagement.Infrastructure.dll" to "/modernize-data/studio-data/TNT1001/APP1166/transformed-code/344/studio-workspace/TMS22/src/TourManagement.Web/bin/Debug/net8.0/TourManagement.Infrastructure.dll".
         Copying file from "/modernize-data/studio-data/TNT1001/APP1166/transformed-code/344/studio-workspace/TMS22/src/TourManagement.Infrastructure/bin/Debug/net8.0/TourManagement.Infrastructure.pdb" to "/modernize-data/studio-data/TNT1001/APP1166/transformed-code/344/studio-workspace/TMS22/src/TourManagement.Web/bin/Debug/net8.0/TourManagement.Infrastructure.pdb".
         Copying file from "/modernize-data/studio-data/TNT1001/APP1166/transformed-code/344/studio-workspace/TMS22/src/TourManagement.Application/bin/Debug/net8.0/TourManagement.Application.pdb" to "/modernize-data/studio-data/TNT1001/APP1166/transformed-code/344/studio-workspace/TMS22/src/TourManagement.Web/bin/Debug/net8.0/TourManagement.Application.pdb".
         Copying file from "/modernize-data/studio-data/TNT1001/APP1166/transformed-code/344/studio-workspace/TMS22/src/TourManagement.Domain/bin/Debug/net8.0/TourManagement.Domain.pdb" to "/modernize-data/studio-data/TNT1001/APP1166/transformed-code/344/studio-workspace/TMS22/src/TourManagement.Web/bin/Debug/net8.0/TourManagement.Domain.pdb".
       Done executing task "Copy".
       Task "Touch"
         Creating "/modernize-data/studio-data/TNT1001/APP1166/transformed-code/344/studio-workspace/TMS22/src/TourManagement.Web/obj/Debug/net8.0/TourMana.9F6BEBEC.Up2Date" because "AlwaysCreate" was specified.
         Touching "/modernize-data/studio-data/TNT1001/APP1166/transformed-code/344/studio-workspace/TMS22/src/TourManagement.Web/obj/Debug/net8.0/TourMana.9F6BEBEC.Up2Date".
       Done executing task "Touch".
   4:6>Done building target "_CopyFilesMarkedCopyLocal" in project "TourManagement.Web.csproj".
       Target "AssignTargetPaths" skipped. Previously built successfully.
       Target "AssignProjectConfiguration" skipped. Previously built successfully.
       Target "_SplitProjectReferencesByFileExistence" skipped. Previously built successfully.
       Target "_GetProjectReferenceTargetFrameworkProperties" skipped. Previously built successfully.
   4:6>Target "_PopulateCommonStateForGetCopyToOutputDirectoryItems" in file "/usr/share/dotnet/sdk/8.0.417/Microsoft.Common.CurrentVersion.targets" from project "/modernize-data/studio-data/TNT1001/APP1166/transformed-code/344/studio-workspace/TMS22/src/TourManagement.Web/TourManagement.Web.csproj" (target "GetCopyToOutputDirectoryItems" depends on it):
   4:6>Done building target "_PopulateCommonStateForGetCopyToOutputDirectoryItems" in project "TourManagement.Web.csproj".
       Target "ResolveStaticWebAssetsConfiguration" skipped. Previously built successfully.
   4:6>Target "AddStaticWebAssetsManifest" in file "/usr/share/dotnet/sdk/8.0.417/Sdks/Microsoft.NET.Sdk.StaticWebAssets/targets/Microsoft.NET.Sdk.StaticWebAssets.targets" from project "/modernize-data/studio-data/TNT1001/APP1166/transformed-code/344/studio-workspace/TMS22/src/TourManagement.Web/TourManagement.Web.csproj" (target "GetCopyToOutputDirectoryItems" depends on it):
   4:6>Done building target "AddStaticWebAssetsManifest" in project "TourManagement.Web.csproj".
   4:6>Target "AddDepsJsonAndRuntimeConfigToCopyItemsForReferencingProjects" in file "/usr/share/dotnet/sdk/8.0.417/Sdks/Microsoft.NET.Sdk/targets/Microsoft.NET.Sdk.targets" from project "/modernize-data/studio-data/TNT1001/APP1166/transformed-code/344/studio-workspace/TMS22/src/TourManagement.Web/TourManagement.Web.csproj" (target "GetCopyToOutputDirectoryItems" depends on it):
   4:6>Done building target "AddDepsJsonAndRuntimeConfigToCopyItemsForReferencingProjects" in project "TourManagement.Web.csproj".
   4:6>Target "GetCopyToOutputDirectoryItems" in file "/usr/share/dotnet/sdk/8.0.417/Microsoft.Common.CurrentVersion.targets" from project "/modernize-data/studio-data/TNT1001/APP1166/transformed-code/344/studio-workspace/TMS22/src/TourManagement.Web/TourManagement.Web.csproj" (target "_CopySourceItemsToOutputDirectory" depends on it):
       Using "CallTarget" task from assembly "Microsoft.Build.Tasks.Core, Version=15.1.0.0, Culture=neutral, PublicKeyToken=b03f5f7f11d50a3a".
       Task "CallTarget"
       Target "_PopulateCommonStateForGetCopyToOutputDirectoryItems" skipped. Previously built successfully.
       Target "_AddOutputPathToGlobalPropertiesToRemove" skipped. Previously built successfully.
   4:6>Target "_GetCopyToOutputDirectoryItemsFromTransitiveProjectReferences" in file "/usr/share/dotnet/sdk/8.0.417/Microsoft.Common.CurrentVersion.targets" from project "/modernize-data/studio-data/TNT1001/APP1166/transformed-code/344/studio-workspace/TMS22/src/TourManagement.Web/TourManagement.Web.csproj" (target "GetCopyToOutputDirectoryItems" depends on it):
       Task "MSBuild"
         Global Properties:
           Configuration=Debug
           Platform=AnyCPU
         Removing Properties:
           WebPublishProfileFile
         Removing Properties for project "../TourManagement.Infrastructure/TourManagement.Infrastructure.csproj":
           TargetFramework
           RuntimeIdentifier
           SelfContained
         Removing Properties for project "../TourManagement.Application/TourManagement.Application.csproj":
           TargetFramework
           RuntimeIdentifier
           SelfContained
         Removing Properties for project "../TourManagement.Domain/TourManagement.Domain.csproj":
           TargetFramework
           RuntimeIdentifier
           SelfContained
   4:6>Project "/modernize-data/studio-data/TNT1001/APP1166/transformed-code/344/studio-workspace/TMS22/src/TourManagement.Web/TourManagement.Web.csproj" (4:6) is building "/modernize-data/studio-data/TNT1001/APP1166/transformed-code/344/studio-workspace/TMS22/src/TourManagement.Application/TourManagement.Application.csproj" (2:17) on node 2 (GetCopyToOutputDirectoryItems target(s)).
  2:17>Target "GetCopyToOutputDirectoryItems" skipped. Previously built successfully.
  2:17>Done Building Project "/modernize-data/studio-data/TNT1001/APP1166/transformed-code/344/studio-workspace/TMS22/src/TourManagement.Application/TourManagement.Application.csproj" (GetCopyToOutputDirectoryItems target(s)).
   4:6>Project "/modernize-data/studio-data/TNT1001/APP1166/transformed-code/344/studio-workspace/TMS22/src/TourManagement.Web/TourManagement.Web.csproj" (4:6) is building "/modernize-data/studio-data/TNT1001/APP1166/transformed-code/344/studio-workspace/TMS22/src/TourManagement.Domain/TourManagement.Domain.csproj" (5:21) on node 1 (GetCopyToOutputDirectoryItems target(s)).
  5:21>Target "GetCopyToOutputDirectoryItems" skipped. Previously built successfully.
  5:21>Done Building Project "/modernize-data/studio-data/TNT1001/APP1166/transformed-code/344/studio-workspace/TMS22/src/TourManagement.Domain/TourManagement.Domain.csproj" (GetCopyToOutputDirectoryItems target(s)).
   4:6>Project "/modernize-data/studio-data/TNT1001/APP1166/transformed-code/344/studio-workspace/TMS22/src/TourManagement.Web/TourManagement.Web.csproj" (4:6) is building "/modernize-data/studio-data/TNT1001/APP1166/transformed-code/344/studio-workspace/TMS22/src/TourManagement.Infrastructure/TourManagement.Infrastructure.csproj" (3:12) on node 4 (GetCopyToOutputDirectoryItems target(s)).
  3:12>Target "GetCopyToOutputDirectoryItems" skipped. Previously built successfully.
  3:12>Done Building Project "/modernize-data/studio-data/TNT1001/APP1166/transformed-code/344/studio-workspace/TMS22/src/TourManagement.Infrastructure/TourManagement.Infrastructure.csproj" (GetCopyToOutputDirectoryItems target(s)).
   4:6>Done executing task "MSBuild".
       Task "AssignTargetPath"
       Done executing task "AssignTargetPath".
   4:6>Done building target "_GetCopyToOutputDirectoryItemsFromTransitiveProjectReferences" in project "TourManagement.Web.csproj".
       Done executing task "CallTarget".
       Task "CallTarget"
       Target "AssignTargetPaths" skipped. Previously built successfully.
       Target "_PopulateCommonStateForGetCopyToOutputDirectoryItems" skipped. Previously built successfully.
   4:6>Target "_GetCopyToOutputDirectoryItemsFromThisProject" in file "/usr/share/dotnet/sdk/8.0.417/Microsoft.Common.CurrentVersion.targets" from project "/modernize-data/studio-data/TNT1001/APP1166/transformed-code/344/studio-workspace/TMS22/src/TourManagement.Web/TourManagement.Web.csproj" (target "GetCopyToOutputDirectoryItems" depends on it):
       Task "AssignTargetPath"
       Done executing task "AssignTargetPath".
   4:6>Done building target "_GetCopyToOutputDirectoryItemsFromThisProject" in project "TourManagement.Web.csproj".
       Done executing task "CallTarget".
   4:6>Done building target "GetCopyToOutputDirectoryItems" in project "TourManagement.Web.csproj".
   4:6>Target "_CopyOutOfDateSourceItemsToOutputDirectory" in file "/usr/share/dotnet/sdk/8.0.417/Microsoft.Common.CurrentVersion.targets" from project "/modernize-data/studio-data/TNT1001/APP1166/transformed-code/344/studio-workspace/TMS22/src/TourManagement.Web/TourManagement.Web.csproj" (target "_CopySourceItemsToOutputDirectory" depends on it):
       Building target "_CopyOutOfDateSourceItemsToOutputDirectory" completely.
       Output file "bin/Debug/net8.0/appsettings.Development.json" does not exist.
       Output file "bin/Debug/net8.0/appsettings.json" does not exist.
       Output file "bin/Debug/net8.0/TourManagement.Web.staticwebassets.runtime.json" does not exist.
       Output file "bin/Debug/net8.0/TourManagement.Web" does not exist.
       Task "Copy"
         Copying file from "/modernize-data/studio-data/TNT1001/APP1166/transformed-code/344/studio-workspace/TMS22/src/TourManagement.Web/appsettings.json" to "/modernize-data/studio-data/TNT1001/APP1166/transformed-code/344/studio-workspace/TMS22/src/TourManagement.Web/bin/Debug/net8.0/appsettings.json".
         Copying file from "/modernize-data/studio-data/TNT1001/APP1166/transformed-code/344/studio-workspace/TMS22/src/TourManagement.Web/obj/Debug/net8.0/staticwebassets.development.json" to "/modernize-data/studio-data/TNT1001/APP1166/transformed-code/344/studio-workspace/TMS22/src/TourManagement.Web/bin/Debug/net8.0/TourManagement.Web.staticwebassets.runtime.json".
         Copying file from "/modernize-data/studio-data/TNT1001/APP1166/transformed-code/344/studio-workspace/TMS22/src/TourManagement.Web/obj/Debug/net8.0/apphost" to "/modernize-data/studio-data/TNT1001/APP1166/transformed-code/344/studio-workspace/TMS22/src/TourManagement.Web/bin/Debug/net8.0/TourManagement.Web".
         Copying file from "/modernize-data/studio-data/TNT1001/APP1166/transformed-code/344/studio-workspace/TMS22/src/TourManagement.Web/appsettings.Development.json" to "/modernize-data/studio-data/TNT1001/APP1166/transformed-code/344/studio-workspace/TMS22/src/TourManagement.Web/bin/Debug/net8.0/appsettings.Development.json".
       Done executing task "Copy".
   4:6>Done building target "_CopyOutOfDateSourceItemsToOutputDirectory" in project "TourManagement.Web.csproj".
       Target "_CopyOutOfDateSourceItemsToOutputDirectoryAlways" skipped, due to false condition; ( '@(_SourceItemsToCopyToOutputDirectoryAlways)' != '' ) was evaluated as ( '' != '' ).
   4:6>Target "_CopySourceItemsToOutputDirectory" in file "/usr/share/dotnet/sdk/8.0.417/Microsoft.Common.CurrentVersion.targets" from project "/modernize-data/studio-data/TNT1001/APP1166/transformed-code/344/studio-workspace/TMS22/src/TourManagement.Web/TourManagement.Web.csproj" (target "CopyFilesToOutputDirectory" depends on it):
   4:6>Done building target "_CopySourceItemsToOutputDirectory" in project "TourManagement.Web.csproj".
       Target "_CopyAppConfigFile" skipped, due to false condition; ( '@(AppConfigWithTargetPath)' != '' ) was evaluated as ( '' != '' ).
       Target "_CopyManifestFiles" skipped, due to false condition; ( '$(_DeploymentCopyApplicationManifest)'=='true' or '$(GenerateClickOnceManifests)'=='true' ) was evaluated as ( ''=='true' or ''=='true' ).
   4:6>Target "_CheckForCompileOutputs" in file "/usr/share/dotnet/sdk/8.0.417/Microsoft.Common.CurrentVersion.targets" from project "/modernize-data/studio-data/TNT1001/APP1166/transformed-code/344/studio-workspace/TMS22/src/TourManagement.Web/TourManagement.Web.csproj" (target "CopyFilesToOutputDirectory" depends on it):
   4:6>Done building target "_CheckForCompileOutputs" in project "TourManagement.Web.csproj".
       Target "_SGenCheckForOutputs" skipped, due to false condition; ('$(_SGenGenerateSerializationAssembliesConfig)' == 'On' or ('@(WebReferenceUrl)'!='' and '$(_SGenGenerateSerializationAssembliesConfig)' == 'Auto')) was evaluated as ('Off' == 'On' or (''!='' and 'Off' == 'Auto')).
       Target "_DefaultMicrosoftNETPlatformLibrary" skipped. Previously built successfully.
       Target "_HandlePackageFileConflicts" skipped. Previously built successfully.
       Target "ResolveAssemblyReferences" skipped. Previously built successfully.
   4:6>Target "_ComputeReferenceAssemblies" in file "/usr/share/dotnet/sdk/8.0.417/Sdks/Microsoft.NET.Sdk/targets/Microsoft.NET.Sdk.targets" from project "/modernize-data/studio-data/TNT1001/APP1166/transformed-code/344/studio-workspace/TMS22/src/TourManagement.Web/TourManagement.Web.csproj" (target "GenerateBuildDependencyFile" depends on it):
   4:6>Done building target "_ComputeReferenceAssemblies" in project "TourManagement.Web.csproj".
   4:6>Target "_ComputeUserRuntimeAssemblies" in file "/usr/share/dotnet/sdk/8.0.417/Sdks/Microsoft.NET.Sdk/targets/Microsoft.NET.Sdk.targets" from project "/modernize-data/studio-data/TNT1001/APP1166/transformed-code/344/studio-workspace/TMS22/src/TourManagement.Web/TourManagement.Web.csproj" (target "GenerateBuildDependencyFile" depends on it):
   4:6>Done building target "_ComputeUserRuntimeAssemblies" in project "TourManagement.Web.csproj".
       Target "ResolveRuntimePackAssets" skipped, due to false condition; ('@(RuntimePack)' != '') was evaluated as ('' != '').
       Target "_ComputePackageReferencePublish" skipped. Previously built successfully.
       Target "ComputeDependencyFileCompilerOptions" skipped, due to false condition; ('$(PreserveCompilationContext)' == 'true') was evaluated as ('' == 'true').
   4:6>Target "GenerateBuildDependencyFile" in file "/usr/share/dotnet/sdk/8.0.417/Sdks/Microsoft.NET.Sdk/targets/Microsoft.NET.Sdk.targets" from project "/modernize-data/studio-data/TNT1001/APP1166/transformed-code/344/studio-workspace/TMS22/src/TourManagement.Web/TourManagement.Web.csproj" (target "CopyFilesToOutputDirectory" depends on it):
       Building target "GenerateBuildDependencyFile" completely.
       Output file "/modernize-data/studio-data/TNT1001/APP1166/transformed-code/344/studio-workspace/TMS22/src/TourManagement.Web/bin/Debug/net8.0/TourManagement.Web.deps.json" does not exist.
       Using "GenerateDepsFile" task from assembly "/usr/share/dotnet/sdk/8.0.417/Sdks/Microsoft.NET.Sdk/targets/../tools/net8.0/Microsoft.NET.Build.Tasks.dll".
       Task "GenerateDepsFile"
       Done executing task "GenerateDepsFile".
   4:6>Done building target "GenerateBuildDependencyFile" in project "TourManagement.Web.csproj".
       Target "_DefaultMicrosoftNETPlatformLibrary" skipped. Previously built successfully.
   4:6>Target "_GenerateRuntimeConfigurationFilesInputCache" in file "/usr/share/dotnet/sdk/8.0.417/Sdks/Microsoft.NET.Sdk/targets/Microsoft.NET.Sdk.targets" from project "/modernize-data/studio-data/TNT1001/APP1166/transformed-code/344/studio-workspace/TMS22/src/TourManagement.Web/TourManagement.Web.csproj" (target "GenerateBuildRuntimeConfigurationFiles" depends on it):
       Task "Hash"
       Done executing task "Hash".
       Task "WriteLinesToFile"
       Done executing task "WriteLinesToFile".
   4:6>Done building target "_GenerateRuntimeConfigurationFilesInputCache" in project "TourManagement.Web.csproj".
   4:6>Target "GenerateBuildRuntimeConfigurationFiles" in file "/usr/share/dotnet/sdk/8.0.417/Sdks/Microsoft.NET.Sdk/targets/Microsoft.NET.Sdk.targets" from project "/modernize-data/studio-data/TNT1001/APP1166/transformed-code/344/studio-workspace/TMS22/src/TourManagement.Web/TourManagement.Web.csproj" (target "CopyFilesToOutputDirectory" depends on it):
       Building target "GenerateBuildRuntimeConfigurationFiles" completely.
       Output file "/modernize-data/studio-data/TNT1001/APP1166/transformed-code/344/studio-workspace/TMS22/src/TourManagement.Web/bin/Debug/net8.0/TourManagement.Web.runtimeconfig.json" does not exist.
       Task "NETSdkError" skipped, due to false condition; ('$(RollForward)' != '' and '$(RollForward)' != 'Major' and '$(RollForward)' != 'LatestMajor' and '$(_IsRollForwardSupported)' != 'true') was evaluated as ('' != '' and '' != 'Major' and '' != 'LatestMajor' and 'true' != 'true').
       Using "GenerateRuntimeConfigurationFiles" task from assembly "/usr/share/dotnet/sdk/8.0.417/Sdks/Microsoft.NET.Sdk/targets/../tools/net8.0/Microsoft.NET.Build.Tasks.dll".
       Task "GenerateRuntimeConfigurationFiles"
       Done executing task "GenerateRuntimeConfigurationFiles".
   4:6>Done building target "GenerateBuildRuntimeConfigurationFiles" in project "TourManagement.Web.csproj".
       Target "GenerateShimsAssets" skipped, due to false condition; ('$(PackAsTool)' == 'true' and $(PackAsToolShimRuntimeIdentifiers) != '' ) was evaluated as ('' == 'true' and  != '' ).
   4:6>Target "CopyFilesToOutputDirectory" in file "/usr/share/dotnet/sdk/8.0.417/Microsoft.Common.CurrentVersion.targets" from project "/modernize-data/studio-data/TNT1001/APP1166/transformed-code/344/studio-workspace/TMS22/src/TourManagement.Web/TourManagement.Web.csproj" (target "PrepareForRun" depends on it):
       Task "Copy"
         Copying file from "/modernize-data/studio-data/TNT1001/APP1166/transformed-code/344/studio-workspace/TMS22/src/TourManagement.Web/obj/Debug/net8.0/TourManagement.Web.dll" to "/modernize-data/studio-data/TNT1001/APP1166/transformed-code/344/studio-workspace/TMS22/src/TourManagement.Web/bin/Debug/net8.0/TourManagement.Web.dll".
       Done executing task "Copy".
       Using "CopyRefAssembly" task from assembly "/usr/share/dotnet/sdk/8.0.417/Roslyn/Microsoft.Build.Tasks.CodeAnalysis.dll".
       Task "CopyRefAssembly"
         Copying reference assembly from "obj/Debug/net8.0/refint/TourManagement.Web.dll" to "/modernize-data/studio-data/TNT1001/APP1166/transformed-code/344/studio-workspace/TMS22/src/TourManagement.Web/obj/Debug/net8.0/ref/TourManagement.Web.dll".
       Done executing task "CopyRefAssembly".
       Task "Message"
         TourManagement.Web -> /modernize-data/studio-data/TNT1001/APP1166/transformed-code/344/studio-workspace/TMS22/src/TourManagement.Web/bin/Debug/net8.0/TourManagement.Web.dll
       Done executing task "Message".
       Task "Copy" skipped, due to false condition; ('@(AddModules)' != '') was evaluated as ('' != '').
       Task "Copy" skipped, due to false condition; ('$(_SGenDllCreated)'=='true') was evaluated as ('false'=='true').
       Task "Copy"
         Copying file from "/modernize-data/studio-data/TNT1001/APP1166/transformed-code/344/studio-workspace/TMS22/src/TourManagement.Web/obj/Debug/net8.0/TourManagement.Web.pdb" to "/modernize-data/studio-data/TNT1001/APP1166/transformed-code/344/studio-workspace/TMS22/src/TourManagement.Web/bin/Debug/net8.0/TourManagement.Web.pdb".
       Done executing task "Copy".
       Task "Copy" skipped, due to false condition; ('$(_DocumentationFileProduced)'=='true' and '$(CopyDocumentationFileToOutputDirectory)'=='true') was evaluated as ('false'=='true' and 'true'=='true').
       Task "Copy" skipped, due to false condition; ('@(IntermediateSatelliteAssembliesWithTargetPath)' != '') was evaluated as ('' != '').
       Task "Copy" skipped, due to false condition; ('@(ReferenceComWrappersToCopyLocal)' != '' or '@(ResolvedIsolatedComModules)' != '' or '@(_DeploymentLooseManifestFile)' != '' or '@(NativeReferenceFile)' != '' ) was evaluated as ('' != '' or '' != '' or '' != '' or '' != '' ).
       Task "Copy" skipped, due to false condition; ('$(SkipCopyWinMDArtifact)' != 'true' and '@(WinMDExpArtifacts)' != '') was evaluated as ('' != 'true' and '' != '').
       Task "Message" skipped, due to false condition; ('$(SkipCopyWinMDArtifact)' != 'true' and '$(_WindowsMetadataOutputPath)' != '') was evaluated as ('' != 'true' and '' != '').
   4:6>Done building target "CopyFilesToOutputDirectory" in project "TourManagement.Web.csproj".
       Target "_CopyReferenceOnlyAssembliesForBuild" skipped, due to false condition; ('$(PreserveCompilationReferences)' == 'true') was evaluated as ('' == 'true').
   4:6>Target "PrepareForRun" in file "/usr/share/dotnet/sdk/8.0.417/Microsoft.Common.CurrentVersion.targets" from project "/modernize-data/studio-data/TNT1001/APP1166/transformed-code/344/studio-workspace/TMS22/src/TourManagement.Web/TourManagement.Web.csproj" (target "CoreBuild" depends on it):
   4:6>Done building target "PrepareForRun" in project "TourManagement.Web.csproj".
       Target "UnmanagedRegistration" skipped, due to false condition; ('$(RegisterForComInterop)'=='true' and '$(OutputType)'=='library') was evaluated as (''=='true' and 'Exe'=='library').
       Target "_CheckForCompileOutputs" skipped. Previously built successfully.
       Target "_SGenCheckForOutputs" skipped, due to false condition; ('$(_SGenGenerateSerializationAssembliesConfig)' == 'On' or ('@(WebReferenceUrl)'!='' and '$(_SGenGenerateSerializationAssembliesConfig)' == 'Auto')) was evaluated as ('Off' == 'On' or (''!='' and 'Off' == 'Auto')).
   4:6>Target "_CleanGetCurrentAndPriorFileWrites" in file "/usr/share/dotnet/sdk/8.0.417/Microsoft.Common.CurrentVersion.targets" from project "/modernize-data/studio-data/TNT1001/APP1166/transformed-code/344/studio-workspace/TMS22/src/TourManagement.Web/TourManagement.Web.csproj" (target "IncrementalClean" depends on it):
       Using "ReadLinesFromFile" task from assembly "Microsoft.Build.Tasks.Core, Version=15.1.0.0, Culture=neutral, PublicKeyToken=b03f5f7f11d50a3a".
       Task "ReadLinesFromFile"
       Done executing task "ReadLinesFromFile".
       Task "ConvertToAbsolutePath"
       Done executing task "ConvertToAbsolutePath".
       Using "FindUnderPath" task from assembly "Microsoft.Build.Tasks.Core, Version=15.1.0.0, Culture=neutral, PublicKeyToken=b03f5f7f11d50a3a".
       Task "FindUnderPath"
         Comparison path is "/modernize-data/studio-data/TNT1001/APP1166/transformed-code/344/studio-workspace/TMS22/src/TourManagement.Web".
       Done executing task "FindUnderPath".
       Task "FindUnderPath"
         Comparison path is "bin/Debug/net8.0/".
       Done executing task "FindUnderPath".
       Task "FindUnderPath"
         Comparison path is "obj/Debug/net8.0/".
       Done executing task "FindUnderPath".
       Task "RemoveDuplicates"
       Done executing task "RemoveDuplicates".
   4:6>Done building target "_CleanGetCurrentAndPriorFileWrites" in project "TourManagement.Web.csproj".
   4:6>Target "IncrementalClean" in file "/usr/share/dotnet/sdk/8.0.417/Microsoft.Common.CurrentVersion.targets" from project "/modernize-data/studio-data/TNT1001/APP1166/transformed-code/344/studio-workspace/TMS22/src/TourManagement.Web/TourManagement.Web.csproj" (target "CoreBuild" depends on it):
       Task "FindUnderPath"
         Comparison path is "bin/Debug/net8.0/".
       Done executing task "FindUnderPath".
       Task "FindUnderPath"
         Comparison path is "obj/Debug/net8.0/".
       Done executing task "FindUnderPath".
       Using "Delete" task from assembly "Microsoft.Build.Tasks.Core, Version=15.1.0.0, Culture=neutral, PublicKeyToken=b03f5f7f11d50a3a".
       Task "Delete"
       Done executing task "Delete".
       Task "RemoveDuplicates"
       Done executing task "RemoveDuplicates".
       Task "WriteLinesToFile"
       Done executing task "WriteLinesToFile".
   4:6>Done building target "IncrementalClean" in project "TourManagement.Web.csproj".
       Target "PostBuildEvent" skipped, due to false condition; ('$(PostBuildEvent)' != '' and ('$(RunPostBuildEvent)' != 'OnOutputUpdated' or '$(_AssemblyTimestampBeforeCompile)' != '$(_AssemblyTimestampAfterCompile)')) was evaluated as ('' != '' and ('' != 'OnOutputUpdated' or '' != '')).
       Target "GenerateBuildDependencyFile" skipped. Previously built successfully.
       Target "GenerateBuildRuntimeConfigurationFiles" skipped. Previously built successfully.
   4:6>Target "CoreBuild" in file "/usr/share/dotnet/sdk/8.0.417/Microsoft.Common.CurrentVersion.targets" from project "/modernize-data/studio-data/TNT1001/APP1166/transformed-code/344/studio-workspace/TMS22/src/TourManagement.Web/TourManagement.Web.csproj" (target "Build" depends on it):
   4:6>Done building target "CoreBuild" in project "TourManagement.Web.csproj".
   4:6>Target "AfterBuild" in file "/usr/share/dotnet/sdk/8.0.417/Microsoft.Common.CurrentVersion.targets" from project "/modernize-data/studio-data/TNT1001/APP1166/transformed-code/344/studio-workspace/TMS22/src/TourManagement.Web/TourManagement.Web.csproj" (target "Build" depends on it):
   4:6>Done building target "AfterBuild" in project "TourManagement.Web.csproj".
       Target "_CheckBrowserWorkloadNeededButNotAvailable" skipped, due to false condition; ('$(RuntimeIdentifier)' == 'browser-wasm' and '$(_BrowserWorkloadDisabled)' != 'true' and '$(WasmNativeWorkloadAvailable)' != 'true') was evaluated as ('' == 'browser-wasm' and '' != 'true' and '' != 'true').
       Target "_ErrorWorkloadDisabledForTFMLessThan6" skipped, due to false condition; ('$(_BrowserWorkloadNotSupportedForTFM)' == 'true') was evaluated as ('' == 'true').
       Target "_ErrorDualWasmThreadPropsOn7" skipped, due to false condition; ('$(TargetsNet7)' == 'true' and '$(RuntimeIdentifier)' == 'browser-wasm' and
           '$(BrowserWorkloadDisabled)' != 'true' and '$(WasmEnableThreads)' == 'true' and '$(WasmEnablePerfTrace)' == 'true') was evaluated as ('' == 'true' and '' == 'browser-wasm' and
           '' != 'true' and '' == 'true' and '' == 'true').
       Target "_CheckForInvalidConfigurationAndPlatform" skipped. Previously built successfully.
       Target "_CheckForInvalidConfigurationAndPlatform" skipped. Previously built successfully.
   4:6>Target "Build" in file "/usr/share/dotnet/sdk/8.0.417/Microsoft.Common.CurrentVersion.targets" from project "/modernize-data/studio-data/TNT1001/APP1166/transformed-code/344/studio-workspace/TMS22/src/TourManagement.Web/TourManagement.Web.csproj" (entry point):
   4:6>Done building target "Build" in project "TourManagement.Web.csproj".
       Target "_PackAsBuildAfterTarget" skipped, due to false condition; ('$(GeneratePackageOnBuild)' == 'true' AND '$(IsInnerBuild)' != 'true') was evaluated as ('false' == 'true' AND '' != 'true').
   4:6>Target "_CheckContainersPackage" in file "/usr/share/dotnet/sdk/8.0.417/Containers/build/Microsoft.NET.Build.Containers.targets" from project "/modernize-data/studio-data/TNT1001/APP1166/transformed-code/344/studio-workspace/TMS22/src/TourManagement.Web/TourManagement.Web.csproj" (entry point):
       Task "Warning" skipped, due to false condition; ($(_ContainerPackageIsPresent)
               and (
                 ($(_SdkCanPublishWeb) and $(_IsWebProject)) or
                 ($(_SdkCanPublishWorker) and $(_IsWorkerProject)) or
                 ($(_SdkCanPublishConsole) and '$(EnableSdkContainerSupport)' == 'true')
               )) was evaluated as (false
               and (
                 (True and true) or
                 (True and false) or
                 (True and 'true' == 'true')
               )).
   4:6>Done building target "_CheckContainersPackage" in project "TourManagement.Web.csproj".
       Target "DotNetPublish" skipped, due to false condition; ( '$(DeployOnBuild)' == 'true' ) was evaluated as ( '' == 'true' ).
   4:6>Done Building Project "/modernize-data/studio-data/TNT1001/APP1166/transformed-code/344/studio-workspace/TMS22/src/TourManagement.Web/TourManagement.Web.csproj" (default targets).
   1:2>Done executing task "MSBuild".
   1:2>Done building target "Build" in project "TourManagement.sln".
   1:2>Done Building Project "/modernize-data/studio-data/TNT1001/APP1166/transformed-code/344/studio-workspace/TMS22/TourManagement.sln" (default targets).

Build succeeded.
    0 Warning(s)
    0 Error(s)

Time Elapsed 00:00:04.38
